Build started 27/12/2025 14:03:18.
     1>Project "B:\maliev\Maliev.IAMService\Maliev.IAMService.sln" on node 1 (Restore target(s)).
     1>ValidateSolutionConfiguration:
         Building solution configuration "Release|Any CPU".
       _GetAllRestoreProjectPathItems:
         Determining projects to restore...
     1>Project "B:\maliev\Maliev.IAMService\Maliev.IAMService.sln" (1) is building "B:\maliev\Maliev.IAMService\Maliev.IAMService.Tests\Maliev.IAMService.Tests.csproj" (5:5) on node 2 (_GenerateProjectRestoreGraph target(s)).
     5>AddPrunePackageReferences:
         Loading prune package data from PrunePackageData folder
         Failed to load prune package data from PrunePackageData folder, loading from targeting packs instead
     1>Project "B:\maliev\Maliev.IAMService\Maliev.IAMService.sln" (1) is building "B:\maliev\Maliev.IAMService\Maliev.IAMService.Data\Maliev.IAMService.Data.csproj" (3:7) on node 3 (_GenerateProjectRestoreGraph target(s)).
     3>AddPrunePackageReferences:
         Loading prune package data from PrunePackageData folder
         Failed to load prune package data from PrunePackageData folder, loading from targeting packs instead
     5>AddPrunePackageReferences:
         Looking for targeting packs in C:\Program Files\dotnet\packs\Microsoft.NETCore.App.Ref
     3>AddPrunePackageReferences:
         Looking for targeting packs in C:\Program Files\dotnet\packs\Microsoft.NETCore.App.Ref
     1>Project "B:\maliev\Maliev.IAMService\Maliev.IAMService.sln" (1) is building "B:\maliev\Maliev.IAMService\Maliev.IAMService.Contracts\Maliev.IAMService.Contracts.csproj" (4:5) on node 4 (_GenerateProjectRestoreGraph target(s)).
     4>AddPrunePackageReferences:
         Loading prune package data from PrunePackageData folder
     5>AddPrunePackageReferences:
         Pack directories found: C:\Program Files\dotnet\packs\Microsoft.NETCore.App.Ref\10.0.1
     4>AddPrunePackageReferences:
         Failed to load prune package data from PrunePackageData folder, loading from targeting packs instead
     3>AddPrunePackageReferences:
         Pack directories found: C:\Program Files\dotnet\packs\Microsoft.NETCore.App.Ref\10.0.1
     4>AddPrunePackageReferences:
         Looking for targeting packs in C:\Program Files\dotnet\packs\Microsoft.NETCore.App.Ref
         Pack directories found: C:\Program Files\dotnet\packs\Microsoft.NETCore.App.Ref\10.0.1
     3>AddPrunePackageReferences:
         Found package overrides file C:\Program Files\dotnet\packs\Microsoft.NETCore.App.Ref\10.0.1\data\PackageOverrides.txt
     5>AddPrunePackageReferences:
         Found package overrides file C:\Program Files\dotnet\packs\Microsoft.NETCore.App.Ref\10.0.1\data\PackageOverrides.txt
     4>AddPrunePackageReferences:
         Found package overrides file C:\Program Files\dotnet\packs\Microsoft.NETCore.App.Ref\10.0.1\data\PackageOverrides.txt
     3>Done Building Project "B:\maliev\Maliev.IAMService\Maliev.IAMService.Data\Maliev.IAMService.Data.csproj" (_GenerateProjectRestoreGraph target(s)).
     5>Done Building Project "B:\maliev\Maliev.IAMService\Maliev.IAMService.Tests\Maliev.IAMService.Tests.csproj" (_GenerateProjectRestoreGraph target(s)).
     1>Project "B:\maliev\Maliev.IAMService\Maliev.IAMService.sln" (1) is building "B:\maliev\Maliev.Aspire\Maliev.Aspire.ServiceDefaults\Maliev.Aspire.ServiceDefaults.csproj" (6:6) on node 1 (_GenerateProjectRestoreGraph target(s)).
   6:6>Project "B:\maliev\Maliev.Aspire\Maliev.Aspire.ServiceDefaults\Maliev.Aspire.ServiceDefaults.csproj" (6:6) is building "B:\maliev\Maliev.Aspire\Maliev.Aspire.ServiceDefaults\Maliev.Aspire.ServiceDefaults.csproj" (6:8) on node 1 (_GenerateProjectRestoreGraphPerFramework target(s)).
     6>AddPrunePackageReferences:
         Loading prune package data from PrunePackageData folder
         Failed to load prune package data from PrunePackageData folder, loading from targeting packs instead
     4>Done Building Project "B:\maliev\Maliev.IAMService\Maliev.IAMService.Contracts\Maliev.IAMService.Contracts.csproj" (_GenerateProjectRestoreGraph target(s)).
     6>AddPrunePackageReferences:
         Looking for targeting packs in C:\Program Files\dotnet\packs\Microsoft.NETCore.App.Ref
         Pack directories found: C:\Program Files\dotnet\packs\Microsoft.NETCore.App.Ref\10.0.1
         Found package overrides file C:\Program Files\dotnet\packs\Microsoft.NETCore.App.Ref\10.0.1\data\PackageOverrides.txt
         Loading prune package data from PrunePackageData folder
         Failed to load prune package data from PrunePackageData folder, loading from targeting packs instead
         Looking for targeting packs in C:\Program Files\dotnet\packs\Microsoft.AspNetCore.App.Ref
         Pack directories found: C:\Program Files\dotnet\packs\Microsoft.AspNetCore.App.Ref\10.0.1
         Found package overrides file C:\Program Files\dotnet\packs\Microsoft.AspNetCore.App.Ref\10.0.1\data\PackageOverrides.txt
     6>Done Building Project "B:\maliev\Maliev.Aspire\Maliev.Aspire.ServiceDefaults\Maliev.Aspire.ServiceDefaults.csproj" (_GenerateProjectRestoreGraphPerFramework target(s)).
     6>Done Building Project "B:\maliev\Maliev.Aspire\Maliev.Aspire.ServiceDefaults\Maliev.Aspire.ServiceDefaults.csproj" (_GenerateProjectRestoreGraph target(s)).
     1>Restore:
         X.509 certificate chain validation will use the default trust store selected by .NET for code signing.
         X.509 certificate chain validation will use the default trust store selected by .NET for timestamping.
         Assets file has not changed. Skipping assets file writing. Path: B:\maliev\Maliev.IAMService\Maliev.IAMService.Contracts\obj\project.assets.json
         Assets file has not changed. Skipping assets file writing. Path: B:\maliev\Maliev.IAMService\Maliev.IAMService.Data\obj\project.assets.json
         Assets file has not changed. Skipping assets file writing. Path: B:\maliev\Maliev.Aspire\Maliev.Aspire.ServiceDefaults\obj\project.assets.json
         Restored B:\maliev\Maliev.Aspire\Maliev.Aspire.ServiceDefaults\Maliev.Aspire.ServiceDefaults.csproj (in 42 ms).
         Restored B:\maliev\Maliev.IAMService\Maliev.IAMService.Contracts\Maliev.IAMService.Contracts.csproj (in 41 ms).
         Restored B:\maliev\Maliev.IAMService\Maliev.IAMService.Data\Maliev.IAMService.Data.csproj (in 42 ms).
         Restoring packages for B:\maliev\Maliev.IAMService\Maliev.IAMService.Tests\Maliev.IAMService.Tests.csproj...
         Restoring packages for B:\maliev\Maliev.IAMService\Maliev.IAMService.Api\Maliev.IAMService.Api.csproj...
           GET https://api.nuget.org/v3-flatcontainer/maliev.messagingcontracts/index.json
           CACHE https://nuget.pkg.github.com/MALIEV-Co-Ltd/download/maliev.messagingcontracts/index.json
           NotFound https://api.nuget.org/v3-flatcontainer/maliev.messagingcontracts/index.json 399ms
           CACHE https://api.nuget.org/v3/vulnerabilities/index.json
           CACHE https://api.nuget.org/v3-vulnerabilities/2025.12.26.11.33.06/vulnerability.base.json
           CACHE https://api.nuget.org/v3-vulnerabilities/2025.12.26.11.33.06/2025.12.27.05.33.09/vulnerability.update.json
         Writing assets file to disk. Path: B:\maliev\Maliev.IAMService\Maliev.IAMService.Tests\obj\project.assets.json
         Writing assets file to disk. Path: B:\maliev\Maliev.IAMService\Maliev.IAMService.Api\obj\project.assets.json
         Restored B:\maliev\Maliev.IAMService\Maliev.IAMService.Tests\Maliev.IAMService.Tests.csproj (in 826 ms).
         Restored B:\maliev\Maliev.IAMService\Maliev.IAMService.Api\Maliev.IAMService.Api.csproj (in 842 ms).
         
         NuGet Config files used:
             B:\maliev\Maliev.IAMService\NuGet.Config
             C:\Users\natth\AppData\Roaming\NuGet\NuGet.Config
             C:\Program Files (x86)\NuGet\Config\Microsoft.VisualStudio.FallbackLocation.config
             C:\Program Files (x86)\NuGet\Config\Microsoft.VisualStudio.Offline.config
             B:\maliev\Maliev.Aspire\NuGet.Config
         
         Feeds used:
             https://api.nuget.org/v3/index.json
             https://nuget.pkg.github.com/MALIEV-Co-Ltd/index.json
         3 of 5 projects are up-to-date for restore.
     1>Done Building Project "B:\maliev\Maliev.IAMService\Maliev.IAMService.sln" (Restore target(s)).
   1:2>Project "B:\maliev\Maliev.IAMService\Maliev.IAMService.sln" on node 1 (VSTest target(s)).
     1>ValidateSolutionConfiguration:
         Building solution configuration "Release|Any CPU".
   1:2>Project "B:\maliev\Maliev.IAMService\Maliev.IAMService.sln" (1:2) is building "B:\maliev\Maliev.IAMService\Maliev.IAMService.Tests\Maliev.IAMService.Tests.csproj" (5:6) on node 4 (VSTest target(s)).
     5>BuildProject:
         Build started, please wait...
   5:6>Project "B:\maliev\Maliev.IAMService\Maliev.IAMService.Tests\Maliev.IAMService.Tests.csproj" (5:6) is building "B:\maliev\Maliev.IAMService\Maliev.IAMService.Tests\Maliev.IAMService.Tests.csproj" (5:7) on node 4 (default targets).
   5:7>Project "B:\maliev\Maliev.IAMService\Maliev.IAMService.Tests\Maliev.IAMService.Tests.csproj" (5:7) is building "B:\maliev\Maliev.IAMService\Maliev.IAMService.Data\Maliev.IAMService.Data.csproj" (3:10) on node 2 (default targets).
     3>GenerateTargetFrameworkMonikerAttribute:
       Skipping target "GenerateTargetFrameworkMonikerAttribute" because all output files are up-to-date with respect to the input files.
       _GenerateSourceLinkFile:
         Updating Source Link file 'obj\Release\net10.0\Maliev.IAMService.Data.sourcelink.json'.
       CoreCompile:
         Setting DOTNET_ROOT to 'C:\Program Files\dotnet'
         C:\Program Files\dotnet\sdk\10.0.101\Roslyn\bincore\csc.exe /noconfig /unsafe- /checked- /nowarn:1701,1702,1591,1701,1702 /fullpaths /nostdlib+ /errorreport:prompt /warn:10 /doc:obj\Release\net10.0\Maliev.IAMService.Data.xml /define:TRACE;RELEASE;NET;NET10_0;NETCOREAPP;NET5_0_OR_GREATER;NET6_0_OR_GREATER;NET7_0_OR_GREATER;NET8_0_OR_GREATER;NET9_0_OR_GREATER;NET10_0_OR_GREATER;NETCOREAPP1_0_OR_GREATER;NETCOREAPP1_1_OR_GREATER;NETCOREAPP2_0_OR_GREATER;NETCOREAPP2_1_OR_GREATER;NETCOREAPP2_2_OR_GREATER;NETCOREAPP3_0_OR_GREATER;NETCOREAPP3_1_OR_GREATER /highentropyva+ /nullable:enable /reference:"C:\Program Files\dotnet\packs\Microsoft.NETCore.App.Ref\10.0.1\ref\net10.0\Microsoft.CSharp.dll" /reference:C:\Users\natth\.nuget\packages\microsoft.entityframeworkcore.abstractions\10.0.0\lib\net10.0\Microsoft.EntityFrameworkCore.Abstractions.dll /reference:C:\Users\natth\.nuget\packages\microsoft.entityframeworkcore\10.0.0\lib\net10.0\Microsoft.EntityFrameworkCore.dll /reference:C:\Users\natth\.nuget\packages\microsoft.entityframeworkcore.relational\10.0.0\lib\net10.0\Microsoft.EntityFrameworkCore.Relational.dll /reference:C:\Users\natth\.nuget\packages\microsoft.extensions.caching.abstractions\10.0.0\lib\net10.0\Microsoft.Extensions.Caching.Abstractions.dll /reference:C:\Users\natth\.nuget\packages\microsoft.extensions.caching.memory\10.0.0\lib\net10.0\Microsoft.Extensions.Caching.Memory.dll /reference:C:\Users\natth\.nuget\packages\microsoft.extensions.configuration.abstractions\10.0.0\lib\net10.0\Microsoft.Extensions.Configuration.Abstractions.dll /reference:C:\Users\natth\.nuget\packages\microsoft.extensions.dependencyinjection.abstractions\10.0.0\lib\net10.0\Microsoft.Extensions.DependencyInjection.Abstractions.dll /reference:C:\Users\natth\.nuget\packages\microsoft.extensions.dependencyinjection\10.0.0\lib\net10.0\Microsoft.Extensions.DependencyInjection.dll /reference:C:\Users\natth\.nuget\packages\microsoft.extensions.logging.abstractions\10.0.0\lib\net10.0\Microsoft.Extensions.Logging.Abstractions.dll /reference:C:\Users\natth\.nuget\packages\microsoft.extensions.logging\10.0.0\lib\net10.0\Microsoft.Extensions.Logging.dll /reference:C:\Users\natth\.nuget\packages\microsoft.extensions.options\10.0.0\lib\net10.0\Microsoft.Extensions.Options.dll /reference:C:\Users\natth\.nuget\packages\microsoft.extensions.primitives\10.0.0\lib\net10.0\Microsoft.Extensions.Primitives.dll /reference:"C:\Program Files\dotnet\packs\Microsoft.NETCore.App.Ref\10.0.1\ref\net10.0\Microsoft.VisualBasic.Core.dll" /reference:"C:\Program Files\dotnet\packs\Microsoft.NETCore.App.Ref\10.0.1\ref\net10.0\Microsoft.VisualBasic.dll" /reference:"C:\Program Files\dotnet\packs\Microsoft.NETCore.App.Ref\10.0.1\ref\net10.0\Microsoft.Win32.Primitives.dll" /reference:"C:\Program Files\dotnet\packs\Microsoft.NETCore.App.Ref\10.0.1\ref\net10.0\Microsoft.Win32.Registry.dll" /reference:"C:\Program Files\dotnet\packs\Microsoft.NETCore.App.Ref\10.0.1\ref\net10.0\mscorlib.dll" /reference:"C:\Program Files\dotnet\packs\Microsoft.NETCore.App.Ref\10.0.1\ref\net10.0\netstandard.dll" /reference:C:\Users\natth\.nuget\packages\npgsql\10.0.0\lib\net10.0\Npgsql.dll /reference:C:\Users\natth\.nuget\packages\npgsql.entityframeworkcore.postgresql\10.0.0\lib\net10.0\Npgsql.EntityFrameworkCore.PostgreSQL.dll /reference:"C:\Program Files\dotnet\packs\Microsoft.NETCore.App.Ref\10.0.1\ref\net10.0\System.AppContext.dll" /reference:"C:\Program Files\dotnet\packs\Microsoft.NETCore.App.Ref\10.0.1\ref\net10.0\System.Buffers.dll" /reference:"C:\Program Files\dotnet\packs\Microsoft.NETCore.App.Ref\10.0.1\ref\net10.0\System.Collections.Concurrent.dll" /reference:"C:\Program Files\dotnet\packs\Microsoft.NETCore.App.Ref\10.0.1\ref\net10.0\System.Collections.dll" /reference:"C:\Program Files\dotnet\packs\Microsoft.NETCore.App.Ref\10.0.1\ref\net10.0\System.Collections.Immutable.dll" /reference:"C:\Program Files\dotnet\packs\Microsoft.NETCore.App.Ref\10.0.1\ref\net10.0\System.Collections.NonGeneric.dll" /reference:"C:\Program Files\dotnet\packs\Microsoft.NETCore.App.Ref\10.0.1\ref\net10.0\System.Collections.Specialized.dll" /reference:"C:\Program Files\dotnet\packs\Microsoft.NETCore.App.Ref\10.0.1\ref\net10.0\System.ComponentModel.Annotations.dll" /reference:"C:\Program Files\dotnet\packs\Microsoft.NETCore.App.Ref\10.0.1\ref\net10.0\System.ComponentModel.DataAnnotations.dll" /reference:"C:\Program Files\dotnet\packs\Microsoft.NETCore.App.Ref\10.0.1\ref\net10.0\System.ComponentModel.dll" /reference:"C:\Program Files\dotnet\packs\Microsoft.NETCore.App.Ref\10.0.1\ref\net10.0\System.ComponentModel.EventBasedAsync.dll" /reference:"C:\Program Files\dotnet\packs\Microsoft.NETCore.App.Ref\10.0.1\ref\net10.0\System.ComponentModel.Primitives.dll" /reference:"C:\Program Files\dotnet\packs\Microsoft.NETCore.App.Ref\10.0.1\ref\net10.0\System.ComponentModel.TypeConverter.dll" /reference:"C:\Program Files\dotnet\packs\Microsoft.NETCore.App.Ref\10.0.1\ref\net10.0\System.Configuration.dll" /reference:"C:\Program Files\dotnet\packs\Microsoft.NETCore.App.Ref\10.0.1\ref\net10.0\System.Console.dll" /reference:"C:\Program Files\dotnet\packs\Microsoft.NETCore.App.Ref\10.0.1\ref\net10.0\System.Core.dll" /reference:"C:\Program Files\dotnet\packs\Microsoft.NETCore.App.Ref\10.0.1\ref\net10.0\System.Data.Common.dll" /reference:"C:\Program Files\dotnet\packs\Microsoft.NETCore.App.Ref\10.0.1\ref\net10.0\System.Data.DataSetExtensions.dll" /reference:"C:\Program Files\dotnet\packs\Microsoft.NETCore.App.Ref\10.0.1\ref\net10.0\System.Data.dll" /reference:"C:\Program Files\dotnet\packs\Microsoft.NETCore.App.Ref\10.0.1\ref\net10.0\System.Diagnostics.Contracts.dll" /reference:"C:\Program Files\dotnet\packs\Microsoft.NETCore.App.Ref\10.0.1\ref\net10.0\System.Diagnostics.Debug.dll" /reference:"C:\Program Files\dotnet\packs\Microsoft.NETCore.App.Ref\10.0.1\ref\net10.0\System.Diagnostics.DiagnosticSource.dll" /reference:"C:\Program Files\dotnet\packs\Microsoft.NETCore.App.Ref\10.0.1\ref\net10.0\System.Diagnostics.FileVersionInfo.dll" /reference:"C:\Program Files\dotnet\packs\Microsoft.NETCore.App.Ref\10.0.1\ref\net10.0\System.Diagnostics.Process.dll" /reference:"C:\Program Files\dotnet\packs\Microsoft.NETCore.App.Ref\10.0.1\ref\net10.0\System.Diagnostics.StackTrace.dll" /reference:"C:\Program Files\dotnet\packs\Microsoft.NETCore.App.Ref\10.0.1\ref\net10.0\System.Diagnostics.TextWriterTraceListener.dll" /reference:"C:\Program Files\dotnet\packs\Microsoft.NETCore.App.Ref\10.0.1\ref\net10.0\System.Diagnostics.Tools.dll" /reference:"C:\Program Files\dotnet\packs\Microsoft.NETCore.App.Ref\10.0.1\ref\net10.0\System.Diagnostics.TraceSource.dll" /reference:"C:\Program Files\dotnet\packs\Microsoft.NETCore.App.Ref\10.0.1\ref\net10.0\System.Diagnostics.Tracing.dll" /reference:"C:\Program Files\dotnet\packs\Microsoft.NETCore.App.Ref\10.0.1\ref\net10.0\System.dll" /reference:"C:\Program Files\dotnet\packs\Microsoft.NETCore.App.Ref\10.0.1\ref\net10.0\System.Drawing.dll" /reference:"C:\Program Files\dotnet\packs\Microsoft.NETCore.App.Ref\10.0.1\ref\net10.0\System.Drawing.Primitives.dll" /reference:"C:\Program Files\dotnet\packs\Microsoft.NETCore.App.Ref\10.0.1\ref\net10.0\System.Dynamic.Runtime.dll" /reference:"C:\Program Files\dotnet\packs\Microsoft.NETCore.App.Ref\10.0.1\ref\net10.0\System.Formats.Asn1.dll" /reference:"C:\Program Files\dotnet\packs\Microsoft.NETCore.App.Ref\10.0.1\ref\net10.0\System.Formats.Tar.dll" /reference:"C:\Program Files\dotnet\packs\Microsoft.NETCore.App.Ref\10.0.1\ref\net10.0\System.Globalization.Calendars.dll" /reference:"C:\Program Files\dotnet\packs\Microsoft.NETCore.App.Ref\10.0.1\ref\net10.0\System.Globalization.dll" /reference:"C:\Program Files\dotnet\packs\Microsoft.NETCore.App.Ref\10.0.1\ref\net10.0\System.Globalization.Extensions.dll" /reference:"C:\Program Files\dotnet\packs\Microsoft.NETCore.App.Ref\10.0.1\ref\net10.0\System.IO.Compression.Brotli.dll" /reference:"C:\Program Files\dotnet\packs\Microsoft.NETCore.App.Ref\10.0.1\ref\net10.0\System.IO.Compression.dll" /reference:"C:\Program Files\dotnet\packs\Microsoft.NETCore.App.Ref\10.0.1\ref\net10.0\System.IO.Compression.FileSystem.dll" /reference:"C:\Program Files\dotnet\packs\Microsoft.NETCore.App.Ref\10.0.1\ref\net10.0\System.IO.Compression.ZipFile.dll" /reference:"C:\Program Files\dotnet\packs\Microsoft.NETCore.App.Ref\10.0.1\ref\net10.0\System.IO.dll" /reference:"C:\Program Files\dotnet\packs\Microsoft.NETCore.App.Ref\10.0.1\ref\net10.0\System.IO.FileSystem.AccessControl.dll" /reference:"C:\Program Files\dotnet\packs\Microsoft.NETCore.App.Ref\10.0.1\ref\net10.0\System.IO.FileSystem.dll" /reference:"C:\Program Files\dotnet\packs\Microsoft.NETCore.App.Ref\10.0.1\ref\net10.0\System.IO.FileSystem.DriveInfo.dll" /reference:"C:\Program Files\dotnet\packs\Microsoft.NETCore.App.Ref\10.0.1\ref\net10.0\System.IO.FileSystem.Primitives.dll" /reference:"C:\Program Files\dotnet\packs\Microsoft.NETCore.App.Ref\10.0.1\ref\net10.0\System.IO.FileSystem.Watcher.dll" /reference:"C:\Program Files\dotnet\packs\Microsoft.NETCore.App.Ref\10.0.1\ref\net10.0\System.IO.IsolatedStorage.dll" /reference:"C:\Program Files\dotnet\packs\Microsoft.NETCore.App.Ref\10.0.1\ref\net10.0\System.IO.MemoryMappedFiles.dll" /reference:"C:\Program Files\dotnet\packs\Microsoft.NETCore.App.Ref\10.0.1\ref\net10.0\System.IO.Pipelines.dll" /reference:"C:\Program Files\dotnet\packs\Microsoft.NETCore.App.Ref\10.0.1\ref\net10.0\System.IO.Pipes.AccessControl.dll" /reference:"C:\Program Files\dotnet\packs\Microsoft.NETCore.App.Ref\10.0.1\ref\net10.0\System.IO.Pipes.dll" /reference:"C:\Program Files\dotnet\packs\Microsoft.NETCore.App.Ref\10.0.1\ref\net10.0\System.IO.UnmanagedMemoryStream.dll" /reference:"C:\Program Files\dotnet\packs\Microsoft.NETCore.App.Ref\10.0.1\ref\net10.0\System.Linq.AsyncEnumerable.dll" /reference:"C:\Program Files\dotnet\packs\Microsoft.NETCore.App.Ref\10.0.1\ref\net10.0\System.Linq.dll" /reference:"C:\Program Files\dotnet\packs\Microsoft.NETCore.App.Ref\10.0.1\ref\net10.0\System.Linq.Expressions.dll" /reference:"C:\Program Files\dotnet\packs\Microsoft.NETCore.App.Ref\10.0.1\ref\net10.0\System.Linq.Parallel.dll" /reference:"C:\Program Files\dotnet\packs\Microsoft.NETCore.App.Ref\10.0.1\ref\net10.0\System.Linq.Queryable.dll" /reference:"C:\Program Files\dotnet\packs\Microsoft.NETCore.App.Ref\10.0.1\ref\net10.0\System.Memory.dll" /reference:"C:\Program Files\dotnet\packs\Microsoft.NETCore.App.Ref\10.0.1\ref\net10.0\System.Net.dll" /reference:"C:\Program Files\dotnet\packs\Microsoft.NETCore.App.Ref\10.0.1\ref\net10.0\System.Net.Http.dll" /reference:"C:\Program Files\dotnet\packs\Microsoft.NETCore.App.Ref\10.0.1\ref\net10.0\System.Net.Http.Json.dll" /reference:"C:\Program Files\dotnet\packs\Microsoft.NETCore.App.Ref\10.0.1\ref\net10.0\System.Net.HttpListener.dll" /reference:"C:\Program Files\dotnet\packs\Microsoft.NETCore.App.Ref\10.0.1\ref\net10.0\System.Net.Mail.dll" /reference:"C:\Program Files\dotnet\packs\Microsoft.NETCore.App.Ref\10.0.1\ref\net10.0\System.Net.NameResolution.dll" /reference:"C:\Program Files\dotnet\packs\Microsoft.NETCore.App.Ref\10.0.1\ref\net10.0\System.Net.NetworkInformation.dll" /reference:"C:\Program Files\dotnet\packs\Microsoft.NETCore.App.Ref\10.0.1\ref\net10.0\System.Net.Ping.dll" /reference:"C:\Program Files\dotnet\packs\Microsoft.NETCore.App.Ref\10.0.1\ref\net10.0\System.Net.Primitives.dll" /reference:"C:\Program Files\dotnet\packs\Microsoft.NETCore.App.Ref\10.0.1\ref\net10.0\System.Net.Quic.dll" /reference:"C:\Program Files\dotnet\packs\Microsoft.NETCore.App.Ref\10.0.1\ref\net10.0\System.Net.Requests.dll" /reference:"C:\Program Files\dotnet\packs\Microsoft.NETCore.App.Ref\10.0.1\ref\net10.0\System.Net.Security.dll" /reference:"C:\Program Files\dotnet\packs\Microsoft.NETCore.App.Ref\10.0.1\ref\net10.0\System.Net.ServerSentEvents.dll" /reference:"C:\Program Files\dotnet\packs\Microsoft.NETCore.App.Ref\10.0.1\ref\net10.0\System.Net.ServicePoint.dll" /reference:"C:\Program Files\dotnet\packs\Microsoft.NETCore.App.Ref\10.0.1\ref\net10.0\System.Net.Sockets.dll" /reference:"C:\Program Files\dotnet\packs\Microsoft.NETCore.App.Ref\10.0.1\ref\net10.0\System.Net.WebClient.dll" /reference:"C:\Program Files\dotnet\packs\Microsoft.NETCore.App.Ref\10.0.1\ref\net10.0\System.Net.WebHeaderCollection.dll" /reference:"C:\Program Files\dotnet\packs\Microsoft.NETCore.App.Ref\10.0.1\ref\net10.0\System.Net.WebProxy.dll" /reference:"C:\Program Files\dotnet\packs\Microsoft.NETCore.App.Ref\10.0.1\ref\net10.0\System.Net.WebSockets.Client.dll" /reference:"C:\Program Files\dotnet\packs\Microsoft.NETCore.App.Ref\10.0.1\ref\net10.0\System.Net.WebSockets.dll" /reference:"C:\Program Files\dotnet\packs\Microsoft.NETCore.App.Ref\10.0.1\ref\net10.0\System.Numerics.dll" /reference:"C:\Program Files\dotnet\packs\Microsoft.NETCore.App.Ref\10.0.1\ref\net10.0\System.Numerics.Vectors.dll" /reference:"C:\Program Files\dotnet\packs\Microsoft.NETCore.App.Ref\10.0.1\ref\net10.0\System.ObjectModel.dll" /reference:"C:\Program Files\dotnet\packs\Microsoft.NETCore.App.Ref\10.0.1\ref\net10.0\System.Reflection.DispatchProxy.dll" /reference:"C:\Program Files\dotnet\packs\Microsoft.NETCore.App.Ref\10.0.1\ref\net10.0\System.Reflection.dll" /reference:"C:\Program Files\dotnet\packs\Microsoft.NETCore.App.Ref\10.0.1\ref\net10.0\System.Reflection.Emit.dll" /reference:"C:\Program Files\dotnet\packs\Microsoft.NETCore.App.Ref\10.0.1\ref\net10.0\System.Reflection.Emit.ILGeneration.dll" /reference:"C:\Program Files\dotnet\packs\Microsoft.NETCore.App.Ref\10.0.1\ref\net10.0\System.Reflection.Emit.Lightweight.dll" /reference:"C:\Program Files\dotnet\packs\Microsoft.NETCore.App.Ref\10.0.1\ref\net10.0\System.Reflection.Extensions.dll" /reference:"C:\Program Files\dotnet\packs\Microsoft.NETCore.App.Ref\10.0.1\ref\net10.0\System.Reflection.Metadata.dll" /reference:"C:\Program Files\dotnet\packs\Microsoft.NETCore.App.Ref\10.0.1\ref\net10.0\System.Reflection.Primitives.dll" /reference:"C:\Program Files\dotnet\packs\Microsoft.NETCore.App.Ref\10.0.1\ref\net10.0\System.Reflection.TypeExtensions.dll" /reference:"C:\Program Files\dotnet\packs\Microsoft.NETCore.App.Ref\10.0.1\ref\net10.0\System.Resources.Reader.dll" /reference:"C:\Program Files\dotnet\packs\Microsoft.NETCore.App.Ref\10.0.1\ref\net10.0\System.Resources.ResourceManager.dll" /reference:"C:\Program Files\dotnet\packs\Microsoft.NETCore.App.Ref\10.0.1\ref\net10.0\System.Resources.Writer.dll" /reference:"C:\Program Files\dotnet\packs\Microsoft.NETCore.App.Ref\10.0.1\ref\net10.0\System.Runtime.CompilerServices.Unsafe.dll" /reference:"C:\Program Files\dotnet\packs\Microsoft.NETCore.App.Ref\10.0.1\ref\net10.0\System.Runtime.CompilerServices.VisualC.dll" /reference:"C:\Program Files\dotnet\packs\Microsoft.NETCore.App.Ref\10.0.1\ref\net10.0\System.Runtime.dll" /reference:"C:\Program Files\dotnet\packs\Microsoft.NETCore.App.Ref\10.0.1\ref\net10.0\System.Runtime.Extensions.dll" /reference:"C:\Program Files\dotnet\packs\Microsoft.NETCore.App.Ref\10.0.1\ref\net10.0\System.Runtime.Handles.dll" /reference:"C:\Program Files\dotnet\packs\Microsoft.NETCore.App.Ref\10.0.1\ref\net10.0\System.Runtime.InteropServices.dll" /reference:"C:\Program Files\dotnet\packs\Microsoft.NETCore.App.Ref\10.0.1\ref\net10.0\System.Runtime.InteropServices.JavaScript.dll" /reference:"C:\Program Files\dotnet\packs\Microsoft.NETCore.App.Ref\10.0.1\ref\net10.0\System.Runtime.InteropServices.RuntimeInformation.dll" /reference:"C:\Program Files\dotnet\packs\Microsoft.NETCore.App.Ref\10.0.1\ref\net10.0\System.Runtime.Intrinsics.dll" /reference:"C:\Program Files\dotnet\packs\Microsoft.NETCore.App.Ref\10.0.1\ref\net10.0\System.Runtime.Loader.dll" /reference:"C:\Program Files\dotnet\packs\Microsoft.NETCore.App.Ref\10.0.1\ref\net10.0\System.Runtime.Numerics.dll" /reference:"C:\Program Files\dotnet\packs\Microsoft.NETCore.App.Ref\10.0.1\ref\net10.0\System.Runtime.Serialization.dll" /reference:"C:\Program Files\dotnet\packs\Microsoft.NETCore.App.Ref\10.0.1\ref\net10.0\System.Runtime.Serialization.Formatters.dll" /reference:"C:\Program Files\dotnet\packs\Microsoft.NETCore.App.Ref\10.0.1\ref\net10.0\System.Runtime.Serialization.Json.dll" /reference:"C:\Program Files\dotnet\packs\Microsoft.NETCore.App.Ref\10.0.1\ref\net10.0\System.Runtime.Serialization.Primitives.dll" /reference:"C:\Program Files\dotnet\packs\Microsoft.NETCore.App.Ref\10.0.1\ref\net10.0\System.Runtime.Serialization.Xml.dll" /reference:"C:\Program Files\dotnet\packs\Microsoft.NETCore.App.Ref\10.0.1\ref\net10.0\System.Security.AccessControl.dll" /reference:"C:\Program Files\dotnet\packs\Microsoft.NETCore.App.Ref\10.0.1\ref\net10.0\System.Security.Claims.dll" /reference:"C:\Program Files\dotnet\packs\Microsoft.NETCore.App.Ref\10.0.1\ref\net10.0\System.Security.Cryptography.Algorithms.dll" /reference:"C:\Program Files\dotnet\packs\Microsoft.NETCore.App.Ref\10.0.1\ref\net10.0\System.Security.Cryptography.Cng.dll" /reference:"C:\Program Files\dotnet\packs\Microsoft.NETCore.App.Ref\10.0.1\ref\net10.0\System.Security.Cryptography.Csp.dll" /reference:"C:\Program Files\dotnet\packs\Microsoft.NETCore.App.Ref\10.0.1\ref\net10.0\System.Security.Cryptography.dll" /reference:"C:\Program Files\dotnet\packs\Microsoft.NETCore.App.Ref\10.0.1\ref\net10.0\System.Security.Cryptography.Encoding.dll" /reference:"C:\Program Files\dotnet\packs\Microsoft.NETCore.App.Ref\10.0.1\ref\net10.0\System.Security.Cryptography.OpenSsl.dll" /reference:"C:\Program Files\dotnet\packs\Microsoft.NETCore.App.Ref\10.0.1\ref\net10.0\System.Security.Cryptography.Primitives.dll" /reference:"C:\Program Files\dotnet\packs\Microsoft.NETCore.App.Ref\10.0.1\ref\net10.0\System.Security.Cryptography.X509Certificates.dll" /reference:"C:\Program Files\dotnet\packs\Microsoft.NETCore.App.Ref\10.0.1\ref\net10.0\System.Security.dll" /reference:"C:\Program Files\dotnet\packs\Microsoft.NETCore.App.Ref\10.0.1\ref\net10.0\System.Security.Principal.dll" /reference:"C:\Program Files\dotnet\packs\Microsoft.NETCore.App.Ref\10.0.1\ref\net10.0\System.Security.Principal.Windows.dll" /reference:"C:\Program Files\dotnet\packs\Microsoft.NETCore.App.Ref\10.0.1\ref\net10.0\System.Security.SecureString.dll" /reference:"C:\Program Files\dotnet\packs\Microsoft.NETCore.App.Ref\10.0.1\ref\net10.0\System.ServiceModel.Web.dll" /reference:"C:\Program Files\dotnet\packs\Microsoft.NETCore.App.Ref\10.0.1\ref\net10.0\System.ServiceProcess.dll" /reference:"C:\Program Files\dotnet\packs\Microsoft.NETCore.App.Ref\10.0.1\ref\net10.0\System.Text.Encoding.CodePages.dll" /reference:"C:\Program Files\dotnet\packs\Microsoft.NETCore.App.Ref\10.0.1\ref\net10.0\System.Text.Encoding.dll" /reference:"C:\Program Files\dotnet\packs\Microsoft.NETCore.App.Ref\10.0.1\ref\net10.0\System.Text.Encoding.Extensions.dll" /reference:"C:\Program Files\dotnet\packs\Microsoft.NETCore.App.Ref\10.0.1\ref\net10.0\System.Text.Encodings.Web.dll" /reference:"C:\Program Files\dotnet\packs\Microsoft.NETCore.App.Ref\10.0.1\ref\net10.0\System.Text.Json.dll" /reference:"C:\Program Files\dotnet\packs\Microsoft.NETCore.App.Ref\10.0.1\ref\net10.0\System.Text.RegularExpressions.dll" /reference:"C:\Program Files\dotnet\packs\Microsoft.NETCore.App.Ref\10.0.1\ref\net10.0\System.Threading.AccessControl.dll" /reference:"C:\Program Files\dotnet\packs\Microsoft.NETCore.App.Ref\10.0.1\ref\net10.0\System.Threading.Channels.dll" /reference:"C:\Program Files\dotnet\packs\Microsoft.NETCore.App.Ref\10.0.1\ref\net10.0\System.Threading.dll" /reference:"C:\Program Files\dotnet\packs\Microsoft.NETCore.App.Ref\10.0.1\ref\net10.0\System.Threading.Overlapped.dll" /reference:"C:\Program Files\dotnet\packs\Microsoft.NETCore.App.Ref\10.0.1\ref\net10.0\System.Threading.Tasks.Dataflow.dll" /reference:"C:\Program Files\dotnet\packs\Microsoft.NETCore.App.Ref\10.0.1\ref\net10.0\System.Threading.Tasks.dll" /reference:"C:\Program Files\dotnet\packs\Microsoft.NETCore.App.Ref\10.0.1\ref\net10.0\System.Threading.Tasks.Extensions.dll" /reference:"C:\Program Files\dotnet\packs\Microsoft.NETCore.App.Ref\10.0.1\ref\net10.0\System.Threading.Tasks.Parallel.dll" /reference:"C:\Program Files\dotnet\packs\Microsoft.NETCore.App.Ref\10.0.1\ref\net10.0\System.Threading.Thread.dll" /reference:"C:\Program Files\dotnet\packs\Microsoft.NETCore.App.Ref\10.0.1\ref\net10.0\System.Threading.ThreadPool.dll" /reference:"C:\Program Files\dotnet\packs\Microsoft.NETCore.App.Ref\10.0.1\ref\net10.0\System.Threading.Timer.dll" /reference:"C:\Program Files\dotnet\packs\Microsoft.NETCore.App.Ref\10.0.1\ref\net10.0\System.Transactions.dll" /reference:"C:\Program Files\dotnet\packs\Microsoft.NETCore.App.Ref\10.0.1\ref\net10.0\System.Transactions.Local.dll" /reference:"C:\Program Files\dotnet\packs\Microsoft.NETCore.App.Ref\10.0.1\ref\net10.0\System.ValueTuple.dll" /reference:"C:\Program Files\dotnet\packs\Microsoft.NETCore.App.Ref\10.0.1\ref\net10.0\System.Web.dll" /reference:"C:\Program Files\dotnet\packs\Microsoft.NETCore.App.Ref\10.0.1\ref\net10.0\System.Web.HttpUtility.dll" /reference:"C:\Program Files\dotnet\packs\Microsoft.NETCore.App.Ref\10.0.1\ref\net10.0\System.Windows.dll" /reference:"C:\Program Files\dotnet\packs\Microsoft.NETCore.App.Ref\10.0.1\ref\net10.0\System.Xml.dll" /reference:"C:\Program Files\dotnet\packs\Microsoft.NETCore.App.Ref\10.0.1\ref\net10.0\System.Xml.Linq.dll" /reference:"C:\Program Files\dotnet\packs\Microsoft.NETCore.App.Ref\10.0.1\ref\net10.0\System.Xml.ReaderWriter.dll" /reference:"C:\Program Files\dotnet\packs\Microsoft.NETCore.App.Ref\10.0.1\ref\net10.0\System.Xml.Serialization.dll" /reference:"C:\Program Files\dotnet\packs\Microsoft.NETCore.App.Ref\10.0.1\ref\net10.0\System.Xml.XDocument.dll" /reference:"C:\Program Files\dotnet\packs\Microsoft.NETCore.App.Ref\10.0.1\ref\net10.0\System.Xml.XmlDocument.dll" /reference:"C:\Program Files\dotnet\packs\Microsoft.NETCore.App.Ref\10.0.1\ref\net10.0\System.Xml.XmlSerializer.dll" /reference:"C:\Program Files\dotnet\packs\Microsoft.NETCore.App.Ref\10.0.1\ref\net10.0\System.Xml.XPath.dll" /reference:"C:\Program Files\dotnet\packs\Microsoft.NETCore.App.Ref\10.0.1\ref\net10.0\System.Xml.XPath.XDocument.dll" /reference:"C:\Program Files\dotnet\packs\Microsoft.NETCore.App.Ref\10.0.1\ref\net10.0\WindowsBase.dll" /features:"InterceptorsNamespaces=;Microsoft.Extensions.Validation.Generated" /debug- /debug:portable /filealign:512 /optimize+ /out:obj\Release\net10.0\Maliev.IAMService.Data.dll /refout:obj\Release\net10.0\refint\Maliev.IAMService.Data.dll /target:library /warnaserror+ /utf8output /deterministic+ /sourcelink:obj\Release\net10.0\Maliev.IAMService.Data.sourcelink.json /langversion:14.0 /embed:obj\Release\net10.0\Maliev.IAMService.Data.GlobalUsings.g.cs /embed:"obj\Release\net10.0\.NETCoreApp,Version=v10.0.AssemblyAttributes.cs" /embed:obj\Release\net10.0\Maliev.IAMService.Data.AssemblyInfo.cs /analyzerconfig:obj\Release\net10.0\Maliev.IAMService.Data.GeneratedMSBuildEditorConfig.editorconfig /analyzerconfig:"C:\Program Files\dotnet\sdk\10.0.101\Sdks\Microsoft.NET.Sdk\analyzers\build\config\analysislevel_10_default.globalconfig" /analyzer:"C:\Program Files\dotnet\sdk\10.0.101\Sdks\Microsoft.NET.Sdk\targets\..\analyzers\Microsoft.CodeAnalysis.CSharp.NetAnalyzers.dll" /analyzer:"C:\Program Files\dotnet\sdk\10.0.101\Sdks\Microsoft.NET.Sdk\targets\..\analyzers\Microsoft.CodeAnalysis.NetAnalyzers.dll" /analyzer:C:\Users\natth\.nuget\packages\microsoft.codeanalysis.analyzers\3.11.0\analyzers\dotnet\cs\Microsoft.CodeAnalysis.Analyzers.dll /analyzer:C:\Users\natth\.nuget\packages\microsoft.codeanalysis.analyzers\3.11.0\analyzers\dotnet\cs\Microsoft.CodeAnalysis.CSharp.Analyzers.dll /analyzer:C:\Users\natth\.nuget\packages\microsoft.entityframeworkcore.analyzers\10.0.0\analyzers\dotnet\cs\Microsoft.EntityFrameworkCore.Analyzers.dll /analyzer:C:\Users\natth\.nuget\packages\microsoft.extensions.logging.abstractions\10.0.0\analyzers\dotnet\roslyn3.11\cs\Microsoft.Extensions.Logging.Generators.dll /analyzer:C:\Users\natth\.nuget\packages\microsoft.extensions.logging.abstractions\10.0.0\analyzers\dotnet\roslyn4.0\cs\Microsoft.Extensions.Logging.Generators.dll /analyzer:C:\Users\natth\.nuget\packages\microsoft.extensions.logging.abstractions\10.0.0\analyzers\dotnet\roslyn4.4\cs\Microsoft.Extensions.Logging.Generators.dll /analyzer:C:\Users\natth\.nuget\packages\microsoft.extensions.options\10.0.0\analyzers\dotnet\roslyn4.4\cs\Microsoft.Extensions.Options.SourceGeneration.dll /analyzer:"C:\Program Files\dotnet\packs\Microsoft.NETCore.App.Ref\10.0.1\analyzers/dotnet/cs/Microsoft.Interop.ComInterfaceGenerator.dll" /analyzer:"C:\Program Files\dotnet\packs\Microsoft.NETCore.App.Ref\10.0.1\analyzers/dotnet/cs/Microsoft.Interop.JavaScript.JSImportGenerator.dll" /analyzer:"C:\Program Files\dotnet\packs\Microsoft.NETCore.App.Ref\10.0.1\analyzers/dotnet/cs/Microsoft.Interop.LibraryImportGenerator.dll" /analyzer:"C:\Program Files\dotnet\packs\Microsoft.NETCore.App.Ref\10.0.1\analyzers/dotnet/cs/Microsoft.Interop.SourceGeneration.dll" /analyzer:"C:\Program Files\dotnet\packs\Microsoft.NETCore.App.Ref\10.0.1\analyzers/dotnet/cs/System.Text.Json.SourceGeneration.dll" /analyzer:"C:\Program Files\dotnet\packs\Microsoft.NETCore.App.Ref\10.0.1\analyzers/dotnet/cs/System.Text.RegularExpressions.Generator.dll" Configurations\SnakeCaseNamingExtensions.cs Entities\IAMAuditLog.cs Entities\Permission.cs Entities\Principal.cs Entities\PrincipalRoleBinding.cs Entities\Role.cs Entities\RolePermission.cs Entities\ServiceAccountApiKey.cs IAMDbContext.cs IAMDbContextFactory.cs Migrations\20251220003705_InitialCreate.cs Migrations\20251220003705_InitialCreate.Designer.cs Migrations\20251221131248_ConvertRoleIdsToGcpFormat.cs Migrations\20251221131248_ConvertRoleIdsToGcpFormat.Designer.cs Migrations\20251221163633_AddResourcePathToBindings.cs Migrations\20251221163633_AddResourcePathToBindings.Designer.cs Migrations\IAMDbContextModelSnapshot.cs Repositories\AuditRepository.cs Repositories\BindingRepository.cs Repositories\IAuditRepository.cs Repositories\IBindingRepository.cs Repositories\IPermissionRepository.cs Repositories\IPrincipalRepository.cs Repositories\IRoleRepository.cs Repositories\IServiceAccountApiKeyRepository.cs Repositories\PermissionRepository.cs Repositories\PrincipalRepository.cs Repositories\RoleRepository.cs Repositories\ServiceAccountApiKeyRepository.cs obj\Release\net10.0\Maliev.IAMService.Data.GlobalUsings.g.cs "obj\Release\net10.0\.NETCoreApp,Version=v10.0.AssemblyAttributes.cs" obj\Release\net10.0\Maliev.IAMService.Data.AssemblyInfo.cs /warnaserror+:NU1605,SYSLIB0011
         Compilation request Maliev.IAMService.Data (net10.0), PathToTool=C:\Program Files\dotnet\sdk\10.0.101\Roslyn\bincore\csc.exe
         CommandLine = ' /noconfig'
         BuildResponseFile = '/unsafe- /checked- /nowarn:1701,1702,1591,1701,1702 /fullpaths /nostdlib+ /errorreport:prompt /warn:10 /doc:obj\Release\net10.0\Maliev.IAMService.Data.xml /define:TRACE;RELEASE;NET;NET10_0;NETCOREAPP;NET5_0_OR_GREATER;NET6_0_OR_GREATER;NET7_0_OR_GREATER;NET8_0_OR_GREATER;NET9_0_OR_GREATER;NET10_0_OR_GREATER;NETCOREAPP1_0_OR_GREATER;NETCOREAPP1_1_OR_GREATER;NETCOREAPP2_0_OR_GREATER;NETCOREAPP2_1_OR_GREATER;NETCOREAPP2_2_OR_GREATER;NETCOREAPP3_0_OR_GREATER;NETCOREAPP3_1_OR_GREATER /highentropyva+ /nullable:enable /reference:"C:\Program Files\dotnet\packs\Microsoft.NETCore.App.Ref\10.0.1\ref\net10.0\Microsoft.CSharp.dll" /reference:C:\Users\natth\.nuget\packages\microsoft.entityframeworkcore.abstractions\10.0.0\lib\net10.0\Microsoft.EntityFrameworkCore.Abstractions.dll /reference:C:\Users\natth\.nuget\packages\microsoft.entityframeworkcore\10.0.0\lib\net10.0\Microsoft.EntityFrameworkCore.dll /reference:C:\Users\natth\.nuget\packages\microsoft.entityframeworkcore.relational\10.0.0\lib\net10.0\Microsoft.EntityFrameworkCore.Relational.dll /reference:C:\Users\natth\.nuget\packages\microsoft.extensions.caching.abstractions\10.0.0\lib\net10.0\Microsoft.Extensions.Caching.Abstractions.dll /reference:C:\Users\natth\.nuget\packages\microsoft.extensions.caching.memory\10.0.0\lib\net10.0\Microsoft.Extensions.Caching.Memory.dll /reference:C:\Users\natth\.nuget\packages\microsoft.extensions.configuration.abstractions\10.0.0\lib\net10.0\Microsoft.Extensions.Configuration.Abstractions.dll /reference:C:\Users\natth\.nuget\packages\microsoft.extensions.dependencyinjection.abstractions\10.0.0\lib\net10.0\Microsoft.Extensions.DependencyInjection.Abstractions.dll /reference:C:\Users\natth\.nuget\packages\microsoft.extensions.dependencyinjection\10.0.0\lib\net10.0\Microsoft.Extensions.DependencyInjection.dll /reference:C:\Users\natth\.nuget\packages\microsoft.extensions.logging.abstractions\10.0.0\lib\net10.0\Microsoft.Extensions.Logging.Abstractions.dll /reference:C:\Users\natth\.nuget\packages\microsoft.extensions.logging\10.0.0\lib\net10.0\Microsoft.Extensions.Logging.dll /reference:C:\Users\natth\.nuget\packages\microsoft.extensions.options\10.0.0\lib\net10.0\Microsoft.Extensions.Options.dll /reference:C:\Users\natth\.nuget\packages\microsoft.extensions.primitives\10.0.0\lib\net10.0\Microsoft.Extensions.Primitives.dll /reference:"C:\Program Files\dotnet\packs\Microsoft.NETCore.App.Ref\10.0.1\ref\net10.0\Microsoft.VisualBasic.Core.dll" /reference:"C:\Program Files\dotnet\packs\Microsoft.NETCore.App.Ref\10.0.1\ref\net10.0\Microsoft.VisualBasic.dll" /reference:"C:\Program Files\dotnet\packs\Microsoft.NETCore.App.Ref\10.0.1\ref\net10.0\Microsoft.Win32.Primitives.dll" /reference:"C:\Program Files\dotnet\packs\Microsoft.NETCore.App.Ref\10.0.1\ref\net10.0\Microsoft.Win32.Registry.dll" /reference:"C:\Program Files\dotnet\packs\Microsoft.NETCore.App.Ref\10.0.1\ref\net10.0\mscorlib.dll" /reference:"C:\Program Files\dotnet\packs\Microsoft.NETCore.App.Ref\10.0.1\ref\net10.0\netstandard.dll" /reference:C:\Users\natth\.nuget\packages\npgsql\10.0.0\lib\net10.0\Npgsql.dll /reference:C:\Users\natth\.nuget\packages\npgsql.entityframeworkcore.postgresql\10.0.0\lib\net10.0\Npgsql.EntityFrameworkCore.PostgreSQL.dll /reference:"C:\Program Files\dotnet\packs\Microsoft.NETCore.App.Ref\10.0.1\ref\net10.0\System.AppContext.dll" /reference:"C:\Program Files\dotnet\packs\Microsoft.NETCore.App.Ref\10.0.1\ref\net10.0\System.Buffers.dll" /reference:"C:\Program Files\dotnet\packs\Microsoft.NETCore.App.Ref\10.0.1\ref\net10.0\System.Collections.Concurrent.dll" /reference:"C:\Program Files\dotnet\packs\Microsoft.NETCore.App.Ref\10.0.1\ref\net10.0\System.Collections.dll" /reference:"C:\Program Files\dotnet\packs\Microsoft.NETCore.App.Ref\10.0.1\ref\net10.0\System.Collections.Immutable.dll" /reference:"C:\Program Files\dotnet\packs\Microsoft.NETCore.App.Ref\10.0.1\ref\net10.0\System.Collections.NonGeneric.dll" /reference:"C:\Program Files\dotnet\packs\Microsoft.NETCore.App.Ref\10.0.1\ref\net10.0\System.Collections.Specialized.dll" /reference:"C:\Program Files\dotnet\packs\Microsoft.NETCore.App.Ref\10.0.1\ref\net10.0\System.ComponentModel.Annotations.dll" /reference:"C:\Program Files\dotnet\packs\Microsoft.NETCore.App.Ref\10.0.1\ref\net10.0\System.ComponentModel.DataAnnotations.dll" /reference:"C:\Program Files\dotnet\packs\Microsoft.NETCore.App.Ref\10.0.1\ref\net10.0\System.ComponentModel.dll" /reference:"C:\Program Files\dotnet\packs\Microsoft.NETCore.App.Ref\10.0.1\ref\net10.0\System.ComponentModel.EventBasedAsync.dll" /reference:"C:\Program Files\dotnet\packs\Microsoft.NETCore.App.Ref\10.0.1\ref\net10.0\System.ComponentModel.Primitives.dll" /reference:"C:\Program Files\dotnet\packs\Microsoft.NETCore.App.Ref\10.0.1\ref\net10.0\System.ComponentModel.TypeConverter.dll" /reference:"C:\Program Files\dotnet\packs\Microsoft.NETCore.App.Ref\10.0.1\ref\net10.0\System.Configuration.dll" /reference:"C:\Program Files\dotnet\packs\Microsoft.NETCore.App.Ref\10.0.1\ref\net10.0\System.Console.dll" /reference:"C:\Program Files\dotnet\packs\Microsoft.NETCore.App.Ref\10.0.1\ref\net10.0\System.Core.dll" /reference:"C:\Program Files\dotnet\packs\Microsoft.NETCore.App.Ref\10.0.1\ref\net10.0\System.Data.Common.dll" /reference:"C:\Program Files\dotnet\packs\Microsoft.NETCore.App.Ref\10.0.1\ref\net10.0\System.Data.DataSetExtensions.dll" /reference:"C:\Program Files\dotnet\packs\Microsoft.NETCore.App.Ref\10.0.1\ref\net10.0\System.Data.dll" /reference:"C:\Program Files\dotnet\packs\Microsoft.NETCore.App.Ref\10.0.1\ref\net10.0\System.Diagnostics.Contracts.dll" /reference:"C:\Program Files\dotnet\packs\Microsoft.NETCore.App.Ref\10.0.1\ref\net10.0\System.Diagnostics.Debug.dll" /reference:"C:\Program Files\dotnet\packs\Microsoft.NETCore.App.Ref\10.0.1\ref\net10.0\System.Diagnostics.DiagnosticSource.dll" /reference:"C:\Program Files\dotnet\packs\Microsoft.NETCore.App.Ref\10.0.1\ref\net10.0\System.Diagnostics.FileVersionInfo.dll" /reference:"C:\Program Files\dotnet\packs\Microsoft.NETCore.App.Ref\10.0.1\ref\net10.0\System.Diagnostics.Process.dll" /reference:"C:\Program Files\dotnet\packs\Microsoft.NETCore.App.Ref\10.0.1\ref\net10.0\System.Diagnostics.StackTrace.dll" /reference:"C:\Program Files\dotnet\packs\Microsoft.NETCore.App.Ref\10.0.1\ref\net10.0\System.Diagnostics.TextWriterTraceListener.dll" /reference:"C:\Program Files\dotnet\packs\Microsoft.NETCore.App.Ref\10.0.1\ref\net10.0\System.Diagnostics.Tools.dll" /reference:"C:\Program Files\dotnet\packs\Microsoft.NETCore.App.Ref\10.0.1\ref\net10.0\System.Diagnostics.TraceSource.dll" /reference:"C:\Program Files\dotnet\packs\Microsoft.NETCore.App.Ref\10.0.1\ref\net10.0\System.Diagnostics.Tracing.dll" /reference:"C:\Program Files\dotnet\packs\Microsoft.NETCore.App.Ref\10.0.1\ref\net10.0\System.dll" /reference:"C:\Program Files\dotnet\packs\Microsoft.NETCore.App.Ref\10.0.1\ref\net10.0\System.Drawing.dll" /reference:"C:\Program Files\dotnet\packs\Microsoft.NETCore.App.Ref\10.0.1\ref\net10.0\System.Drawing.Primitives.dll" /reference:"C:\Program Files\dotnet\packs\Microsoft.NETCore.App.Ref\10.0.1\ref\net10.0\System.Dynamic.Runtime.dll" /reference:"C:\Program Files\dotnet\packs\Microsoft.NETCore.App.Ref\10.0.1\ref\net10.0\System.Formats.Asn1.dll" /reference:"C:\Program Files\dotnet\packs\Microsoft.NETCore.App.Ref\10.0.1\ref\net10.0\System.Formats.Tar.dll" /reference:"C:\Program Files\dotnet\packs\Microsoft.NETCore.App.Ref\10.0.1\ref\net10.0\System.Globalization.Calendars.dll" /reference:"C:\Program Files\dotnet\packs\Microsoft.NETCore.App.Ref\10.0.1\ref\net10.0\System.Globalization.dll" /reference:"C:\Program Files\dotnet\packs\Microsoft.NETCore.App.Ref\10.0.1\ref\net10.0\System.Globalization.Extensions.dll" /reference:"C:\Program Files\dotnet\packs\Microsoft.NETCore.App.Ref\10.0.1\ref\net10.0\System.IO.Compression.Brotli.dll" /reference:"C:\Program Files\dotnet\packs\Microsoft.NETCore.App.Ref\10.0.1\ref\net10.0\System.IO.Compression.dll" /reference:"C:\Program Files\dotnet\packs\Microsoft.NETCore.App.Ref\10.0.1\ref\net10.0\System.IO.Compression.FileSystem.dll" /reference:"C:\Program Files\dotnet\packs\Microsoft.NETCore.App.Ref\10.0.1\ref\net10.0\System.IO.Compression.ZipFile.dll" /reference:"C:\Program Files\dotnet\packs\Microsoft.NETCore.App.Ref\10.0.1\ref\net10.0\System.IO.dll" /reference:"C:\Program Files\dotnet\packs\Microsoft.NETCore.App.Ref\10.0.1\ref\net10.0\System.IO.FileSystem.AccessControl.dll" /reference:"C:\Program Files\dotnet\packs\Microsoft.NETCore.App.Ref\10.0.1\ref\net10.0\System.IO.FileSystem.dll" /reference:"C:\Program Files\dotnet\packs\Microsoft.NETCore.App.Ref\10.0.1\ref\net10.0\System.IO.FileSystem.DriveInfo.dll" /reference:"C:\Program Files\dotnet\packs\Microsoft.NETCore.App.Ref\10.0.1\ref\net10.0\System.IO.FileSystem.Primitives.dll" /reference:"C:\Program Files\dotnet\packs\Microsoft.NETCore.App.Ref\10.0.1\ref\net10.0\System.IO.FileSystem.Watcher.dll" /reference:"C:\Program Files\dotnet\packs\Microsoft.NETCore.App.Ref\10.0.1\ref\net10.0\System.IO.IsolatedStorage.dll" /reference:"C:\Program Files\dotnet\packs\Microsoft.NETCore.App.Ref\10.0.1\ref\net10.0\System.IO.MemoryMappedFiles.dll" /reference:"C:\Program Files\dotnet\packs\Microsoft.NETCore.App.Ref\10.0.1\ref\net10.0\System.IO.Pipelines.dll" /reference:"C:\Program Files\dotnet\packs\Microsoft.NETCore.App.Ref\10.0.1\ref\net10.0\System.IO.Pipes.AccessControl.dll" /reference:"C:\Program Files\dotnet\packs\Microsoft.NETCore.App.Ref\10.0.1\ref\net10.0\System.IO.Pipes.dll" /reference:"C:\Program Files\dotnet\packs\Microsoft.NETCore.App.Ref\10.0.1\ref\net10.0\System.IO.UnmanagedMemoryStream.dll" /reference:"C:\Program Files\dotnet\packs\Microsoft.NETCore.App.Ref\10.0.1\ref\net10.0\System.Linq.AsyncEnumerable.dll" /reference:"C:\Program Files\dotnet\packs\Microsoft.NETCore.App.Ref\10.0.1\ref\net10.0\System.Linq.dll" /reference:"C:\Program Files\dotnet\packs\Microsoft.NETCore.App.Ref\10.0.1\ref\net10.0\System.Linq.Expressions.dll" /reference:"C:\Program Files\dotnet\packs\Microsoft.NETCore.App.Ref\10.0.1\ref\net10.0\System.Linq.Parallel.dll" /reference:"C:\Program Files\dotnet\packs\Microsoft.NETCore.App.Ref\10.0.1\ref\net10.0\System.Linq.Queryable.dll" /reference:"C:\Program Files\dotnet\packs\Microsoft.NETCore.App.Ref\10.0.1\ref\net10.0\System.Memory.dll" /reference:"C:\Program Files\dotnet\packs\Microsoft.NETCore.App.Ref\10.0.1\ref\net10.0\System.Net.dll" /reference:"C:\Program Files\dotnet\packs\Microsoft.NETCore.App.Ref\10.0.1\ref\net10.0\System.Net.Http.dll" /reference:"C:\Program Files\dotnet\packs\Microsoft.NETCore.App.Ref\10.0.1\ref\net10.0\System.Net.Http.Json.dll" /reference:"C:\Program Files\dotnet\packs\Microsoft.NETCore.App.Ref\10.0.1\ref\net10.0\System.Net.HttpListener.dll" /reference:"C:\Program Files\dotnet\packs\Microsoft.NETCore.App.Ref\10.0.1\ref\net10.0\System.Net.Mail.dll" /reference:"C:\Program Files\dotnet\packs\Microsoft.NETCore.App.Ref\10.0.1\ref\net10.0\System.Net.NameResolution.dll" /reference:"C:\Program Files\dotnet\packs\Microsoft.NETCore.App.Ref\10.0.1\ref\net10.0\System.Net.NetworkInformation.dll" /reference:"C:\Program Files\dotnet\packs\Microsoft.NETCore.App.Ref\10.0.1\ref\net10.0\System.Net.Ping.dll" /reference:"C:\Program Files\dotnet\packs\Microsoft.NETCore.App.Ref\10.0.1\ref\net10.0\System.Net.Primitives.dll" /reference:"C:\Program Files\dotnet\packs\Microsoft.NETCore.App.Ref\10.0.1\ref\net10.0\System.Net.Quic.dll" /reference:"C:\Program Files\dotnet\packs\Microsoft.NETCore.App.Ref\10.0.1\ref\net10.0\System.Net.Requests.dll" /reference:"C:\Program Files\dotnet\packs\Microsoft.NETCore.App.Ref\10.0.1\ref\net10.0\System.Net.Security.dll" /reference:"C:\Program Files\dotnet\packs\Microsoft.NETCore.App.Ref\10.0.1\ref\net10.0\System.Net.ServerSentEvents.dll" /reference:"C:\Program Files\dotnet\packs\Microsoft.NETCore.App.Ref\10.0.1\ref\net10.0\System.Net.ServicePoint.dll" /reference:"C:\Program Files\dotnet\packs\Microsoft.NETCore.App.Ref\10.0.1\ref\net10.0\System.Net.Sockets.dll" /reference:"C:\Program Files\dotnet\packs\Microsoft.NETCore.App.Ref\10.0.1\ref\net10.0\System.Net.WebClient.dll" /reference:"C:\Program Files\dotnet\packs\Microsoft.NETCore.App.Ref\10.0.1\ref\net10.0\System.Net.WebHeaderCollection.dll" /reference:"C:\Program Files\dotnet\packs\Microsoft.NETCore.App.Ref\10.0.1\ref\net10.0\System.Net.WebProxy.dll" /reference:"C:\Program Files\dotnet\packs\Microsoft.NETCore.App.Ref\10.0.1\ref\net10.0\System.Net.WebSockets.Client.dll" /reference:"C:\Program Files\dotnet\packs\Microsoft.NETCore.App.Ref\10.0.1\ref\net10.0\System.Net.WebSockets.dll" /reference:"C:\Program Files\dotnet\packs\Microsoft.NETCore.App.Ref\10.0.1\ref\net10.0\System.Numerics.dll" /reference:"C:\Program Files\dotnet\packs\Microsoft.NETCore.App.Ref\10.0.1\ref\net10.0\System.Numerics.Vectors.dll" /reference:"C:\Program Files\dotnet\packs\Microsoft.NETCore.App.Ref\10.0.1\ref\net10.0\System.ObjectModel.dll" /reference:"C:\Program Files\dotnet\packs\Microsoft.NETCore.App.Ref\10.0.1\ref\net10.0\System.Reflection.DispatchProxy.dll" /reference:"C:\Program Files\dotnet\packs\Microsoft.NETCore.App.Ref\10.0.1\ref\net10.0\System.Reflection.dll" /reference:"C:\Program Files\dotnet\packs\Microsoft.NETCore.App.Ref\10.0.1\ref\net10.0\System.Reflection.Emit.dll" /reference:"C:\Program Files\dotnet\packs\Microsoft.NETCore.App.Ref\10.0.1\ref\net10.0\System.Reflection.Emit.ILGeneration.dll" /reference:"C:\Program Files\dotnet\packs\Microsoft.NETCore.App.Ref\10.0.1\ref\net10.0\System.Reflection.Emit.Lightweight.dll" /reference:"C:\Program Files\dotnet\packs\Microsoft.NETCore.App.Ref\10.0.1\ref\net10.0\System.Reflection.Extensions.dll" /reference:"C:\Program Files\dotnet\packs\Microsoft.NETCore.App.Ref\10.0.1\ref\net10.0\System.Reflection.Metadata.dll" /reference:"C:\Program Files\dotnet\packs\Microsoft.NETCore.App.Ref\10.0.1\ref\net10.0\System.Reflection.Primitives.dll" /reference:"C:\Program Files\dotnet\packs\Microsoft.NETCore.App.Ref\10.0.1\ref\net10.0\System.Reflection.TypeExtensions.dll" /reference:"C:\Program Files\dotnet\packs\Microsoft.NETCore.App.Ref\10.0.1\ref\net10.0\System.Resources.Reader.dll" /reference:"C:\Program Files\dotnet\packs\Microsoft.NETCore.App.Ref\10.0.1\ref\net10.0\System.Resources.ResourceManager.dll" /reference:"C:\Program Files\dotnet\packs\Microsoft.NETCore.App.Ref\10.0.1\ref\net10.0\System.Resources.Writer.dll" /reference:"C:\Program Files\dotnet\packs\Microsoft.NETCore.App.Ref\10.0.1\ref\net10.0\System.Runtime.CompilerServices.Unsafe.dll" /reference:"C:\Program Files\dotnet\packs\Microsoft.NETCore.App.Ref\10.0.1\ref\net10.0\System.Runtime.CompilerServices.VisualC.dll" /reference:"C:\Program Files\dotnet\packs\Microsoft.NETCore.App.Ref\10.0.1\ref\net10.0\System.Runtime.dll" /reference:"C:\Program Files\dotnet\packs\Microsoft.NETCore.App.Ref\10.0.1\ref\net10.0\System.Runtime.Extensions.dll" /reference:"C:\Program Files\dotnet\packs\Microsoft.NETCore.App.Ref\10.0.1\ref\net10.0\System.Runtime.Handles.dll" /reference:"C:\Program Files\dotnet\packs\Microsoft.NETCore.App.Ref\10.0.1\ref\net10.0\System.Runtime.InteropServices.dll" /reference:"C:\Program Files\dotnet\packs\Microsoft.NETCore.App.Ref\10.0.1\ref\net10.0\System.Runtime.InteropServices.JavaScript.dll" /reference:"C:\Program Files\dotnet\packs\Microsoft.NETCore.App.Ref\10.0.1\ref\net10.0\System.Runtime.InteropServices.RuntimeInformation.dll" /reference:"C:\Program Files\dotnet\packs\Microsoft.NETCore.App.Ref\10.0.1\ref\net10.0\System.Runtime.Intrinsics.dll" /reference:"C:\Program Files\dotnet\packs\Microsoft.NETCore.App.Ref\10.0.1\ref\net10.0\System.Runtime.Loader.dll" /reference:"C:\Program Files\dotnet\packs\Microsoft.NETCore.App.Ref\10.0.1\ref\net10.0\System.Runtime.Numerics.dll" /reference:"C:\Program Files\dotnet\packs\Microsoft.NETCore.App.Ref\10.0.1\ref\net10.0\System.Runtime.Serialization.dll" /reference:"C:\Program Files\dotnet\packs\Microsoft.NETCore.App.Ref\10.0.1\ref\net10.0\System.Runtime.Serialization.Formatters.dll" /reference:"C:\Program Files\dotnet\packs\Microsoft.NETCore.App.Ref\10.0.1\ref\net10.0\System.Runtime.Serialization.Json.dll" /reference:"C:\Program Files\dotnet\packs\Microsoft.NETCore.App.Ref\10.0.1\ref\net10.0\System.Runtime.Serialization.Primitives.dll" /reference:"C:\Program Files\dotnet\packs\Microsoft.NETCore.App.Ref\10.0.1\ref\net10.0\System.Runtime.Serialization.Xml.dll" /reference:"C:\Program Files\dotnet\packs\Microsoft.NETCore.App.Ref\10.0.1\ref\net10.0\System.Security.AccessControl.dll" /reference:"C:\Program Files\dotnet\packs\Microsoft.NETCore.App.Ref\10.0.1\ref\net10.0\System.Security.Claims.dll" /reference:"C:\Program Files\dotnet\packs\Microsoft.NETCore.App.Ref\10.0.1\ref\net10.0\System.Security.Cryptography.Algorithms.dll" /reference:"C:\Program Files\dotnet\packs\Microsoft.NETCore.App.Ref\10.0.1\ref\net10.0\System.Security.Cryptography.Cng.dll" /reference:"C:\Program Files\dotnet\packs\Microsoft.NETCore.App.Ref\10.0.1\ref\net10.0\System.Security.Cryptography.Csp.dll" /reference:"C:\Program Files\dotnet\packs\Microsoft.NETCore.App.Ref\10.0.1\ref\net10.0\System.Security.Cryptography.dll" /reference:"C:\Program Files\dotnet\packs\Microsoft.NETCore.App.Ref\10.0.1\ref\net10.0\System.Security.Cryptography.Encoding.dll" /reference:"C:\Program Files\dotnet\packs\Microsoft.NETCore.App.Ref\10.0.1\ref\net10.0\System.Security.Cryptography.OpenSsl.dll" /reference:"C:\Program Files\dotnet\packs\Microsoft.NETCore.App.Ref\10.0.1\ref\net10.0\System.Security.Cryptography.Primitives.dll" /reference:"C:\Program Files\dotnet\packs\Microsoft.NETCore.App.Ref\10.0.1\ref\net10.0\System.Security.Cryptography.X509Certificates.dll" /reference:"C:\Program Files\dotnet\packs\Microsoft.NETCore.App.Ref\10.0.1\ref\net10.0\System.Security.dll" /reference:"C:\Program Files\dotnet\packs\Microsoft.NETCore.App.Ref\10.0.1\ref\net10.0\System.Security.Principal.dll" /reference:"C:\Program Files\dotnet\packs\Microsoft.NETCore.App.Ref\10.0.1\ref\net10.0\System.Security.Principal.Windows.dll" /reference:"C:\Program Files\dotnet\packs\Microsoft.NETCore.App.Ref\10.0.1\ref\net10.0\System.Security.SecureString.dll" /reference:"C:\Program Files\dotnet\packs\Microsoft.NETCore.App.Ref\10.0.1\ref\net10.0\System.ServiceModel.Web.dll" /reference:"C:\Program Files\dotnet\packs\Microsoft.NETCore.App.Ref\10.0.1\ref\net10.0\System.ServiceProcess.dll" /reference:"C:\Program Files\dotnet\packs\Microsoft.NETCore.App.Ref\10.0.1\ref\net10.0\System.Text.Encoding.CodePages.dll" /reference:"C:\Program Files\dotnet\packs\Microsoft.NETCore.App.Ref\10.0.1\ref\net10.0\System.Text.Encoding.dll" /reference:"C:\Program Files\dotnet\packs\Microsoft.NETCore.App.Ref\10.0.1\ref\net10.0\System.Text.Encoding.Extensions.dll" /reference:"C:\Program Files\dotnet\packs\Microsoft.NETCore.App.Ref\10.0.1\ref\net10.0\System.Text.Encodings.Web.dll" /reference:"C:\Program Files\dotnet\packs\Microsoft.NETCore.App.Ref\10.0.1\ref\net10.0\System.Text.Json.dll" /reference:"C:\Program Files\dotnet\packs\Microsoft.NETCore.App.Ref\10.0.1\ref\net10.0\System.Text.RegularExpressions.dll" /reference:"C:\Program Files\dotnet\packs\Microsoft.NETCore.App.Ref\10.0.1\ref\net10.0\System.Threading.AccessControl.dll" /reference:"C:\Program Files\dotnet\packs\Microsoft.NETCore.App.Ref\10.0.1\ref\net10.0\System.Threading.Channels.dll" /reference:"C:\Program Files\dotnet\packs\Microsoft.NETCore.App.Ref\10.0.1\ref\net10.0\System.Threading.dll" /reference:"C:\Program Files\dotnet\packs\Microsoft.NETCore.App.Ref\10.0.1\ref\net10.0\System.Threading.Overlapped.dll" /reference:"C:\Program Files\dotnet\packs\Microsoft.NETCore.App.Ref\10.0.1\ref\net10.0\System.Threading.Tasks.Dataflow.dll" /reference:"C:\Program Files\dotnet\packs\Microsoft.NETCore.App.Ref\10.0.1\ref\net10.0\System.Threading.Tasks.dll" /reference:"C:\Program Files\dotnet\packs\Microsoft.NETCore.App.Ref\10.0.1\ref\net10.0\System.Threading.Tasks.Extensions.dll" /reference:"C:\Program Files\dotnet\packs\Microsoft.NETCore.App.Ref\10.0.1\ref\net10.0\System.Threading.Tasks.Parallel.dll" /reference:"C:\Program Files\dotnet\packs\Microsoft.NETCore.App.Ref\10.0.1\ref\net10.0\System.Threading.Thread.dll" /reference:"C:\Program Files\dotnet\packs\Microsoft.NETCore.App.Ref\10.0.1\ref\net10.0\System.Threading.ThreadPool.dll" /reference:"C:\Program Files\dotnet\packs\Microsoft.NETCore.App.Ref\10.0.1\ref\net10.0\System.Threading.Timer.dll" /reference:"C:\Program Files\dotnet\packs\Microsoft.NETCore.App.Ref\10.0.1\ref\net10.0\System.Transactions.dll" /reference:"C:\Program Files\dotnet\packs\Microsoft.NETCore.App.Ref\10.0.1\ref\net10.0\System.Transactions.Local.dll" /reference:"C:\Program Files\dotnet\packs\Microsoft.NETCore.App.Ref\10.0.1\ref\net10.0\System.ValueTuple.dll" /reference:"C:\Program Files\dotnet\packs\Microsoft.NETCore.App.Ref\10.0.1\ref\net10.0\System.Web.dll" /reference:"C:\Program Files\dotnet\packs\Microsoft.NETCore.App.Ref\10.0.1\ref\net10.0\System.Web.HttpUtility.dll" /reference:"C:\Program Files\dotnet\packs\Microsoft.NETCore.App.Ref\10.0.1\ref\net10.0\System.Windows.dll" /reference:"C:\Program Files\dotnet\packs\Microsoft.NETCore.App.Ref\10.0.1\ref\net10.0\System.Xml.dll" /reference:"C:\Program Files\dotnet\packs\Microsoft.NETCore.App.Ref\10.0.1\ref\net10.0\System.Xml.Linq.dll" /reference:"C:\Program Files\dotnet\packs\Microsoft.NETCore.App.Ref\10.0.1\ref\net10.0\System.Xml.ReaderWriter.dll" /reference:"C:\Program Files\dotnet\packs\Microsoft.NETCore.App.Ref\10.0.1\ref\net10.0\System.Xml.Serialization.dll" /reference:"C:\Program Files\dotnet\packs\Microsoft.NETCore.App.Ref\10.0.1\ref\net10.0\System.Xml.XDocument.dll" /reference:"C:\Program Files\dotnet\packs\Microsoft.NETCore.App.Ref\10.0.1\ref\net10.0\System.Xml.XmlDocument.dll" /reference:"C:\Program Files\dotnet\packs\Microsoft.NETCore.App.Ref\10.0.1\ref\net10.0\System.Xml.XmlSerializer.dll" /reference:"C:\Program Files\dotnet\packs\Microsoft.NETCore.App.Ref\10.0.1\ref\net10.0\System.Xml.XPath.dll" /reference:"C:\Program Files\dotnet\packs\Microsoft.NETCore.App.Ref\10.0.1\ref\net10.0\System.Xml.XPath.XDocument.dll" /reference:"C:\Program Files\dotnet\packs\Microsoft.NETCore.App.Ref\10.0.1\ref\net10.0\WindowsBase.dll" /features:"InterceptorsNamespaces=;Microsoft.Extensions.Validation.Generated" /debug- /debug:portable /filealign:512 /optimize+ /out:obj\Release\net10.0\Maliev.IAMService.Data.dll /refout:obj\Release\net10.0\refint\Maliev.IAMService.Data.dll /target:library /warnaserror+ /utf8output /deterministic+ /sourcelink:obj\Release\net10.0\Maliev.IAMService.Data.sourcelink.json /langversion:14.0 /embed:obj\Release\net10.0\Maliev.IAMService.Data.GlobalUsings.g.cs /embed:"obj\Release\net10.0\.NETCoreApp,Version=v10.0.AssemblyAttributes.cs" /embed:obj\Release\net10.0\Maliev.IAMService.Data.AssemblyInfo.cs /analyzerconfig:obj\Release\net10.0\Maliev.IAMService.Data.GeneratedMSBuildEditorConfig.editorconfig /analyzerconfig:"C:\Program Files\dotnet\sdk\10.0.101\Sdks\Microsoft.NET.Sdk\analyzers\build\config\analysislevel_10_default.globalconfig" /analyzer:"C:\Program Files\dotnet\sdk\10.0.101\Sdks\Microsoft.NET.Sdk\targets\..\analyzers\Microsoft.CodeAnalysis.CSharp.NetAnalyzers.dll" /analyzer:"C:\Program Files\dotnet\sdk\10.0.101\Sdks\Microsoft.NET.Sdk\targets\..\analyzers\Microsoft.CodeAnalysis.NetAnalyzers.dll" /analyzer:C:\Users\natth\.nuget\packages\microsoft.codeanalysis.analyzers\3.11.0\analyzers\dotnet\cs\Microsoft.CodeAnalysis.Analyzers.dll /analyzer:C:\Users\natth\.nuget\packages\microsoft.codeanalysis.analyzers\3.11.0\analyzers\dotnet\cs\Microsoft.CodeAnalysis.CSharp.Analyzers.dll /analyzer:C:\Users\natth\.nuget\packages\microsoft.entityframeworkcore.analyzers\10.0.0\analyzers\dotnet\cs\Microsoft.EntityFrameworkCore.Analyzers.dll /analyzer:C:\Users\natth\.nuget\packages\microsoft.extensions.logging.abstractions\10.0.0\analyzers\dotnet\roslyn3.11\cs\Microsoft.Extensions.Logging.Generators.dll /analyzer:C:\Users\natth\.nuget\packages\microsoft.extensions.logging.abstractions\10.0.0\analyzers\dotnet\roslyn4.0\cs\Microsoft.Extensions.Logging.Generators.dll /analyzer:C:\Users\natth\.nuget\packages\microsoft.extensions.logging.abstractions\10.0.0\analyzers\dotnet\roslyn4.4\cs\Microsoft.Extensions.Logging.Generators.dll /analyzer:C:\Users\natth\.nuget\packages\microsoft.extensions.options\10.0.0\analyzers\dotnet\roslyn4.4\cs\Microsoft.Extensions.Options.SourceGeneration.dll /analyzer:"C:\Program Files\dotnet\packs\Microsoft.NETCore.App.Ref\10.0.1\analyzers/dotnet/cs/Microsoft.Interop.ComInterfaceGenerator.dll" /analyzer:"C:\Program Files\dotnet\packs\Microsoft.NETCore.App.Ref\10.0.1\analyzers/dotnet/cs/Microsoft.Interop.JavaScript.JSImportGenerator.dll" /analyzer:"C:\Program Files\dotnet\packs\Microsoft.NETCore.App.Ref\10.0.1\analyzers/dotnet/cs/Microsoft.Interop.LibraryImportGenerator.dll" /analyzer:"C:\Program Files\dotnet\packs\Microsoft.NETCore.App.Ref\10.0.1\analyzers/dotnet/cs/Microsoft.Interop.SourceGeneration.dll" /analyzer:"C:\Program Files\dotnet\packs\Microsoft.NETCore.App.Ref\10.0.1\analyzers/dotnet/cs/System.Text.Json.SourceGeneration.dll" /analyzer:"C:\Program Files\dotnet\packs\Microsoft.NETCore.App.Ref\10.0.1\analyzers/dotnet/cs/System.Text.RegularExpressions.Generator.dll" Configurations\SnakeCaseNamingExtensions.cs Entities\IAMAuditLog.cs Entities\Permission.cs Entities\Principal.cs Entities\PrincipalRoleBinding.cs Entities\Role.cs Entities\RolePermission.cs Entities\ServiceAccountApiKey.cs IAMDbContext.cs IAMDbContextFactory.cs Migrations\20251220003705_InitialCreate.cs Migrations\20251220003705_InitialCreate.Designer.cs Migrations\20251221131248_ConvertRoleIdsToGcpFormat.cs Migrations\20251221131248_ConvertRoleIdsToGcpFormat.Designer.cs Migrations\20251221163633_AddResourcePathToBindings.cs Migrations\20251221163633_AddResourcePathToBindings.Designer.cs Migrations\IAMDbContextModelSnapshot.cs Repositories\AuditRepository.cs Repositories\BindingRepository.cs Repositories\IAuditRepository.cs Repositories\IBindingRepository.cs Repositories\IPermissionRepository.cs Repositories\IPrincipalRepository.cs Repositories\IRoleRepository.cs Repositories\IServiceAccountApiKeyRepository.cs Repositories\PermissionRepository.cs Repositories\PrincipalRepository.cs Repositories\RoleRepository.cs Repositories\ServiceAccountApiKeyRepository.cs obj\Release\net10.0\Maliev.IAMService.Data.GlobalUsings.g.cs "obj\Release\net10.0\.NETCoreApp,Version=v10.0.AssemblyAttributes.cs" obj\Release\net10.0\Maliev.IAMService.Data.AssemblyInfo.cs /warnaserror+:NU1605,SYSLIB0011'
         Attempt to open named pipe 'ZGwNmUWA51NPPPrqGN4xIry+MnXTyvCLW3XiTwSunRY'
         Attempt to connect named pipe 'ZGwNmUWA51NPPPrqGN4xIry+MnXTyvCLW3XiTwSunRY'
         Named pipe 'ZGwNmUWA51NPPPrqGN4xIry+MnXTyvCLW3XiTwSunRY' connected
         Begin writing request for Maliev.IAMService.Data (net10.0)
         End writing request for Maliev.IAMService.Data (net10.0)
         Begin reading response for Maliev.IAMService.Data (net10.0)
         End reading response for Maliev.IAMService.Data (net10.0)
         CompilerServer: server - server processed compilation - Maliev.IAMService.Data (net10.0)
       _CopyOutOfDateSourceItemsToOutputDirectory:
       Skipping target "_CopyOutOfDateSourceItemsToOutputDirectory" because all output files are up-to-date with respect to the input files.
       GenerateBuildRuntimeConfigurationFiles:
       Skipping target "GenerateBuildRuntimeConfigurationFiles" because all output files are up-to-date with respect to the input files.
       CopyFilesToOutputDirectory:
         Copying file from "B:\maliev\Maliev.IAMService\Maliev.IAMService.Data\obj\Release\net10.0\Maliev.IAMService.Data.dll" to "B:\maliev\Maliev.IAMService\Maliev.IAMService.Data\bin\Release\net10.0\Maliev.IAMService.Data.dll".
         Copying reference assembly from "obj\Release\net10.0\refint\Maliev.IAMService.Data.dll" to "B:\maliev\Maliev.IAMService\Maliev.IAMService.Data\obj\Release\net10.0\ref\Maliev.IAMService.Data.dll".
         Maliev.IAMService.Data -> B:\maliev\Maliev.IAMService\Maliev.IAMService.Data\bin\Release\net10.0\Maliev.IAMService.Data.dll
         Copying file from "B:\maliev\Maliev.IAMService\Maliev.IAMService.Data\obj\Release\net10.0\Maliev.IAMService.Data.pdb" to "B:\maliev\Maliev.IAMService\Maliev.IAMService.Data\bin\Release\net10.0\Maliev.IAMService.Data.pdb".
         Copying file from "B:\maliev\Maliev.IAMService\Maliev.IAMService.Data\obj\Release\net10.0\Maliev.IAMService.Data.xml" to "B:\maliev\Maliev.IAMService\Maliev.IAMService.Data\bin\Release\net10.0\Maliev.IAMService.Data.xml".
     3>Done Building Project "B:\maliev\Maliev.IAMService\Maliev.IAMService.Data\Maliev.IAMService.Data.csproj" (default targets).
   5:7>Project "B:\maliev\Maliev.IAMService\Maliev.IAMService.Tests\Maliev.IAMService.Tests.csproj" (5:7) is building "B:\maliev\Maliev.IAMService\Maliev.IAMService.Api\Maliev.IAMService.Api.csproj" (2:9) on node 3 (default targets).
   2:9>Project "B:\maliev\Maliev.IAMService\Maliev.IAMService.Api\Maliev.IAMService.Api.csproj" (2:9) is building "B:\maliev\Maliev.Aspire\Maliev.Aspire.ServiceDefaults\Maliev.Aspire.ServiceDefaults.csproj" (6:12) on node 2 (default targets).
     6>GenerateTargetFrameworkMonikerAttribute:
       Skipping target "GenerateTargetFrameworkMonikerAttribute" because all output files are up-to-date with respect to the input files.
       CoreGenerateAssemblyInfo:
       Skipping target "CoreGenerateAssemblyInfo" because all output files are up-to-date with respect to the input files.
       _GenerateSourceLinkFile:
         Source Link file 'obj\Debug\net10.0\Maliev.Aspire.ServiceDefaults.sourcelink.json' is up-to-date.
       CoreCompile:
       Skipping target "CoreCompile" because all output files are up-to-date with respect to the input files.
       GenerateBuildDependencyFile:
       Skipping target "GenerateBuildDependencyFile" because all output files are up-to-date with respect to the input files.
       CopyFilesToOutputDirectory:
         Maliev.Aspire.ServiceDefaults -> B:\maliev\Maliev.Aspire\Maliev.Aspire.ServiceDefaults\bin\Debug\net10.0\Maliev.Aspire.ServiceDefaults.dll
     6>Done Building Project "B:\maliev\Maliev.Aspire\Maliev.Aspire.ServiceDefaults\Maliev.Aspire.ServiceDefaults.csproj" (default targets).
     2>GenerateTargetFrameworkMonikerAttribute:
       Skipping target "GenerateTargetFrameworkMonikerAttribute" because all output files are up-to-date with respect to the input files.
       _DiscoverMvcApplicationParts:
         Could not infer the type of parameter "_Parameter1" because the attribute type "Microsoft.AspNetCore.Mvc.ApplicationParts.ApplicationPartAttribute" is unknown. The value will be treated as a string.
         Could not infer the type of parameter "_Parameter1" because the attribute type "Microsoft.AspNetCore.Mvc.ApplicationParts.ApplicationPartAttribute" is unknown. The value will be treated as a string.
         Could not infer the type of parameter "_Parameter1" because the attribute type "Microsoft.AspNetCore.Mvc.ApplicationParts.ApplicationPartAttribute" is unknown. The value will be treated as a string.
         Could not infer the type of parameter "_Parameter1" because the attribute type "Microsoft.AspNetCore.Mvc.ApplicationParts.ApplicationPartAttribute" is unknown. The value will be treated as a string.
         Touching "obj\Release\net10.0\Maliev.IAMService.Api.MvcApplicationPartsAssemblyInfo.cache".
       _GenerateSourceLinkFile:
         Updating Source Link file 'obj\Release\net10.0\Maliev.IAMService.Api.sourcelink.json'.
       CoreCompile:
         Setting DOTNET_ROOT to 'C:\Program Files\dotnet'
         C:\Program Files\dotnet\sdk\10.0.101\Roslyn\bincore\csc.exe /noconfig /unsafe- /checked- /nowarn:1701,1702,1591,1701,1702 /fullpaths /nostdlib+ /errorreport:prompt /warn:10 /doc:obj\Release\net10.0\Maliev.IAMService.Api.xml /define:TRACE;RELEASE;NET;NET10_0;NETCOREAPP;NET5_0_OR_GREATER;NET6_0_OR_GREATER;NET7_0_OR_GREATER;NET8_0_OR_GREATER;NET9_0_OR_GREATER;NET10_0_OR_GREATER;NETCOREAPP1_0_OR_GREATER;NETCOREAPP1_1_OR_GREATER;NETCOREAPP2_0_OR_GREATER;NETCOREAPP2_1_OR_GREATER;NETCOREAPP2_2_OR_GREATER;NETCOREAPP3_0_OR_GREATER;NETCOREAPP3_1_OR_GREATER /highentropyva+ /nullable:enable /reference:C:\Users\natth\.nuget\packages\asp.versioning.abstractions\8.1.0\lib\net8.0\Asp.Versioning.Abstractions.dll /reference:C:\Users\natth\.nuget\packages\asp.versioning.http\8.1.0\lib\net8.0\Asp.Versioning.Http.dll /reference:C:\Users\natth\.nuget\packages\asp.versioning.mvc.apiexplorer\8.1.0\lib\net8.0\Asp.Versioning.Mvc.ApiExplorer.dll /reference:C:\Users\natth\.nuget\packages\asp.versioning.mvc\8.1.0\lib\net8.0\Asp.Versioning.Mvc.dll /reference:C:\Users\natth\.nuget\packages\aspnetcore.healthchecks.npgsql\9.0.0\lib\net8.0\HealthChecks.NpgSql.dll /reference:C:\Users\natth\.nuget\packages\aspnetcore.healthchecks.rabbitmq\9.0.0\lib\net8.0\HealthChecks.Rabbitmq.dll /reference:C:\Users\natth\.nuget\packages\aspnetcore.healthchecks.redis\9.0.0\lib\net8.0\HealthChecks.Redis.dll /reference:C:\Users\natth\.nuget\packages\aspnetcore.healthchecks.ui.client\9.0.0\lib\net8.0\HealthChecks.UI.Client.dll /reference:C:\Users\natth\.nuget\packages\aspnetcore.healthchecks.ui.core\9.0.0\lib\net8.0\HealthChecks.UI.Core.dll /reference:B:\maliev\Maliev.Aspire\Maliev.Aspire.ServiceDefaults\obj\Debug\net10.0\ref\Maliev.Aspire.ServiceDefaults.dll /reference:B:\maliev\Maliev.IAMService\Maliev.IAMService.Data\obj\Release\net10.0\ref\Maliev.IAMService.Data.dll /reference:C:\Users\natth\.nuget\packages\maliev.messagingcontracts\1.0.20\lib\net10.0\Maliev.MessagingContracts.dll /reference:C:\Users\natth\.nuget\packages\masstransit.abstractions\8.5.7\lib\net10.0\MassTransit.Abstractions.dll /reference:C:\Users\natth\.nuget\packages\masstransit\8.5.7\lib\net10.0\MassTransit.dll /reference:C:\Users\natth\.nuget\packages\masstransit.rabbitmq\8.5.7\lib\net10.0\MassTransit.RabbitMqTransport.dll /reference:"C:\Program Files\dotnet\packs\Microsoft.AspNetCore.App.Ref\10.0.1\ref\net10.0\Microsoft.AspNetCore.Antiforgery.dll" /reference:"C:\Program Files\dotnet\packs\Microsoft.AspNetCore.App.Ref\10.0.1\ref\net10.0\Microsoft.AspNetCore.Authentication.Abstractions.dll" /reference:"C:\Program Files\dotnet\packs\Microsoft.AspNetCore.App.Ref\10.0.1\ref\net10.0\Microsoft.AspNetCore.Authentication.BearerToken.dll" /reference:"C:\Program Files\dotnet\packs\Microsoft.AspNetCore.App.Ref\10.0.1\ref\net10.0\Microsoft.AspNetCore.Authentication.Cookies.dll" /reference:"C:\Program Files\dotnet\packs\Microsoft.AspNetCore.App.Ref\10.0.1\ref\net10.0\Microsoft.AspNetCore.Authentication.Core.dll" /reference:"C:\Program Files\dotnet\packs\Microsoft.AspNetCore.App.Ref\10.0.1\ref\net10.0\Microsoft.AspNetCore.Authentication.dll" /reference:C:\Users\natth\.nuget\packages\microsoft.aspnetcore.authentication.jwtbearer\10.0.1\lib\net10.0\Microsoft.AspNetCore.Authentication.JwtBearer.dll /reference:"C:\Program Files\dotnet\packs\Microsoft.AspNetCore.App.Ref\10.0.1\ref\net10.0\Microsoft.AspNetCore.Authentication.OAuth.dll" /reference:"C:\Program Files\dotnet\packs\Microsoft.AspNetCore.App.Ref\10.0.1\ref\net10.0\Microsoft.AspNetCore.Authorization.dll" /reference:"C:\Program Files\dotnet\packs\Microsoft.AspNetCore.App.Ref\10.0.1\ref\net10.0\Microsoft.AspNetCore.Authorization.Policy.dll" /reference:"C:\Program Files\dotnet\packs\Microsoft.AspNetCore.App.Ref\10.0.1\ref\net10.0\Microsoft.AspNetCore.Components.Authorization.dll" /reference:"C:\Program Files\dotnet\packs\Microsoft.AspNetCore.App.Ref\10.0.1\ref\net10.0\Microsoft.AspNetCore.Components.dll" /reference:"C:\Program Files\dotnet\packs\Microsoft.AspNetCore.App.Ref\10.0.1\ref\net10.0\Microsoft.AspNetCore.Components.Endpoints.dll" /reference:"C:\Program Files\dotnet\packs\Microsoft.AspNetCore.App.Ref\10.0.1\ref\net10.0\Microsoft.AspNetCore.Components.Forms.dll" /reference:"C:\Program Files\dotnet\packs\Microsoft.AspNetCore.App.Ref\10.0.1\ref\net10.0\Microsoft.AspNetCore.Components.Server.dll" /reference:"C:\Program Files\dotnet\packs\Microsoft.AspNetCore.App.Ref\10.0.1\ref\net10.0\Microsoft.AspNetCore.Components.Web.dll" /reference:"C:\Program Files\dotnet\packs\Microsoft.AspNetCore.App.Ref\10.0.1\ref\net10.0\Microsoft.AspNetCore.Connections.Abstractions.dll" /reference:"C:\Program Files\dotnet\packs\Microsoft.AspNetCore.App.Ref\10.0.1\ref\net10.0\Microsoft.AspNetCore.CookiePolicy.dll" /reference:"C:\Program Files\dotnet\packs\Microsoft.AspNetCore.App.Ref\10.0.1\ref\net10.0\Microsoft.AspNetCore.Cors.dll" /reference:"C:\Program Files\dotnet\packs\Microsoft.AspNetCore.App.Ref\10.0.1\ref\net10.0\Microsoft.AspNetCore.Cryptography.Internal.dll" /reference:"C:\Program Files\dotnet\packs\Microsoft.AspNetCore.App.Ref\10.0.1\ref\net10.0\Microsoft.AspNetCore.Cryptography.KeyDerivation.dll" /reference:"C:\Program Files\dotnet\packs\Microsoft.AspNetCore.App.Ref\10.0.1\ref\net10.0\Microsoft.AspNetCore.DataProtection.Abstractions.dll" /reference:"C:\Program Files\dotnet\packs\Microsoft.AspNetCore.App.Ref\10.0.1\ref\net10.0\Microsoft.AspNetCore.DataProtection.dll" /reference:"C:\Program Files\dotnet\packs\Microsoft.AspNetCore.App.Ref\10.0.1\ref\net10.0\Microsoft.AspNetCore.DataProtection.Extensions.dll" /reference:"C:\Program Files\dotnet\packs\Microsoft.AspNetCore.App.Ref\10.0.1\ref\net10.0\Microsoft.AspNetCore.Diagnostics.Abstractions.dll" /reference:"C:\Program Files\dotnet\packs\Microsoft.AspNetCore.App.Ref\10.0.1\ref\net10.0\Microsoft.AspNetCore.Diagnostics.dll" /reference:"C:\Program Files\dotnet\packs\Microsoft.AspNetCore.App.Ref\10.0.1\ref\net10.0\Microsoft.AspNetCore.Diagnostics.HealthChecks.dll" /reference:"C:\Program Files\dotnet\packs\Microsoft.AspNetCore.App.Ref\10.0.1\ref\net10.0\Microsoft.AspNetCore.dll" /reference:"C:\Program Files\dotnet\packs\Microsoft.AspNetCore.App.Ref\10.0.1\ref\net10.0\Microsoft.AspNetCore.HostFiltering.dll" /reference:"C:\Program Files\dotnet\packs\Microsoft.AspNetCore.App.Ref\10.0.1\ref\net10.0\Microsoft.AspNetCore.Hosting.Abstractions.dll" /reference:"C:\Program Files\dotnet\packs\Microsoft.AspNetCore.App.Ref\10.0.1\ref\net10.0\Microsoft.AspNetCore.Hosting.dll" /reference:"C:\Program Files\dotnet\packs\Microsoft.AspNetCore.App.Ref\10.0.1\ref\net10.0\Microsoft.AspNetCore.Hosting.Server.Abstractions.dll" /reference:"C:\Program Files\dotnet\packs\Microsoft.AspNetCore.App.Ref\10.0.1\ref\net10.0\Microsoft.AspNetCore.Html.Abstractions.dll" /reference:"C:\Program Files\dotnet\packs\Microsoft.AspNetCore.App.Ref\10.0.1\ref\net10.0\Microsoft.AspNetCore.Http.Abstractions.dll" /reference:"C:\Program Files\dotnet\packs\Microsoft.AspNetCore.App.Ref\10.0.1\ref\net10.0\Microsoft.AspNetCore.Http.Connections.Common.dll" /reference:"C:\Program Files\dotnet\packs\Microsoft.AspNetCore.App.Ref\10.0.1\ref\net10.0\Microsoft.AspNetCore.Http.Connections.dll" /reference:"C:\Program Files\dotnet\packs\Microsoft.AspNetCore.App.Ref\10.0.1\ref\net10.0\Microsoft.AspNetCore.Http.dll" /reference:"C:\Program Files\dotnet\packs\Microsoft.AspNetCore.App.Ref\10.0.1\ref\net10.0\Microsoft.AspNetCore.Http.Extensions.dll" /reference:"C:\Program Files\dotnet\packs\Microsoft.AspNetCore.App.Ref\10.0.1\ref\net10.0\Microsoft.AspNetCore.Http.Features.dll" /reference:"C:\Program Files\dotnet\packs\Microsoft.AspNetCore.App.Ref\10.0.1\ref\net10.0\Microsoft.AspNetCore.Http.Results.dll" /reference:"C:\Program Files\dotnet\packs\Microsoft.AspNetCore.App.Ref\10.0.1\ref\net10.0\Microsoft.AspNetCore.HttpLogging.dll" /reference:"C:\Program Files\dotnet\packs\Microsoft.AspNetCore.App.Ref\10.0.1\ref\net10.0\Microsoft.AspNetCore.HttpOverrides.dll" /reference:"C:\Program Files\dotnet\packs\Microsoft.AspNetCore.App.Ref\10.0.1\ref\net10.0\Microsoft.AspNetCore.HttpsPolicy.dll" /reference:"C:\Program Files\dotnet\packs\Microsoft.AspNetCore.App.Ref\10.0.1\ref\net10.0\Microsoft.AspNetCore.Identity.dll" /reference:"C:\Program Files\dotnet\packs\Microsoft.AspNetCore.App.Ref\10.0.1\ref\net10.0\Microsoft.AspNetCore.Localization.dll" /reference:"C:\Program Files\dotnet\packs\Microsoft.AspNetCore.App.Ref\10.0.1\ref\net10.0\Microsoft.AspNetCore.Localization.Routing.dll" /reference:"C:\Program Files\dotnet\packs\Microsoft.AspNetCore.App.Ref\10.0.1\ref\net10.0\Microsoft.AspNetCore.Metadata.dll" /reference:"C:\Program Files\dotnet\packs\Microsoft.AspNetCore.App.Ref\10.0.1\ref\net10.0\Microsoft.AspNetCore.Mvc.Abstractions.dll" /reference:"C:\Program Files\dotnet\packs\Microsoft.AspNetCore.App.Ref\10.0.1\ref\net10.0\Microsoft.AspNetCore.Mvc.ApiExplorer.dll" /reference:"C:\Program Files\dotnet\packs\Microsoft.AspNetCore.App.Ref\10.0.1\ref\net10.0\Microsoft.AspNetCore.Mvc.Core.dll" /reference:"C:\Program Files\dotnet\packs\Microsoft.AspNetCore.App.Ref\10.0.1\ref\net10.0\Microsoft.AspNetCore.Mvc.Cors.dll" /reference:"C:\Program Files\dotnet\packs\Microsoft.AspNetCore.App.Ref\10.0.1\ref\net10.0\Microsoft.AspNetCore.Mvc.DataAnnotations.dll" /reference:"C:\Program Files\dotnet\packs\Microsoft.AspNetCore.App.Ref\10.0.1\ref\net10.0\Microsoft.AspNetCore.Mvc.dll" /reference:"C:\Program Files\dotnet\packs\Microsoft.AspNetCore.App.Ref\10.0.1\ref\net10.0\Microsoft.AspNetCore.Mvc.Formatters.Json.dll" /reference:"C:\Program Files\dotnet\packs\Microsoft.AspNetCore.App.Ref\10.0.1\ref\net10.0\Microsoft.AspNetCore.Mvc.Formatters.Xml.dll" /reference:"C:\Program Files\dotnet\packs\Microsoft.AspNetCore.App.Ref\10.0.1\ref\net10.0\Microsoft.AspNetCore.Mvc.Localization.dll" /reference:"C:\Program Files\dotnet\packs\Microsoft.AspNetCore.App.Ref\10.0.1\ref\net10.0\Microsoft.AspNetCore.Mvc.Razor.dll" /reference:"C:\Program Files\dotnet\packs\Microsoft.AspNetCore.App.Ref\10.0.1\ref\net10.0\Microsoft.AspNetCore.Mvc.RazorPages.dll" /reference:"C:\Program Files\dotnet\packs\Microsoft.AspNetCore.App.Ref\10.0.1\ref\net10.0\Microsoft.AspNetCore.Mvc.TagHelpers.dll" /reference:"C:\Program Files\dotnet\packs\Microsoft.AspNetCore.App.Ref\10.0.1\ref\net10.0\Microsoft.AspNetCore.Mvc.ViewFeatures.dll" /reference:C:\Users\natth\.nuget\packages\microsoft.aspnetcore.openapi\10.0.1\lib\net10.0\Microsoft.AspNetCore.OpenApi.dll /reference:"C:\Program Files\dotnet\packs\Microsoft.AspNetCore.App.Ref\10.0.1\ref\net10.0\Microsoft.AspNetCore.OutputCaching.dll" /reference:"C:\Program Files\dotnet\packs\Microsoft.AspNetCore.App.Ref\10.0.1\ref\net10.0\Microsoft.AspNetCore.RateLimiting.dll" /reference:"C:\Program Files\dotnet\packs\Microsoft.AspNetCore.App.Ref\10.0.1\ref\net10.0\Microsoft.AspNetCore.Razor.dll" /reference:"C:\Program Files\dotnet\packs\Microsoft.AspNetCore.App.Ref\10.0.1\ref\net10.0\Microsoft.AspNetCore.Razor.Runtime.dll" /reference:"C:\Program Files\dotnet\packs\Microsoft.AspNetCore.App.Ref\10.0.1\ref\net10.0\Microsoft.AspNetCore.RequestDecompression.dll" /reference:"C:\Program Files\dotnet\packs\Microsoft.AspNetCore.App.Ref\10.0.1\ref\net10.0\Microsoft.AspNetCore.ResponseCaching.Abstractions.dll" /reference:"C:\Program Files\dotnet\packs\Microsoft.AspNetCore.App.Ref\10.0.1\ref\net10.0\Microsoft.AspNetCore.ResponseCaching.dll" /reference:"C:\Program Files\dotnet\packs\Microsoft.AspNetCore.App.Ref\10.0.1\ref\net10.0\Microsoft.AspNetCore.ResponseCompression.dll" /reference:"C:\Program Files\dotnet\packs\Microsoft.AspNetCore.App.Ref\10.0.1\ref\net10.0\Microsoft.AspNetCore.Rewrite.dll" /reference:"C:\Program Files\dotnet\packs\Microsoft.AspNetCore.App.Ref\10.0.1\ref\net10.0\Microsoft.AspNetCore.Routing.Abstractions.dll" /reference:"C:\Program Files\dotnet\packs\Microsoft.AspNetCore.App.Ref\10.0.1\ref\net10.0\Microsoft.AspNetCore.Routing.dll" /reference:"C:\Program Files\dotnet\packs\Microsoft.AspNetCore.App.Ref\10.0.1\ref\net10.0\Microsoft.AspNetCore.Server.HttpSys.dll" /reference:"C:\Program Files\dotnet\packs\Microsoft.AspNetCore.App.Ref\10.0.1\ref\net10.0\Microsoft.AspNetCore.Server.IIS.dll" /reference:"C:\Program Files\dotnet\packs\Microsoft.AspNetCore.App.Ref\10.0.1\ref\net10.0\Microsoft.AspNetCore.Server.IISIntegration.dll" /reference:"C:\Program Files\dotnet\packs\Microsoft.AspNetCore.App.Ref\10.0.1\ref\net10.0\Microsoft.AspNetCore.Server.Kestrel.Core.dll" /reference:"C:\Program Files\dotnet\packs\Microsoft.AspNetCore.App.Ref\10.0.1\ref\net10.0\Microsoft.AspNetCore.Server.Kestrel.dll" /reference:"C:\Program Files\dotnet\packs\Microsoft.AspNetCore.App.Ref\10.0.1\ref\net10.0\Microsoft.AspNetCore.Server.Kestrel.Transport.NamedPipes.dll" /reference:"C:\Program Files\dotnet\packs\Microsoft.AspNetCore.App.Ref\10.0.1\ref\net10.0\Microsoft.AspNetCore.Server.Kestrel.Transport.Quic.dll" /reference:"C:\Program Files\dotnet\packs\Microsoft.AspNetCore.App.Ref\10.0.1\ref\net10.0\Microsoft.AspNetCore.Server.Kestrel.Transport.Sockets.dll" /reference:"C:\Program Files\dotnet\packs\Microsoft.AspNetCore.App.Ref\10.0.1\ref\net10.0\Microsoft.AspNetCore.Session.dll" /reference:"C:\Program Files\dotnet\packs\Microsoft.AspNetCore.App.Ref\10.0.1\ref\net10.0\Microsoft.AspNetCore.SignalR.Common.dll" /reference:"C:\Program Files\dotnet\packs\Microsoft.AspNetCore.App.Ref\10.0.1\ref\net10.0\Microsoft.AspNetCore.SignalR.Core.dll" /reference:"C:\Program Files\dotnet\packs\Microsoft.AspNetCore.App.Ref\10.0.1\ref\net10.0\Microsoft.AspNetCore.SignalR.dll" /reference:"C:\Program Files\dotnet\packs\Microsoft.AspNetCore.App.Ref\10.0.1\ref\net10.0\Microsoft.AspNetCore.SignalR.Protocols.Json.dll" /reference:"C:\Program Files\dotnet\packs\Microsoft.AspNetCore.App.Ref\10.0.1\ref\net10.0\Microsoft.AspNetCore.StaticAssets.dll" /reference:"C:\Program Files\dotnet\packs\Microsoft.AspNetCore.App.Ref\10.0.1\ref\net10.0\Microsoft.AspNetCore.StaticFiles.dll" /reference:"C:\Program Files\dotnet\packs\Microsoft.AspNetCore.App.Ref\10.0.1\ref\net10.0\Microsoft.AspNetCore.WebSockets.dll" /reference:"C:\Program Files\dotnet\packs\Microsoft.AspNetCore.App.Ref\10.0.1\ref\net10.0\Microsoft.AspNetCore.WebUtilities.dll" /reference:"C:\Program Files\dotnet\packs\Microsoft.NETCore.App.Ref\10.0.1\ref\net10.0\Microsoft.CSharp.dll" /reference:C:\Users\natth\.nuget\packages\microsoft.entityframeworkcore.abstractions\10.0.1\lib\net10.0\Microsoft.EntityFrameworkCore.Abstractions.dll /reference:C:\Users\natth\.nuget\packages\microsoft.entityframeworkcore\10.0.1\lib\net10.0\Microsoft.EntityFrameworkCore.dll /reference:C:\Users\natth\.nuget\packages\microsoft.entityframeworkcore.relational\10.0.1\lib\net10.0\Microsoft.EntityFrameworkCore.Relational.dll /reference:C:\Users\natth\.nuget\packages\microsoft.extensions.ambientmetadata.application\10.1.0\lib\net10.0\Microsoft.Extensions.AmbientMetadata.Application.dll /reference:"C:\Program Files\dotnet\packs\Microsoft.AspNetCore.App.Ref\10.0.1\ref\net10.0\Microsoft.Extensions.Caching.Abstractions.dll" /reference:"C:\Program Files\dotnet\packs\Microsoft.AspNetCore.App.Ref\10.0.1\ref\net10.0\Microsoft.Extensions.Caching.Memory.dll" /reference:C:\Users\natth\.nuget\packages\microsoft.extensions.caching.stackexchangeredis\10.0.1\lib\net10.0\Microsoft.Extensions.Caching.StackExchangeRedis.dll /reference:C:\Users\natth\.nuget\packages\microsoft.extensions.compliance.abstractions\10.1.0\lib\net10.0\Microsoft.Extensions.Compliance.Abstractions.dll /reference:"C:\Program Files\dotnet\packs\Microsoft.AspNetCore.App.Ref\10.0.1\ref\net10.0\Microsoft.Extensions.Configuration.Abstractions.dll" /reference:"C:\Program Files\dotnet\packs\Microsoft.AspNetCore.App.Ref\10.0.1\ref\net10.0\Microsoft.Extensions.Configuration.Binder.dll" /reference:"C:\Program Files\dotnet\packs\Microsoft.AspNetCore.App.Ref\10.0.1\ref\net10.0\Microsoft.Extensions.Configuration.CommandLine.dll" /reference:"C:\Program Files\dotnet\packs\Microsoft.AspNetCore.App.Ref\10.0.1\ref\net10.0\Microsoft.Extensions.Configuration.dll" /reference:"C:\Program Files\dotnet\packs\Microsoft.AspNetCore.App.Ref\10.0.1\ref\net10.0\Microsoft.Extensions.Configuration.EnvironmentVariables.dll" /reference:"C:\Program Files\dotnet\packs\Microsoft.AspNetCore.App.Ref\10.0.1\ref\net10.0\Microsoft.Extensions.Configuration.FileExtensions.dll" /reference:"C:\Program Files\dotnet\packs\Microsoft.AspNetCore.App.Ref\10.0.1\ref\net10.0\Microsoft.Extensions.Configuration.Ini.dll" /reference:"C:\Program Files\dotnet\packs\Microsoft.AspNetCore.App.Ref\10.0.1\ref\net10.0\Microsoft.Extensions.Configuration.Json.dll" /reference:"C:\Program Files\dotnet\packs\Microsoft.AspNetCore.App.Ref\10.0.1\ref\net10.0\Microsoft.Extensions.Configuration.KeyPerFile.dll" /reference:"C:\Program Files\dotnet\packs\Microsoft.AspNetCore.App.Ref\10.0.1\ref\net10.0\Microsoft.Extensions.Configuration.UserSecrets.dll" /reference:"C:\Program Files\dotnet\packs\Microsoft.AspNetCore.App.Ref\10.0.1\ref\net10.0\Microsoft.Extensions.Configuration.Xml.dll" /reference:"C:\Program Files\dotnet\packs\Microsoft.AspNetCore.App.Ref\10.0.1\ref\net10.0\Microsoft.Extensions.DependencyInjection.Abstractions.dll" /reference:C:\Users\natth\.nuget\packages\microsoft.extensions.dependencyinjection.autoactivation\10.1.0\lib\net10.0\Microsoft.Extensions.DependencyInjection.AutoActivation.dll /reference:"C:\Program Files\dotnet\packs\Microsoft.AspNetCore.App.Ref\10.0.1\ref\net10.0\Microsoft.Extensions.DependencyInjection.dll" /reference:"C:\Program Files\dotnet\packs\Microsoft.AspNetCore.App.Ref\10.0.1\ref\net10.0\Microsoft.Extensions.Diagnostics.Abstractions.dll" /reference:"C:\Program Files\dotnet\packs\Microsoft.AspNetCore.App.Ref\10.0.1\ref\net10.0\Microsoft.Extensions.Diagnostics.dll" /reference:C:\Users\natth\.nuget\packages\microsoft.extensions.diagnostics.exceptionsummarization\10.1.0\lib\net10.0\Microsoft.Extensions.Diagnostics.ExceptionSummarization.dll /reference:"C:\Program Files\dotnet\packs\Microsoft.AspNetCore.App.Ref\10.0.1\ref\net10.0\Microsoft.Extensions.Diagnostics.HealthChecks.Abstractions.dll" /reference:"C:\Program Files\dotnet\packs\Microsoft.AspNetCore.App.Ref\10.0.1\ref\net10.0\Microsoft.Extensions.Diagnostics.HealthChecks.dll" /reference:C:\Users\natth\.nuget\packages\microsoft.extensions.diagnostics.healthchecks.entityframeworkcore\10.0.1\lib\net10.0\Microsoft.Extensions.Diagnostics.HealthChecks.EntityFrameworkCore.dll /reference:"C:\Program Files\dotnet\packs\Microsoft.AspNetCore.App.Ref\10.0.1\ref\net10.0\Microsoft.Extensions.Features.dll" /reference:"C:\Program Files\dotnet\packs\Microsoft.AspNetCore.App.Ref\10.0.1\ref\net10.0\Microsoft.Extensions.FileProviders.Abstractions.dll" /reference:"C:\Program Files\dotnet\packs\Microsoft.AspNetCore.App.Ref\10.0.1\ref\net10.0\Microsoft.Extensions.FileProviders.Composite.dll" /reference:"C:\Program Files\dotnet\packs\Microsoft.AspNetCore.App.Ref\10.0.1\ref\net10.0\Microsoft.Extensions.FileProviders.Embedded.dll" /reference:"C:\Program Files\dotnet\packs\Microsoft.AspNetCore.App.Ref\10.0.1\ref\net10.0\Microsoft.Extensions.FileProviders.Physical.dll" /reference:"C:\Program Files\dotnet\packs\Microsoft.AspNetCore.App.Ref\10.0.1\ref\net10.0\Microsoft.Extensions.FileSystemGlobbing.dll" /reference:"C:\Program Files\dotnet\packs\Microsoft.AspNetCore.App.Ref\10.0.1\ref\net10.0\Microsoft.Extensions.Hosting.Abstractions.dll" /reference:"C:\Program Files\dotnet\packs\Microsoft.AspNetCore.App.Ref\10.0.1\ref\net10.0\Microsoft.Extensions.Hosting.dll" /reference:C:\Users\natth\.nuget\packages\microsoft.extensions.http.diagnostics\10.1.0\lib\net10.0\Microsoft.Extensions.Http.Diagnostics.dll /reference:"C:\Program Files\dotnet\packs\Microsoft.AspNetCore.App.Ref\10.0.1\ref\net10.0\Microsoft.Extensions.Http.dll" /reference:C:\Users\natth\.nuget\packages\microsoft.extensions.http.resilience\10.1.0\lib\net10.0\Microsoft.Extensions.Http.Resilience.dll /reference:"C:\Program Files\dotnet\packs\Microsoft.AspNetCore.App.Ref\10.0.1\ref\net10.0\Microsoft.Extensions.Identity.Core.dll" /reference:"C:\Program Files\dotnet\packs\Microsoft.AspNetCore.App.Ref\10.0.1\ref\net10.0\Microsoft.Extensions.Identity.Stores.dll" /reference:"C:\Program Files\dotnet\packs\Microsoft.AspNetCore.App.Ref\10.0.1\ref\net10.0\Microsoft.Extensions.Localization.Abstractions.dll" /reference:"C:\Program Files\dotnet\packs\Microsoft.AspNetCore.App.Ref\10.0.1\ref\net10.0\Microsoft.Extensions.Localization.dll" /reference:"C:\Program Files\dotnet\packs\Microsoft.AspNetCore.App.Ref\10.0.1\ref\net10.0\Microsoft.Extensions.Logging.Abstractions.dll" /reference:"C:\Program Files\dotnet\packs\Microsoft.AspNetCore.App.Ref\10.0.1\ref\net10.0\Microsoft.Extensions.Logging.Configuration.dll" /reference:"C:\Program Files\dotnet\packs\Microsoft.AspNetCore.App.Ref\10.0.1\ref\net10.0\Microsoft.Extensions.Logging.Console.dll" /reference:"C:\Program Files\dotnet\packs\Microsoft.AspNetCore.App.Ref\10.0.1\ref\net10.0\Microsoft.Extensions.Logging.Debug.dll" /reference:"C:\Program Files\dotnet\packs\Microsoft.AspNetCore.App.Ref\10.0.1\ref\net10.0\Microsoft.Extensions.Logging.dll" /reference:"C:\Program Files\dotnet\packs\Microsoft.AspNetCore.App.Ref\10.0.1\ref\net10.0\Microsoft.Extensions.Logging.EventLog.dll" /reference:"C:\Program Files\dotnet\packs\Microsoft.AspNetCore.App.Ref\10.0.1\ref\net10.0\Microsoft.Extensions.Logging.EventSource.dll" /reference:"C:\Program Files\dotnet\packs\Microsoft.AspNetCore.App.Ref\10.0.1\ref\net10.0\Microsoft.Extensions.Logging.TraceSource.dll" /reference:"C:\Program Files\dotnet\packs\Microsoft.AspNetCore.App.Ref\10.0.1\ref\net10.0\Microsoft.Extensions.ObjectPool.dll" /reference:"C:\Program Files\dotnet\packs\Microsoft.AspNetCore.App.Ref\10.0.1\ref\net10.0\Microsoft.Extensions.Options.ConfigurationExtensions.dll" /reference:"C:\Program Files\dotnet\packs\Microsoft.AspNetCore.App.Ref\10.0.1\ref\net10.0\Microsoft.Extensions.Options.DataAnnotations.dll" /reference:"C:\Program Files\dotnet\packs\Microsoft.AspNetCore.App.Ref\10.0.1\ref\net10.0\Microsoft.Extensions.Options.dll" /reference:"C:\Program Files\dotnet\packs\Microsoft.AspNetCore.App.Ref\10.0.1\ref\net10.0\Microsoft.Extensions.Primitives.dll" /reference:C:\Users\natth\.nuget\packages\microsoft.extensions.resilience\10.1.0\lib\net10.0\Microsoft.Extensions.Resilience.dll /reference:C:\Users\natth\.nuget\packages\microsoft.extensions.servicediscovery.abstractions\10.1.0\lib\net10.0\Microsoft.Extensions.ServiceDiscovery.Abstractions.dll /reference:C:\Users\natth\.nuget\packages\microsoft.extensions.servicediscovery\10.1.0\lib\net10.0\Microsoft.Extensions.ServiceDiscovery.dll /reference:C:\Users\natth\.nuget\packages\microsoft.extensions.telemetry.abstractions\10.1.0\lib\net10.0\Microsoft.Extensions.Telemetry.Abstractions.dll /reference:C:\Users\natth\.nuget\packages\microsoft.extensions.telemetry\10.1.0\lib\net10.0\Microsoft.Extensions.Telemetry.dll /reference:"C:\Program Files\dotnet\packs\Microsoft.AspNetCore.App.Ref\10.0.1\ref\net10.0\Microsoft.Extensions.Validation.dll" /reference:"C:\Program Files\dotnet\packs\Microsoft.AspNetCore.App.Ref\10.0.1\ref\net10.0\Microsoft.Extensions.WebEncoders.dll" /reference:C:\Users\natth\.nuget\packages\microsoft.identitymodel.abstractions\8.15.0\lib\net10.0\Microsoft.IdentityModel.Abstractions.dll /reference:C:\Users\natth\.nuget\packages\microsoft.identitymodel.jsonwebtokens\8.15.0\lib\net10.0\Microsoft.IdentityModel.JsonWebTokens.dll /reference:C:\Users\natth\.nuget\packages\microsoft.identitymodel.logging\8.15.0\lib\net10.0\Microsoft.IdentityModel.Logging.dll /reference:C:\Users\natth\.nuget\packages\microsoft.identitymodel.protocols\8.0.1\lib\net9.0\Microsoft.IdentityModel.Protocols.dll /reference:C:\Users\natth\.nuget\packages\microsoft.identitymodel.protocols.openidconnect\8.0.1\lib\net9.0\Microsoft.IdentityModel.Protocols.OpenIdConnect.dll /reference:C:\Users\natth\.nuget\packages\microsoft.identitymodel.tokens\8.15.0\lib\net10.0\Microsoft.IdentityModel.Tokens.dll /reference:"C:\Program Files\dotnet\packs\Microsoft.AspNetCore.App.Ref\10.0.1\ref\net10.0\Microsoft.JSInterop.dll" /reference:"C:\Program Files\dotnet\packs\Microsoft.AspNetCore.App.Ref\10.0.1\ref\net10.0\Microsoft.Net.Http.Headers.dll" /reference:C:\Users\natth\.nuget\packages\microsoft.openapi\2.0.0\lib\net8.0\Microsoft.OpenApi.dll /reference:"C:\Program Files\dotnet\packs\Microsoft.NETCore.App.Ref\10.0.1\ref\net10.0\Microsoft.VisualBasic.Core.dll" /reference:"C:\Program Files\dotnet\packs\Microsoft.NETCore.App.Ref\10.0.1\ref\net10.0\Microsoft.VisualBasic.dll" /reference:"C:\Program Files\dotnet\packs\Microsoft.NETCore.App.Ref\10.0.1\ref\net10.0\Microsoft.Win32.Primitives.dll" /reference:"C:\Program Files\dotnet\packs\Microsoft.NETCore.App.Ref\10.0.1\ref\net10.0\Microsoft.Win32.Registry.dll" /reference:"C:\Program Files\dotnet\packs\Microsoft.NETCore.App.Ref\10.0.1\ref\net10.0\mscorlib.dll" /reference:"C:\Program Files\dotnet\packs\Microsoft.NETCore.App.Ref\10.0.1\ref\net10.0\netstandard.dll" /reference:C:\Users\natth\.nuget\packages\npgsql\10.0.0\lib\net10.0\Npgsql.dll /reference:C:\Users\natth\.nuget\packages\npgsql.entityframeworkcore.postgresql\10.0.0\lib\net10.0\Npgsql.EntityFrameworkCore.PostgreSQL.dll /reference:C:\Users\natth\.nuget\packages\opentelemetry.api\1.14.0\lib\net10.0\OpenTelemetry.Api.dll /reference:C:\Users\natth\.nuget\packages\opentelemetry.api.providerbuilderextensions\1.14.0\lib\net10.0\OpenTelemetry.Api.ProviderBuilderExtensions.dll /reference:C:\Users\natth\.nuget\packages\opentelemetry\1.14.0\lib\net10.0\OpenTelemetry.dll /reference:C:\Users\natth\.nuget\packages\opentelemetry.exporter.opentelemetryprotocol\1.14.0\lib\net10.0\OpenTelemetry.Exporter.OpenTelemetryProtocol.dll /reference:C:\Users\natth\.nuget\packages\opentelemetry.exporter.prometheus.aspnetcore\1.14.0-beta.1\lib\net10.0\OpenTelemetry.Exporter.Prometheus.AspNetCore.dll /reference:C:\Users\natth\.nuget\packages\opentelemetry.extensions.hosting\1.14.0\lib\net10.0\OpenTelemetry.Extensions.Hosting.dll /reference:C:\Users\natth\.nuget\packages\opentelemetry.instrumentation.aspnetcore\1.14.0\lib\net10.0\OpenTelemetry.Instrumentation.AspNetCore.dll /reference:C:\Users\natth\.nuget\packages\opentelemetry.instrumentation.http\1.14.0\lib\net10.0\OpenTelemetry.Instrumentation.Http.dll /reference:C:\Users\natth\.nuget\packages\opentelemetry.instrumentation.runtime\1.14.0\lib\net10.0\OpenTelemetry.Instrumentation.Runtime.dll /reference:C:\Users\natth\.nuget\packages\pipelines.sockets.unofficial\2.2.8\lib\net5.0\Pipelines.Sockets.Unofficial.dll /reference:C:\Users\natth\.nuget\packages\polly.core\8.4.2\lib\net8.0\Polly.Core.dll /reference:C:\Users\natth\.nuget\packages\polly.extensions\8.4.2\lib\net8.0\Polly.Extensions.dll /reference:C:\Users\natth\.nuget\packages\polly.ratelimiting\8.4.2\lib\net8.0\Polly.RateLimiting.dll /reference:C:\Users\natth\.nuget\packages\rabbitmq.client\7.2.0\lib\net8.0\RabbitMQ.Client.dll /reference:C:\Users\natth\.nuget\packages\scalar.aspnetcore\2.11.10\lib\net10.0\Scalar.AspNetCore.dll /reference:C:\Users\natth\.nuget\packages\stackexchange.redis\2.10.1\lib\net8.0\StackExchange.Redis.dll /reference:"C:\Program Files\dotnet\packs\Microsoft.NETCore.App.Ref\10.0.1\ref\net10.0\System.AppContext.dll" /reference:"C:\Program Files\dotnet\packs\Microsoft.NETCore.App.Ref\10.0.1\ref\net10.0\System.Buffers.dll" /reference:"C:\Program Files\dotnet\packs\Microsoft.NETCore.App.Ref\10.0.1\ref\net10.0\System.Collections.Concurrent.dll" /reference:"C:\Program Files\dotnet\packs\Microsoft.NETCore.App.Ref\10.0.1\ref\net10.0\System.Collections.dll" /reference:"C:\Program Files\dotnet\packs\Microsoft.NETCore.App.Ref\10.0.1\ref\net10.0\System.Collections.Immutable.dll" /reference:"C:\Program Files\dotnet\packs\Microsoft.NETCore.App.Ref\10.0.1\ref\net10.0\System.Collections.NonGeneric.dll" /reference:"C:\Program Files\dotnet\packs\Microsoft.NETCore.App.Ref\10.0.1\ref\net10.0\System.Collections.Specialized.dll" /reference:"C:\Program Files\dotnet\packs\Microsoft.NETCore.App.Ref\10.0.1\ref\net10.0\System.ComponentModel.Annotations.dll" /reference:"C:\Program Files\dotnet\packs\Microsoft.NETCore.App.Ref\10.0.1\ref\net10.0\System.ComponentModel.DataAnnotations.dll" /reference:"C:\Program Files\dotnet\packs\Microsoft.NETCore.App.Ref\10.0.1\ref\net10.0\System.ComponentModel.dll" /reference:"C:\Program Files\dotnet\packs\Microsoft.NETCore.App.Ref\10.0.1\ref\net10.0\System.ComponentModel.EventBasedAsync.dll" /reference:"C:\Program Files\dotnet\packs\Microsoft.NETCore.App.Ref\10.0.1\ref\net10.0\System.ComponentModel.Primitives.dll" /reference:"C:\Program Files\dotnet\packs\Microsoft.NETCore.App.Ref\10.0.1\ref\net10.0\System.ComponentModel.TypeConverter.dll" /reference:"C:\Program Files\dotnet\packs\Microsoft.NETCore.App.Ref\10.0.1\ref\net10.0\System.Configuration.dll" /reference:"C:\Program Files\dotnet\packs\Microsoft.NETCore.App.Ref\10.0.1\ref\net10.0\System.Console.dll" /reference:"C:\Program Files\dotnet\packs\Microsoft.NETCore.App.Ref\10.0.1\ref\net10.0\System.Core.dll" /reference:"C:\Program Files\dotnet\packs\Microsoft.NETCore.App.Ref\10.0.1\ref\net10.0\System.Data.Common.dll" /reference:"C:\Program Files\dotnet\packs\Microsoft.NETCore.App.Ref\10.0.1\ref\net10.0\System.Data.DataSetExtensions.dll" /reference:"C:\Program Files\dotnet\packs\Microsoft.NETCore.App.Ref\10.0.1\ref\net10.0\System.Data.dll" /reference:"C:\Program Files\dotnet\packs\Microsoft.NETCore.App.Ref\10.0.1\ref\net10.0\System.Diagnostics.Contracts.dll" /reference:"C:\Program Files\dotnet\packs\Microsoft.NETCore.App.Ref\10.0.1\ref\net10.0\System.Diagnostics.Debug.dll" /reference:"C:\Program Files\dotnet\packs\Microsoft.NETCore.App.Ref\10.0.1\ref\net10.0\System.Diagnostics.DiagnosticSource.dll" /reference:"C:\Program Files\dotnet\packs\Microsoft.AspNetCore.App.Ref\10.0.1\ref\net10.0\System.Diagnostics.EventLog.dll" /reference:"C:\Program Files\dotnet\packs\Microsoft.NETCore.App.Ref\10.0.1\ref\net10.0\System.Diagnostics.FileVersionInfo.dll" /reference:"C:\Program Files\dotnet\packs\Microsoft.NETCore.App.Ref\10.0.1\ref\net10.0\System.Diagnostics.Process.dll" /reference:"C:\Program Files\dotnet\packs\Microsoft.NETCore.App.Ref\10.0.1\ref\net10.0\System.Diagnostics.StackTrace.dll" /reference:"C:\Program Files\dotnet\packs\Microsoft.NETCore.App.Ref\10.0.1\ref\net10.0\System.Diagnostics.TextWriterTraceListener.dll" /reference:"C:\Program Files\dotnet\packs\Microsoft.NETCore.App.Ref\10.0.1\ref\net10.0\System.Diagnostics.Tools.dll" /reference:"C:\Program Files\dotnet\packs\Microsoft.NETCore.App.Ref\10.0.1\ref\net10.0\System.Diagnostics.TraceSource.dll" /reference:"C:\Program Files\dotnet\packs\Microsoft.NETCore.App.Ref\10.0.1\ref\net10.0\System.Diagnostics.Tracing.dll" /reference:"C:\Program Files\dotnet\packs\Microsoft.NETCore.App.Ref\10.0.1\ref\net10.0\System.dll" /reference:"C:\Program Files\dotnet\packs\Microsoft.NETCore.App.Ref\10.0.1\ref\net10.0\System.Drawing.dll" /reference:"C:\Program Files\dotnet\packs\Microsoft.NETCore.App.Ref\10.0.1\ref\net10.0\System.Drawing.Primitives.dll" /reference:"C:\Program Files\dotnet\packs\Microsoft.NETCore.App.Ref\10.0.1\ref\net10.0\System.Dynamic.Runtime.dll" /reference:"C:\Program Files\dotnet\packs\Microsoft.NETCore.App.Ref\10.0.1\ref\net10.0\System.Formats.Asn1.dll" /reference:"C:\Program Files\dotnet\packs\Microsoft.AspNetCore.App.Ref\10.0.1\ref\net10.0\System.Formats.Cbor.dll" /reference:"C:\Program Files\dotnet\packs\Microsoft.NETCore.App.Ref\10.0.1\ref\net10.0\System.Formats.Tar.dll" /reference:"C:\Program Files\dotnet\packs\Microsoft.NETCore.App.Ref\10.0.1\ref\net10.0\System.Globalization.Calendars.dll" /reference:"C:\Program Files\dotnet\packs\Microsoft.NETCore.App.Ref\10.0.1\ref\net10.0\System.Globalization.dll" /reference:"C:\Program Files\dotnet\packs\Microsoft.NETCore.App.Ref\10.0.1\ref\net10.0\System.Globalization.Extensions.dll" /reference:C:\Users\natth\.nuget\packages\system.identitymodel.tokens.jwt\8.15.0\lib\net10.0\System.IdentityModel.Tokens.Jwt.dll /reference:"C:\Program Files\dotnet\packs\Microsoft.NETCore.App.Ref\10.0.1\ref\net10.0\System.IO.Compression.Brotli.dll" /reference:"C:\Program Files\dotnet\packs\Microsoft.NETCore.App.Ref\10.0.1\ref\net10.0\System.IO.Compression.dll" /reference:"C:\Program Files\dotnet\packs\Microsoft.NETCore.App.Ref\10.0.1\ref\net10.0\System.IO.Compression.FileSystem.dll" /reference:"C:\Program Files\dotnet\packs\Microsoft.NETCore.App.Ref\10.0.1\ref\net10.0\System.IO.Compression.ZipFile.dll" /reference:"C:\Program Files\dotnet\packs\Microsoft.NETCore.App.Ref\10.0.1\ref\net10.0\System.IO.dll" /reference:"C:\Program Files\dotnet\packs\Microsoft.NETCore.App.Ref\10.0.1\ref\net10.0\System.IO.FileSystem.AccessControl.dll" /reference:"C:\Program Files\dotnet\packs\Microsoft.NETCore.App.Ref\10.0.1\ref\net10.0\System.IO.FileSystem.dll" /reference:"C:\Program Files\dotnet\packs\Microsoft.NETCore.App.Ref\10.0.1\ref\net10.0\System.IO.FileSystem.DriveInfo.dll" /reference:"C:\Program Files\dotnet\packs\Microsoft.NETCore.App.Ref\10.0.1\ref\net10.0\System.IO.FileSystem.Primitives.dll" /reference:"C:\Program Files\dotnet\packs\Microsoft.NETCore.App.Ref\10.0.1\ref\net10.0\System.IO.FileSystem.Watcher.dll" /reference:C:\Users\natth\.nuget\packages\system.io.hashing\9.0.10\lib\net9.0\System.IO.Hashing.dll /reference:"C:\Program Files\dotnet\packs\Microsoft.NETCore.App.Ref\10.0.1\ref\net10.0\System.IO.IsolatedStorage.dll" /reference:"C:\Program Files\dotnet\packs\Microsoft.NETCore.App.Ref\10.0.1\ref\net10.0\System.IO.MemoryMappedFiles.dll" /reference:"C:\Program Files\dotnet\packs\Microsoft.NETCore.App.Ref\10.0.1\ref\net10.0\System.IO.Pipelines.dll" /reference:"C:\Program Files\dotnet\packs\Microsoft.NETCore.App.Ref\10.0.1\ref\net10.0\System.IO.Pipes.AccessControl.dll" /reference:"C:\Program Files\dotnet\packs\Microsoft.NETCore.App.Ref\10.0.1\ref\net10.0\System.IO.Pipes.dll" /reference:"C:\Program Files\dotnet\packs\Microsoft.NETCore.App.Ref\10.0.1\ref\net10.0\System.IO.UnmanagedMemoryStream.dll" /reference:"C:\Program Files\dotnet\packs\Microsoft.NETCore.App.Ref\10.0.1\ref\net10.0\System.Linq.AsyncEnumerable.dll" /reference:"C:\Program Files\dotnet\packs\Microsoft.NETCore.App.Ref\10.0.1\ref\net10.0\System.Linq.dll" /reference:"C:\Program Files\dotnet\packs\Microsoft.NETCore.App.Ref\10.0.1\ref\net10.0\System.Linq.Expressions.dll" /reference:"C:\Program Files\dotnet\packs\Microsoft.NETCore.App.Ref\10.0.1\ref\net10.0\System.Linq.Parallel.dll" /reference:"C:\Program Files\dotnet\packs\Microsoft.NETCore.App.Ref\10.0.1\ref\net10.0\System.Linq.Queryable.dll" /reference:"C:\Program Files\dotnet\packs\Microsoft.NETCore.App.Ref\10.0.1\ref\net10.0\System.Memory.dll" /reference:"C:\Program Files\dotnet\packs\Microsoft.NETCore.App.Ref\10.0.1\ref\net10.0\System.Net.dll" /reference:"C:\Program Files\dotnet\packs\Microsoft.NETCore.App.Ref\10.0.1\ref\net10.0\System.Net.Http.dll" /reference:"C:\Program Files\dotnet\packs\Microsoft.NETCore.App.Ref\10.0.1\ref\net10.0\System.Net.Http.Json.dll" /reference:"C:\Program Files\dotnet\packs\Microsoft.NETCore.App.Ref\10.0.1\ref\net10.0\System.Net.HttpListener.dll" /reference:"C:\Program Files\dotnet\packs\Microsoft.NETCore.App.Ref\10.0.1\ref\net10.0\System.Net.Mail.dll" /reference:"C:\Program Files\dotnet\packs\Microsoft.NETCore.App.Ref\10.0.1\ref\net10.0\System.Net.NameResolution.dll" /reference:"C:\Program Files\dotnet\packs\Microsoft.NETCore.App.Ref\10.0.1\ref\net10.0\System.Net.NetworkInformation.dll" /reference:"C:\Program Files\dotnet\packs\Microsoft.NETCore.App.Ref\10.0.1\ref\net10.0\System.Net.Ping.dll" /reference:"C:\Program Files\dotnet\packs\Microsoft.NETCore.App.Ref\10.0.1\ref\net10.0\System.Net.Primitives.dll" /reference:"C:\Program Files\dotnet\packs\Microsoft.NETCore.App.Ref\10.0.1\ref\net10.0\System.Net.Quic.dll" /reference:"C:\Program Files\dotnet\packs\Microsoft.NETCore.App.Ref\10.0.1\ref\net10.0\System.Net.Requests.dll" /reference:"C:\Program Files\dotnet\packs\Microsoft.NETCore.App.Ref\10.0.1\ref\net10.0\System.Net.Security.dll" /reference:"C:\Program Files\dotnet\packs\Microsoft.NETCore.App.Ref\10.0.1\ref\net10.0\System.Net.ServerSentEvents.dll" /reference:"C:\Program Files\dotnet\packs\Microsoft.NETCore.App.Ref\10.0.1\ref\net10.0\System.Net.ServicePoint.dll" /reference:"C:\Program Files\dotnet\packs\Microsoft.NETCore.App.Ref\10.0.1\ref\net10.0\System.Net.Sockets.dll" /reference:"C:\Program Files\dotnet\packs\Microsoft.NETCore.App.Ref\10.0.1\ref\net10.0\System.Net.WebClient.dll" /reference:"C:\Program Files\dotnet\packs\Microsoft.NETCore.App.Ref\10.0.1\ref\net10.0\System.Net.WebHeaderCollection.dll" /reference:"C:\Program Files\dotnet\packs\Microsoft.NETCore.App.Ref\10.0.1\ref\net10.0\System.Net.WebProxy.dll" /reference:"C:\Program Files\dotnet\packs\Microsoft.NETCore.App.Ref\10.0.1\ref\net10.0\System.Net.WebSockets.Client.dll" /reference:"C:\Program Files\dotnet\packs\Microsoft.NETCore.App.Ref\10.0.1\ref\net10.0\System.Net.WebSockets.dll" /reference:"C:\Program Files\dotnet\packs\Microsoft.NETCore.App.Ref\10.0.1\ref\net10.0\System.Numerics.dll" /reference:"C:\Program Files\dotnet\packs\Microsoft.NETCore.App.Ref\10.0.1\ref\net10.0\System.Numerics.Vectors.dll" /reference:"C:\Program Files\dotnet\packs\Microsoft.NETCore.App.Ref\10.0.1\ref\net10.0\System.ObjectModel.dll" /reference:"C:\Program Files\dotnet\packs\Microsoft.NETCore.App.Ref\10.0.1\ref\net10.0\System.Reflection.DispatchProxy.dll" /reference:"C:\Program Files\dotnet\packs\Microsoft.NETCore.App.Ref\10.0.1\ref\net10.0\System.Reflection.dll" /reference:"C:\Program Files\dotnet\packs\Microsoft.NETCore.App.Ref\10.0.1\ref\net10.0\System.Reflection.Emit.dll" /reference:"C:\Program Files\dotnet\packs\Microsoft.NETCore.App.Ref\10.0.1\ref\net10.0\System.Reflection.Emit.ILGeneration.dll" /reference:"C:\Program Files\dotnet\packs\Microsoft.NETCore.App.Ref\10.0.1\ref\net10.0\System.Reflection.Emit.Lightweight.dll" /reference:"C:\Program Files\dotnet\packs\Microsoft.NETCore.App.Ref\10.0.1\ref\net10.0\System.Reflection.Extensions.dll" /reference:"C:\Program Files\dotnet\packs\Microsoft.NETCore.App.Ref\10.0.1\ref\net10.0\System.Reflection.Metadata.dll" /reference:"C:\Program Files\dotnet\packs\Microsoft.NETCore.App.Ref\10.0.1\ref\net10.0\System.Reflection.Primitives.dll" /reference:"C:\Program Files\dotnet\packs\Microsoft.NETCore.App.Ref\10.0.1\ref\net10.0\System.Reflection.TypeExtensions.dll" /reference:"C:\Program Files\dotnet\packs\Microsoft.NETCore.App.Ref\10.0.1\ref\net10.0\System.Resources.Reader.dll" /reference:"C:\Program Files\dotnet\packs\Microsoft.NETCore.App.Ref\10.0.1\ref\net10.0\System.Resources.ResourceManager.dll" /reference:"C:\Program Files\dotnet\packs\Microsoft.NETCore.App.Ref\10.0.1\ref\net10.0\System.Resources.Writer.dll" /reference:"C:\Program Files\dotnet\packs\Microsoft.NETCore.App.Ref\10.0.1\ref\net10.0\System.Runtime.CompilerServices.Unsafe.dll" /reference:"C:\Program Files\dotnet\packs\Microsoft.NETCore.App.Ref\10.0.1\ref\net10.0\System.Runtime.CompilerServices.VisualC.dll" /reference:"C:\Program Files\dotnet\packs\Microsoft.NETCore.App.Ref\10.0.1\ref\net10.0\System.Runtime.dll" /reference:"C:\Program Files\dotnet\packs\Microsoft.NETCore.App.Ref\10.0.1\ref\net10.0\System.Runtime.Extensions.dll" /reference:"C:\Program Files\dotnet\packs\Microsoft.NETCore.App.Ref\10.0.1\ref\net10.0\System.Runtime.Handles.dll" /reference:"C:\Program Files\dotnet\packs\Microsoft.NETCore.App.Ref\10.0.1\ref\net10.0\System.Runtime.InteropServices.dll" /reference:"C:\Program Files\dotnet\packs\Microsoft.NETCore.App.Ref\10.0.1\ref\net10.0\System.Runtime.InteropServices.JavaScript.dll" /reference:"C:\Program Files\dotnet\packs\Microsoft.NETCore.App.Ref\10.0.1\ref\net10.0\System.Runtime.InteropServices.RuntimeInformation.dll" /reference:"C:\Program Files\dotnet\packs\Microsoft.NETCore.App.Ref\10.0.1\ref\net10.0\System.Runtime.Intrinsics.dll" /reference:"C:\Program Files\dotnet\packs\Microsoft.NETCore.App.Ref\10.0.1\ref\net10.0\System.Runtime.Loader.dll" /reference:"C:\Program Files\dotnet\packs\Microsoft.NETCore.App.Ref\10.0.1\ref\net10.0\System.Runtime.Numerics.dll" /reference:"C:\Program Files\dotnet\packs\Microsoft.NETCore.App.Ref\10.0.1\ref\net10.0\System.Runtime.Serialization.dll" /reference:"C:\Program Files\dotnet\packs\Microsoft.NETCore.App.Ref\10.0.1\ref\net10.0\System.Runtime.Serialization.Formatters.dll" /reference:"C:\Program Files\dotnet\packs\Microsoft.NETCore.App.Ref\10.0.1\ref\net10.0\System.Runtime.Serialization.Json.dll" /reference:"C:\Program Files\dotnet\packs\Microsoft.NETCore.App.Ref\10.0.1\ref\net10.0\System.Runtime.Serialization.Primitives.dll" /reference:"C:\Program Files\dotnet\packs\Microsoft.NETCore.App.Ref\10.0.1\ref\net10.0\System.Runtime.Serialization.Xml.dll" /reference:"C:\Program Files\dotnet\packs\Microsoft.NETCore.App.Ref\10.0.1\ref\net10.0\System.Security.AccessControl.dll" /reference:"C:\Program Files\dotnet\packs\Microsoft.NETCore.App.Ref\10.0.1\ref\net10.0\System.Security.Claims.dll" /reference:"C:\Program Files\dotnet\packs\Microsoft.NETCore.App.Ref\10.0.1\ref\net10.0\System.Security.Cryptography.Algorithms.dll" /reference:"C:\Program Files\dotnet\packs\Microsoft.NETCore.App.Ref\10.0.1\ref\net10.0\System.Security.Cryptography.Cng.dll" /reference:"C:\Program Files\dotnet\packs\Microsoft.NETCore.App.Ref\10.0.1\ref\net10.0\System.Security.Cryptography.Csp.dll" /reference:"C:\Program Files\dotnet\packs\Microsoft.NETCore.App.Ref\10.0.1\ref\net10.0\System.Security.Cryptography.dll" /reference:"C:\Program Files\dotnet\packs\Microsoft.NETCore.App.Ref\10.0.1\ref\net10.0\System.Security.Cryptography.Encoding.dll" /reference:"C:\Program Files\dotnet\packs\Microsoft.NETCore.App.Ref\10.0.1\ref\net10.0\System.Security.Cryptography.OpenSsl.dll" /reference:"C:\Program Files\dotnet\packs\Microsoft.NETCore.App.Ref\10.0.1\ref\net10.0\System.Security.Cryptography.Primitives.dll" /reference:"C:\Program Files\dotnet\packs\Microsoft.NETCore.App.Ref\10.0.1\ref\net10.0\System.Security.Cryptography.X509Certificates.dll" /reference:"C:\Program Files\dotnet\packs\Microsoft.AspNetCore.App.Ref\10.0.1\ref\net10.0\System.Security.Cryptography.Xml.dll" /reference:"C:\Program Files\dotnet\packs\Microsoft.NETCore.App.Ref\10.0.1\ref\net10.0\System.Security.dll" /reference:"C:\Program Files\dotnet\packs\Microsoft.NETCore.App.Ref\10.0.1\ref\net10.0\System.Security.Principal.dll" /reference:"C:\Program Files\dotnet\packs\Microsoft.NETCore.App.Ref\10.0.1\ref\net10.0\System.Security.Principal.Windows.dll" /reference:"C:\Program Files\dotnet\packs\Microsoft.NETCore.App.Ref\10.0.1\ref\net10.0\System.Security.SecureString.dll" /reference:"C:\Program Files\dotnet\packs\Microsoft.NETCore.App.Ref\10.0.1\ref\net10.0\System.ServiceModel.Web.dll" /reference:"C:\Program Files\dotnet\packs\Microsoft.NETCore.App.Ref\10.0.1\ref\net10.0\System.ServiceProcess.dll" /reference:"C:\Program Files\dotnet\packs\Microsoft.NETCore.App.Ref\10.0.1\ref\net10.0\System.Text.Encoding.CodePages.dll" /reference:"C:\Program Files\dotnet\packs\Microsoft.NETCore.App.Ref\10.0.1\ref\net10.0\System.Text.Encoding.dll" /reference:"C:\Program Files\dotnet\packs\Microsoft.NETCore.App.Ref\10.0.1\ref\net10.0\System.Text.Encoding.Extensions.dll" /reference:"C:\Program Files\dotnet\packs\Microsoft.NETCore.App.Ref\10.0.1\ref\net10.0\System.Text.Encodings.Web.dll" /reference:"C:\Program Files\dotnet\packs\Microsoft.NETCore.App.Ref\10.0.1\ref\net10.0\System.Text.Json.dll" /reference:"C:\Program Files\dotnet\packs\Microsoft.NETCore.App.Ref\10.0.1\ref\net10.0\System.Text.RegularExpressions.dll" /reference:"C:\Program Files\dotnet\packs\Microsoft.NETCore.App.Ref\10.0.1\ref\net10.0\System.Threading.AccessControl.dll" /reference:"C:\Program Files\dotnet\packs\Microsoft.NETCore.App.Ref\10.0.1\ref\net10.0\System.Threading.Channels.dll" /reference:"C:\Program Files\dotnet\packs\Microsoft.NETCore.App.Ref\10.0.1\ref\net10.0\System.Threading.dll" /reference:"C:\Program Files\dotnet\packs\Microsoft.NETCore.App.Ref\10.0.1\ref\net10.0\System.Threading.Overlapped.dll" /reference:"C:\Program Files\dotnet\packs\Microsoft.AspNetCore.App.Ref\10.0.1\ref\net10.0\System.Threading.RateLimiting.dll" /reference:"C:\Program Files\dotnet\packs\Microsoft.NETCore.App.Ref\10.0.1\ref\net10.0\System.Threading.Tasks.Dataflow.dll" /reference:"C:\Program Files\dotnet\packs\Microsoft.NETCore.App.Ref\10.0.1\ref\net10.0\System.Threading.Tasks.dll" /reference:"C:\Program Files\dotnet\packs\Microsoft.NETCore.App.Ref\10.0.1\ref\net10.0\System.Threading.Tasks.Extensions.dll" /reference:"C:\Program Files\dotnet\packs\Microsoft.NETCore.App.Ref\10.0.1\ref\net10.0\System.Threading.Tasks.Parallel.dll" /reference:"C:\Program Files\dotnet\packs\Microsoft.NETCore.App.Ref\10.0.1\ref\net10.0\System.Threading.Thread.dll" /reference:"C:\Program Files\dotnet\packs\Microsoft.NETCore.App.Ref\10.0.1\ref\net10.0\System.Threading.ThreadPool.dll" /reference:"C:\Program Files\dotnet\packs\Microsoft.NETCore.App.Ref\10.0.1\ref\net10.0\System.Threading.Timer.dll" /reference:"C:\Program Files\dotnet\packs\Microsoft.NETCore.App.Ref\10.0.1\ref\net10.0\System.Transactions.dll" /reference:"C:\Program Files\dotnet\packs\Microsoft.NETCore.App.Ref\10.0.1\ref\net10.0\System.Transactions.Local.dll" /reference:"C:\Program Files\dotnet\packs\Microsoft.NETCore.App.Ref\10.0.1\ref\net10.0\System.ValueTuple.dll" /reference:"C:\Program Files\dotnet\packs\Microsoft.NETCore.App.Ref\10.0.1\ref\net10.0\System.Web.dll" /reference:"C:\Program Files\dotnet\packs\Microsoft.NETCore.App.Ref\10.0.1\ref\net10.0\System.Web.HttpUtility.dll" /reference:"C:\Program Files\dotnet\packs\Microsoft.NETCore.App.Ref\10.0.1\ref\net10.0\System.Windows.dll" /reference:"C:\Program Files\dotnet\packs\Microsoft.NETCore.App.Ref\10.0.1\ref\net10.0\System.Xml.dll" /reference:"C:\Program Files\dotnet\packs\Microsoft.NETCore.App.Ref\10.0.1\ref\net10.0\System.Xml.Linq.dll" /reference:"C:\Program Files\dotnet\packs\Microsoft.NETCore.App.Ref\10.0.1\ref\net10.0\System.Xml.ReaderWriter.dll" /reference:"C:\Program Files\dotnet\packs\Microsoft.NETCore.App.Ref\10.0.1\ref\net10.0\System.Xml.Serialization.dll" /reference:"C:\Program Files\dotnet\packs\Microsoft.NETCore.App.Ref\10.0.1\ref\net10.0\System.Xml.XDocument.dll" /reference:"C:\Program Files\dotnet\packs\Microsoft.NETCore.App.Ref\10.0.1\ref\net10.0\System.Xml.XmlDocument.dll" /reference:"C:\Program Files\dotnet\packs\Microsoft.NETCore.App.Ref\10.0.1\ref\net10.0\System.Xml.XmlSerializer.dll" /reference:"C:\Program Files\dotnet\packs\Microsoft.NETCore.App.Ref\10.0.1\ref\net10.0\System.Xml.XPath.dll" /reference:"C:\Program Files\dotnet\packs\Microsoft.NETCore.App.Ref\10.0.1\ref\net10.0\System.Xml.XPath.XDocument.dll" /reference:"C:\Program Files\dotnet\packs\Microsoft.NETCore.App.Ref\10.0.1\ref\net10.0\WindowsBase.dll" /features:"InterceptorsNamespaces=;Microsoft.AspNetCore.OpenApi.Generated;;Microsoft.Extensions.Validation.Generated" /debug+ /debug:portable /filealign:512 /optimize+ /out:obj\Release\net10.0\Maliev.IAMService.Api.dll /refout:obj\Release\net10.0\refint\Maliev.IAMService.Api.dll /target:exe /warnaserror+ /utf8output /deterministic+ /sourcelink:obj\Release\net10.0\Maliev.IAMService.Api.sourcelink.json /langversion:14.0 /features:use-roslyn-tokenizer=true /embed:obj\Release\net10.0\Maliev.IAMService.Api.GlobalUsings.g.cs /embed:"obj\Release\net10.0\.NETCoreApp,Version=v10.0.AssemblyAttributes.cs" /embed:obj\Release\net10.0\Maliev.IAMService.Api.AssemblyInfo.cs /embed:obj\Release\net10.0\Maliev.IAMService.Api.MvcApplicationPartsAssemblyInfo.cs /analyzerconfig:obj\Release\net10.0\Maliev.IAMService.Api.GeneratedMSBuildEditorConfig.editorconfig /analyzerconfig:"C:\Program Files\dotnet\sdk\10.0.101\Sdks\Microsoft.NET.Sdk\analyzers\build\config\analysislevel_10_default.globalconfig" /analyzer:"C:\Program Files\dotnet\sdk\10.0.101\Sdks\Microsoft.NET.Sdk.Web\analyzers\cs\Microsoft.AspNetCore.Analyzers.dll" /analyzer:"C:\Program Files\dotnet\sdk\10.0.101\Sdks\Microsoft.NET.Sdk.Web\analyzers\cs\Microsoft.AspNetCore.Mvc.Analyzers.dll" /analyzer:"C:\Program Files\dotnet\sdk\10.0.101\Sdks\Microsoft.NET.Sdk\targets\..\analyzers\Microsoft.CodeAnalysis.CSharp.NetAnalyzers.dll" /analyzer:"C:\Program Files\dotnet\sdk\10.0.101\Sdks\Microsoft.NET.Sdk\targets\..\analyzers\Microsoft.CodeAnalysis.NetAnalyzers.dll" /analyzer:C:\Users\natth\.nuget\packages\microsoft.aspnetcore.openapi\10.0.1\analyzers\dotnet\cs\Microsoft.AspNetCore.OpenApi.SourceGenerators.dll /analyzer:C:\Users\natth\.nuget\packages\microsoft.codeanalysis.analyzers\3.11.0\analyzers\dotnet\cs\Microsoft.CodeAnalysis.Analyzers.dll /analyzer:C:\Users\natth\.nuget\packages\microsoft.codeanalysis.analyzers\3.11.0\analyzers\dotnet\cs\Microsoft.CodeAnalysis.CSharp.Analyzers.dll /analyzer:C:\Users\natth\.nuget\packages\microsoft.entityframeworkcore.analyzers\10.0.1\analyzers\dotnet\cs\Microsoft.EntityFrameworkCore.Analyzers.dll /analyzer:C:\Users\natth\.nuget\packages\microsoft.extensions.telemetry.abstractions\10.1.0\analyzers\dotnet\cs\Microsoft.Gen.Logging.dll /analyzer:C:\Users\natth\.nuget\packages\microsoft.extensions.telemetry.abstractions\10.1.0\analyzers\dotnet\cs\Microsoft.Gen.Metrics.dll /analyzer:"C:\Program Files\dotnet\packs\Microsoft.NETCore.App.Ref\10.0.1\analyzers/dotnet/cs/Microsoft.Interop.ComInterfaceGenerator.dll" /analyzer:"C:\Program Files\dotnet\packs\Microsoft.NETCore.App.Ref\10.0.1\analyzers/dotnet/cs/Microsoft.Interop.JavaScript.JSImportGenerator.dll" /analyzer:"C:\Program Files\dotnet\packs\Microsoft.NETCore.App.Ref\10.0.1\analyzers/dotnet/cs/Microsoft.Interop.LibraryImportGenerator.dll" /analyzer:"C:\Program Files\dotnet\packs\Microsoft.NETCore.App.Ref\10.0.1\analyzers/dotnet/cs/Microsoft.Interop.SourceGeneration.dll" /analyzer:"C:\Program Files\dotnet\packs\Microsoft.NETCore.App.Ref\10.0.1\analyzers/dotnet/cs/System.Text.Json.SourceGeneration.dll" /analyzer:"C:\Program Files\dotnet\packs\Microsoft.NETCore.App.Ref\10.0.1\analyzers/dotnet/cs/System.Text.RegularExpressions.Generator.dll" /analyzer:"C:\Program Files\dotnet\packs\Microsoft.AspNetCore.App.Ref\10.0.1\analyzers/dotnet/cs/Microsoft.AspNetCore.App.Analyzers.dll" /analyzer:"C:\Program Files\dotnet\packs\Microsoft.AspNetCore.App.Ref\10.0.1\analyzers/dotnet/cs/Microsoft.AspNetCore.App.CodeFixes.dll" /analyzer:"C:\Program Files\dotnet\packs\Microsoft.AspNetCore.App.Ref\10.0.1\analyzers/dotnet/cs/Microsoft.AspNetCore.App.SourceGenerators.dll" /analyzer:"C:\Program Files\dotnet\packs\Microsoft.AspNetCore.App.Ref\10.0.1\analyzers/dotnet/cs/Microsoft.AspNetCore.Components.Analyzers.dll" /analyzer:"C:\Program Files\dotnet\packs\Microsoft.AspNetCore.App.Ref\10.0.1\analyzers/dotnet/cs/Microsoft.Extensions.Validation.ValidationsGenerator.dll" /analyzer:"C:\Program Files\dotnet\packs\Microsoft.AspNetCore.App.Ref\10.0.1\analyzers/dotnet/cs/Microsoft.Extensions.Options.SourceGeneration.dll" /analyzer:"C:\Program Files\dotnet\sdk\10.0.101\Sdks\Microsoft.NET.Sdk.Razor\targets\..\source-generators\Microsoft.AspNetCore.Razor.Utilities.Shared.dll" /analyzer:"C:\Program Files\dotnet\sdk\10.0.101\Sdks\Microsoft.NET.Sdk.Razor\targets\..\source-generators\Microsoft.CodeAnalysis.Razor.Compiler.dll" /analyzer:"C:\Program Files\dotnet\sdk\10.0.101\Sdks\Microsoft.NET.Sdk.Razor\targets\..\source-generators\Microsoft.Extensions.ObjectPool.dll" Authorization\IAMPermissions.cs Authorization\Permissions.cs Authorization\RequirePermissionAttribute.cs Authorization\ServiceAccountAuthHandler.cs Controllers\AuditController.cs Controllers\AuthController.cs Controllers\BindingsController.cs Controllers\PermissionsController.cs Controllers\PrincipalsController.cs Controllers\RolesController.cs Events\PermissionChangedEventConsumer.cs Events\RoleUpdatedEventConsumer.cs Health\IAMReadinessHealthCheck.cs Models\Requests\AuditLogQueryRequest.cs Models\Requests\BulkCheckPermissionRequest.cs Models\Requests\CheckPermissionRequest.cs Models\Requests\CreateCustomRoleRequest.cs Models\Requests\CreateServiceAccountRequest.cs Models\Requests\CreateUserPrincipalRequest.cs Models\Requests\GrantRoleRequest.cs Models\Requests\IssueTokenRequest.cs Models\Requests\RefreshTokenRequest.cs Models\Requests\RegisterPermissionsRequest.cs Models\Requests\RegisterRolesRequest.cs Models\Requests\ResolvePermissionsRequest.cs Models\Requests\RevokeRoleRequest.cs Models\Requests\UpdateRoleRequest.cs Models\Responses\AuditLogEntryResponse.cs Models\Responses\CheckPermissionResponse.cs Models\Responses\EffectivePermissionsResponse.cs Models\Responses\PermissionResponse.cs Models\Responses\ResolvePermissionsResponse.cs Models\Responses\RoleBindingResponse.cs Models\Responses\RoleResponse.cs Models\Responses\RotateApiKeyResponse.cs Models\Responses\ServiceAccountResponse.cs Models\Responses\TokenResponse.cs Program.cs Services\AuditService.cs Services\BindingService.cs Services\CacheService.cs Services\PermissionResolver.cs Services\PermissionService.cs Services\PrincipalService.cs Services\RoleService.cs Services\TokenService.cs Validators\PermissionFormatValidator.cs obj\Release\net10.0\Maliev.IAMService.Api.GlobalUsings.g.cs "obj\Release\net10.0\.NETCoreApp,Version=v10.0.AssemblyAttributes.cs" obj\Release\net10.0\Maliev.IAMService.Api.AssemblyInfo.cs obj\Release\net10.0\Maliev.IAMService.Api.MvcApplicationPartsAssemblyInfo.cs /warnaserror+:NU1605,SYSLIB0011
         Compilation request Maliev.IAMService.Api (net10.0), PathToTool=C:\Program Files\dotnet\sdk\10.0.101\Roslyn\bincore\csc.exe
         CommandLine = ' /noconfig'
         BuildResponseFile = '/unsafe- /checked- /nowarn:1701,1702,1591,1701,1702 /fullpaths /nostdlib+ /errorreport:prompt /warn:10 /doc:obj\Release\net10.0\Maliev.IAMService.Api.xml /define:TRACE;RELEASE;NET;NET10_0;NETCOREAPP;NET5_0_OR_GREATER;NET6_0_OR_GREATER;NET7_0_OR_GREATER;NET8_0_OR_GREATER;NET9_0_OR_GREATER;NET10_0_OR_GREATER;NETCOREAPP1_0_OR_GREATER;NETCOREAPP1_1_OR_GREATER;NETCOREAPP2_0_OR_GREATER;NETCOREAPP2_1_OR_GREATER;NETCOREAPP2_2_OR_GREATER;NETCOREAPP3_0_OR_GREATER;NETCOREAPP3_1_OR_GREATER /highentropyva+ /nullable:enable /reference:C:\Users\natth\.nuget\packages\asp.versioning.abstractions\8.1.0\lib\net8.0\Asp.Versioning.Abstractions.dll /reference:C:\Users\natth\.nuget\packages\asp.versioning.http\8.1.0\lib\net8.0\Asp.Versioning.Http.dll /reference:C:\Users\natth\.nuget\packages\asp.versioning.mvc.apiexplorer\8.1.0\lib\net8.0\Asp.Versioning.Mvc.ApiExplorer.dll /reference:C:\Users\natth\.nuget\packages\asp.versioning.mvc\8.1.0\lib\net8.0\Asp.Versioning.Mvc.dll /reference:C:\Users\natth\.nuget\packages\aspnetcore.healthchecks.npgsql\9.0.0\lib\net8.0\HealthChecks.NpgSql.dll /reference:C:\Users\natth\.nuget\packages\aspnetcore.healthchecks.rabbitmq\9.0.0\lib\net8.0\HealthChecks.Rabbitmq.dll /reference:C:\Users\natth\.nuget\packages\aspnetcore.healthchecks.redis\9.0.0\lib\net8.0\HealthChecks.Redis.dll /reference:C:\Users\natth\.nuget\packages\aspnetcore.healthchecks.ui.client\9.0.0\lib\net8.0\HealthChecks.UI.Client.dll /reference:C:\Users\natth\.nuget\packages\aspnetcore.healthchecks.ui.core\9.0.0\lib\net8.0\HealthChecks.UI.Core.dll /reference:B:\maliev\Maliev.Aspire\Maliev.Aspire.ServiceDefaults\obj\Debug\net10.0\ref\Maliev.Aspire.ServiceDefaults.dll /reference:B:\maliev\Maliev.IAMService\Maliev.IAMService.Data\obj\Release\net10.0\ref\Maliev.IAMService.Data.dll /reference:C:\Users\natth\.nuget\packages\maliev.messagingcontracts\1.0.20\lib\net10.0\Maliev.MessagingContracts.dll /reference:C:\Users\natth\.nuget\packages\masstransit.abstractions\8.5.7\lib\net10.0\MassTransit.Abstractions.dll /reference:C:\Users\natth\.nuget\packages\masstransit\8.5.7\lib\net10.0\MassTransit.dll /reference:C:\Users\natth\.nuget\packages\masstransit.rabbitmq\8.5.7\lib\net10.0\MassTransit.RabbitMqTransport.dll /reference:"C:\Program Files\dotnet\packs\Microsoft.AspNetCore.App.Ref\10.0.1\ref\net10.0\Microsoft.AspNetCore.Antiforgery.dll" /reference:"C:\Program Files\dotnet\packs\Microsoft.AspNetCore.App.Ref\10.0.1\ref\net10.0\Microsoft.AspNetCore.Authentication.Abstractions.dll" /reference:"C:\Program Files\dotnet\packs\Microsoft.AspNetCore.App.Ref\10.0.1\ref\net10.0\Microsoft.AspNetCore.Authentication.BearerToken.dll" /reference:"C:\Program Files\dotnet\packs\Microsoft.AspNetCore.App.Ref\10.0.1\ref\net10.0\Microsoft.AspNetCore.Authentication.Cookies.dll" /reference:"C:\Program Files\dotnet\packs\Microsoft.AspNetCore.App.Ref\10.0.1\ref\net10.0\Microsoft.AspNetCore.Authentication.Core.dll" /reference:"C:\Program Files\dotnet\packs\Microsoft.AspNetCore.App.Ref\10.0.1\ref\net10.0\Microsoft.AspNetCore.Authentication.dll" /reference:C:\Users\natth\.nuget\packages\microsoft.aspnetcore.authentication.jwtbearer\10.0.1\lib\net10.0\Microsoft.AspNetCore.Authentication.JwtBearer.dll /reference:"C:\Program Files\dotnet\packs\Microsoft.AspNetCore.App.Ref\10.0.1\ref\net10.0\Microsoft.AspNetCore.Authentication.OAuth.dll" /reference:"C:\Program Files\dotnet\packs\Microsoft.AspNetCore.App.Ref\10.0.1\ref\net10.0\Microsoft.AspNetCore.Authorization.dll" /reference:"C:\Program Files\dotnet\packs\Microsoft.AspNetCore.App.Ref\10.0.1\ref\net10.0\Microsoft.AspNetCore.Authorization.Policy.dll" /reference:"C:\Program Files\dotnet\packs\Microsoft.AspNetCore.App.Ref\10.0.1\ref\net10.0\Microsoft.AspNetCore.Components.Authorization.dll" /reference:"C:\Program Files\dotnet\packs\Microsoft.AspNetCore.App.Ref\10.0.1\ref\net10.0\Microsoft.AspNetCore.Components.dll" /reference:"C:\Program Files\dotnet\packs\Microsoft.AspNetCore.App.Ref\10.0.1\ref\net10.0\Microsoft.AspNetCore.Components.Endpoints.dll" /reference:"C:\Program Files\dotnet\packs\Microsoft.AspNetCore.App.Ref\10.0.1\ref\net10.0\Microsoft.AspNetCore.Components.Forms.dll" /reference:"C:\Program Files\dotnet\packs\Microsoft.AspNetCore.App.Ref\10.0.1\ref\net10.0\Microsoft.AspNetCore.Components.Server.dll" /reference:"C:\Program Files\dotnet\packs\Microsoft.AspNetCore.App.Ref\10.0.1\ref\net10.0\Microsoft.AspNetCore.Components.Web.dll" /reference:"C:\Program Files\dotnet\packs\Microsoft.AspNetCore.App.Ref\10.0.1\ref\net10.0\Microsoft.AspNetCore.Connections.Abstractions.dll" /reference:"C:\Program Files\dotnet\packs\Microsoft.AspNetCore.App.Ref\10.0.1\ref\net10.0\Microsoft.AspNetCore.CookiePolicy.dll" /reference:"C:\Program Files\dotnet\packs\Microsoft.AspNetCore.App.Ref\10.0.1\ref\net10.0\Microsoft.AspNetCore.Cors.dll" /reference:"C:\Program Files\dotnet\packs\Microsoft.AspNetCore.App.Ref\10.0.1\ref\net10.0\Microsoft.AspNetCore.Cryptography.Internal.dll" /reference:"C:\Program Files\dotnet\packs\Microsoft.AspNetCore.App.Ref\10.0.1\ref\net10.0\Microsoft.AspNetCore.Cryptography.KeyDerivation.dll" /reference:"C:\Program Files\dotnet\packs\Microsoft.AspNetCore.App.Ref\10.0.1\ref\net10.0\Microsoft.AspNetCore.DataProtection.Abstractions.dll" /reference:"C:\Program Files\dotnet\packs\Microsoft.AspNetCore.App.Ref\10.0.1\ref\net10.0\Microsoft.AspNetCore.DataProtection.dll" /reference:"C:\Program Files\dotnet\packs\Microsoft.AspNetCore.App.Ref\10.0.1\ref\net10.0\Microsoft.AspNetCore.DataProtection.Extensions.dll" /reference:"C:\Program Files\dotnet\packs\Microsoft.AspNetCore.App.Ref\10.0.1\ref\net10.0\Microsoft.AspNetCore.Diagnostics.Abstractions.dll" /reference:"C:\Program Files\dotnet\packs\Microsoft.AspNetCore.App.Ref\10.0.1\ref\net10.0\Microsoft.AspNetCore.Diagnostics.dll" /reference:"C:\Program Files\dotnet\packs\Microsoft.AspNetCore.App.Ref\10.0.1\ref\net10.0\Microsoft.AspNetCore.Diagnostics.HealthChecks.dll" /reference:"C:\Program Files\dotnet\packs\Microsoft.AspNetCore.App.Ref\10.0.1\ref\net10.0\Microsoft.AspNetCore.dll" /reference:"C:\Program Files\dotnet\packs\Microsoft.AspNetCore.App.Ref\10.0.1\ref\net10.0\Microsoft.AspNetCore.HostFiltering.dll" /reference:"C:\Program Files\dotnet\packs\Microsoft.AspNetCore.App.Ref\10.0.1\ref\net10.0\Microsoft.AspNetCore.Hosting.Abstractions.dll" /reference:"C:\Program Files\dotnet\packs\Microsoft.AspNetCore.App.Ref\10.0.1\ref\net10.0\Microsoft.AspNetCore.Hosting.dll" /reference:"C:\Program Files\dotnet\packs\Microsoft.AspNetCore.App.Ref\10.0.1\ref\net10.0\Microsoft.AspNetCore.Hosting.Server.Abstractions.dll" /reference:"C:\Program Files\dotnet\packs\Microsoft.AspNetCore.App.Ref\10.0.1\ref\net10.0\Microsoft.AspNetCore.Html.Abstractions.dll" /reference:"C:\Program Files\dotnet\packs\Microsoft.AspNetCore.App.Ref\10.0.1\ref\net10.0\Microsoft.AspNetCore.Http.Abstractions.dll" /reference:"C:\Program Files\dotnet\packs\Microsoft.AspNetCore.App.Ref\10.0.1\ref\net10.0\Microsoft.AspNetCore.Http.Connections.Common.dll" /reference:"C:\Program Files\dotnet\packs\Microsoft.AspNetCore.App.Ref\10.0.1\ref\net10.0\Microsoft.AspNetCore.Http.Connections.dll" /reference:"C:\Program Files\dotnet\packs\Microsoft.AspNetCore.App.Ref\10.0.1\ref\net10.0\Microsoft.AspNetCore.Http.dll" /reference:"C:\Program Files\dotnet\packs\Microsoft.AspNetCore.App.Ref\10.0.1\ref\net10.0\Microsoft.AspNetCore.Http.Extensions.dll" /reference:"C:\Program Files\dotnet\packs\Microsoft.AspNetCore.App.Ref\10.0.1\ref\net10.0\Microsoft.AspNetCore.Http.Features.dll" /reference:"C:\Program Files\dotnet\packs\Microsoft.AspNetCore.App.Ref\10.0.1\ref\net10.0\Microsoft.AspNetCore.Http.Results.dll" /reference:"C:\Program Files\dotnet\packs\Microsoft.AspNetCore.App.Ref\10.0.1\ref\net10.0\Microsoft.AspNetCore.HttpLogging.dll" /reference:"C:\Program Files\dotnet\packs\Microsoft.AspNetCore.App.Ref\10.0.1\ref\net10.0\Microsoft.AspNetCore.HttpOverrides.dll" /reference:"C:\Program Files\dotnet\packs\Microsoft.AspNetCore.App.Ref\10.0.1\ref\net10.0\Microsoft.AspNetCore.HttpsPolicy.dll" /reference:"C:\Program Files\dotnet\packs\Microsoft.AspNetCore.App.Ref\10.0.1\ref\net10.0\Microsoft.AspNetCore.Identity.dll" /reference:"C:\Program Files\dotnet\packs\Microsoft.AspNetCore.App.Ref\10.0.1\ref\net10.0\Microsoft.AspNetCore.Localization.dll" /reference:"C:\Program Files\dotnet\packs\Microsoft.AspNetCore.App.Ref\10.0.1\ref\net10.0\Microsoft.AspNetCore.Localization.Routing.dll" /reference:"C:\Program Files\dotnet\packs\Microsoft.AspNetCore.App.Ref\10.0.1\ref\net10.0\Microsoft.AspNetCore.Metadata.dll" /reference:"C:\Program Files\dotnet\packs\Microsoft.AspNetCore.App.Ref\10.0.1\ref\net10.0\Microsoft.AspNetCore.Mvc.Abstractions.dll" /reference:"C:\Program Files\dotnet\packs\Microsoft.AspNetCore.App.Ref\10.0.1\ref\net10.0\Microsoft.AspNetCore.Mvc.ApiExplorer.dll" /reference:"C:\Program Files\dotnet\packs\Microsoft.AspNetCore.App.Ref\10.0.1\ref\net10.0\Microsoft.AspNetCore.Mvc.Core.dll" /reference:"C:\Program Files\dotnet\packs\Microsoft.AspNetCore.App.Ref\10.0.1\ref\net10.0\Microsoft.AspNetCore.Mvc.Cors.dll" /reference:"C:\Program Files\dotnet\packs\Microsoft.AspNetCore.App.Ref\10.0.1\ref\net10.0\Microsoft.AspNetCore.Mvc.DataAnnotations.dll" /reference:"C:\Program Files\dotnet\packs\Microsoft.AspNetCore.App.Ref\10.0.1\ref\net10.0\Microsoft.AspNetCore.Mvc.dll" /reference:"C:\Program Files\dotnet\packs\Microsoft.AspNetCore.App.Ref\10.0.1\ref\net10.0\Microsoft.AspNetCore.Mvc.Formatters.Json.dll" /reference:"C:\Program Files\dotnet\packs\Microsoft.AspNetCore.App.Ref\10.0.1\ref\net10.0\Microsoft.AspNetCore.Mvc.Formatters.Xml.dll" /reference:"C:\Program Files\dotnet\packs\Microsoft.AspNetCore.App.Ref\10.0.1\ref\net10.0\Microsoft.AspNetCore.Mvc.Localization.dll" /reference:"C:\Program Files\dotnet\packs\Microsoft.AspNetCore.App.Ref\10.0.1\ref\net10.0\Microsoft.AspNetCore.Mvc.Razor.dll" /reference:"C:\Program Files\dotnet\packs\Microsoft.AspNetCore.App.Ref\10.0.1\ref\net10.0\Microsoft.AspNetCore.Mvc.RazorPages.dll" /reference:"C:\Program Files\dotnet\packs\Microsoft.AspNetCore.App.Ref\10.0.1\ref\net10.0\Microsoft.AspNetCore.Mvc.TagHelpers.dll" /reference:"C:\Program Files\dotnet\packs\Microsoft.AspNetCore.App.Ref\10.0.1\ref\net10.0\Microsoft.AspNetCore.Mvc.ViewFeatures.dll" /reference:C:\Users\natth\.nuget\packages\microsoft.aspnetcore.openapi\10.0.1\lib\net10.0\Microsoft.AspNetCore.OpenApi.dll /reference:"C:\Program Files\dotnet\packs\Microsoft.AspNetCore.App.Ref\10.0.1\ref\net10.0\Microsoft.AspNetCore.OutputCaching.dll" /reference:"C:\Program Files\dotnet\packs\Microsoft.AspNetCore.App.Ref\10.0.1\ref\net10.0\Microsoft.AspNetCore.RateLimiting.dll" /reference:"C:\Program Files\dotnet\packs\Microsoft.AspNetCore.App.Ref\10.0.1\ref\net10.0\Microsoft.AspNetCore.Razor.dll" /reference:"C:\Program Files\dotnet\packs\Microsoft.AspNetCore.App.Ref\10.0.1\ref\net10.0\Microsoft.AspNetCore.Razor.Runtime.dll" /reference:"C:\Program Files\dotnet\packs\Microsoft.AspNetCore.App.Ref\10.0.1\ref\net10.0\Microsoft.AspNetCore.RequestDecompression.dll" /reference:"C:\Program Files\dotnet\packs\Microsoft.AspNetCore.App.Ref\10.0.1\ref\net10.0\Microsoft.AspNetCore.ResponseCaching.Abstractions.dll" /reference:"C:\Program Files\dotnet\packs\Microsoft.AspNetCore.App.Ref\10.0.1\ref\net10.0\Microsoft.AspNetCore.ResponseCaching.dll" /reference:"C:\Program Files\dotnet\packs\Microsoft.AspNetCore.App.Ref\10.0.1\ref\net10.0\Microsoft.AspNetCore.ResponseCompression.dll" /reference:"C:\Program Files\dotnet\packs\Microsoft.AspNetCore.App.Ref\10.0.1\ref\net10.0\Microsoft.AspNetCore.Rewrite.dll" /reference:"C:\Program Files\dotnet\packs\Microsoft.AspNetCore.App.Ref\10.0.1\ref\net10.0\Microsoft.AspNetCore.Routing.Abstractions.dll" /reference:"C:\Program Files\dotnet\packs\Microsoft.AspNetCore.App.Ref\10.0.1\ref\net10.0\Microsoft.AspNetCore.Routing.dll" /reference:"C:\Program Files\dotnet\packs\Microsoft.AspNetCore.App.Ref\10.0.1\ref\net10.0\Microsoft.AspNetCore.Server.HttpSys.dll" /reference:"C:\Program Files\dotnet\packs\Microsoft.AspNetCore.App.Ref\10.0.1\ref\net10.0\Microsoft.AspNetCore.Server.IIS.dll" /reference:"C:\Program Files\dotnet\packs\Microsoft.AspNetCore.App.Ref\10.0.1\ref\net10.0\Microsoft.AspNetCore.Server.IISIntegration.dll" /reference:"C:\Program Files\dotnet\packs\Microsoft.AspNetCore.App.Ref\10.0.1\ref\net10.0\Microsoft.AspNetCore.Server.Kestrel.Core.dll" /reference:"C:\Program Files\dotnet\packs\Microsoft.AspNetCore.App.Ref\10.0.1\ref\net10.0\Microsoft.AspNetCore.Server.Kestrel.dll" /reference:"C:\Program Files\dotnet\packs\Microsoft.AspNetCore.App.Ref\10.0.1\ref\net10.0\Microsoft.AspNetCore.Server.Kestrel.Transport.NamedPipes.dll" /reference:"C:\Program Files\dotnet\packs\Microsoft.AspNetCore.App.Ref\10.0.1\ref\net10.0\Microsoft.AspNetCore.Server.Kestrel.Transport.Quic.dll" /reference:"C:\Program Files\dotnet\packs\Microsoft.AspNetCore.App.Ref\10.0.1\ref\net10.0\Microsoft.AspNetCore.Server.Kestrel.Transport.Sockets.dll" /reference:"C:\Program Files\dotnet\packs\Microsoft.AspNetCore.App.Ref\10.0.1\ref\net10.0\Microsoft.AspNetCore.Session.dll" /reference:"C:\Program Files\dotnet\packs\Microsoft.AspNetCore.App.Ref\10.0.1\ref\net10.0\Microsoft.AspNetCore.SignalR.Common.dll" /reference:"C:\Program Files\dotnet\packs\Microsoft.AspNetCore.App.Ref\10.0.1\ref\net10.0\Microsoft.AspNetCore.SignalR.Core.dll" /reference:"C:\Program Files\dotnet\packs\Microsoft.AspNetCore.App.Ref\10.0.1\ref\net10.0\Microsoft.AspNetCore.SignalR.dll" /reference:"C:\Program Files\dotnet\packs\Microsoft.AspNetCore.App.Ref\10.0.1\ref\net10.0\Microsoft.AspNetCore.SignalR.Protocols.Json.dll" /reference:"C:\Program Files\dotnet\packs\Microsoft.AspNetCore.App.Ref\10.0.1\ref\net10.0\Microsoft.AspNetCore.StaticAssets.dll" /reference:"C:\Program Files\dotnet\packs\Microsoft.AspNetCore.App.Ref\10.0.1\ref\net10.0\Microsoft.AspNetCore.StaticFiles.dll" /reference:"C:\Program Files\dotnet\packs\Microsoft.AspNetCore.App.Ref\10.0.1\ref\net10.0\Microsoft.AspNetCore.WebSockets.dll" /reference:"C:\Program Files\dotnet\packs\Microsoft.AspNetCore.App.Ref\10.0.1\ref\net10.0\Microsoft.AspNetCore.WebUtilities.dll" /reference:"C:\Program Files\dotnet\packs\Microsoft.NETCore.App.Ref\10.0.1\ref\net10.0\Microsoft.CSharp.dll" /reference:C:\Users\natth\.nuget\packages\microsoft.entityframeworkcore.abstractions\10.0.1\lib\net10.0\Microsoft.EntityFrameworkCore.Abstractions.dll /reference:C:\Users\natth\.nuget\packages\microsoft.entityframeworkcore\10.0.1\lib\net10.0\Microsoft.EntityFrameworkCore.dll /reference:C:\Users\natth\.nuget\packages\microsoft.entityframeworkcore.relational\10.0.1\lib\net10.0\Microsoft.EntityFrameworkCore.Relational.dll /reference:C:\Users\natth\.nuget\packages\microsoft.extensions.ambientmetadata.application\10.1.0\lib\net10.0\Microsoft.Extensions.AmbientMetadata.Application.dll /reference:"C:\Program Files\dotnet\packs\Microsoft.AspNetCore.App.Ref\10.0.1\ref\net10.0\Microsoft.Extensions.Caching.Abstractions.dll" /reference:"C:\Program Files\dotnet\packs\Microsoft.AspNetCore.App.Ref\10.0.1\ref\net10.0\Microsoft.Extensions.Caching.Memory.dll" /reference:C:\Users\natth\.nuget\packages\microsoft.extensions.caching.stackexchangeredis\10.0.1\lib\net10.0\Microsoft.Extensions.Caching.StackExchangeRedis.dll /reference:C:\Users\natth\.nuget\packages\microsoft.extensions.compliance.abstractions\10.1.0\lib\net10.0\Microsoft.Extensions.Compliance.Abstractions.dll /reference:"C:\Program Files\dotnet\packs\Microsoft.AspNetCore.App.Ref\10.0.1\ref\net10.0\Microsoft.Extensions.Configuration.Abstractions.dll" /reference:"C:\Program Files\dotnet\packs\Microsoft.AspNetCore.App.Ref\10.0.1\ref\net10.0\Microsoft.Extensions.Configuration.Binder.dll" /reference:"C:\Program Files\dotnet\packs\Microsoft.AspNetCore.App.Ref\10.0.1\ref\net10.0\Microsoft.Extensions.Configuration.CommandLine.dll" /reference:"C:\Program Files\dotnet\packs\Microsoft.AspNetCore.App.Ref\10.0.1\ref\net10.0\Microsoft.Extensions.Configuration.dll" /reference:"C:\Program Files\dotnet\packs\Microsoft.AspNetCore.App.Ref\10.0.1\ref\net10.0\Microsoft.Extensions.Configuration.EnvironmentVariables.dll" /reference:"C:\Program Files\dotnet\packs\Microsoft.AspNetCore.App.Ref\10.0.1\ref\net10.0\Microsoft.Extensions.Configuration.FileExtensions.dll" /reference:"C:\Program Files\dotnet\packs\Microsoft.AspNetCore.App.Ref\10.0.1\ref\net10.0\Microsoft.Extensions.Configuration.Ini.dll" /reference:"C:\Program Files\dotnet\packs\Microsoft.AspNetCore.App.Ref\10.0.1\ref\net10.0\Microsoft.Extensions.Configuration.Json.dll" /reference:"C:\Program Files\dotnet\packs\Microsoft.AspNetCore.App.Ref\10.0.1\ref\net10.0\Microsoft.Extensions.Configuration.KeyPerFile.dll" /reference:"C:\Program Files\dotnet\packs\Microsoft.AspNetCore.App.Ref\10.0.1\ref\net10.0\Microsoft.Extensions.Configuration.UserSecrets.dll" /reference:"C:\Program Files\dotnet\packs\Microsoft.AspNetCore.App.Ref\10.0.1\ref\net10.0\Microsoft.Extensions.Configuration.Xml.dll" /reference:"C:\Program Files\dotnet\packs\Microsoft.AspNetCore.App.Ref\10.0.1\ref\net10.0\Microsoft.Extensions.DependencyInjection.Abstractions.dll" /reference:C:\Users\natth\.nuget\packages\microsoft.extensions.dependencyinjection.autoactivation\10.1.0\lib\net10.0\Microsoft.Extensions.DependencyInjection.AutoActivation.dll /reference:"C:\Program Files\dotnet\packs\Microsoft.AspNetCore.App.Ref\10.0.1\ref\net10.0\Microsoft.Extensions.DependencyInjection.dll" /reference:"C:\Program Files\dotnet\packs\Microsoft.AspNetCore.App.Ref\10.0.1\ref\net10.0\Microsoft.Extensions.Diagnostics.Abstractions.dll" /reference:"C:\Program Files\dotnet\packs\Microsoft.AspNetCore.App.Ref\10.0.1\ref\net10.0\Microsoft.Extensions.Diagnostics.dll" /reference:C:\Users\natth\.nuget\packages\microsoft.extensions.diagnostics.exceptionsummarization\10.1.0\lib\net10.0\Microsoft.Extensions.Diagnostics.ExceptionSummarization.dll /reference:"C:\Program Files\dotnet\packs\Microsoft.AspNetCore.App.Ref\10.0.1\ref\net10.0\Microsoft.Extensions.Diagnostics.HealthChecks.Abstractions.dll" /reference:"C:\Program Files\dotnet\packs\Microsoft.AspNetCore.App.Ref\10.0.1\ref\net10.0\Microsoft.Extensions.Diagnostics.HealthChecks.dll" /reference:C:\Users\natth\.nuget\packages\microsoft.extensions.diagnostics.healthchecks.entityframeworkcore\10.0.1\lib\net10.0\Microsoft.Extensions.Diagnostics.HealthChecks.EntityFrameworkCore.dll /reference:"C:\Program Files\dotnet\packs\Microsoft.AspNetCore.App.Ref\10.0.1\ref\net10.0\Microsoft.Extensions.Features.dll" /reference:"C:\Program Files\dotnet\packs\Microsoft.AspNetCore.App.Ref\10.0.1\ref\net10.0\Microsoft.Extensions.FileProviders.Abstractions.dll" /reference:"C:\Program Files\dotnet\packs\Microsoft.AspNetCore.App.Ref\10.0.1\ref\net10.0\Microsoft.Extensions.FileProviders.Composite.dll" /reference:"C:\Program Files\dotnet\packs\Microsoft.AspNetCore.App.Ref\10.0.1\ref\net10.0\Microsoft.Extensions.FileProviders.Embedded.dll" /reference:"C:\Program Files\dotnet\packs\Microsoft.AspNetCore.App.Ref\10.0.1\ref\net10.0\Microsoft.Extensions.FileProviders.Physical.dll" /reference:"C:\Program Files\dotnet\packs\Microsoft.AspNetCore.App.Ref\10.0.1\ref\net10.0\Microsoft.Extensions.FileSystemGlobbing.dll" /reference:"C:\Program Files\dotnet\packs\Microsoft.AspNetCore.App.Ref\10.0.1\ref\net10.0\Microsoft.Extensions.Hosting.Abstractions.dll" /reference:"C:\Program Files\dotnet\packs\Microsoft.AspNetCore.App.Ref\10.0.1\ref\net10.0\Microsoft.Extensions.Hosting.dll" /reference:C:\Users\natth\.nuget\packages\microsoft.extensions.http.diagnostics\10.1.0\lib\net10.0\Microsoft.Extensions.Http.Diagnostics.dll /reference:"C:\Program Files\dotnet\packs\Microsoft.AspNetCore.App.Ref\10.0.1\ref\net10.0\Microsoft.Extensions.Http.dll" /reference:C:\Users\natth\.nuget\packages\microsoft.extensions.http.resilience\10.1.0\lib\net10.0\Microsoft.Extensions.Http.Resilience.dll /reference:"C:\Program Files\dotnet\packs\Microsoft.AspNetCore.App.Ref\10.0.1\ref\net10.0\Microsoft.Extensions.Identity.Core.dll" /reference:"C:\Program Files\dotnet\packs\Microsoft.AspNetCore.App.Ref\10.0.1\ref\net10.0\Microsoft.Extensions.Identity.Stores.dll" /reference:"C:\Program Files\dotnet\packs\Microsoft.AspNetCore.App.Ref\10.0.1\ref\net10.0\Microsoft.Extensions.Localization.Abstractions.dll" /reference:"C:\Program Files\dotnet\packs\Microsoft.AspNetCore.App.Ref\10.0.1\ref\net10.0\Microsoft.Extensions.Localization.dll" /reference:"C:\Program Files\dotnet\packs\Microsoft.AspNetCore.App.Ref\10.0.1\ref\net10.0\Microsoft.Extensions.Logging.Abstractions.dll" /reference:"C:\Program Files\dotnet\packs\Microsoft.AspNetCore.App.Ref\10.0.1\ref\net10.0\Microsoft.Extensions.Logging.Configuration.dll" /reference:"C:\Program Files\dotnet\packs\Microsoft.AspNetCore.App.Ref\10.0.1\ref\net10.0\Microsoft.Extensions.Logging.Console.dll" /reference:"C:\Program Files\dotnet\packs\Microsoft.AspNetCore.App.Ref\10.0.1\ref\net10.0\Microsoft.Extensions.Logging.Debug.dll" /reference:"C:\Program Files\dotnet\packs\Microsoft.AspNetCore.App.Ref\10.0.1\ref\net10.0\Microsoft.Extensions.Logging.dll" /reference:"C:\Program Files\dotnet\packs\Microsoft.AspNetCore.App.Ref\10.0.1\ref\net10.0\Microsoft.Extensions.Logging.EventLog.dll" /reference:"C:\Program Files\dotnet\packs\Microsoft.AspNetCore.App.Ref\10.0.1\ref\net10.0\Microsoft.Extensions.Logging.EventSource.dll" /reference:"C:\Program Files\dotnet\packs\Microsoft.AspNetCore.App.Ref\10.0.1\ref\net10.0\Microsoft.Extensions.Logging.TraceSource.dll" /reference:"C:\Program Files\dotnet\packs\Microsoft.AspNetCore.App.Ref\10.0.1\ref\net10.0\Microsoft.Extensions.ObjectPool.dll" /reference:"C:\Program Files\dotnet\packs\Microsoft.AspNetCore.App.Ref\10.0.1\ref\net10.0\Microsoft.Extensions.Options.ConfigurationExtensions.dll" /reference:"C:\Program Files\dotnet\packs\Microsoft.AspNetCore.App.Ref\10.0.1\ref\net10.0\Microsoft.Extensions.Options.DataAnnotations.dll" /reference:"C:\Program Files\dotnet\packs\Microsoft.AspNetCore.App.Ref\10.0.1\ref\net10.0\Microsoft.Extensions.Options.dll" /reference:"C:\Program Files\dotnet\packs\Microsoft.AspNetCore.App.Ref\10.0.1\ref\net10.0\Microsoft.Extensions.Primitives.dll" /reference:C:\Users\natth\.nuget\packages\microsoft.extensions.resilience\10.1.0\lib\net10.0\Microsoft.Extensions.Resilience.dll /reference:C:\Users\natth\.nuget\packages\microsoft.extensions.servicediscovery.abstractions\10.1.0\lib\net10.0\Microsoft.Extensions.ServiceDiscovery.Abstractions.dll /reference:C:\Users\natth\.nuget\packages\microsoft.extensions.servicediscovery\10.1.0\lib\net10.0\Microsoft.Extensions.ServiceDiscovery.dll /reference:C:\Users\natth\.nuget\packages\microsoft.extensions.telemetry.abstractions\10.1.0\lib\net10.0\Microsoft.Extensions.Telemetry.Abstractions.dll /reference:C:\Users\natth\.nuget\packages\microsoft.extensions.telemetry\10.1.0\lib\net10.0\Microsoft.Extensions.Telemetry.dll /reference:"C:\Program Files\dotnet\packs\Microsoft.AspNetCore.App.Ref\10.0.1\ref\net10.0\Microsoft.Extensions.Validation.dll" /reference:"C:\Program Files\dotnet\packs\Microsoft.AspNetCore.App.Ref\10.0.1\ref\net10.0\Microsoft.Extensions.WebEncoders.dll" /reference:C:\Users\natth\.nuget\packages\microsoft.identitymodel.abstractions\8.15.0\lib\net10.0\Microsoft.IdentityModel.Abstractions.dll /reference:C:\Users\natth\.nuget\packages\microsoft.identitymodel.jsonwebtokens\8.15.0\lib\net10.0\Microsoft.IdentityModel.JsonWebTokens.dll /reference:C:\Users\natth\.nuget\packages\microsoft.identitymodel.logging\8.15.0\lib\net10.0\Microsoft.IdentityModel.Logging.dll /reference:C:\Users\natth\.nuget\packages\microsoft.identitymodel.protocols\8.0.1\lib\net9.0\Microsoft.IdentityModel.Protocols.dll /reference:C:\Users\natth\.nuget\packages\microsoft.identitymodel.protocols.openidconnect\8.0.1\lib\net9.0\Microsoft.IdentityModel.Protocols.OpenIdConnect.dll /reference:C:\Users\natth\.nuget\packages\microsoft.identitymodel.tokens\8.15.0\lib\net10.0\Microsoft.IdentityModel.Tokens.dll /reference:"C:\Program Files\dotnet\packs\Microsoft.AspNetCore.App.Ref\10.0.1\ref\net10.0\Microsoft.JSInterop.dll" /reference:"C:\Program Files\dotnet\packs\Microsoft.AspNetCore.App.Ref\10.0.1\ref\net10.0\Microsoft.Net.Http.Headers.dll" /reference:C:\Users\natth\.nuget\packages\microsoft.openapi\2.0.0\lib\net8.0\Microsoft.OpenApi.dll /reference:"C:\Program Files\dotnet\packs\Microsoft.NETCore.App.Ref\10.0.1\ref\net10.0\Microsoft.VisualBasic.Core.dll" /reference:"C:\Program Files\dotnet\packs\Microsoft.NETCore.App.Ref\10.0.1\ref\net10.0\Microsoft.VisualBasic.dll" /reference:"C:\Program Files\dotnet\packs\Microsoft.NETCore.App.Ref\10.0.1\ref\net10.0\Microsoft.Win32.Primitives.dll" /reference:"C:\Program Files\dotnet\packs\Microsoft.NETCore.App.Ref\10.0.1\ref\net10.0\Microsoft.Win32.Registry.dll" /reference:"C:\Program Files\dotnet\packs\Microsoft.NETCore.App.Ref\10.0.1\ref\net10.0\mscorlib.dll" /reference:"C:\Program Files\dotnet\packs\Microsoft.NETCore.App.Ref\10.0.1\ref\net10.0\netstandard.dll" /reference:C:\Users\natth\.nuget\packages\npgsql\10.0.0\lib\net10.0\Npgsql.dll /reference:C:\Users\natth\.nuget\packages\npgsql.entityframeworkcore.postgresql\10.0.0\lib\net10.0\Npgsql.EntityFrameworkCore.PostgreSQL.dll /reference:C:\Users\natth\.nuget\packages\opentelemetry.api\1.14.0\lib\net10.0\OpenTelemetry.Api.dll /reference:C:\Users\natth\.nuget\packages\opentelemetry.api.providerbuilderextensions\1.14.0\lib\net10.0\OpenTelemetry.Api.ProviderBuilderExtensions.dll /reference:C:\Users\natth\.nuget\packages\opentelemetry\1.14.0\lib\net10.0\OpenTelemetry.dll /reference:C:\Users\natth\.nuget\packages\opentelemetry.exporter.opentelemetryprotocol\1.14.0\lib\net10.0\OpenTelemetry.Exporter.OpenTelemetryProtocol.dll /reference:C:\Users\natth\.nuget\packages\opentelemetry.exporter.prometheus.aspnetcore\1.14.0-beta.1\lib\net10.0\OpenTelemetry.Exporter.Prometheus.AspNetCore.dll /reference:C:\Users\natth\.nuget\packages\opentelemetry.extensions.hosting\1.14.0\lib\net10.0\OpenTelemetry.Extensions.Hosting.dll /reference:C:\Users\natth\.nuget\packages\opentelemetry.instrumentation.aspnetcore\1.14.0\lib\net10.0\OpenTelemetry.Instrumentation.AspNetCore.dll /reference:C:\Users\natth\.nuget\packages\opentelemetry.instrumentation.http\1.14.0\lib\net10.0\OpenTelemetry.Instrumentation.Http.dll /reference:C:\Users\natth\.nuget\packages\opentelemetry.instrumentation.runtime\1.14.0\lib\net10.0\OpenTelemetry.Instrumentation.Runtime.dll /reference:C:\Users\natth\.nuget\packages\pipelines.sockets.unofficial\2.2.8\lib\net5.0\Pipelines.Sockets.Unofficial.dll /reference:C:\Users\natth\.nuget\packages\polly.core\8.4.2\lib\net8.0\Polly.Core.dll /reference:C:\Users\natth\.nuget\packages\polly.extensions\8.4.2\lib\net8.0\Polly.Extensions.dll /reference:C:\Users\natth\.nuget\packages\polly.ratelimiting\8.4.2\lib\net8.0\Polly.RateLimiting.dll /reference:C:\Users\natth\.nuget\packages\rabbitmq.client\7.2.0\lib\net8.0\RabbitMQ.Client.dll /reference:C:\Users\natth\.nuget\packages\scalar.aspnetcore\2.11.10\lib\net10.0\Scalar.AspNetCore.dll /reference:C:\Users\natth\.nuget\packages\stackexchange.redis\2.10.1\lib\net8.0\StackExchange.Redis.dll /reference:"C:\Program Files\dotnet\packs\Microsoft.NETCore.App.Ref\10.0.1\ref\net10.0\System.AppContext.dll" /reference:"C:\Program Files\dotnet\packs\Microsoft.NETCore.App.Ref\10.0.1\ref\net10.0\System.Buffers.dll" /reference:"C:\Program Files\dotnet\packs\Microsoft.NETCore.App.Ref\10.0.1\ref\net10.0\System.Collections.Concurrent.dll" /reference:"C:\Program Files\dotnet\packs\Microsoft.NETCore.App.Ref\10.0.1\ref\net10.0\System.Collections.dll" /reference:"C:\Program Files\dotnet\packs\Microsoft.NETCore.App.Ref\10.0.1\ref\net10.0\System.Collections.Immutable.dll" /reference:"C:\Program Files\dotnet\packs\Microsoft.NETCore.App.Ref\10.0.1\ref\net10.0\System.Collections.NonGeneric.dll" /reference:"C:\Program Files\dotnet\packs\Microsoft.NETCore.App.Ref\10.0.1\ref\net10.0\System.Collections.Specialized.dll" /reference:"C:\Program Files\dotnet\packs\Microsoft.NETCore.App.Ref\10.0.1\ref\net10.0\System.ComponentModel.Annotations.dll" /reference:"C:\Program Files\dotnet\packs\Microsoft.NETCore.App.Ref\10.0.1\ref\net10.0\System.ComponentModel.DataAnnotations.dll" /reference:"C:\Program Files\dotnet\packs\Microsoft.NETCore.App.Ref\10.0.1\ref\net10.0\System.ComponentModel.dll" /reference:"C:\Program Files\dotnet\packs\Microsoft.NETCore.App.Ref\10.0.1\ref\net10.0\System.ComponentModel.EventBasedAsync.dll" /reference:"C:\Program Files\dotnet\packs\Microsoft.NETCore.App.Ref\10.0.1\ref\net10.0\System.ComponentModel.Primitives.dll" /reference:"C:\Program Files\dotnet\packs\Microsoft.NETCore.App.Ref\10.0.1\ref\net10.0\System.ComponentModel.TypeConverter.dll" /reference:"C:\Program Files\dotnet\packs\Microsoft.NETCore.App.Ref\10.0.1\ref\net10.0\System.Configuration.dll" /reference:"C:\Program Files\dotnet\packs\Microsoft.NETCore.App.Ref\10.0.1\ref\net10.0\System.Console.dll" /reference:"C:\Program Files\dotnet\packs\Microsoft.NETCore.App.Ref\10.0.1\ref\net10.0\System.Core.dll" /reference:"C:\Program Files\dotnet\packs\Microsoft.NETCore.App.Ref\10.0.1\ref\net10.0\System.Data.Common.dll" /reference:"C:\Program Files\dotnet\packs\Microsoft.NETCore.App.Ref\10.0.1\ref\net10.0\System.Data.DataSetExtensions.dll" /reference:"C:\Program Files\dotnet\packs\Microsoft.NETCore.App.Ref\10.0.1\ref\net10.0\System.Data.dll" /reference:"C:\Program Files\dotnet\packs\Microsoft.NETCore.App.Ref\10.0.1\ref\net10.0\System.Diagnostics.Contracts.dll" /reference:"C:\Program Files\dotnet\packs\Microsoft.NETCore.App.Ref\10.0.1\ref\net10.0\System.Diagnostics.Debug.dll" /reference:"C:\Program Files\dotnet\packs\Microsoft.NETCore.App.Ref\10.0.1\ref\net10.0\System.Diagnostics.DiagnosticSource.dll" /reference:"C:\Program Files\dotnet\packs\Microsoft.AspNetCore.App.Ref\10.0.1\ref\net10.0\System.Diagnostics.EventLog.dll" /reference:"C:\Program Files\dotnet\packs\Microsoft.NETCore.App.Ref\10.0.1\ref\net10.0\System.Diagnostics.FileVersionInfo.dll" /reference:"C:\Program Files\dotnet\packs\Microsoft.NETCore.App.Ref\10.0.1\ref\net10.0\System.Diagnostics.Process.dll" /reference:"C:\Program Files\dotnet\packs\Microsoft.NETCore.App.Ref\10.0.1\ref\net10.0\System.Diagnostics.StackTrace.dll" /reference:"C:\Program Files\dotnet\packs\Microsoft.NETCore.App.Ref\10.0.1\ref\net10.0\System.Diagnostics.TextWriterTraceListener.dll" /reference:"C:\Program Files\dotnet\packs\Microsoft.NETCore.App.Ref\10.0.1\ref\net10.0\System.Diagnostics.Tools.dll" /reference:"C:\Program Files\dotnet\packs\Microsoft.NETCore.App.Ref\10.0.1\ref\net10.0\System.Diagnostics.TraceSource.dll" /reference:"C:\Program Files\dotnet\packs\Microsoft.NETCore.App.Ref\10.0.1\ref\net10.0\System.Diagnostics.Tracing.dll" /reference:"C:\Program Files\dotnet\packs\Microsoft.NETCore.App.Ref\10.0.1\ref\net10.0\System.dll" /reference:"C:\Program Files\dotnet\packs\Microsoft.NETCore.App.Ref\10.0.1\ref\net10.0\System.Drawing.dll" /reference:"C:\Program Files\dotnet\packs\Microsoft.NETCore.App.Ref\10.0.1\ref\net10.0\System.Drawing.Primitives.dll" /reference:"C:\Program Files\dotnet\packs\Microsoft.NETCore.App.Ref\10.0.1\ref\net10.0\System.Dynamic.Runtime.dll" /reference:"C:\Program Files\dotnet\packs\Microsoft.NETCore.App.Ref\10.0.1\ref\net10.0\System.Formats.Asn1.dll" /reference:"C:\Program Files\dotnet\packs\Microsoft.AspNetCore.App.Ref\10.0.1\ref\net10.0\System.Formats.Cbor.dll" /reference:"C:\Program Files\dotnet\packs\Microsoft.NETCore.App.Ref\10.0.1\ref\net10.0\System.Formats.Tar.dll" /reference:"C:\Program Files\dotnet\packs\Microsoft.NETCore.App.Ref\10.0.1\ref\net10.0\System.Globalization.Calendars.dll" /reference:"C:\Program Files\dotnet\packs\Microsoft.NETCore.App.Ref\10.0.1\ref\net10.0\System.Globalization.dll" /reference:"C:\Program Files\dotnet\packs\Microsoft.NETCore.App.Ref\10.0.1\ref\net10.0\System.Globalization.Extensions.dll" /reference:C:\Users\natth\.nuget\packages\system.identitymodel.tokens.jwt\8.15.0\lib\net10.0\System.IdentityModel.Tokens.Jwt.dll /reference:"C:\Program Files\dotnet\packs\Microsoft.NETCore.App.Ref\10.0.1\ref\net10.0\System.IO.Compression.Brotli.dll" /reference:"C:\Program Files\dotnet\packs\Microsoft.NETCore.App.Ref\10.0.1\ref\net10.0\System.IO.Compression.dll" /reference:"C:\Program Files\dotnet\packs\Microsoft.NETCore.App.Ref\10.0.1\ref\net10.0\System.IO.Compression.FileSystem.dll" /reference:"C:\Program Files\dotnet\packs\Microsoft.NETCore.App.Ref\10.0.1\ref\net10.0\System.IO.Compression.ZipFile.dll" /reference:"C:\Program Files\dotnet\packs\Microsoft.NETCore.App.Ref\10.0.1\ref\net10.0\System.IO.dll" /reference:"C:\Program Files\dotnet\packs\Microsoft.NETCore.App.Ref\10.0.1\ref\net10.0\System.IO.FileSystem.AccessControl.dll" /reference:"C:\Program Files\dotnet\packs\Microsoft.NETCore.App.Ref\10.0.1\ref\net10.0\System.IO.FileSystem.dll" /reference:"C:\Program Files\dotnet\packs\Microsoft.NETCore.App.Ref\10.0.1\ref\net10.0\System.IO.FileSystem.DriveInfo.dll" /reference:"C:\Program Files\dotnet\packs\Microsoft.NETCore.App.Ref\10.0.1\ref\net10.0\System.IO.FileSystem.Primitives.dll" /reference:"C:\Program Files\dotnet\packs\Microsoft.NETCore.App.Ref\10.0.1\ref\net10.0\System.IO.FileSystem.Watcher.dll" /reference:C:\Users\natth\.nuget\packages\system.io.hashing\9.0.10\lib\net9.0\System.IO.Hashing.dll /reference:"C:\Program Files\dotnet\packs\Microsoft.NETCore.App.Ref\10.0.1\ref\net10.0\System.IO.IsolatedStorage.dll" /reference:"C:\Program Files\dotnet\packs\Microsoft.NETCore.App.Ref\10.0.1\ref\net10.0\System.IO.MemoryMappedFiles.dll" /reference:"C:\Program Files\dotnet\packs\Microsoft.NETCore.App.Ref\10.0.1\ref\net10.0\System.IO.Pipelines.dll" /reference:"C:\Program Files\dotnet\packs\Microsoft.NETCore.App.Ref\10.0.1\ref\net10.0\System.IO.Pipes.AccessControl.dll" /reference:"C:\Program Files\dotnet\packs\Microsoft.NETCore.App.Ref\10.0.1\ref\net10.0\System.IO.Pipes.dll" /reference:"C:\Program Files\dotnet\packs\Microsoft.NETCore.App.Ref\10.0.1\ref\net10.0\System.IO.UnmanagedMemoryStream.dll" /reference:"C:\Program Files\dotnet\packs\Microsoft.NETCore.App.Ref\10.0.1\ref\net10.0\System.Linq.AsyncEnumerable.dll" /reference:"C:\Program Files\dotnet\packs\Microsoft.NETCore.App.Ref\10.0.1\ref\net10.0\System.Linq.dll" /reference:"C:\Program Files\dotnet\packs\Microsoft.NETCore.App.Ref\10.0.1\ref\net10.0\System.Linq.Expressions.dll" /reference:"C:\Program Files\dotnet\packs\Microsoft.NETCore.App.Ref\10.0.1\ref\net10.0\System.Linq.Parallel.dll" /reference:"C:\Program Files\dotnet\packs\Microsoft.NETCore.App.Ref\10.0.1\ref\net10.0\System.Linq.Queryable.dll" /reference:"C:\Program Files\dotnet\packs\Microsoft.NETCore.App.Ref\10.0.1\ref\net10.0\System.Memory.dll" /reference:"C:\Program Files\dotnet\packs\Microsoft.NETCore.App.Ref\10.0.1\ref\net10.0\System.Net.dll" /reference:"C:\Program Files\dotnet\packs\Microsoft.NETCore.App.Ref\10.0.1\ref\net10.0\System.Net.Http.dll" /reference:"C:\Program Files\dotnet\packs\Microsoft.NETCore.App.Ref\10.0.1\ref\net10.0\System.Net.Http.Json.dll" /reference:"C:\Program Files\dotnet\packs\Microsoft.NETCore.App.Ref\10.0.1\ref\net10.0\System.Net.HttpListener.dll" /reference:"C:\Program Files\dotnet\packs\Microsoft.NETCore.App.Ref\10.0.1\ref\net10.0\System.Net.Mail.dll" /reference:"C:\Program Files\dotnet\packs\Microsoft.NETCore.App.Ref\10.0.1\ref\net10.0\System.Net.NameResolution.dll" /reference:"C:\Program Files\dotnet\packs\Microsoft.NETCore.App.Ref\10.0.1\ref\net10.0\System.Net.NetworkInformation.dll" /reference:"C:\Program Files\dotnet\packs\Microsoft.NETCore.App.Ref\10.0.1\ref\net10.0\System.Net.Ping.dll" /reference:"C:\Program Files\dotnet\packs\Microsoft.NETCore.App.Ref\10.0.1\ref\net10.0\System.Net.Primitives.dll" /reference:"C:\Program Files\dotnet\packs\Microsoft.NETCore.App.Ref\10.0.1\ref\net10.0\System.Net.Quic.dll" /reference:"C:\Program Files\dotnet\packs\Microsoft.NETCore.App.Ref\10.0.1\ref\net10.0\System.Net.Requests.dll" /reference:"C:\Program Files\dotnet\packs\Microsoft.NETCore.App.Ref\10.0.1\ref\net10.0\System.Net.Security.dll" /reference:"C:\Program Files\dotnet\packs\Microsoft.NETCore.App.Ref\10.0.1\ref\net10.0\System.Net.ServerSentEvents.dll" /reference:"C:\Program Files\dotnet\packs\Microsoft.NETCore.App.Ref\10.0.1\ref\net10.0\System.Net.ServicePoint.dll" /reference:"C:\Program Files\dotnet\packs\Microsoft.NETCore.App.Ref\10.0.1\ref\net10.0\System.Net.Sockets.dll" /reference:"C:\Program Files\dotnet\packs\Microsoft.NETCore.App.Ref\10.0.1\ref\net10.0\System.Net.WebClient.dll" /reference:"C:\Program Files\dotnet\packs\Microsoft.NETCore.App.Ref\10.0.1\ref\net10.0\System.Net.WebHeaderCollection.dll" /reference:"C:\Program Files\dotnet\packs\Microsoft.NETCore.App.Ref\10.0.1\ref\net10.0\System.Net.WebProxy.dll" /reference:"C:\Program Files\dotnet\packs\Microsoft.NETCore.App.Ref\10.0.1\ref\net10.0\System.Net.WebSockets.Client.dll" /reference:"C:\Program Files\dotnet\packs\Microsoft.NETCore.App.Ref\10.0.1\ref\net10.0\System.Net.WebSockets.dll" /reference:"C:\Program Files\dotnet\packs\Microsoft.NETCore.App.Ref\10.0.1\ref\net10.0\System.Numerics.dll" /reference:"C:\Program Files\dotnet\packs\Microsoft.NETCore.App.Ref\10.0.1\ref\net10.0\System.Numerics.Vectors.dll" /reference:"C:\Program Files\dotnet\packs\Microsoft.NETCore.App.Ref\10.0.1\ref\net10.0\System.ObjectModel.dll" /reference:"C:\Program Files\dotnet\packs\Microsoft.NETCore.App.Ref\10.0.1\ref\net10.0\System.Reflection.DispatchProxy.dll" /reference:"C:\Program Files\dotnet\packs\Microsoft.NETCore.App.Ref\10.0.1\ref\net10.0\System.Reflection.dll" /reference:"C:\Program Files\dotnet\packs\Microsoft.NETCore.App.Ref\10.0.1\ref\net10.0\System.Reflection.Emit.dll" /reference:"C:\Program Files\dotnet\packs\Microsoft.NETCore.App.Ref\10.0.1\ref\net10.0\System.Reflection.Emit.ILGeneration.dll" /reference:"C:\Program Files\dotnet\packs\Microsoft.NETCore.App.Ref\10.0.1\ref\net10.0\System.Reflection.Emit.Lightweight.dll" /reference:"C:\Program Files\dotnet\packs\Microsoft.NETCore.App.Ref\10.0.1\ref\net10.0\System.Reflection.Extensions.dll" /reference:"C:\Program Files\dotnet\packs\Microsoft.NETCore.App.Ref\10.0.1\ref\net10.0\System.Reflection.Metadata.dll" /reference:"C:\Program Files\dotnet\packs\Microsoft.NETCore.App.Ref\10.0.1\ref\net10.0\System.Reflection.Primitives.dll" /reference:"C:\Program Files\dotnet\packs\Microsoft.NETCore.App.Ref\10.0.1\ref\net10.0\System.Reflection.TypeExtensions.dll" /reference:"C:\Program Files\dotnet\packs\Microsoft.NETCore.App.Ref\10.0.1\ref\net10.0\System.Resources.Reader.dll" /reference:"C:\Program Files\dotnet\packs\Microsoft.NETCore.App.Ref\10.0.1\ref\net10.0\System.Resources.ResourceManager.dll" /reference:"C:\Program Files\dotnet\packs\Microsoft.NETCore.App.Ref\10.0.1\ref\net10.0\System.Resources.Writer.dll" /reference:"C:\Program Files\dotnet\packs\Microsoft.NETCore.App.Ref\10.0.1\ref\net10.0\System.Runtime.CompilerServices.Unsafe.dll" /reference:"C:\Program Files\dotnet\packs\Microsoft.NETCore.App.Ref\10.0.1\ref\net10.0\System.Runtime.CompilerServices.VisualC.dll" /reference:"C:\Program Files\dotnet\packs\Microsoft.NETCore.App.Ref\10.0.1\ref\net10.0\System.Runtime.dll" /reference:"C:\Program Files\dotnet\packs\Microsoft.NETCore.App.Ref\10.0.1\ref\net10.0\System.Runtime.Extensions.dll" /reference:"C:\Program Files\dotnet\packs\Microsoft.NETCore.App.Ref\10.0.1\ref\net10.0\System.Runtime.Handles.dll" /reference:"C:\Program Files\dotnet\packs\Microsoft.NETCore.App.Ref\10.0.1\ref\net10.0\System.Runtime.InteropServices.dll" /reference:"C:\Program Files\dotnet\packs\Microsoft.NETCore.App.Ref\10.0.1\ref\net10.0\System.Runtime.InteropServices.JavaScript.dll" /reference:"C:\Program Files\dotnet\packs\Microsoft.NETCore.App.Ref\10.0.1\ref\net10.0\System.Runtime.InteropServices.RuntimeInformation.dll" /reference:"C:\Program Files\dotnet\packs\Microsoft.NETCore.App.Ref\10.0.1\ref\net10.0\System.Runtime.Intrinsics.dll" /reference:"C:\Program Files\dotnet\packs\Microsoft.NETCore.App.Ref\10.0.1\ref\net10.0\System.Runtime.Loader.dll" /reference:"C:\Program Files\dotnet\packs\Microsoft.NETCore.App.Ref\10.0.1\ref\net10.0\System.Runtime.Numerics.dll" /reference:"C:\Program Files\dotnet\packs\Microsoft.NETCore.App.Ref\10.0.1\ref\net10.0\System.Runtime.Serialization.dll" /reference:"C:\Program Files\dotnet\packs\Microsoft.NETCore.App.Ref\10.0.1\ref\net10.0\System.Runtime.Serialization.Formatters.dll" /reference:"C:\Program Files\dotnet\packs\Microsoft.NETCore.App.Ref\10.0.1\ref\net10.0\System.Runtime.Serialization.Json.dll" /reference:"C:\Program Files\dotnet\packs\Microsoft.NETCore.App.Ref\10.0.1\ref\net10.0\System.Runtime.Serialization.Primitives.dll" /reference:"C:\Program Files\dotnet\packs\Microsoft.NETCore.App.Ref\10.0.1\ref\net10.0\System.Runtime.Serialization.Xml.dll" /reference:"C:\Program Files\dotnet\packs\Microsoft.NETCore.App.Ref\10.0.1\ref\net10.0\System.Security.AccessControl.dll" /reference:"C:\Program Files\dotnet\packs\Microsoft.NETCore.App.Ref\10.0.1\ref\net10.0\System.Security.Claims.dll" /reference:"C:\Program Files\dotnet\packs\Microsoft.NETCore.App.Ref\10.0.1\ref\net10.0\System.Security.Cryptography.Algorithms.dll" /reference:"C:\Program Files\dotnet\packs\Microsoft.NETCore.App.Ref\10.0.1\ref\net10.0\System.Security.Cryptography.Cng.dll" /reference:"C:\Program Files\dotnet\packs\Microsoft.NETCore.App.Ref\10.0.1\ref\net10.0\System.Security.Cryptography.Csp.dll" /reference:"C:\Program Files\dotnet\packs\Microsoft.NETCore.App.Ref\10.0.1\ref\net10.0\System.Security.Cryptography.dll" /reference:"C:\Program Files\dotnet\packs\Microsoft.NETCore.App.Ref\10.0.1\ref\net10.0\System.Security.Cryptography.Encoding.dll" /reference:"C:\Program Files\dotnet\packs\Microsoft.NETCore.App.Ref\10.0.1\ref\net10.0\System.Security.Cryptography.OpenSsl.dll" /reference:"C:\Program Files\dotnet\packs\Microsoft.NETCore.App.Ref\10.0.1\ref\net10.0\System.Security.Cryptography.Primitives.dll" /reference:"C:\Program Files\dotnet\packs\Microsoft.NETCore.App.Ref\10.0.1\ref\net10.0\System.Security.Cryptography.X509Certificates.dll" /reference:"C:\Program Files\dotnet\packs\Microsoft.AspNetCore.App.Ref\10.0.1\ref\net10.0\System.Security.Cryptography.Xml.dll" /reference:"C:\Program Files\dotnet\packs\Microsoft.NETCore.App.Ref\10.0.1\ref\net10.0\System.Security.dll" /reference:"C:\Program Files\dotnet\packs\Microsoft.NETCore.App.Ref\10.0.1\ref\net10.0\System.Security.Principal.dll" /reference:"C:\Program Files\dotnet\packs\Microsoft.NETCore.App.Ref\10.0.1\ref\net10.0\System.Security.Principal.Windows.dll" /reference:"C:\Program Files\dotnet\packs\Microsoft.NETCore.App.Ref\10.0.1\ref\net10.0\System.Security.SecureString.dll" /reference:"C:\Program Files\dotnet\packs\Microsoft.NETCore.App.Ref\10.0.1\ref\net10.0\System.ServiceModel.Web.dll" /reference:"C:\Program Files\dotnet\packs\Microsoft.NETCore.App.Ref\10.0.1\ref\net10.0\System.ServiceProcess.dll" /reference:"C:\Program Files\dotnet\packs\Microsoft.NETCore.App.Ref\10.0.1\ref\net10.0\System.Text.Encoding.CodePages.dll" /reference:"C:\Program Files\dotnet\packs\Microsoft.NETCore.App.Ref\10.0.1\ref\net10.0\System.Text.Encoding.dll" /reference:"C:\Program Files\dotnet\packs\Microsoft.NETCore.App.Ref\10.0.1\ref\net10.0\System.Text.Encoding.Extensions.dll" /reference:"C:\Program Files\dotnet\packs\Microsoft.NETCore.App.Ref\10.0.1\ref\net10.0\System.Text.Encodings.Web.dll" /reference:"C:\Program Files\dotnet\packs\Microsoft.NETCore.App.Ref\10.0.1\ref\net10.0\System.Text.Json.dll" /reference:"C:\Program Files\dotnet\packs\Microsoft.NETCore.App.Ref\10.0.1\ref\net10.0\System.Text.RegularExpressions.dll" /reference:"C:\Program Files\dotnet\packs\Microsoft.NETCore.App.Ref\10.0.1\ref\net10.0\System.Threading.AccessControl.dll" /reference:"C:\Program Files\dotnet\packs\Microsoft.NETCore.App.Ref\10.0.1\ref\net10.0\System.Threading.Channels.dll" /reference:"C:\Program Files\dotnet\packs\Microsoft.NETCore.App.Ref\10.0.1\ref\net10.0\System.Threading.dll" /reference:"C:\Program Files\dotnet\packs\Microsoft.NETCore.App.Ref\10.0.1\ref\net10.0\System.Threading.Overlapped.dll" /reference:"C:\Program Files\dotnet\packs\Microsoft.AspNetCore.App.Ref\10.0.1\ref\net10.0\System.Threading.RateLimiting.dll" /reference:"C:\Program Files\dotnet\packs\Microsoft.NETCore.App.Ref\10.0.1\ref\net10.0\System.Threading.Tasks.Dataflow.dll" /reference:"C:\Program Files\dotnet\packs\Microsoft.NETCore.App.Ref\10.0.1\ref\net10.0\System.Threading.Tasks.dll" /reference:"C:\Program Files\dotnet\packs\Microsoft.NETCore.App.Ref\10.0.1\ref\net10.0\System.Threading.Tasks.Extensions.dll" /reference:"C:\Program Files\dotnet\packs\Microsoft.NETCore.App.Ref\10.0.1\ref\net10.0\System.Threading.Tasks.Parallel.dll" /reference:"C:\Program Files\dotnet\packs\Microsoft.NETCore.App.Ref\10.0.1\ref\net10.0\System.Threading.Thread.dll" /reference:"C:\Program Files\dotnet\packs\Microsoft.NETCore.App.Ref\10.0.1\ref\net10.0\System.Threading.ThreadPool.dll" /reference:"C:\Program Files\dotnet\packs\Microsoft.NETCore.App.Ref\10.0.1\ref\net10.0\System.Threading.Timer.dll" /reference:"C:\Program Files\dotnet\packs\Microsoft.NETCore.App.Ref\10.0.1\ref\net10.0\System.Transactions.dll" /reference:"C:\Program Files\dotnet\packs\Microsoft.NETCore.App.Ref\10.0.1\ref\net10.0\System.Transactions.Local.dll" /reference:"C:\Program Files\dotnet\packs\Microsoft.NETCore.App.Ref\10.0.1\ref\net10.0\System.ValueTuple.dll" /reference:"C:\Program Files\dotnet\packs\Microsoft.NETCore.App.Ref\10.0.1\ref\net10.0\System.Web.dll" /reference:"C:\Program Files\dotnet\packs\Microsoft.NETCore.App.Ref\10.0.1\ref\net10.0\System.Web.HttpUtility.dll" /reference:"C:\Program Files\dotnet\packs\Microsoft.NETCore.App.Ref\10.0.1\ref\net10.0\System.Windows.dll" /reference:"C:\Program Files\dotnet\packs\Microsoft.NETCore.App.Ref\10.0.1\ref\net10.0\System.Xml.dll" /reference:"C:\Program Files\dotnet\packs\Microsoft.NETCore.App.Ref\10.0.1\ref\net10.0\System.Xml.Linq.dll" /reference:"C:\Program Files\dotnet\packs\Microsoft.NETCore.App.Ref\10.0.1\ref\net10.0\System.Xml.ReaderWriter.dll" /reference:"C:\Program Files\dotnet\packs\Microsoft.NETCore.App.Ref\10.0.1\ref\net10.0\System.Xml.Serialization.dll" /reference:"C:\Program Files\dotnet\packs\Microsoft.NETCore.App.Ref\10.0.1\ref\net10.0\System.Xml.XDocument.dll" /reference:"C:\Program Files\dotnet\packs\Microsoft.NETCore.App.Ref\10.0.1\ref\net10.0\System.Xml.XmlDocument.dll" /reference:"C:\Program Files\dotnet\packs\Microsoft.NETCore.App.Ref\10.0.1\ref\net10.0\System.Xml.XmlSerializer.dll" /reference:"C:\Program Files\dotnet\packs\Microsoft.NETCore.App.Ref\10.0.1\ref\net10.0\System.Xml.XPath.dll" /reference:"C:\Program Files\dotnet\packs\Microsoft.NETCore.App.Ref\10.0.1\ref\net10.0\System.Xml.XPath.XDocument.dll" /reference:"C:\Program Files\dotnet\packs\Microsoft.NETCore.App.Ref\10.0.1\ref\net10.0\WindowsBase.dll" /features:"InterceptorsNamespaces=;Microsoft.AspNetCore.OpenApi.Generated;;Microsoft.Extensions.Validation.Generated" /debug+ /debug:portable /filealign:512 /optimize+ /out:obj\Release\net10.0\Maliev.IAMService.Api.dll /refout:obj\Release\net10.0\refint\Maliev.IAMService.Api.dll /target:exe /warnaserror+ /utf8output /deterministic+ /sourcelink:obj\Release\net10.0\Maliev.IAMService.Api.sourcelink.json /langversion:14.0 /features:use-roslyn-tokenizer=true /embed:obj\Release\net10.0\Maliev.IAMService.Api.GlobalUsings.g.cs /embed:"obj\Release\net10.0\.NETCoreApp,Version=v10.0.AssemblyAttributes.cs" /embed:obj\Release\net10.0\Maliev.IAMService.Api.AssemblyInfo.cs /embed:obj\Release\net10.0\Maliev.IAMService.Api.MvcApplicationPartsAssemblyInfo.cs /analyzerconfig:obj\Release\net10.0\Maliev.IAMService.Api.GeneratedMSBuildEditorConfig.editorconfig /analyzerconfig:"C:\Program Files\dotnet\sdk\10.0.101\Sdks\Microsoft.NET.Sdk\analyzers\build\config\analysislevel_10_default.globalconfig" /analyzer:"C:\Program Files\dotnet\sdk\10.0.101\Sdks\Microsoft.NET.Sdk.Web\analyzers\cs\Microsoft.AspNetCore.Analyzers.dll" /analyzer:"C:\Program Files\dotnet\sdk\10.0.101\Sdks\Microsoft.NET.Sdk.Web\analyzers\cs\Microsoft.AspNetCore.Mvc.Analyzers.dll" /analyzer:"C:\Program Files\dotnet\sdk\10.0.101\Sdks\Microsoft.NET.Sdk\targets\..\analyzers\Microsoft.CodeAnalysis.CSharp.NetAnalyzers.dll" /analyzer:"C:\Program Files\dotnet\sdk\10.0.101\Sdks\Microsoft.NET.Sdk\targets\..\analyzers\Microsoft.CodeAnalysis.NetAnalyzers.dll" /analyzer:C:\Users\natth\.nuget\packages\microsoft.aspnetcore.openapi\10.0.1\analyzers\dotnet\cs\Microsoft.AspNetCore.OpenApi.SourceGenerators.dll /analyzer:C:\Users\natth\.nuget\packages\microsoft.codeanalysis.analyzers\3.11.0\analyzers\dotnet\cs\Microsoft.CodeAnalysis.Analyzers.dll /analyzer:C:\Users\natth\.nuget\packages\microsoft.codeanalysis.analyzers\3.11.0\analyzers\dotnet\cs\Microsoft.CodeAnalysis.CSharp.Analyzers.dll /analyzer:C:\Users\natth\.nuget\packages\microsoft.entityframeworkcore.analyzers\10.0.1\analyzers\dotnet\cs\Microsoft.EntityFrameworkCore.Analyzers.dll /analyzer:C:\Users\natth\.nuget\packages\microsoft.extensions.telemetry.abstractions\10.1.0\analyzers\dotnet\cs\Microsoft.Gen.Logging.dll /analyzer:C:\Users\natth\.nuget\packages\microsoft.extensions.telemetry.abstractions\10.1.0\analyzers\dotnet\cs\Microsoft.Gen.Metrics.dll /analyzer:"C:\Program Files\dotnet\packs\Microsoft.NETCore.App.Ref\10.0.1\analyzers/dotnet/cs/Microsoft.Interop.ComInterfaceGenerator.dll" /analyzer:"C:\Program Files\dotnet\packs\Microsoft.NETCore.App.Ref\10.0.1\analyzers/dotnet/cs/Microsoft.Interop.JavaScript.JSImportGenerator.dll" /analyzer:"C:\Program Files\dotnet\packs\Microsoft.NETCore.App.Ref\10.0.1\analyzers/dotnet/cs/Microsoft.Interop.LibraryImportGenerator.dll" /analyzer:"C:\Program Files\dotnet\packs\Microsoft.NETCore.App.Ref\10.0.1\analyzers/dotnet/cs/Microsoft.Interop.SourceGeneration.dll" /analyzer:"C:\Program Files\dotnet\packs\Microsoft.NETCore.App.Ref\10.0.1\analyzers/dotnet/cs/System.Text.Json.SourceGeneration.dll" /analyzer:"C:\Program Files\dotnet\packs\Microsoft.NETCore.App.Ref\10.0.1\analyzers/dotnet/cs/System.Text.RegularExpressions.Generator.dll" /analyzer:"C:\Program Files\dotnet\packs\Microsoft.AspNetCore.App.Ref\10.0.1\analyzers/dotnet/cs/Microsoft.AspNetCore.App.Analyzers.dll" /analyzer:"C:\Program Files\dotnet\packs\Microsoft.AspNetCore.App.Ref\10.0.1\analyzers/dotnet/cs/Microsoft.AspNetCore.App.CodeFixes.dll" /analyzer:"C:\Program Files\dotnet\packs\Microsoft.AspNetCore.App.Ref\10.0.1\analyzers/dotnet/cs/Microsoft.AspNetCore.App.SourceGenerators.dll" /analyzer:"C:\Program Files\dotnet\packs\Microsoft.AspNetCore.App.Ref\10.0.1\analyzers/dotnet/cs/Microsoft.AspNetCore.Components.Analyzers.dll" /analyzer:"C:\Program Files\dotnet\packs\Microsoft.AspNetCore.App.Ref\10.0.1\analyzers/dotnet/cs/Microsoft.Extensions.Validation.ValidationsGenerator.dll" /analyzer:"C:\Program Files\dotnet\packs\Microsoft.AspNetCore.App.Ref\10.0.1\analyzers/dotnet/cs/Microsoft.Extensions.Options.SourceGeneration.dll" /analyzer:"C:\Program Files\dotnet\sdk\10.0.101\Sdks\Microsoft.NET.Sdk.Razor\targets\..\source-generators\Microsoft.AspNetCore.Razor.Utilities.Shared.dll" /analyzer:"C:\Program Files\dotnet\sdk\10.0.101\Sdks\Microsoft.NET.Sdk.Razor\targets\..\source-generators\Microsoft.CodeAnalysis.Razor.Compiler.dll" /analyzer:"C:\Program Files\dotnet\sdk\10.0.101\Sdks\Microsoft.NET.Sdk.Razor\targets\..\source-generators\Microsoft.Extensions.ObjectPool.dll" Authorization\IAMPermissions.cs Authorization\Permissions.cs Authorization\RequirePermissionAttribute.cs Authorization\ServiceAccountAuthHandler.cs Controllers\AuditController.cs Controllers\AuthController.cs Controllers\BindingsController.cs Controllers\PermissionsController.cs Controllers\PrincipalsController.cs Controllers\RolesController.cs Events\PermissionChangedEventConsumer.cs Events\RoleUpdatedEventConsumer.cs Health\IAMReadinessHealthCheck.cs Models\Requests\AuditLogQueryRequest.cs Models\Requests\BulkCheckPermissionRequest.cs Models\Requests\CheckPermissionRequest.cs Models\Requests\CreateCustomRoleRequest.cs Models\Requests\CreateServiceAccountRequest.cs Models\Requests\CreateUserPrincipalRequest.cs Models\Requests\GrantRoleRequest.cs Models\Requests\IssueTokenRequest.cs Models\Requests\RefreshTokenRequest.cs Models\Requests\RegisterPermissionsRequest.cs Models\Requests\RegisterRolesRequest.cs Models\Requests\ResolvePermissionsRequest.cs Models\Requests\RevokeRoleRequest.cs Models\Requests\UpdateRoleRequest.cs Models\Responses\AuditLogEntryResponse.cs Models\Responses\CheckPermissionResponse.cs Models\Responses\EffectivePermissionsResponse.cs Models\Responses\PermissionResponse.cs Models\Responses\ResolvePermissionsResponse.cs Models\Responses\RoleBindingResponse.cs Models\Responses\RoleResponse.cs Models\Responses\RotateApiKeyResponse.cs Models\Responses\ServiceAccountResponse.cs Models\Responses\TokenResponse.cs Program.cs Services\AuditService.cs Services\BindingService.cs Services\CacheService.cs Services\PermissionResolver.cs Services\PermissionService.cs Services\PrincipalService.cs Services\RoleService.cs Services\TokenService.cs Validators\PermissionFormatValidator.cs obj\Release\net10.0\Maliev.IAMService.Api.GlobalUsings.g.cs "obj\Release\net10.0\.NETCoreApp,Version=v10.0.AssemblyAttributes.cs" obj\Release\net10.0\Maliev.IAMService.Api.AssemblyInfo.cs obj\Release\net10.0\Maliev.IAMService.Api.MvcApplicationPartsAssemblyInfo.cs /warnaserror+:NU1605,SYSLIB0011'
         Attempt to open named pipe 'ZGwNmUWA51NPPPrqGN4xIry+MnXTyvCLW3XiTwSunRY'
         Attempt to connect named pipe 'ZGwNmUWA51NPPPrqGN4xIry+MnXTyvCLW3XiTwSunRY'
         Named pipe 'ZGwNmUWA51NPPPrqGN4xIry+MnXTyvCLW3XiTwSunRY' connected
         Begin writing request for Maliev.IAMService.Api (net10.0)
         End writing request for Maliev.IAMService.Api (net10.0)
         Begin reading response for Maliev.IAMService.Api (net10.0)
         End reading response for Maliev.IAMService.Api (net10.0)
         CompilerServer: server - server processed compilation - Maliev.IAMService.Api (net10.0)
       _ProcessScopedCssFiles:
       Skipping target "_ProcessScopedCssFiles" because it has no outputs.
       _ProcessScopedCssFiles:
       Skipping target "_ProcessScopedCssFiles" because it has no outputs.
       _BuildCopyStaticWebAssetsPreserveNewest:
       Skipping target "_BuildCopyStaticWebAssetsPreserveNewest" because it has no outputs.
       _CopyFilesMarkedCopyLocal:
         Copying file from "B:\maliev\Maliev.Aspire\Maliev.Aspire.ServiceDefaults\bin\Debug\net10.0\Maliev.Aspire.ServiceDefaults.pdb" to "B:\maliev\Maliev.IAMService\Maliev.IAMService.Api\bin\Release\net10.0\Maliev.Aspire.ServiceDefaults.pdb".
         Copying file from "B:\maliev\Maliev.IAMService\Maliev.IAMService.Data\bin\Release\net10.0\Maliev.IAMService.Data.xml" to "B:\maliev\Maliev.IAMService\Maliev.IAMService.Api\bin\Release\net10.0\Maliev.IAMService.Data.xml".
         Copying file from "B:\maliev\Maliev.IAMService\Maliev.IAMService.Data\bin\Release\net10.0\Maliev.IAMService.Data.pdb" to "B:\maliev\Maliev.IAMService\Maliev.IAMService.Api\bin\Release\net10.0\Maliev.IAMService.Data.pdb".
         Copying file from "B:\maliev\Maliev.Aspire\Maliev.Aspire.ServiceDefaults\bin\Debug\net10.0\Maliev.Aspire.ServiceDefaults.dll" to "B:\maliev\Maliev.IAMService\Maliev.IAMService.Api\bin\Release\net10.0\Maliev.Aspire.ServiceDefaults.dll".
         Copying file from "B:\maliev\Maliev.IAMService\Maliev.IAMService.Data\bin\Release\net10.0\Maliev.IAMService.Data.dll" to "B:\maliev\Maliev.IAMService\Maliev.IAMService.Api\bin\Release\net10.0\Maliev.IAMService.Data.dll".
         Touching "B:\maliev\Maliev.IAMService\Maliev.IAMService.Api\obj\Release\net10.0\Maliev.I.87E4958D.Up2Date".
       _CopyOutOfDateSourceItemsToOutputDirectory:
       Building target "_CopyOutOfDateSourceItemsToOutputDirectory" partially, because some output files are out of date with respect to their input files.
         Copying file from "B:\maliev\Maliev.IAMService\Maliev.IAMService.Api\obj\Release\net10.0\apphost.exe" to "B:\maliev\Maliev.IAMService\Maliev.IAMService.Api\bin\Release\net10.0\Maliev.IAMService.Api.exe".
       CopyFilesToOutputDirectory:
         Copying file from "B:\maliev\Maliev.IAMService\Maliev.IAMService.Api\obj\Release\net10.0\Maliev.IAMService.Api.dll" to "B:\maliev\Maliev.IAMService\Maliev.IAMService.Api\bin\Release\net10.0\Maliev.IAMService.Api.dll".
         Copying reference assembly from "obj\Release\net10.0\refint\Maliev.IAMService.Api.dll" to "B:\maliev\Maliev.IAMService\Maliev.IAMService.Api\obj\Release\net10.0\ref\Maliev.IAMService.Api.dll".
         Maliev.IAMService.Api -> B:\maliev\Maliev.IAMService\Maliev.IAMService.Api\bin\Release\net10.0\Maliev.IAMService.Api.dll
         Copying file from "B:\maliev\Maliev.IAMService\Maliev.IAMService.Api\obj\Release\net10.0\Maliev.IAMService.Api.pdb" to "B:\maliev\Maliev.IAMService\Maliev.IAMService.Api\bin\Release\net10.0\Maliev.IAMService.Api.pdb".
         Copying file from "B:\maliev\Maliev.IAMService\Maliev.IAMService.Api\obj\Release\net10.0\Maliev.IAMService.Api.xml" to "B:\maliev\Maliev.IAMService\Maliev.IAMService.Api\bin\Release\net10.0\Maliev.IAMService.Api.xml".
     2>Done Building Project "B:\maliev\Maliev.IAMService\Maliev.IAMService.Api\Maliev.IAMService.Api.csproj" (default targets).
     5>GenerateTargetFrameworkMonikerAttribute:
       Skipping target "GenerateTargetFrameworkMonikerAttribute" because all output files are up-to-date with respect to the input files.
       _GenerateSourceLinkFile:
         Updating Source Link file 'obj\Release\net10.0\Maliev.IAMService.Tests.sourcelink.json'.
       CoreCompile:
         Setting DOTNET_ROOT to 'C:\Program Files\dotnet'
         C:\Program Files\dotnet\sdk\10.0.101\Roslyn\bincore\csc.exe /noconfig /unsafe- /checked- /nowarn:1701,1702,1701,1702 /fullpaths /nostdlib+ /errorreport:prompt /warn:10 /define:TRACE;RELEASE;NET;NET10_0;NETCOREAPP;NET5_0_OR_GREATER;NET6_0_OR_GREATER;NET7_0_OR_GREATER;NET8_0_OR_GREATER;NET9_0_OR_GREATER;NET10_0_OR_GREATER;NETCOREAPP1_0_OR_GREATER;NETCOREAPP1_1_OR_GREATER;NETCOREAPP2_0_OR_GREATER;NETCOREAPP2_1_OR_GREATER;NETCOREAPP2_2_OR_GREATER;NETCOREAPP3_0_OR_GREATER;NETCOREAPP3_1_OR_GREATER /highentropyva+ /nullable:enable /reference:C:\Users\natth\.nuget\packages\asp.versioning.abstractions\8.1.0\lib\net8.0\Asp.Versioning.Abstractions.dll /reference:C:\Users\natth\.nuget\packages\asp.versioning.http\8.1.0\lib\net8.0\Asp.Versioning.Http.dll /reference:C:\Users\natth\.nuget\packages\asp.versioning.mvc.apiexplorer\8.1.0\lib\net8.0\Asp.Versioning.Mvc.ApiExplorer.dll /reference:C:\Users\natth\.nuget\packages\asp.versioning.mvc\8.1.0\lib\net8.0\Asp.Versioning.Mvc.dll /reference:C:\Users\natth\.nuget\packages\docker.dotnet.enhanced\3.126.1\lib\net9.0\Docker.DotNet.dll /reference:C:\Users\natth\.nuget\packages\docker.dotnet.enhanced.x509\3.126.1\lib\net9.0\Docker.DotNet.X509.dll /reference:C:\Users\natth\.nuget\packages\aspnetcore.healthchecks.npgsql\9.0.0\lib\net8.0\HealthChecks.NpgSql.dll /reference:C:\Users\natth\.nuget\packages\aspnetcore.healthchecks.rabbitmq\9.0.0\lib\net8.0\HealthChecks.Rabbitmq.dll /reference:C:\Users\natth\.nuget\packages\aspnetcore.healthchecks.redis\9.0.0\lib\net8.0\HealthChecks.Redis.dll /reference:C:\Users\natth\.nuget\packages\aspnetcore.healthchecks.ui.client\9.0.0\lib\net8.0\HealthChecks.UI.Client.dll /reference:C:\Users\natth\.nuget\packages\aspnetcore.healthchecks.ui.core\9.0.0\lib\net8.0\HealthChecks.UI.Core.dll /reference:C:\Users\natth\.nuget\packages\sharpziplib\1.4.2\lib\net6.0\ICSharpCode.SharpZipLib.dll /reference:B:\maliev\Maliev.Aspire\Maliev.Aspire.ServiceDefaults\obj\Debug\net10.0\ref\Maliev.Aspire.ServiceDefaults.dll /reference:B:\maliev\Maliev.IAMService\Maliev.IAMService.Api\obj\Release\net10.0\ref\Maliev.IAMService.Api.dll /reference:B:\maliev\Maliev.IAMService\Maliev.IAMService.Data\obj\Release\net10.0\ref\Maliev.IAMService.Data.dll /reference:C:\Users\natth\.nuget\packages\maliev.messagingcontracts\1.0.20\lib\net10.0\Maliev.MessagingContracts.dll /reference:C:\Users\natth\.nuget\packages\masstransit.abstractions\8.5.7\lib\net10.0\MassTransit.Abstractions.dll /reference:C:\Users\natth\.nuget\packages\masstransit\8.5.7\lib\net10.0\MassTransit.dll /reference:C:\Users\natth\.nuget\packages\masstransit.rabbitmq\8.5.7\lib\net10.0\MassTransit.RabbitMqTransport.dll /reference:"C:\Program Files\dotnet\packs\Microsoft.AspNetCore.App.Ref\10.0.1\ref\net10.0\Microsoft.AspNetCore.Antiforgery.dll" /reference:"C:\Program Files\dotnet\packs\Microsoft.AspNetCore.App.Ref\10.0.1\ref\net10.0\Microsoft.AspNetCore.Authentication.Abstractions.dll" /reference:"C:\Program Files\dotnet\packs\Microsoft.AspNetCore.App.Ref\10.0.1\ref\net10.0\Microsoft.AspNetCore.Authentication.BearerToken.dll" /reference:"C:\Program Files\dotnet\packs\Microsoft.AspNetCore.App.Ref\10.0.1\ref\net10.0\Microsoft.AspNetCore.Authentication.Cookies.dll" /reference:"C:\Program Files\dotnet\packs\Microsoft.AspNetCore.App.Ref\10.0.1\ref\net10.0\Microsoft.AspNetCore.Authentication.Core.dll" /reference:"C:\Program Files\dotnet\packs\Microsoft.AspNetCore.App.Ref\10.0.1\ref\net10.0\Microsoft.AspNetCore.Authentication.dll" /reference:C:\Users\natth\.nuget\packages\microsoft.aspnetcore.authentication.jwtbearer\10.0.1\lib\net10.0\Microsoft.AspNetCore.Authentication.JwtBearer.dll /reference:"C:\Program Files\dotnet\packs\Microsoft.AspNetCore.App.Ref\10.0.1\ref\net10.0\Microsoft.AspNetCore.Authentication.OAuth.dll" /reference:"C:\Program Files\dotnet\packs\Microsoft.AspNetCore.App.Ref\10.0.1\ref\net10.0\Microsoft.AspNetCore.Authorization.dll" /reference:"C:\Program Files\dotnet\packs\Microsoft.AspNetCore.App.Ref\10.0.1\ref\net10.0\Microsoft.AspNetCore.Authorization.Policy.dll" /reference:"C:\Program Files\dotnet\packs\Microsoft.AspNetCore.App.Ref\10.0.1\ref\net10.0\Microsoft.AspNetCore.Components.Authorization.dll" /reference:"C:\Program Files\dotnet\packs\Microsoft.AspNetCore.App.Ref\10.0.1\ref\net10.0\Microsoft.AspNetCore.Components.dll" /reference:"C:\Program Files\dotnet\packs\Microsoft.AspNetCore.App.Ref\10.0.1\ref\net10.0\Microsoft.AspNetCore.Components.Endpoints.dll" /reference:"C:\Program Files\dotnet\packs\Microsoft.AspNetCore.App.Ref\10.0.1\ref\net10.0\Microsoft.AspNetCore.Components.Forms.dll" /reference:"C:\Program Files\dotnet\packs\Microsoft.AspNetCore.App.Ref\10.0.1\ref\net10.0\Microsoft.AspNetCore.Components.Server.dll" /reference:"C:\Program Files\dotnet\packs\Microsoft.AspNetCore.App.Ref\10.0.1\ref\net10.0\Microsoft.AspNetCore.Components.Web.dll" /reference:"C:\Program Files\dotnet\packs\Microsoft.AspNetCore.App.Ref\10.0.1\ref\net10.0\Microsoft.AspNetCore.Connections.Abstractions.dll" /reference:"C:\Program Files\dotnet\packs\Microsoft.AspNetCore.App.Ref\10.0.1\ref\net10.0\Microsoft.AspNetCore.CookiePolicy.dll" /reference:"C:\Program Files\dotnet\packs\Microsoft.AspNetCore.App.Ref\10.0.1\ref\net10.0\Microsoft.AspNetCore.Cors.dll" /reference:"C:\Program Files\dotnet\packs\Microsoft.AspNetCore.App.Ref\10.0.1\ref\net10.0\Microsoft.AspNetCore.Cryptography.Internal.dll" /reference:"C:\Program Files\dotnet\packs\Microsoft.AspNetCore.App.Ref\10.0.1\ref\net10.0\Microsoft.AspNetCore.Cryptography.KeyDerivation.dll" /reference:"C:\Program Files\dotnet\packs\Microsoft.AspNetCore.App.Ref\10.0.1\ref\net10.0\Microsoft.AspNetCore.DataProtection.Abstractions.dll" /reference:"C:\Program Files\dotnet\packs\Microsoft.AspNetCore.App.Ref\10.0.1\ref\net10.0\Microsoft.AspNetCore.DataProtection.dll" /reference:"C:\Program Files\dotnet\packs\Microsoft.AspNetCore.App.Ref\10.0.1\ref\net10.0\Microsoft.AspNetCore.DataProtection.Extensions.dll" /reference:"C:\Program Files\dotnet\packs\Microsoft.AspNetCore.App.Ref\10.0.1\ref\net10.0\Microsoft.AspNetCore.Diagnostics.Abstractions.dll" /reference:"C:\Program Files\dotnet\packs\Microsoft.AspNetCore.App.Ref\10.0.1\ref\net10.0\Microsoft.AspNetCore.Diagnostics.dll" /reference:"C:\Program Files\dotnet\packs\Microsoft.AspNetCore.App.Ref\10.0.1\ref\net10.0\Microsoft.AspNetCore.Diagnostics.HealthChecks.dll" /reference:"C:\Program Files\dotnet\packs\Microsoft.AspNetCore.App.Ref\10.0.1\ref\net10.0\Microsoft.AspNetCore.dll" /reference:"C:\Program Files\dotnet\packs\Microsoft.AspNetCore.App.Ref\10.0.1\ref\net10.0\Microsoft.AspNetCore.HostFiltering.dll" /reference:"C:\Program Files\dotnet\packs\Microsoft.AspNetCore.App.Ref\10.0.1\ref\net10.0\Microsoft.AspNetCore.Hosting.Abstractions.dll" /reference:"C:\Program Files\dotnet\packs\Microsoft.AspNetCore.App.Ref\10.0.1\ref\net10.0\Microsoft.AspNetCore.Hosting.dll" /reference:"C:\Program Files\dotnet\packs\Microsoft.AspNetCore.App.Ref\10.0.1\ref\net10.0\Microsoft.AspNetCore.Hosting.Server.Abstractions.dll" /reference:"C:\Program Files\dotnet\packs\Microsoft.AspNetCore.App.Ref\10.0.1\ref\net10.0\Microsoft.AspNetCore.Html.Abstractions.dll" /reference:"C:\Program Files\dotnet\packs\Microsoft.AspNetCore.App.Ref\10.0.1\ref\net10.0\Microsoft.AspNetCore.Http.Abstractions.dll" /reference:"C:\Program Files\dotnet\packs\Microsoft.AspNetCore.App.Ref\10.0.1\ref\net10.0\Microsoft.AspNetCore.Http.Connections.Common.dll" /reference:"C:\Program Files\dotnet\packs\Microsoft.AspNetCore.App.Ref\10.0.1\ref\net10.0\Microsoft.AspNetCore.Http.Connections.dll" /reference:"C:\Program Files\dotnet\packs\Microsoft.AspNetCore.App.Ref\10.0.1\ref\net10.0\Microsoft.AspNetCore.Http.dll" /reference:"C:\Program Files\dotnet\packs\Microsoft.AspNetCore.App.Ref\10.0.1\ref\net10.0\Microsoft.AspNetCore.Http.Extensions.dll" /reference:"C:\Program Files\dotnet\packs\Microsoft.AspNetCore.App.Ref\10.0.1\ref\net10.0\Microsoft.AspNetCore.Http.Features.dll" /reference:"C:\Program Files\dotnet\packs\Microsoft.AspNetCore.App.Ref\10.0.1\ref\net10.0\Microsoft.AspNetCore.Http.Results.dll" /reference:"C:\Program Files\dotnet\packs\Microsoft.AspNetCore.App.Ref\10.0.1\ref\net10.0\Microsoft.AspNetCore.HttpLogging.dll" /reference:"C:\Program Files\dotnet\packs\Microsoft.AspNetCore.App.Ref\10.0.1\ref\net10.0\Microsoft.AspNetCore.HttpOverrides.dll" /reference:"C:\Program Files\dotnet\packs\Microsoft.AspNetCore.App.Ref\10.0.1\ref\net10.0\Microsoft.AspNetCore.HttpsPolicy.dll" /reference:"C:\Program Files\dotnet\packs\Microsoft.AspNetCore.App.Ref\10.0.1\ref\net10.0\Microsoft.AspNetCore.Identity.dll" /reference:"C:\Program Files\dotnet\packs\Microsoft.AspNetCore.App.Ref\10.0.1\ref\net10.0\Microsoft.AspNetCore.Localization.dll" /reference:"C:\Program Files\dotnet\packs\Microsoft.AspNetCore.App.Ref\10.0.1\ref\net10.0\Microsoft.AspNetCore.Localization.Routing.dll" /reference:"C:\Program Files\dotnet\packs\Microsoft.AspNetCore.App.Ref\10.0.1\ref\net10.0\Microsoft.AspNetCore.Metadata.dll" /reference:"C:\Program Files\dotnet\packs\Microsoft.AspNetCore.App.Ref\10.0.1\ref\net10.0\Microsoft.AspNetCore.Mvc.Abstractions.dll" /reference:"C:\Program Files\dotnet\packs\Microsoft.AspNetCore.App.Ref\10.0.1\ref\net10.0\Microsoft.AspNetCore.Mvc.ApiExplorer.dll" /reference:"C:\Program Files\dotnet\packs\Microsoft.AspNetCore.App.Ref\10.0.1\ref\net10.0\Microsoft.AspNetCore.Mvc.Core.dll" /reference:"C:\Program Files\dotnet\packs\Microsoft.AspNetCore.App.Ref\10.0.1\ref\net10.0\Microsoft.AspNetCore.Mvc.Cors.dll" /reference:"C:\Program Files\dotnet\packs\Microsoft.AspNetCore.App.Ref\10.0.1\ref\net10.0\Microsoft.AspNetCore.Mvc.DataAnnotations.dll" /reference:"C:\Program Files\dotnet\packs\Microsoft.AspNetCore.App.Ref\10.0.1\ref\net10.0\Microsoft.AspNetCore.Mvc.dll" /reference:"C:\Program Files\dotnet\packs\Microsoft.AspNetCore.App.Ref\10.0.1\ref\net10.0\Microsoft.AspNetCore.Mvc.Formatters.Json.dll" /reference:"C:\Program Files\dotnet\packs\Microsoft.AspNetCore.App.Ref\10.0.1\ref\net10.0\Microsoft.AspNetCore.Mvc.Formatters.Xml.dll" /reference:"C:\Program Files\dotnet\packs\Microsoft.AspNetCore.App.Ref\10.0.1\ref\net10.0\Microsoft.AspNetCore.Mvc.Localization.dll" /reference:"C:\Program Files\dotnet\packs\Microsoft.AspNetCore.App.Ref\10.0.1\ref\net10.0\Microsoft.AspNetCore.Mvc.Razor.dll" /reference:"C:\Program Files\dotnet\packs\Microsoft.AspNetCore.App.Ref\10.0.1\ref\net10.0\Microsoft.AspNetCore.Mvc.RazorPages.dll" /reference:"C:\Program Files\dotnet\packs\Microsoft.AspNetCore.App.Ref\10.0.1\ref\net10.0\Microsoft.AspNetCore.Mvc.TagHelpers.dll" /reference:C:\Users\natth\.nuget\packages\microsoft.aspnetcore.mvc.testing\10.0.1\lib\net10.0\Microsoft.AspNetCore.Mvc.Testing.dll /reference:"C:\Program Files\dotnet\packs\Microsoft.AspNetCore.App.Ref\10.0.1\ref\net10.0\Microsoft.AspNetCore.Mvc.ViewFeatures.dll" /reference:C:\Users\natth\.nuget\packages\microsoft.aspnetcore.openapi\10.0.1\lib\net10.0\Microsoft.AspNetCore.OpenApi.dll /reference:"C:\Program Files\dotnet\packs\Microsoft.AspNetCore.App.Ref\10.0.1\ref\net10.0\Microsoft.AspNetCore.OutputCaching.dll" /reference:"C:\Program Files\dotnet\packs\Microsoft.AspNetCore.App.Ref\10.0.1\ref\net10.0\Microsoft.AspNetCore.RateLimiting.dll" /reference:"C:\Program Files\dotnet\packs\Microsoft.AspNetCore.App.Ref\10.0.1\ref\net10.0\Microsoft.AspNetCore.Razor.dll" /reference:"C:\Program Files\dotnet\packs\Microsoft.AspNetCore.App.Ref\10.0.1\ref\net10.0\Microsoft.AspNetCore.Razor.Runtime.dll" /reference:"C:\Program Files\dotnet\packs\Microsoft.AspNetCore.App.Ref\10.0.1\ref\net10.0\Microsoft.AspNetCore.RequestDecompression.dll" /reference:"C:\Program Files\dotnet\packs\Microsoft.AspNetCore.App.Ref\10.0.1\ref\net10.0\Microsoft.AspNetCore.ResponseCaching.Abstractions.dll" /reference:"C:\Program Files\dotnet\packs\Microsoft.AspNetCore.App.Ref\10.0.1\ref\net10.0\Microsoft.AspNetCore.ResponseCaching.dll" /reference:"C:\Program Files\dotnet\packs\Microsoft.AspNetCore.App.Ref\10.0.1\ref\net10.0\Microsoft.AspNetCore.ResponseCompression.dll" /reference:"C:\Program Files\dotnet\packs\Microsoft.AspNetCore.App.Ref\10.0.1\ref\net10.0\Microsoft.AspNetCore.Rewrite.dll" /reference:"C:\Program Files\dotnet\packs\Microsoft.AspNetCore.App.Ref\10.0.1\ref\net10.0\Microsoft.AspNetCore.Routing.Abstractions.dll" /reference:"C:\Program Files\dotnet\packs\Microsoft.AspNetCore.App.Ref\10.0.1\ref\net10.0\Microsoft.AspNetCore.Routing.dll" /reference:"C:\Program Files\dotnet\packs\Microsoft.AspNetCore.App.Ref\10.0.1\ref\net10.0\Microsoft.AspNetCore.Server.HttpSys.dll" /reference:"C:\Program Files\dotnet\packs\Microsoft.AspNetCore.App.Ref\10.0.1\ref\net10.0\Microsoft.AspNetCore.Server.IIS.dll" /reference:"C:\Program Files\dotnet\packs\Microsoft.AspNetCore.App.Ref\10.0.1\ref\net10.0\Microsoft.AspNetCore.Server.IISIntegration.dll" /reference:"C:\Program Files\dotnet\packs\Microsoft.AspNetCore.App.Ref\10.0.1\ref\net10.0\Microsoft.AspNetCore.Server.Kestrel.Core.dll" /reference:"C:\Program Files\dotnet\packs\Microsoft.AspNetCore.App.Ref\10.0.1\ref\net10.0\Microsoft.AspNetCore.Server.Kestrel.dll" /reference:"C:\Program Files\dotnet\packs\Microsoft.AspNetCore.App.Ref\10.0.1\ref\net10.0\Microsoft.AspNetCore.Server.Kestrel.Transport.NamedPipes.dll" /reference:"C:\Program Files\dotnet\packs\Microsoft.AspNetCore.App.Ref\10.0.1\ref\net10.0\Microsoft.AspNetCore.Server.Kestrel.Transport.Quic.dll" /reference:"C:\Program Files\dotnet\packs\Microsoft.AspNetCore.App.Ref\10.0.1\ref\net10.0\Microsoft.AspNetCore.Server.Kestrel.Transport.Sockets.dll" /reference:"C:\Program Files\dotnet\packs\Microsoft.AspNetCore.App.Ref\10.0.1\ref\net10.0\Microsoft.AspNetCore.Session.dll" /reference:"C:\Program Files\dotnet\packs\Microsoft.AspNetCore.App.Ref\10.0.1\ref\net10.0\Microsoft.AspNetCore.SignalR.Common.dll" /reference:"C:\Program Files\dotnet\packs\Microsoft.AspNetCore.App.Ref\10.0.1\ref\net10.0\Microsoft.AspNetCore.SignalR.Core.dll" /reference:"C:\Program Files\dotnet\packs\Microsoft.AspNetCore.App.Ref\10.0.1\ref\net10.0\Microsoft.AspNetCore.SignalR.dll" /reference:"C:\Program Files\dotnet\packs\Microsoft.AspNetCore.App.Ref\10.0.1\ref\net10.0\Microsoft.AspNetCore.SignalR.Protocols.Json.dll" /reference:"C:\Program Files\dotnet\packs\Microsoft.AspNetCore.App.Ref\10.0.1\ref\net10.0\Microsoft.AspNetCore.StaticAssets.dll" /reference:"C:\Program Files\dotnet\packs\Microsoft.AspNetCore.App.Ref\10.0.1\ref\net10.0\Microsoft.AspNetCore.StaticFiles.dll" /reference:C:\Users\natth\.nuget\packages\microsoft.aspnetcore.testhost\10.0.1\lib\net10.0\Microsoft.AspNetCore.TestHost.dll /reference:"C:\Program Files\dotnet\packs\Microsoft.AspNetCore.App.Ref\10.0.1\ref\net10.0\Microsoft.AspNetCore.WebSockets.dll" /reference:"C:\Program Files\dotnet\packs\Microsoft.AspNetCore.App.Ref\10.0.1\ref\net10.0\Microsoft.AspNetCore.WebUtilities.dll" /reference:"C:\Program Files\dotnet\packs\Microsoft.NETCore.App.Ref\10.0.1\ref\net10.0\Microsoft.CSharp.dll" /reference:C:\Users\natth\.nuget\packages\microsoft.entityframeworkcore.abstractions\10.0.1\lib\net10.0\Microsoft.EntityFrameworkCore.Abstractions.dll /reference:C:\Users\natth\.nuget\packages\microsoft.entityframeworkcore\10.0.1\lib\net10.0\Microsoft.EntityFrameworkCore.dll /reference:C:\Users\natth\.nuget\packages\microsoft.entityframeworkcore.relational\10.0.1\lib\net10.0\Microsoft.EntityFrameworkCore.Relational.dll /reference:C:\Users\natth\.nuget\packages\microsoft.extensions.ambientmetadata.application\10.1.0\lib\net10.0\Microsoft.Extensions.AmbientMetadata.Application.dll /reference:"C:\Program Files\dotnet\packs\Microsoft.AspNetCore.App.Ref\10.0.1\ref\net10.0\Microsoft.Extensions.Caching.Abstractions.dll" /reference:"C:\Program Files\dotnet\packs\Microsoft.AspNetCore.App.Ref\10.0.1\ref\net10.0\Microsoft.Extensions.Caching.Memory.dll" /reference:C:\Users\natth\.nuget\packages\microsoft.extensions.caching.stackexchangeredis\10.0.1\lib\net10.0\Microsoft.Extensions.Caching.StackExchangeRedis.dll /reference:C:\Users\natth\.nuget\packages\microsoft.extensions.compliance.abstractions\10.1.0\lib\net10.0\Microsoft.Extensions.Compliance.Abstractions.dll /reference:"C:\Program Files\dotnet\packs\Microsoft.AspNetCore.App.Ref\10.0.1\ref\net10.0\Microsoft.Extensions.Configuration.Abstractions.dll" /reference:"C:\Program Files\dotnet\packs\Microsoft.AspNetCore.App.Ref\10.0.1\ref\net10.0\Microsoft.Extensions.Configuration.Binder.dll" /reference:"C:\Program Files\dotnet\packs\Microsoft.AspNetCore.App.Ref\10.0.1\ref\net10.0\Microsoft.Extensions.Configuration.CommandLine.dll" /reference:"C:\Program Files\dotnet\packs\Microsoft.AspNetCore.App.Ref\10.0.1\ref\net10.0\Microsoft.Extensions.Configuration.dll" /reference:"C:\Program Files\dotnet\packs\Microsoft.AspNetCore.App.Ref\10.0.1\ref\net10.0\Microsoft.Extensions.Configuration.EnvironmentVariables.dll" /reference:"C:\Program Files\dotnet\packs\Microsoft.AspNetCore.App.Ref\10.0.1\ref\net10.0\Microsoft.Extensions.Configuration.FileExtensions.dll" /reference:"C:\Program Files\dotnet\packs\Microsoft.AspNetCore.App.Ref\10.0.1\ref\net10.0\Microsoft.Extensions.Configuration.Ini.dll" /reference:"C:\Program Files\dotnet\packs\Microsoft.AspNetCore.App.Ref\10.0.1\ref\net10.0\Microsoft.Extensions.Configuration.Json.dll" /reference:"C:\Program Files\dotnet\packs\Microsoft.AspNetCore.App.Ref\10.0.1\ref\net10.0\Microsoft.Extensions.Configuration.KeyPerFile.dll" /reference:"C:\Program Files\dotnet\packs\Microsoft.AspNetCore.App.Ref\10.0.1\ref\net10.0\Microsoft.Extensions.Configuration.UserSecrets.dll" /reference:"C:\Program Files\dotnet\packs\Microsoft.AspNetCore.App.Ref\10.0.1\ref\net10.0\Microsoft.Extensions.Configuration.Xml.dll" /reference:"C:\Program Files\dotnet\packs\Microsoft.AspNetCore.App.Ref\10.0.1\ref\net10.0\Microsoft.Extensions.DependencyInjection.Abstractions.dll" /reference:C:\Users\natth\.nuget\packages\microsoft.extensions.dependencyinjection.autoactivation\10.1.0\lib\net10.0\Microsoft.Extensions.DependencyInjection.AutoActivation.dll /reference:"C:\Program Files\dotnet\packs\Microsoft.AspNetCore.App.Ref\10.0.1\ref\net10.0\Microsoft.Extensions.DependencyInjection.dll" /reference:C:\Users\natth\.nuget\packages\microsoft.extensions.dependencymodel\10.0.1\lib\net10.0\Microsoft.Extensions.DependencyModel.dll /reference:"C:\Program Files\dotnet\packs\Microsoft.AspNetCore.App.Ref\10.0.1\ref\net10.0\Microsoft.Extensions.Diagnostics.Abstractions.dll" /reference:"C:\Program Files\dotnet\packs\Microsoft.AspNetCore.App.Ref\10.0.1\ref\net10.0\Microsoft.Extensions.Diagnostics.dll" /reference:C:\Users\natth\.nuget\packages\microsoft.extensions.diagnostics.exceptionsummarization\10.1.0\lib\net10.0\Microsoft.Extensions.Diagnostics.ExceptionSummarization.dll /reference:"C:\Program Files\dotnet\packs\Microsoft.AspNetCore.App.Ref\10.0.1\ref\net10.0\Microsoft.Extensions.Diagnostics.HealthChecks.Abstractions.dll" /reference:"C:\Program Files\dotnet\packs\Microsoft.AspNetCore.App.Ref\10.0.1\ref\net10.0\Microsoft.Extensions.Diagnostics.HealthChecks.dll" /reference:C:\Users\natth\.nuget\packages\microsoft.extensions.diagnostics.healthchecks.entityframeworkcore\10.0.1\lib\net10.0\Microsoft.Extensions.Diagnostics.HealthChecks.EntityFrameworkCore.dll /reference:"C:\Program Files\dotnet\packs\Microsoft.AspNetCore.App.Ref\10.0.1\ref\net10.0\Microsoft.Extensions.Features.dll" /reference:"C:\Program Files\dotnet\packs\Microsoft.AspNetCore.App.Ref\10.0.1\ref\net10.0\Microsoft.Extensions.FileProviders.Abstractions.dll" /reference:"C:\Program Files\dotnet\packs\Microsoft.AspNetCore.App.Ref\10.0.1\ref\net10.0\Microsoft.Extensions.FileProviders.Composite.dll" /reference:"C:\Program Files\dotnet\packs\Microsoft.AspNetCore.App.Ref\10.0.1\ref\net10.0\Microsoft.Extensions.FileProviders.Embedded.dll" /reference:"C:\Program Files\dotnet\packs\Microsoft.AspNetCore.App.Ref\10.0.1\ref\net10.0\Microsoft.Extensions.FileProviders.Physical.dll" /reference:"C:\Program Files\dotnet\packs\Microsoft.AspNetCore.App.Ref\10.0.1\ref\net10.0\Microsoft.Extensions.FileSystemGlobbing.dll" /reference:"C:\Program Files\dotnet\packs\Microsoft.AspNetCore.App.Ref\10.0.1\ref\net10.0\Microsoft.Extensions.Hosting.Abstractions.dll" /reference:"C:\Program Files\dotnet\packs\Microsoft.AspNetCore.App.Ref\10.0.1\ref\net10.0\Microsoft.Extensions.Hosting.dll" /reference:C:\Users\natth\.nuget\packages\microsoft.extensions.http.diagnostics\10.1.0\lib\net10.0\Microsoft.Extensions.Http.Diagnostics.dll /reference:"C:\Program Files\dotnet\packs\Microsoft.AspNetCore.App.Ref\10.0.1\ref\net10.0\Microsoft.Extensions.Http.dll" /reference:C:\Users\natth\.nuget\packages\microsoft.extensions.http.resilience\10.1.0\lib\net10.0\Microsoft.Extensions.Http.Resilience.dll /reference:"C:\Program Files\dotnet\packs\Microsoft.AspNetCore.App.Ref\10.0.1\ref\net10.0\Microsoft.Extensions.Identity.Core.dll" /reference:"C:\Program Files\dotnet\packs\Microsoft.AspNetCore.App.Ref\10.0.1\ref\net10.0\Microsoft.Extensions.Identity.Stores.dll" /reference:"C:\Program Files\dotnet\packs\Microsoft.AspNetCore.App.Ref\10.0.1\ref\net10.0\Microsoft.Extensions.Localization.Abstractions.dll" /reference:"C:\Program Files\dotnet\packs\Microsoft.AspNetCore.App.Ref\10.0.1\ref\net10.0\Microsoft.Extensions.Localization.dll" /reference:"C:\Program Files\dotnet\packs\Microsoft.AspNetCore.App.Ref\10.0.1\ref\net10.0\Microsoft.Extensions.Logging.Abstractions.dll" /reference:"C:\Program Files\dotnet\packs\Microsoft.AspNetCore.App.Ref\10.0.1\ref\net10.0\Microsoft.Extensions.Logging.Configuration.dll" /reference:"C:\Program Files\dotnet\packs\Microsoft.AspNetCore.App.Ref\10.0.1\ref\net10.0\Microsoft.Extensions.Logging.Console.dll" /reference:"C:\Program Files\dotnet\packs\Microsoft.AspNetCore.App.Ref\10.0.1\ref\net10.0\Microsoft.Extensions.Logging.Debug.dll" /reference:"C:\Program Files\dotnet\packs\Microsoft.AspNetCore.App.Ref\10.0.1\ref\net10.0\Microsoft.Extensions.Logging.dll" /reference:"C:\Program Files\dotnet\packs\Microsoft.AspNetCore.App.Ref\10.0.1\ref\net10.0\Microsoft.Extensions.Logging.EventLog.dll" /reference:"C:\Program Files\dotnet\packs\Microsoft.AspNetCore.App.Ref\10.0.1\ref\net10.0\Microsoft.Extensions.Logging.EventSource.dll" /reference:"C:\Program Files\dotnet\packs\Microsoft.AspNetCore.App.Ref\10.0.1\ref\net10.0\Microsoft.Extensions.Logging.TraceSource.dll" /reference:"C:\Program Files\dotnet\packs\Microsoft.AspNetCore.App.Ref\10.0.1\ref\net10.0\Microsoft.Extensions.ObjectPool.dll" /reference:"C:\Program Files\dotnet\packs\Microsoft.AspNetCore.App.Ref\10.0.1\ref\net10.0\Microsoft.Extensions.Options.ConfigurationExtensions.dll" /reference:"C:\Program Files\dotnet\packs\Microsoft.AspNetCore.App.Ref\10.0.1\ref\net10.0\Microsoft.Extensions.Options.DataAnnotations.dll" /reference:"C:\Program Files\dotnet\packs\Microsoft.AspNetCore.App.Ref\10.0.1\ref\net10.0\Microsoft.Extensions.Options.dll" /reference:"C:\Program Files\dotnet\packs\Microsoft.AspNetCore.App.Ref\10.0.1\ref\net10.0\Microsoft.Extensions.Primitives.dll" /reference:C:\Users\natth\.nuget\packages\microsoft.extensions.resilience\10.1.0\lib\net10.0\Microsoft.Extensions.Resilience.dll /reference:C:\Users\natth\.nuget\packages\microsoft.extensions.servicediscovery.abstractions\10.1.0\lib\net10.0\Microsoft.Extensions.ServiceDiscovery.Abstractions.dll /reference:C:\Users\natth\.nuget\packages\microsoft.extensions.servicediscovery\10.1.0\lib\net10.0\Microsoft.Extensions.ServiceDiscovery.dll /reference:C:\Users\natth\.nuget\packages\microsoft.extensions.telemetry.abstractions\10.1.0\lib\net10.0\Microsoft.Extensions.Telemetry.Abstractions.dll /reference:C:\Users\natth\.nuget\packages\microsoft.extensions.telemetry\10.1.0\lib\net10.0\Microsoft.Extensions.Telemetry.dll /reference:"C:\Program Files\dotnet\packs\Microsoft.AspNetCore.App.Ref\10.0.1\ref\net10.0\Microsoft.Extensions.Validation.dll" /reference:"C:\Program Files\dotnet\packs\Microsoft.AspNetCore.App.Ref\10.0.1\ref\net10.0\Microsoft.Extensions.WebEncoders.dll" /reference:C:\Users\natth\.nuget\packages\microsoft.identitymodel.abstractions\8.15.0\lib\net10.0\Microsoft.IdentityModel.Abstractions.dll /reference:C:\Users\natth\.nuget\packages\microsoft.identitymodel.jsonwebtokens\8.15.0\lib\net10.0\Microsoft.IdentityModel.JsonWebTokens.dll /reference:C:\Users\natth\.nuget\packages\microsoft.identitymodel.logging\8.15.0\lib\net10.0\Microsoft.IdentityModel.Logging.dll /reference:C:\Users\natth\.nuget\packages\microsoft.identitymodel.protocols\8.0.1\lib\net9.0\Microsoft.IdentityModel.Protocols.dll /reference:C:\Users\natth\.nuget\packages\microsoft.identitymodel.protocols.openidconnect\8.0.1\lib\net9.0\Microsoft.IdentityModel.Protocols.OpenIdConnect.dll /reference:C:\Users\natth\.nuget\packages\microsoft.identitymodel.tokens\8.15.0\lib\net10.0\Microsoft.IdentityModel.Tokens.dll /reference:"C:\Program Files\dotnet\packs\Microsoft.AspNetCore.App.Ref\10.0.1\ref\net10.0\Microsoft.JSInterop.dll" /reference:"C:\Program Files\dotnet\packs\Microsoft.AspNetCore.App.Ref\10.0.1\ref\net10.0\Microsoft.Net.Http.Headers.dll" /reference:C:\Users\natth\.nuget\packages\microsoft.openapi\2.0.0\lib\net8.0\Microsoft.OpenApi.dll /reference:C:\Users\natth\.nuget\packages\microsoft.testplatform.testhost\17.14.1\lib\net8.0\Microsoft.TestPlatform.CommunicationUtilities.dll /reference:C:\Users\natth\.nuget\packages\microsoft.testplatform.testhost\17.14.1\lib\net8.0\Microsoft.TestPlatform.CoreUtilities.dll /reference:C:\Users\natth\.nuget\packages\microsoft.testplatform.testhost\17.14.1\lib\net8.0\Microsoft.TestPlatform.CrossPlatEngine.dll /reference:C:\Users\natth\.nuget\packages\microsoft.testplatform.testhost\17.14.1\lib\net8.0\Microsoft.TestPlatform.PlatformAbstractions.dll /reference:C:\Users\natth\.nuget\packages\microsoft.testplatform.testhost\17.14.1\lib\net8.0\Microsoft.TestPlatform.Utilities.dll /reference:"C:\Program Files\dotnet\packs\Microsoft.NETCore.App.Ref\10.0.1\ref\net10.0\Microsoft.VisualBasic.Core.dll" /reference:"C:\Program Files\dotnet\packs\Microsoft.NETCore.App.Ref\10.0.1\ref\net10.0\Microsoft.VisualBasic.dll" /reference:C:\Users\natth\.nuget\packages\microsoft.codecoverage\17.14.1\lib\net8.0\Microsoft.VisualStudio.CodeCoverage.Shim.dll /reference:C:\Users\natth\.nuget\packages\microsoft.testplatform.testhost\17.14.1\lib\net8.0\Microsoft.VisualStudio.TestPlatform.Common.dll /reference:C:\Users\natth\.nuget\packages\microsoft.testplatform.testhost\17.14.1\lib\net8.0\Microsoft.VisualStudio.TestPlatform.ObjectModel.dll /reference:"C:\Program Files\dotnet\packs\Microsoft.NETCore.App.Ref\10.0.1\ref\net10.0\Microsoft.Win32.Primitives.dll" /reference:"C:\Program Files\dotnet\packs\Microsoft.NETCore.App.Ref\10.0.1\ref\net10.0\Microsoft.Win32.Registry.dll" /reference:"C:\Program Files\dotnet\packs\Microsoft.NETCore.App.Ref\10.0.1\ref\net10.0\mscorlib.dll" /reference:"C:\Program Files\dotnet\packs\Microsoft.NETCore.App.Ref\10.0.1\ref\net10.0\netstandard.dll" /reference:C:\Users\natth\.nuget\packages\newtonsoft.json\13.0.3\lib\net6.0\Newtonsoft.Json.dll /reference:C:\Users\natth\.nuget\packages\npgsql\10.0.0\lib\net10.0\Npgsql.dll /reference:C:\Users\natth\.nuget\packages\npgsql.entityframeworkcore.postgresql\10.0.0\lib\net10.0\Npgsql.EntityFrameworkCore.PostgreSQL.dll /reference:C:\Users\natth\.nuget\packages\opentelemetry.api\1.14.0\lib\net10.0\OpenTelemetry.Api.dll /reference:C:\Users\natth\.nuget\packages\opentelemetry.api.providerbuilderextensions\1.14.0\lib\net10.0\OpenTelemetry.Api.ProviderBuilderExtensions.dll /reference:C:\Users\natth\.nuget\packages\opentelemetry\1.14.0\lib\net10.0\OpenTelemetry.dll /reference:C:\Users\natth\.nuget\packages\opentelemetry.exporter.opentelemetryprotocol\1.14.0\lib\net10.0\OpenTelemetry.Exporter.OpenTelemetryProtocol.dll /reference:C:\Users\natth\.nuget\packages\opentelemetry.exporter.prometheus.aspnetcore\1.14.0-beta.1\lib\net10.0\OpenTelemetry.Exporter.Prometheus.AspNetCore.dll /reference:C:\Users\natth\.nuget\packages\opentelemetry.extensions.hosting\1.14.0\lib\net10.0\OpenTelemetry.Extensions.Hosting.dll /reference:C:\Users\natth\.nuget\packages\opentelemetry.instrumentation.aspnetcore\1.14.0\lib\net10.0\OpenTelemetry.Instrumentation.AspNetCore.dll /reference:C:\Users\natth\.nuget\packages\opentelemetry.instrumentation.http\1.14.0\lib\net10.0\OpenTelemetry.Instrumentation.Http.dll /reference:C:\Users\natth\.nuget\packages\opentelemetry.instrumentation.runtime\1.14.0\lib\net10.0\OpenTelemetry.Instrumentation.Runtime.dll /reference:C:\Users\natth\.nuget\packages\pipelines.sockets.unofficial\2.2.8\lib\net5.0\Pipelines.Sockets.Unofficial.dll /reference:C:\Users\natth\.nuget\packages\polly.core\8.4.2\lib\net8.0\Polly.Core.dll /reference:C:\Users\natth\.nuget\packages\polly.extensions\8.4.2\lib\net8.0\Polly.Extensions.dll /reference:C:\Users\natth\.nuget\packages\polly.ratelimiting\8.4.2\lib\net8.0\Polly.RateLimiting.dll /reference:C:\Users\natth\.nuget\packages\rabbitmq.client\7.2.0\lib\net8.0\RabbitMQ.Client.dll /reference:C:\Users\natth\.nuget\packages\ssh.net\2024.1.0\lib\net8.0\Renci.SshNet.dll /reference:C:\Users\natth\.nuget\packages\scalar.aspnetcore\2.11.10\lib\net10.0\Scalar.AspNetCore.dll /reference:C:\Users\natth\.nuget\packages\stackexchange.redis\2.10.1\lib\net8.0\StackExchange.Redis.dll /reference:"C:\Program Files\dotnet\packs\Microsoft.NETCore.App.Ref\10.0.1\ref\net10.0\System.AppContext.dll" /reference:"C:\Program Files\dotnet\packs\Microsoft.NETCore.App.Ref\10.0.1\ref\net10.0\System.Buffers.dll" /reference:"C:\Program Files\dotnet\packs\Microsoft.NETCore.App.Ref\10.0.1\ref\net10.0\System.Collections.Concurrent.dll" /reference:"C:\Program Files\dotnet\packs\Microsoft.NETCore.App.Ref\10.0.1\ref\net10.0\System.Collections.dll" /reference:"C:\Program Files\dotnet\packs\Microsoft.NETCore.App.Ref\10.0.1\ref\net10.0\System.Collections.Immutable.dll" /reference:"C:\Program Files\dotnet\packs\Microsoft.NETCore.App.Ref\10.0.1\ref\net10.0\System.Collections.NonGeneric.dll" /reference:"C:\Program Files\dotnet\packs\Microsoft.NETCore.App.Ref\10.0.1\ref\net10.0\System.Collections.Specialized.dll" /reference:"C:\Program Files\dotnet\packs\Microsoft.NETCore.App.Ref\10.0.1\ref\net10.0\System.ComponentModel.Annotations.dll" /reference:"C:\Program Files\dotnet\packs\Microsoft.NETCore.App.Ref\10.0.1\ref\net10.0\System.ComponentModel.DataAnnotations.dll" /reference:"C:\Program Files\dotnet\packs\Microsoft.NETCore.App.Ref\10.0.1\ref\net10.0\System.ComponentModel.dll" /reference:"C:\Program Files\dotnet\packs\Microsoft.NETCore.App.Ref\10.0.1\ref\net10.0\System.ComponentModel.EventBasedAsync.dll" /reference:"C:\Program Files\dotnet\packs\Microsoft.NETCore.App.Ref\10.0.1\ref\net10.0\System.ComponentModel.Primitives.dll" /reference:"C:\Program Files\dotnet\packs\Microsoft.NETCore.App.Ref\10.0.1\ref\net10.0\System.ComponentModel.TypeConverter.dll" /reference:"C:\Program Files\dotnet\packs\Microsoft.NETCore.App.Ref\10.0.1\ref\net10.0\System.Configuration.dll" /reference:"C:\Program Files\dotnet\packs\Microsoft.NETCore.App.Ref\10.0.1\ref\net10.0\System.Console.dll" /reference:"C:\Program Files\dotnet\packs\Microsoft.NETCore.App.Ref\10.0.1\ref\net10.0\System.Core.dll" /reference:"C:\Program Files\dotnet\packs\Microsoft.NETCore.App.Ref\10.0.1\ref\net10.0\System.Data.Common.dll" /reference:"C:\Program Files\dotnet\packs\Microsoft.NETCore.App.Ref\10.0.1\ref\net10.0\System.Data.DataSetExtensions.dll" /reference:"C:\Program Files\dotnet\packs\Microsoft.NETCore.App.Ref\10.0.1\ref\net10.0\System.Data.dll" /reference:"C:\Program Files\dotnet\packs\Microsoft.NETCore.App.Ref\10.0.1\ref\net10.0\System.Diagnostics.Contracts.dll" /reference:"C:\Program Files\dotnet\packs\Microsoft.NETCore.App.Ref\10.0.1\ref\net10.0\System.Diagnostics.Debug.dll" /reference:"C:\Program Files\dotnet\packs\Microsoft.NETCore.App.Ref\10.0.1\ref\net10.0\System.Diagnostics.DiagnosticSource.dll" /reference:"C:\Program Files\dotnet\packs\Microsoft.AspNetCore.App.Ref\10.0.1\ref\net10.0\System.Diagnostics.EventLog.dll" /reference:"C:\Program Files\dotnet\packs\Microsoft.NETCore.App.Ref\10.0.1\ref\net10.0\System.Diagnostics.FileVersionInfo.dll" /reference:"C:\Program Files\dotnet\packs\Microsoft.NETCore.App.Ref\10.0.1\ref\net10.0\System.Diagnostics.Process.dll" /reference:"C:\Program Files\dotnet\packs\Microsoft.NETCore.App.Ref\10.0.1\ref\net10.0\System.Diagnostics.StackTrace.dll" /reference:"C:\Program Files\dotnet\packs\Microsoft.NETCore.App.Ref\10.0.1\ref\net10.0\System.Diagnostics.TextWriterTraceListener.dll" /reference:"C:\Program Files\dotnet\packs\Microsoft.NETCore.App.Ref\10.0.1\ref\net10.0\System.Diagnostics.Tools.dll" /reference:"C:\Program Files\dotnet\packs\Microsoft.NETCore.App.Ref\10.0.1\ref\net10.0\System.Diagnostics.TraceSource.dll" /reference:"C:\Program Files\dotnet\packs\Microsoft.NETCore.App.Ref\10.0.1\ref\net10.0\System.Diagnostics.Tracing.dll" /reference:"C:\Program Files\dotnet\packs\Microsoft.NETCore.App.Ref\10.0.1\ref\net10.0\System.dll" /reference:"C:\Program Files\dotnet\packs\Microsoft.NETCore.App.Ref\10.0.1\ref\net10.0\System.Drawing.dll" /reference:"C:\Program Files\dotnet\packs\Microsoft.NETCore.App.Ref\10.0.1\ref\net10.0\System.Drawing.Primitives.dll" /reference:"C:\Program Files\dotnet\packs\Microsoft.NETCore.App.Ref\10.0.1\ref\net10.0\System.Dynamic.Runtime.dll" /reference:"C:\Program Files\dotnet\packs\Microsoft.NETCore.App.Ref\10.0.1\ref\net10.0\System.Formats.Asn1.dll" /reference:"C:\Program Files\dotnet\packs\Microsoft.AspNetCore.App.Ref\10.0.1\ref\net10.0\System.Formats.Cbor.dll" /reference:"C:\Program Files\dotnet\packs\Microsoft.NETCore.App.Ref\10.0.1\ref\net10.0\System.Formats.Tar.dll" /reference:"C:\Program Files\dotnet\packs\Microsoft.NETCore.App.Ref\10.0.1\ref\net10.0\System.Globalization.Calendars.dll" /reference:"C:\Program Files\dotnet\packs\Microsoft.NETCore.App.Ref\10.0.1\ref\net10.0\System.Globalization.dll" /reference:"C:\Program Files\dotnet\packs\Microsoft.NETCore.App.Ref\10.0.1\ref\net10.0\System.Globalization.Extensions.dll" /reference:C:\Users\natth\.nuget\packages\system.identitymodel.tokens.jwt\8.15.0\lib\net10.0\System.IdentityModel.Tokens.Jwt.dll /reference:"C:\Program Files\dotnet\packs\Microsoft.NETCore.App.Ref\10.0.1\ref\net10.0\System.IO.Compression.Brotli.dll" /reference:"C:\Program Files\dotnet\packs\Microsoft.NETCore.App.Ref\10.0.1\ref\net10.0\System.IO.Compression.dll" /reference:"C:\Program Files\dotnet\packs\Microsoft.NETCore.App.Ref\10.0.1\ref\net10.0\System.IO.Compression.FileSystem.dll" /reference:"C:\Program Files\dotnet\packs\Microsoft.NETCore.App.Ref\10.0.1\ref\net10.0\System.IO.Compression.ZipFile.dll" /reference:"C:\Program Files\dotnet\packs\Microsoft.NETCore.App.Ref\10.0.1\ref\net10.0\System.IO.dll" /reference:"C:\Program Files\dotnet\packs\Microsoft.NETCore.App.Ref\10.0.1\ref\net10.0\System.IO.FileSystem.AccessControl.dll" /reference:"C:\Program Files\dotnet\packs\Microsoft.NETCore.App.Ref\10.0.1\ref\net10.0\System.IO.FileSystem.dll" /reference:"C:\Program Files\dotnet\packs\Microsoft.NETCore.App.Ref\10.0.1\ref\net10.0\System.IO.FileSystem.DriveInfo.dll" /reference:"C:\Program Files\dotnet\packs\Microsoft.NETCore.App.Ref\10.0.1\ref\net10.0\System.IO.FileSystem.Primitives.dll" /reference:"C:\Program Files\dotnet\packs\Microsoft.NETCore.App.Ref\10.0.1\ref\net10.0\System.IO.FileSystem.Watcher.dll" /reference:C:\Users\natth\.nuget\packages\system.io.hashing\9.0.10\lib\net9.0\System.IO.Hashing.dll /reference:"C:\Program Files\dotnet\packs\Microsoft.NETCore.App.Ref\10.0.1\ref\net10.0\System.IO.IsolatedStorage.dll" /reference:"C:\Program Files\dotnet\packs\Microsoft.NETCore.App.Ref\10.0.1\ref\net10.0\System.IO.MemoryMappedFiles.dll" /reference:"C:\Program Files\dotnet\packs\Microsoft.NETCore.App.Ref\10.0.1\ref\net10.0\System.IO.Pipelines.dll" /reference:"C:\Program Files\dotnet\packs\Microsoft.NETCore.App.Ref\10.0.1\ref\net10.0\System.IO.Pipes.AccessControl.dll" /reference:"C:\Program Files\dotnet\packs\Microsoft.NETCore.App.Ref\10.0.1\ref\net10.0\System.IO.Pipes.dll" /reference:"C:\Program Files\dotnet\packs\Microsoft.NETCore.App.Ref\10.0.1\ref\net10.0\System.IO.UnmanagedMemoryStream.dll" /reference:"C:\Program Files\dotnet\packs\Microsoft.NETCore.App.Ref\10.0.1\ref\net10.0\System.Linq.AsyncEnumerable.dll" /reference:"C:\Program Files\dotnet\packs\Microsoft.NETCore.App.Ref\10.0.1\ref\net10.0\System.Linq.dll" /reference:"C:\Program Files\dotnet\packs\Microsoft.NETCore.App.Ref\10.0.1\ref\net10.0\System.Linq.Expressions.dll" /reference:"C:\Program Files\dotnet\packs\Microsoft.NETCore.App.Ref\10.0.1\ref\net10.0\System.Linq.Parallel.dll" /reference:"C:\Program Files\dotnet\packs\Microsoft.NETCore.App.Ref\10.0.1\ref\net10.0\System.Linq.Queryable.dll" /reference:"C:\Program Files\dotnet\packs\Microsoft.NETCore.App.Ref\10.0.1\ref\net10.0\System.Memory.dll" /reference:"C:\Program Files\dotnet\packs\Microsoft.NETCore.App.Ref\10.0.1\ref\net10.0\System.Net.dll" /reference:"C:\Program Files\dotnet\packs\Microsoft.NETCore.App.Ref\10.0.1\ref\net10.0\System.Net.Http.dll" /reference:"C:\Program Files\dotnet\packs\Microsoft.NETCore.App.Ref\10.0.1\ref\net10.0\System.Net.Http.Json.dll" /reference:"C:\Program Files\dotnet\packs\Microsoft.NETCore.App.Ref\10.0.1\ref\net10.0\System.Net.HttpListener.dll" /reference:"C:\Program Files\dotnet\packs\Microsoft.NETCore.App.Ref\10.0.1\ref\net10.0\System.Net.Mail.dll" /reference:"C:\Program Files\dotnet\packs\Microsoft.NETCore.App.Ref\10.0.1\ref\net10.0\System.Net.NameResolution.dll" /reference:"C:\Program Files\dotnet\packs\Microsoft.NETCore.App.Ref\10.0.1\ref\net10.0\System.Net.NetworkInformation.dll" /reference:"C:\Program Files\dotnet\packs\Microsoft.NETCore.App.Ref\10.0.1\ref\net10.0\System.Net.Ping.dll" /reference:"C:\Program Files\dotnet\packs\Microsoft.NETCore.App.Ref\10.0.1\ref\net10.0\System.Net.Primitives.dll" /reference:"C:\Program Files\dotnet\packs\Microsoft.NETCore.App.Ref\10.0.1\ref\net10.0\System.Net.Quic.dll" /reference:"C:\Program Files\dotnet\packs\Microsoft.NETCore.App.Ref\10.0.1\ref\net10.0\System.Net.Requests.dll" /reference:"C:\Program Files\dotnet\packs\Microsoft.NETCore.App.Ref\10.0.1\ref\net10.0\System.Net.Security.dll" /reference:"C:\Program Files\dotnet\packs\Microsoft.NETCore.App.Ref\10.0.1\ref\net10.0\System.Net.ServerSentEvents.dll" /reference:"C:\Program Files\dotnet\packs\Microsoft.NETCore.App.Ref\10.0.1\ref\net10.0\System.Net.ServicePoint.dll" /reference:"C:\Program Files\dotnet\packs\Microsoft.NETCore.App.Ref\10.0.1\ref\net10.0\System.Net.Sockets.dll" /reference:"C:\Program Files\dotnet\packs\Microsoft.NETCore.App.Ref\10.0.1\ref\net10.0\System.Net.WebClient.dll" /reference:"C:\Program Files\dotnet\packs\Microsoft.NETCore.App.Ref\10.0.1\ref\net10.0\System.Net.WebHeaderCollection.dll" /reference:"C:\Program Files\dotnet\packs\Microsoft.NETCore.App.Ref\10.0.1\ref\net10.0\System.Net.WebProxy.dll" /reference:"C:\Program Files\dotnet\packs\Microsoft.NETCore.App.Ref\10.0.1\ref\net10.0\System.Net.WebSockets.Client.dll" /reference:"C:\Program Files\dotnet\packs\Microsoft.NETCore.App.Ref\10.0.1\ref\net10.0\System.Net.WebSockets.dll" /reference:"C:\Program Files\dotnet\packs\Microsoft.NETCore.App.Ref\10.0.1\ref\net10.0\System.Numerics.dll" /reference:"C:\Program Files\dotnet\packs\Microsoft.NETCore.App.Ref\10.0.1\ref\net10.0\System.Numerics.Vectors.dll" /reference:"C:\Program Files\dotnet\packs\Microsoft.NETCore.App.Ref\10.0.1\ref\net10.0\System.ObjectModel.dll" /reference:"C:\Program Files\dotnet\packs\Microsoft.NETCore.App.Ref\10.0.1\ref\net10.0\System.Reflection.DispatchProxy.dll" /reference:"C:\Program Files\dotnet\packs\Microsoft.NETCore.App.Ref\10.0.1\ref\net10.0\System.Reflection.dll" /reference:"C:\Program Files\dotnet\packs\Microsoft.NETCore.App.Ref\10.0.1\ref\net10.0\System.Reflection.Emit.dll" /reference:"C:\Program Files\dotnet\packs\Microsoft.NETCore.App.Ref\10.0.1\ref\net10.0\System.Reflection.Emit.ILGeneration.dll" /reference:"C:\Program Files\dotnet\packs\Microsoft.NETCore.App.Ref\10.0.1\ref\net10.0\System.Reflection.Emit.Lightweight.dll" /reference:"C:\Program Files\dotnet\packs\Microsoft.NETCore.App.Ref\10.0.1\ref\net10.0\System.Reflection.Extensions.dll" /reference:"C:\Program Files\dotnet\packs\Microsoft.NETCore.App.Ref\10.0.1\ref\net10.0\System.Reflection.Metadata.dll" /reference:"C:\Program Files\dotnet\packs\Microsoft.NETCore.App.Ref\10.0.1\ref\net10.0\System.Reflection.Primitives.dll" /reference:"C:\Program Files\dotnet\packs\Microsoft.NETCore.App.Ref\10.0.1\ref\net10.0\System.Reflection.TypeExtensions.dll" /reference:"C:\Program Files\dotnet\packs\Microsoft.NETCore.App.Ref\10.0.1\ref\net10.0\System.Resources.Reader.dll" /reference:"C:\Program Files\dotnet\packs\Microsoft.NETCore.App.Ref\10.0.1\ref\net10.0\System.Resources.ResourceManager.dll" /reference:"C:\Program Files\dotnet\packs\Microsoft.NETCore.App.Ref\10.0.1\ref\net10.0\System.Resources.Writer.dll" /reference:"C:\Program Files\dotnet\packs\Microsoft.NETCore.App.Ref\10.0.1\ref\net10.0\System.Runtime.CompilerServices.Unsafe.dll" /reference:"C:\Program Files\dotnet\packs\Microsoft.NETCore.App.Ref\10.0.1\ref\net10.0\System.Runtime.CompilerServices.VisualC.dll" /reference:"C:\Program Files\dotnet\packs\Microsoft.NETCore.App.Ref\10.0.1\ref\net10.0\System.Runtime.dll" /reference:"C:\Program Files\dotnet\packs\Microsoft.NETCore.App.Ref\10.0.1\ref\net10.0\System.Runtime.Extensions.dll" /reference:"C:\Program Files\dotnet\packs\Microsoft.NETCore.App.Ref\10.0.1\ref\net10.0\System.Runtime.Handles.dll" /reference:"C:\Program Files\dotnet\packs\Microsoft.NETCore.App.Ref\10.0.1\ref\net10.0\System.Runtime.InteropServices.dll" /reference:"C:\Program Files\dotnet\packs\Microsoft.NETCore.App.Ref\10.0.1\ref\net10.0\System.Runtime.InteropServices.JavaScript.dll" /reference:"C:\Program Files\dotnet\packs\Microsoft.NETCore.App.Ref\10.0.1\ref\net10.0\System.Runtime.InteropServices.RuntimeInformation.dll" /reference:"C:\Program Files\dotnet\packs\Microsoft.NETCore.App.Ref\10.0.1\ref\net10.0\System.Runtime.Intrinsics.dll" /reference:"C:\Program Files\dotnet\packs\Microsoft.NETCore.App.Ref\10.0.1\ref\net10.0\System.Runtime.Loader.dll" /reference:"C:\Program Files\dotnet\packs\Microsoft.NETCore.App.Ref\10.0.1\ref\net10.0\System.Runtime.Numerics.dll" /reference:"C:\Program Files\dotnet\packs\Microsoft.NETCore.App.Ref\10.0.1\ref\net10.0\System.Runtime.Serialization.dll" /reference:"C:\Program Files\dotnet\packs\Microsoft.NETCore.App.Ref\10.0.1\ref\net10.0\System.Runtime.Serialization.Formatters.dll" /reference:"C:\Program Files\dotnet\packs\Microsoft.NETCore.App.Ref\10.0.1\ref\net10.0\System.Runtime.Serialization.Json.dll" /reference:"C:\Program Files\dotnet\packs\Microsoft.NETCore.App.Ref\10.0.1\ref\net10.0\System.Runtime.Serialization.Primitives.dll" /reference:"C:\Program Files\dotnet\packs\Microsoft.NETCore.App.Ref\10.0.1\ref\net10.0\System.Runtime.Serialization.Xml.dll" /reference:"C:\Program Files\dotnet\packs\Microsoft.NETCore.App.Ref\10.0.1\ref\net10.0\System.Security.AccessControl.dll" /reference:"C:\Program Files\dotnet\packs\Microsoft.NETCore.App.Ref\10.0.1\ref\net10.0\System.Security.Claims.dll" /reference:"C:\Program Files\dotnet\packs\Microsoft.NETCore.App.Ref\10.0.1\ref\net10.0\System.Security.Cryptography.Algorithms.dll" /reference:"C:\Program Files\dotnet\packs\Microsoft.NETCore.App.Ref\10.0.1\ref\net10.0\System.Security.Cryptography.Cng.dll" /reference:"C:\Program Files\dotnet\packs\Microsoft.NETCore.App.Ref\10.0.1\ref\net10.0\System.Security.Cryptography.Csp.dll" /reference:"C:\Program Files\dotnet\packs\Microsoft.NETCore.App.Ref\10.0.1\ref\net10.0\System.Security.Cryptography.dll" /reference:"C:\Program Files\dotnet\packs\Microsoft.NETCore.App.Ref\10.0.1\ref\net10.0\System.Security.Cryptography.Encoding.dll" /reference:"C:\Program Files\dotnet\packs\Microsoft.NETCore.App.Ref\10.0.1\ref\net10.0\System.Security.Cryptography.OpenSsl.dll" /reference:"C:\Program Files\dotnet\packs\Microsoft.NETCore.App.Ref\10.0.1\ref\net10.0\System.Security.Cryptography.Primitives.dll" /reference:"C:\Program Files\dotnet\packs\Microsoft.NETCore.App.Ref\10.0.1\ref\net10.0\System.Security.Cryptography.X509Certificates.dll" /reference:"C:\Program Files\dotnet\packs\Microsoft.AspNetCore.App.Ref\10.0.1\ref\net10.0\System.Security.Cryptography.Xml.dll" /reference:"C:\Program Files\dotnet\packs\Microsoft.NETCore.App.Ref\10.0.1\ref\net10.0\System.Security.dll" /reference:"C:\Program Files\dotnet\packs\Microsoft.NETCore.App.Ref\10.0.1\ref\net10.0\System.Security.Principal.dll" /reference:"C:\Program Files\dotnet\packs\Microsoft.NETCore.App.Ref\10.0.1\ref\net10.0\System.Security.Principal.Windows.dll" /reference:"C:\Program Files\dotnet\packs\Microsoft.NETCore.App.Ref\10.0.1\ref\net10.0\System.Security.SecureString.dll" /reference:"C:\Program Files\dotnet\packs\Microsoft.NETCore.App.Ref\10.0.1\ref\net10.0\System.ServiceModel.Web.dll" /reference:"C:\Program Files\dotnet\packs\Microsoft.NETCore.App.Ref\10.0.1\ref\net10.0\System.ServiceProcess.dll" /reference:"C:\Program Files\dotnet\packs\Microsoft.NETCore.App.Ref\10.0.1\ref\net10.0\System.Text.Encoding.CodePages.dll" /reference:"C:\Program Files\dotnet\packs\Microsoft.NETCore.App.Ref\10.0.1\ref\net10.0\System.Text.Encoding.dll" /reference:"C:\Program Files\dotnet\packs\Microsoft.NETCore.App.Ref\10.0.1\ref\net10.0\System.Text.Encoding.Extensions.dll" /reference:"C:\Program Files\dotnet\packs\Microsoft.NETCore.App.Ref\10.0.1\ref\net10.0\System.Text.Encodings.Web.dll" /reference:"C:\Program Files\dotnet\packs\Microsoft.NETCore.App.Ref\10.0.1\ref\net10.0\System.Text.Json.dll" /reference:"C:\Program Files\dotnet\packs\Microsoft.NETCore.App.Ref\10.0.1\ref\net10.0\System.Text.RegularExpressions.dll" /reference:"C:\Program Files\dotnet\packs\Microsoft.NETCore.App.Ref\10.0.1\ref\net10.0\System.Threading.AccessControl.dll" /reference:"C:\Program Files\dotnet\packs\Microsoft.NETCore.App.Ref\10.0.1\ref\net10.0\System.Threading.Channels.dll" /reference:"C:\Program Files\dotnet\packs\Microsoft.NETCore.App.Ref\10.0.1\ref\net10.0\System.Threading.dll" /reference:"C:\Program Files\dotnet\packs\Microsoft.NETCore.App.Ref\10.0.1\ref\net10.0\System.Threading.Overlapped.dll" /reference:"C:\Program Files\dotnet\packs\Microsoft.AspNetCore.App.Ref\10.0.1\ref\net10.0\System.Threading.RateLimiting.dll" /reference:"C:\Program Files\dotnet\packs\Microsoft.NETCore.App.Ref\10.0.1\ref\net10.0\System.Threading.Tasks.Dataflow.dll" /reference:"C:\Program Files\dotnet\packs\Microsoft.NETCore.App.Ref\10.0.1\ref\net10.0\System.Threading.Tasks.dll" /reference:"C:\Program Files\dotnet\packs\Microsoft.NETCore.App.Ref\10.0.1\ref\net10.0\System.Threading.Tasks.Extensions.dll" /reference:"C:\Program Files\dotnet\packs\Microsoft.NETCore.App.Ref\10.0.1\ref\net10.0\System.Threading.Tasks.Parallel.dll" /reference:"C:\Program Files\dotnet\packs\Microsoft.NETCore.App.Ref\10.0.1\ref\net10.0\System.Threading.Thread.dll" /reference:"C:\Program Files\dotnet\packs\Microsoft.NETCore.App.Ref\10.0.1\ref\net10.0\System.Threading.ThreadPool.dll" /reference:"C:\Program Files\dotnet\packs\Microsoft.NETCore.App.Ref\10.0.1\ref\net10.0\System.Threading.Timer.dll" /reference:"C:\Program Files\dotnet\packs\Microsoft.NETCore.App.Ref\10.0.1\ref\net10.0\System.Transactions.dll" /reference:"C:\Program Files\dotnet\packs\Microsoft.NETCore.App.Ref\10.0.1\ref\net10.0\System.Transactions.Local.dll" /reference:"C:\Program Files\dotnet\packs\Microsoft.NETCore.App.Ref\10.0.1\ref\net10.0\System.ValueTuple.dll" /reference:"C:\Program Files\dotnet\packs\Microsoft.NETCore.App.Ref\10.0.1\ref\net10.0\System.Web.dll" /reference:"C:\Program Files\dotnet\packs\Microsoft.NETCore.App.Ref\10.0.1\ref\net10.0\System.Web.HttpUtility.dll" /reference:"C:\Program Files\dotnet\packs\Microsoft.NETCore.App.Ref\10.0.1\ref\net10.0\System.Windows.dll" /reference:"C:\Program Files\dotnet\packs\Microsoft.NETCore.App.Ref\10.0.1\ref\net10.0\System.Xml.dll" /reference:"C:\Program Files\dotnet\packs\Microsoft.NETCore.App.Ref\10.0.1\ref\net10.0\System.Xml.Linq.dll" /reference:"C:\Program Files\dotnet\packs\Microsoft.NETCore.App.Ref\10.0.1\ref\net10.0\System.Xml.ReaderWriter.dll" /reference:"C:\Program Files\dotnet\packs\Microsoft.NETCore.App.Ref\10.0.1\ref\net10.0\System.Xml.Serialization.dll" /reference:"C:\Program Files\dotnet\packs\Microsoft.NETCore.App.Ref\10.0.1\ref\net10.0\System.Xml.XDocument.dll" /reference:"C:\Program Files\dotnet\packs\Microsoft.NETCore.App.Ref\10.0.1\ref\net10.0\System.Xml.XmlDocument.dll" /reference:"C:\Program Files\dotnet\packs\Microsoft.NETCore.App.Ref\10.0.1\ref\net10.0\System.Xml.XmlSerializer.dll" /reference:"C:\Program Files\dotnet\packs\Microsoft.NETCore.App.Ref\10.0.1\ref\net10.0\System.Xml.XPath.dll" /reference:"C:\Program Files\dotnet\packs\Microsoft.NETCore.App.Ref\10.0.1\ref\net10.0\System.Xml.XPath.XDocument.dll" /reference:C:\Users\natth\.nuget\packages\testcontainers\4.1.0\lib\net9.0\Testcontainers.dll /reference:C:\Users\natth\.nuget\packages\testcontainers.postgresql\4.1.0\lib\net9.0\Testcontainers.PostgreSql.dll /reference:C:\Users\natth\.nuget\packages\testcontainers.rabbitmq\4.1.0\lib\net9.0\Testcontainers.RabbitMq.dll /reference:C:\Users\natth\.nuget\packages\testcontainers.redis\4.1.0\lib\net9.0\Testcontainers.Redis.dll /reference:C:\Users\natth\.nuget\packages\microsoft.testplatform.testhost\17.14.1\lib\net8.0\testhost.dll /reference:"C:\Program Files\dotnet\packs\Microsoft.NETCore.App.Ref\10.0.1\ref\net10.0\WindowsBase.dll" /reference:C:\Users\natth\.nuget\packages\xunit.abstractions\2.0.3\lib\netstandard2.0\xunit.abstractions.dll /reference:C:\Users\natth\.nuget\packages\xunit.assert\2.9.3\lib\net6.0\xunit.assert.dll /reference:C:\Users\natth\.nuget\packages\xunit.extensibility.core\2.9.3\lib\netstandard1.1\xunit.core.dll /reference:C:\Users\natth\.nuget\packages\xunit.extensibility.execution\2.9.3\lib\netstandard1.1\xunit.execution.dotnet.dll /features:"InterceptorsNamespaces=;Microsoft.Extensions.Validation.Generated" /debug+ /debug:portable /filealign:512 /optimize+ /out:obj\Release\net10.0\Maliev.IAMService.Tests.dll /refout:obj\Release\net10.0\refint\Maliev.IAMService.Tests.dll /target:exe /warnaserror- /utf8output /deterministic+ /sourcelink:obj\Release\net10.0\Maliev.IAMService.Tests.sourcelink.json /langversion:14.0 /embed:C:\Users\natth\.nuget\packages\microsoft.net.test.sdk\17.14.1\build\net8.0\Microsoft.NET.Test.Sdk.Program.cs /embed:obj\Release\net10.0\Maliev.IAMService.Tests.GlobalUsings.g.cs /embed:"obj\Release\net10.0\.NETCoreApp,Version=v10.0.AssemblyAttributes.cs" /embed:obj\Release\net10.0\Maliev.IAMService.Tests.AssemblyInfo.cs /analyzerconfig:obj\Release\net10.0\Maliev.IAMService.Tests.GeneratedMSBuildEditorConfig.editorconfig /analyzerconfig:"C:\Program Files\dotnet\sdk\10.0.101\Sdks\Microsoft.NET.Sdk\analyzers\build\config\analysislevel_10_default.globalconfig" /analyzer:"C:\Program Files\dotnet\sdk\10.0.101\Sdks\Microsoft.NET.Sdk\targets\..\analyzers\Microsoft.CodeAnalysis.CSharp.NetAnalyzers.dll" /analyzer:"C:\Program Files\dotnet\sdk\10.0.101\Sdks\Microsoft.NET.Sdk\targets\..\analyzers\Microsoft.CodeAnalysis.NetAnalyzers.dll" /analyzer:C:\Users\natth\.nuget\packages\microsoft.aspnetcore.openapi\10.0.1\analyzers\dotnet\cs\Microsoft.AspNetCore.OpenApi.SourceGenerators.dll /analyzer:C:\Users\natth\.nuget\packages\microsoft.entityframeworkcore.analyzers\10.0.1\analyzers\dotnet\cs\Microsoft.EntityFrameworkCore.Analyzers.dll /analyzer:C:\Users\natth\.nuget\packages\microsoft.extensions.telemetry.abstractions\10.1.0\analyzers\dotnet\cs\Microsoft.Gen.Logging.dll /analyzer:C:\Users\natth\.nuget\packages\microsoft.extensions.telemetry.abstractions\10.1.0\analyzers\dotnet\cs\Microsoft.Gen.Metrics.dll /analyzer:C:\Users\natth\.nuget\packages\xunit.analyzers\1.18.0\analyzers\dotnet\cs\xunit.analyzers.dll /analyzer:C:\Users\natth\.nuget\packages\xunit.analyzers\1.18.0\analyzers\dotnet\cs\xunit.analyzers.fixes.dll /analyzer:"C:\Program Files\dotnet\packs\Microsoft.NETCore.App.Ref\10.0.1\analyzers/dotnet/cs/Microsoft.Interop.ComInterfaceGenerator.dll" /analyzer:"C:\Program Files\dotnet\packs\Microsoft.NETCore.App.Ref\10.0.1\analyzers/dotnet/cs/Microsoft.Interop.JavaScript.JSImportGenerator.dll" /analyzer:"C:\Program Files\dotnet\packs\Microsoft.NETCore.App.Ref\10.0.1\analyzers/dotnet/cs/Microsoft.Interop.LibraryImportGenerator.dll" /analyzer:"C:\Program Files\dotnet\packs\Microsoft.NETCore.App.Ref\10.0.1\analyzers/dotnet/cs/Microsoft.Interop.SourceGeneration.dll" /analyzer:"C:\Program Files\dotnet\packs\Microsoft.NETCore.App.Ref\10.0.1\analyzers/dotnet/cs/System.Text.Json.SourceGeneration.dll" /analyzer:"C:\Program Files\dotnet\packs\Microsoft.NETCore.App.Ref\10.0.1\analyzers/dotnet/cs/System.Text.RegularExpressions.Generator.dll" /analyzer:"C:\Program Files\dotnet\packs\Microsoft.AspNetCore.App.Ref\10.0.1\analyzers/dotnet/cs/Microsoft.AspNetCore.App.Analyzers.dll" /analyzer:"C:\Program Files\dotnet\packs\Microsoft.AspNetCore.App.Ref\10.0.1\analyzers/dotnet/cs/Microsoft.AspNetCore.App.CodeFixes.dll" /analyzer:"C:\Program Files\dotnet\packs\Microsoft.AspNetCore.App.Ref\10.0.1\analyzers/dotnet/cs/Microsoft.AspNetCore.App.SourceGenerators.dll" /analyzer:"C:\Program Files\dotnet\packs\Microsoft.AspNetCore.App.Ref\10.0.1\analyzers/dotnet/cs/Microsoft.AspNetCore.Components.Analyzers.dll" /analyzer:"C:\Program Files\dotnet\packs\Microsoft.AspNetCore.App.Ref\10.0.1\analyzers/dotnet/cs/Microsoft.Extensions.Validation.ValidationsGenerator.dll" /analyzer:"C:\Program Files\dotnet\packs\Microsoft.AspNetCore.App.Ref\10.0.1\analyzers/dotnet/cs/Microsoft.Extensions.Options.SourceGeneration.dll" Integration\BaseIntegrationTest.cs Integration\BindingsControllerTests.cs Integration\PermissionsControllerTests.cs Integration\PrincipalsControllerTests.cs Integration\RolesControllerTests.cs Integration\TokensControllerTests.cs Testing\BaseIntegrationTestFactory.cs Testing\IntegrationTestCollection.cs Testing\TestWebApplicationFactory.cs C:\Users\natth\.nuget\packages\microsoft.net.test.sdk\17.14.1\build\net8.0\Microsoft.NET.Test.Sdk.Program.cs obj\Release\net10.0\Maliev.IAMService.Tests.GlobalUsings.g.cs "obj\Release\net10.0\.NETCoreApp,Version=v10.0.AssemblyAttributes.cs" obj\Release\net10.0\Maliev.IAMService.Tests.AssemblyInfo.cs /warnaserror+:NU1605,SYSLIB0011
         Compilation request Maliev.IAMService.Tests (net10.0), PathToTool=C:\Program Files\dotnet\sdk\10.0.101\Roslyn\bincore\csc.exe
         CommandLine = ' /noconfig'
         BuildResponseFile = '/unsafe- /checked- /nowarn:1701,1702,1701,1702 /fullpaths /nostdlib+ /errorreport:prompt /warn:10 /define:TRACE;RELEASE;NET;NET10_0;NETCOREAPP;NET5_0_OR_GREATER;NET6_0_OR_GREATER;NET7_0_OR_GREATER;NET8_0_OR_GREATER;NET9_0_OR_GREATER;NET10_0_OR_GREATER;NETCOREAPP1_0_OR_GREATER;NETCOREAPP1_1_OR_GREATER;NETCOREAPP2_0_OR_GREATER;NETCOREAPP2_1_OR_GREATER;NETCOREAPP2_2_OR_GREATER;NETCOREAPP3_0_OR_GREATER;NETCOREAPP3_1_OR_GREATER /highentropyva+ /nullable:enable /reference:C:\Users\natth\.nuget\packages\asp.versioning.abstractions\8.1.0\lib\net8.0\Asp.Versioning.Abstractions.dll /reference:C:\Users\natth\.nuget\packages\asp.versioning.http\8.1.0\lib\net8.0\Asp.Versioning.Http.dll /reference:C:\Users\natth\.nuget\packages\asp.versioning.mvc.apiexplorer\8.1.0\lib\net8.0\Asp.Versioning.Mvc.ApiExplorer.dll /reference:C:\Users\natth\.nuget\packages\asp.versioning.mvc\8.1.0\lib\net8.0\Asp.Versioning.Mvc.dll /reference:C:\Users\natth\.nuget\packages\docker.dotnet.enhanced\3.126.1\lib\net9.0\Docker.DotNet.dll /reference:C:\Users\natth\.nuget\packages\docker.dotnet.enhanced.x509\3.126.1\lib\net9.0\Docker.DotNet.X509.dll /reference:C:\Users\natth\.nuget\packages\aspnetcore.healthchecks.npgsql\9.0.0\lib\net8.0\HealthChecks.NpgSql.dll /reference:C:\Users\natth\.nuget\packages\aspnetcore.healthchecks.rabbitmq\9.0.0\lib\net8.0\HealthChecks.Rabbitmq.dll /reference:C:\Users\natth\.nuget\packages\aspnetcore.healthchecks.redis\9.0.0\lib\net8.0\HealthChecks.Redis.dll /reference:C:\Users\natth\.nuget\packages\aspnetcore.healthchecks.ui.client\9.0.0\lib\net8.0\HealthChecks.UI.Client.dll /reference:C:\Users\natth\.nuget\packages\aspnetcore.healthchecks.ui.core\9.0.0\lib\net8.0\HealthChecks.UI.Core.dll /reference:C:\Users\natth\.nuget\packages\sharpziplib\1.4.2\lib\net6.0\ICSharpCode.SharpZipLib.dll /reference:B:\maliev\Maliev.Aspire\Maliev.Aspire.ServiceDefaults\obj\Debug\net10.0\ref\Maliev.Aspire.ServiceDefaults.dll /reference:B:\maliev\Maliev.IAMService\Maliev.IAMService.Api\obj\Release\net10.0\ref\Maliev.IAMService.Api.dll /reference:B:\maliev\Maliev.IAMService\Maliev.IAMService.Data\obj\Release\net10.0\ref\Maliev.IAMService.Data.dll /reference:C:\Users\natth\.nuget\packages\maliev.messagingcontracts\1.0.20\lib\net10.0\Maliev.MessagingContracts.dll /reference:C:\Users\natth\.nuget\packages\masstransit.abstractions\8.5.7\lib\net10.0\MassTransit.Abstractions.dll /reference:C:\Users\natth\.nuget\packages\masstransit\8.5.7\lib\net10.0\MassTransit.dll /reference:C:\Users\natth\.nuget\packages\masstransit.rabbitmq\8.5.7\lib\net10.0\MassTransit.RabbitMqTransport.dll /reference:"C:\Program Files\dotnet\packs\Microsoft.AspNetCore.App.Ref\10.0.1\ref\net10.0\Microsoft.AspNetCore.Antiforgery.dll" /reference:"C:\Program Files\dotnet\packs\Microsoft.AspNetCore.App.Ref\10.0.1\ref\net10.0\Microsoft.AspNetCore.Authentication.Abstractions.dll" /reference:"C:\Program Files\dotnet\packs\Microsoft.AspNetCore.App.Ref\10.0.1\ref\net10.0\Microsoft.AspNetCore.Authentication.BearerToken.dll" /reference:"C:\Program Files\dotnet\packs\Microsoft.AspNetCore.App.Ref\10.0.1\ref\net10.0\Microsoft.AspNetCore.Authentication.Cookies.dll" /reference:"C:\Program Files\dotnet\packs\Microsoft.AspNetCore.App.Ref\10.0.1\ref\net10.0\Microsoft.AspNetCore.Authentication.Core.dll" /reference:"C:\Program Files\dotnet\packs\Microsoft.AspNetCore.App.Ref\10.0.1\ref\net10.0\Microsoft.AspNetCore.Authentication.dll" /reference:C:\Users\natth\.nuget\packages\microsoft.aspnetcore.authentication.jwtbearer\10.0.1\lib\net10.0\Microsoft.AspNetCore.Authentication.JwtBearer.dll /reference:"C:\Program Files\dotnet\packs\Microsoft.AspNetCore.App.Ref\10.0.1\ref\net10.0\Microsoft.AspNetCore.Authentication.OAuth.dll" /reference:"C:\Program Files\dotnet\packs\Microsoft.AspNetCore.App.Ref\10.0.1\ref\net10.0\Microsoft.AspNetCore.Authorization.dll" /reference:"C:\Program Files\dotnet\packs\Microsoft.AspNetCore.App.Ref\10.0.1\ref\net10.0\Microsoft.AspNetCore.Authorization.Policy.dll" /reference:"C:\Program Files\dotnet\packs\Microsoft.AspNetCore.App.Ref\10.0.1\ref\net10.0\Microsoft.AspNetCore.Components.Authorization.dll" /reference:"C:\Program Files\dotnet\packs\Microsoft.AspNetCore.App.Ref\10.0.1\ref\net10.0\Microsoft.AspNetCore.Components.dll" /reference:"C:\Program Files\dotnet\packs\Microsoft.AspNetCore.App.Ref\10.0.1\ref\net10.0\Microsoft.AspNetCore.Components.Endpoints.dll" /reference:"C:\Program Files\dotnet\packs\Microsoft.AspNetCore.App.Ref\10.0.1\ref\net10.0\Microsoft.AspNetCore.Components.Forms.dll" /reference:"C:\Program Files\dotnet\packs\Microsoft.AspNetCore.App.Ref\10.0.1\ref\net10.0\Microsoft.AspNetCore.Components.Server.dll" /reference:"C:\Program Files\dotnet\packs\Microsoft.AspNetCore.App.Ref\10.0.1\ref\net10.0\Microsoft.AspNetCore.Components.Web.dll" /reference:"C:\Program Files\dotnet\packs\Microsoft.AspNetCore.App.Ref\10.0.1\ref\net10.0\Microsoft.AspNetCore.Connections.Abstractions.dll" /reference:"C:\Program Files\dotnet\packs\Microsoft.AspNetCore.App.Ref\10.0.1\ref\net10.0\Microsoft.AspNetCore.CookiePolicy.dll" /reference:"C:\Program Files\dotnet\packs\Microsoft.AspNetCore.App.Ref\10.0.1\ref\net10.0\Microsoft.AspNetCore.Cors.dll" /reference:"C:\Program Files\dotnet\packs\Microsoft.AspNetCore.App.Ref\10.0.1\ref\net10.0\Microsoft.AspNetCore.Cryptography.Internal.dll" /reference:"C:\Program Files\dotnet\packs\Microsoft.AspNetCore.App.Ref\10.0.1\ref\net10.0\Microsoft.AspNetCore.Cryptography.KeyDerivation.dll" /reference:"C:\Program Files\dotnet\packs\Microsoft.AspNetCore.App.Ref\10.0.1\ref\net10.0\Microsoft.AspNetCore.DataProtection.Abstractions.dll" /reference:"C:\Program Files\dotnet\packs\Microsoft.AspNetCore.App.Ref\10.0.1\ref\net10.0\Microsoft.AspNetCore.DataProtection.dll" /reference:"C:\Program Files\dotnet\packs\Microsoft.AspNetCore.App.Ref\10.0.1\ref\net10.0\Microsoft.AspNetCore.DataProtection.Extensions.dll" /reference:"C:\Program Files\dotnet\packs\Microsoft.AspNetCore.App.Ref\10.0.1\ref\net10.0\Microsoft.AspNetCore.Diagnostics.Abstractions.dll" /reference:"C:\Program Files\dotnet\packs\Microsoft.AspNetCore.App.Ref\10.0.1\ref\net10.0\Microsoft.AspNetCore.Diagnostics.dll" /reference:"C:\Program Files\dotnet\packs\Microsoft.AspNetCore.App.Ref\10.0.1\ref\net10.0\Microsoft.AspNetCore.Diagnostics.HealthChecks.dll" /reference:"C:\Program Files\dotnet\packs\Microsoft.AspNetCore.App.Ref\10.0.1\ref\net10.0\Microsoft.AspNetCore.dll" /reference:"C:\Program Files\dotnet\packs\Microsoft.AspNetCore.App.Ref\10.0.1\ref\net10.0\Microsoft.AspNetCore.HostFiltering.dll" /reference:"C:\Program Files\dotnet\packs\Microsoft.AspNetCore.App.Ref\10.0.1\ref\net10.0\Microsoft.AspNetCore.Hosting.Abstractions.dll" /reference:"C:\Program Files\dotnet\packs\Microsoft.AspNetCore.App.Ref\10.0.1\ref\net10.0\Microsoft.AspNetCore.Hosting.dll" /reference:"C:\Program Files\dotnet\packs\Microsoft.AspNetCore.App.Ref\10.0.1\ref\net10.0\Microsoft.AspNetCore.Hosting.Server.Abstractions.dll" /reference:"C:\Program Files\dotnet\packs\Microsoft.AspNetCore.App.Ref\10.0.1\ref\net10.0\Microsoft.AspNetCore.Html.Abstractions.dll" /reference:"C:\Program Files\dotnet\packs\Microsoft.AspNetCore.App.Ref\10.0.1\ref\net10.0\Microsoft.AspNetCore.Http.Abstractions.dll" /reference:"C:\Program Files\dotnet\packs\Microsoft.AspNetCore.App.Ref\10.0.1\ref\net10.0\Microsoft.AspNetCore.Http.Connections.Common.dll" /reference:"C:\Program Files\dotnet\packs\Microsoft.AspNetCore.App.Ref\10.0.1\ref\net10.0\Microsoft.AspNetCore.Http.Connections.dll" /reference:"C:\Program Files\dotnet\packs\Microsoft.AspNetCore.App.Ref\10.0.1\ref\net10.0\Microsoft.AspNetCore.Http.dll" /reference:"C:\Program Files\dotnet\packs\Microsoft.AspNetCore.App.Ref\10.0.1\ref\net10.0\Microsoft.AspNetCore.Http.Extensions.dll" /reference:"C:\Program Files\dotnet\packs\Microsoft.AspNetCore.App.Ref\10.0.1\ref\net10.0\Microsoft.AspNetCore.Http.Features.dll" /reference:"C:\Program Files\dotnet\packs\Microsoft.AspNetCore.App.Ref\10.0.1\ref\net10.0\Microsoft.AspNetCore.Http.Results.dll" /reference:"C:\Program Files\dotnet\packs\Microsoft.AspNetCore.App.Ref\10.0.1\ref\net10.0\Microsoft.AspNetCore.HttpLogging.dll" /reference:"C:\Program Files\dotnet\packs\Microsoft.AspNetCore.App.Ref\10.0.1\ref\net10.0\Microsoft.AspNetCore.HttpOverrides.dll" /reference:"C:\Program Files\dotnet\packs\Microsoft.AspNetCore.App.Ref\10.0.1\ref\net10.0\Microsoft.AspNetCore.HttpsPolicy.dll" /reference:"C:\Program Files\dotnet\packs\Microsoft.AspNetCore.App.Ref\10.0.1\ref\net10.0\Microsoft.AspNetCore.Identity.dll" /reference:"C:\Program Files\dotnet\packs\Microsoft.AspNetCore.App.Ref\10.0.1\ref\net10.0\Microsoft.AspNetCore.Localization.dll" /reference:"C:\Program Files\dotnet\packs\Microsoft.AspNetCore.App.Ref\10.0.1\ref\net10.0\Microsoft.AspNetCore.Localization.Routing.dll" /reference:"C:\Program Files\dotnet\packs\Microsoft.AspNetCore.App.Ref\10.0.1\ref\net10.0\Microsoft.AspNetCore.Metadata.dll" /reference:"C:\Program Files\dotnet\packs\Microsoft.AspNetCore.App.Ref\10.0.1\ref\net10.0\Microsoft.AspNetCore.Mvc.Abstractions.dll" /reference:"C:\Program Files\dotnet\packs\Microsoft.AspNetCore.App.Ref\10.0.1\ref\net10.0\Microsoft.AspNetCore.Mvc.ApiExplorer.dll" /reference:"C:\Program Files\dotnet\packs\Microsoft.AspNetCore.App.Ref\10.0.1\ref\net10.0\Microsoft.AspNetCore.Mvc.Core.dll" /reference:"C:\Program Files\dotnet\packs\Microsoft.AspNetCore.App.Ref\10.0.1\ref\net10.0\Microsoft.AspNetCore.Mvc.Cors.dll" /reference:"C:\Program Files\dotnet\packs\Microsoft.AspNetCore.App.Ref\10.0.1\ref\net10.0\Microsoft.AspNetCore.Mvc.DataAnnotations.dll" /reference:"C:\Program Files\dotnet\packs\Microsoft.AspNetCore.App.Ref\10.0.1\ref\net10.0\Microsoft.AspNetCore.Mvc.dll" /reference:"C:\Program Files\dotnet\packs\Microsoft.AspNetCore.App.Ref\10.0.1\ref\net10.0\Microsoft.AspNetCore.Mvc.Formatters.Json.dll" /reference:"C:\Program Files\dotnet\packs\Microsoft.AspNetCore.App.Ref\10.0.1\ref\net10.0\Microsoft.AspNetCore.Mvc.Formatters.Xml.dll" /reference:"C:\Program Files\dotnet\packs\Microsoft.AspNetCore.App.Ref\10.0.1\ref\net10.0\Microsoft.AspNetCore.Mvc.Localization.dll" /reference:"C:\Program Files\dotnet\packs\Microsoft.AspNetCore.App.Ref\10.0.1\ref\net10.0\Microsoft.AspNetCore.Mvc.Razor.dll" /reference:"C:\Program Files\dotnet\packs\Microsoft.AspNetCore.App.Ref\10.0.1\ref\net10.0\Microsoft.AspNetCore.Mvc.RazorPages.dll" /reference:"C:\Program Files\dotnet\packs\Microsoft.AspNetCore.App.Ref\10.0.1\ref\net10.0\Microsoft.AspNetCore.Mvc.TagHelpers.dll" /reference:C:\Users\natth\.nuget\packages\microsoft.aspnetcore.mvc.testing\10.0.1\lib\net10.0\Microsoft.AspNetCore.Mvc.Testing.dll /reference:"C:\Program Files\dotnet\packs\Microsoft.AspNetCore.App.Ref\10.0.1\ref\net10.0\Microsoft.AspNetCore.Mvc.ViewFeatures.dll" /reference:C:\Users\natth\.nuget\packages\microsoft.aspnetcore.openapi\10.0.1\lib\net10.0\Microsoft.AspNetCore.OpenApi.dll /reference:"C:\Program Files\dotnet\packs\Microsoft.AspNetCore.App.Ref\10.0.1\ref\net10.0\Microsoft.AspNetCore.OutputCaching.dll" /reference:"C:\Program Files\dotnet\packs\Microsoft.AspNetCore.App.Ref\10.0.1\ref\net10.0\Microsoft.AspNetCore.RateLimiting.dll" /reference:"C:\Program Files\dotnet\packs\Microsoft.AspNetCore.App.Ref\10.0.1\ref\net10.0\Microsoft.AspNetCore.Razor.dll" /reference:"C:\Program Files\dotnet\packs\Microsoft.AspNetCore.App.Ref\10.0.1\ref\net10.0\Microsoft.AspNetCore.Razor.Runtime.dll" /reference:"C:\Program Files\dotnet\packs\Microsoft.AspNetCore.App.Ref\10.0.1\ref\net10.0\Microsoft.AspNetCore.RequestDecompression.dll" /reference:"C:\Program Files\dotnet\packs\Microsoft.AspNetCore.App.Ref\10.0.1\ref\net10.0\Microsoft.AspNetCore.ResponseCaching.Abstractions.dll" /reference:"C:\Program Files\dotnet\packs\Microsoft.AspNetCore.App.Ref\10.0.1\ref\net10.0\Microsoft.AspNetCore.ResponseCaching.dll" /reference:"C:\Program Files\dotnet\packs\Microsoft.AspNetCore.App.Ref\10.0.1\ref\net10.0\Microsoft.AspNetCore.ResponseCompression.dll" /reference:"C:\Program Files\dotnet\packs\Microsoft.AspNetCore.App.Ref\10.0.1\ref\net10.0\Microsoft.AspNetCore.Rewrite.dll" /reference:"C:\Program Files\dotnet\packs\Microsoft.AspNetCore.App.Ref\10.0.1\ref\net10.0\Microsoft.AspNetCore.Routing.Abstractions.dll" /reference:"C:\Program Files\dotnet\packs\Microsoft.AspNetCore.App.Ref\10.0.1\ref\net10.0\Microsoft.AspNetCore.Routing.dll" /reference:"C:\Program Files\dotnet\packs\Microsoft.AspNetCore.App.Ref\10.0.1\ref\net10.0\Microsoft.AspNetCore.Server.HttpSys.dll" /reference:"C:\Program Files\dotnet\packs\Microsoft.AspNetCore.App.Ref\10.0.1\ref\net10.0\Microsoft.AspNetCore.Server.IIS.dll" /reference:"C:\Program Files\dotnet\packs\Microsoft.AspNetCore.App.Ref\10.0.1\ref\net10.0\Microsoft.AspNetCore.Server.IISIntegration.dll" /reference:"C:\Program Files\dotnet\packs\Microsoft.AspNetCore.App.Ref\10.0.1\ref\net10.0\Microsoft.AspNetCore.Server.Kestrel.Core.dll" /reference:"C:\Program Files\dotnet\packs\Microsoft.AspNetCore.App.Ref\10.0.1\ref\net10.0\Microsoft.AspNetCore.Server.Kestrel.dll" /reference:"C:\Program Files\dotnet\packs\Microsoft.AspNetCore.App.Ref\10.0.1\ref\net10.0\Microsoft.AspNetCore.Server.Kestrel.Transport.NamedPipes.dll" /reference:"C:\Program Files\dotnet\packs\Microsoft.AspNetCore.App.Ref\10.0.1\ref\net10.0\Microsoft.AspNetCore.Server.Kestrel.Transport.Quic.dll" /reference:"C:\Program Files\dotnet\packs\Microsoft.AspNetCore.App.Ref\10.0.1\ref\net10.0\Microsoft.AspNetCore.Server.Kestrel.Transport.Sockets.dll" /reference:"C:\Program Files\dotnet\packs\Microsoft.AspNetCore.App.Ref\10.0.1\ref\net10.0\Microsoft.AspNetCore.Session.dll" /reference:"C:\Program Files\dotnet\packs\Microsoft.AspNetCore.App.Ref\10.0.1\ref\net10.0\Microsoft.AspNetCore.SignalR.Common.dll" /reference:"C:\Program Files\dotnet\packs\Microsoft.AspNetCore.App.Ref\10.0.1\ref\net10.0\Microsoft.AspNetCore.SignalR.Core.dll" /reference:"C:\Program Files\dotnet\packs\Microsoft.AspNetCore.App.Ref\10.0.1\ref\net10.0\Microsoft.AspNetCore.SignalR.dll" /reference:"C:\Program Files\dotnet\packs\Microsoft.AspNetCore.App.Ref\10.0.1\ref\net10.0\Microsoft.AspNetCore.SignalR.Protocols.Json.dll" /reference:"C:\Program Files\dotnet\packs\Microsoft.AspNetCore.App.Ref\10.0.1\ref\net10.0\Microsoft.AspNetCore.StaticAssets.dll" /reference:"C:\Program Files\dotnet\packs\Microsoft.AspNetCore.App.Ref\10.0.1\ref\net10.0\Microsoft.AspNetCore.StaticFiles.dll" /reference:C:\Users\natth\.nuget\packages\microsoft.aspnetcore.testhost\10.0.1\lib\net10.0\Microsoft.AspNetCore.TestHost.dll /reference:"C:\Program Files\dotnet\packs\Microsoft.AspNetCore.App.Ref\10.0.1\ref\net10.0\Microsoft.AspNetCore.WebSockets.dll" /reference:"C:\Program Files\dotnet\packs\Microsoft.AspNetCore.App.Ref\10.0.1\ref\net10.0\Microsoft.AspNetCore.WebUtilities.dll" /reference:"C:\Program Files\dotnet\packs\Microsoft.NETCore.App.Ref\10.0.1\ref\net10.0\Microsoft.CSharp.dll" /reference:C:\Users\natth\.nuget\packages\microsoft.entityframeworkcore.abstractions\10.0.1\lib\net10.0\Microsoft.EntityFrameworkCore.Abstractions.dll /reference:C:\Users\natth\.nuget\packages\microsoft.entityframeworkcore\10.0.1\lib\net10.0\Microsoft.EntityFrameworkCore.dll /reference:C:\Users\natth\.nuget\packages\microsoft.entityframeworkcore.relational\10.0.1\lib\net10.0\Microsoft.EntityFrameworkCore.Relational.dll /reference:C:\Users\natth\.nuget\packages\microsoft.extensions.ambientmetadata.application\10.1.0\lib\net10.0\Microsoft.Extensions.AmbientMetadata.Application.dll /reference:"C:\Program Files\dotnet\packs\Microsoft.AspNetCore.App.Ref\10.0.1\ref\net10.0\Microsoft.Extensions.Caching.Abstractions.dll" /reference:"C:\Program Files\dotnet\packs\Microsoft.AspNetCore.App.Ref\10.0.1\ref\net10.0\Microsoft.Extensions.Caching.Memory.dll" /reference:C:\Users\natth\.nuget\packages\microsoft.extensions.caching.stackexchangeredis\10.0.1\lib\net10.0\Microsoft.Extensions.Caching.StackExchangeRedis.dll /reference:C:\Users\natth\.nuget\packages\microsoft.extensions.compliance.abstractions\10.1.0\lib\net10.0\Microsoft.Extensions.Compliance.Abstractions.dll /reference:"C:\Program Files\dotnet\packs\Microsoft.AspNetCore.App.Ref\10.0.1\ref\net10.0\Microsoft.Extensions.Configuration.Abstractions.dll" /reference:"C:\Program Files\dotnet\packs\Microsoft.AspNetCore.App.Ref\10.0.1\ref\net10.0\Microsoft.Extensions.Configuration.Binder.dll" /reference:"C:\Program Files\dotnet\packs\Microsoft.AspNetCore.App.Ref\10.0.1\ref\net10.0\Microsoft.Extensions.Configuration.CommandLine.dll" /reference:"C:\Program Files\dotnet\packs\Microsoft.AspNetCore.App.Ref\10.0.1\ref\net10.0\Microsoft.Extensions.Configuration.dll" /reference:"C:\Program Files\dotnet\packs\Microsoft.AspNetCore.App.Ref\10.0.1\ref\net10.0\Microsoft.Extensions.Configuration.EnvironmentVariables.dll" /reference:"C:\Program Files\dotnet\packs\Microsoft.AspNetCore.App.Ref\10.0.1\ref\net10.0\Microsoft.Extensions.Configuration.FileExtensions.dll" /reference:"C:\Program Files\dotnet\packs\Microsoft.AspNetCore.App.Ref\10.0.1\ref\net10.0\Microsoft.Extensions.Configuration.Ini.dll" /reference:"C:\Program Files\dotnet\packs\Microsoft.AspNetCore.App.Ref\10.0.1\ref\net10.0\Microsoft.Extensions.Configuration.Json.dll" /reference:"C:\Program Files\dotnet\packs\Microsoft.AspNetCore.App.Ref\10.0.1\ref\net10.0\Microsoft.Extensions.Configuration.KeyPerFile.dll" /reference:"C:\Program Files\dotnet\packs\Microsoft.AspNetCore.App.Ref\10.0.1\ref\net10.0\Microsoft.Extensions.Configuration.UserSecrets.dll" /reference:"C:\Program Files\dotnet\packs\Microsoft.AspNetCore.App.Ref\10.0.1\ref\net10.0\Microsoft.Extensions.Configuration.Xml.dll" /reference:"C:\Program Files\dotnet\packs\Microsoft.AspNetCore.App.Ref\10.0.1\ref\net10.0\Microsoft.Extensions.DependencyInjection.Abstractions.dll" /reference:C:\Users\natth\.nuget\packages\microsoft.extensions.dependencyinjection.autoactivation\10.1.0\lib\net10.0\Microsoft.Extensions.DependencyInjection.AutoActivation.dll /reference:"C:\Program Files\dotnet\packs\Microsoft.AspNetCore.App.Ref\10.0.1\ref\net10.0\Microsoft.Extensions.DependencyInjection.dll" /reference:C:\Users\natth\.nuget\packages\microsoft.extensions.dependencymodel\10.0.1\lib\net10.0\Microsoft.Extensions.DependencyModel.dll /reference:"C:\Program Files\dotnet\packs\Microsoft.AspNetCore.App.Ref\10.0.1\ref\net10.0\Microsoft.Extensions.Diagnostics.Abstractions.dll" /reference:"C:\Program Files\dotnet\packs\Microsoft.AspNetCore.App.Ref\10.0.1\ref\net10.0\Microsoft.Extensions.Diagnostics.dll" /reference:C:\Users\natth\.nuget\packages\microsoft.extensions.diagnostics.exceptionsummarization\10.1.0\lib\net10.0\Microsoft.Extensions.Diagnostics.ExceptionSummarization.dll /reference:"C:\Program Files\dotnet\packs\Microsoft.AspNetCore.App.Ref\10.0.1\ref\net10.0\Microsoft.Extensions.Diagnostics.HealthChecks.Abstractions.dll" /reference:"C:\Program Files\dotnet\packs\Microsoft.AspNetCore.App.Ref\10.0.1\ref\net10.0\Microsoft.Extensions.Diagnostics.HealthChecks.dll" /reference:C:\Users\natth\.nuget\packages\microsoft.extensions.diagnostics.healthchecks.entityframeworkcore\10.0.1\lib\net10.0\Microsoft.Extensions.Diagnostics.HealthChecks.EntityFrameworkCore.dll /reference:"C:\Program Files\dotnet\packs\Microsoft.AspNetCore.App.Ref\10.0.1\ref\net10.0\Microsoft.Extensions.Features.dll" /reference:"C:\Program Files\dotnet\packs\Microsoft.AspNetCore.App.Ref\10.0.1\ref\net10.0\Microsoft.Extensions.FileProviders.Abstractions.dll" /reference:"C:\Program Files\dotnet\packs\Microsoft.AspNetCore.App.Ref\10.0.1\ref\net10.0\Microsoft.Extensions.FileProviders.Composite.dll" /reference:"C:\Program Files\dotnet\packs\Microsoft.AspNetCore.App.Ref\10.0.1\ref\net10.0\Microsoft.Extensions.FileProviders.Embedded.dll" /reference:"C:\Program Files\dotnet\packs\Microsoft.AspNetCore.App.Ref\10.0.1\ref\net10.0\Microsoft.Extensions.FileProviders.Physical.dll" /reference:"C:\Program Files\dotnet\packs\Microsoft.AspNetCore.App.Ref\10.0.1\ref\net10.0\Microsoft.Extensions.FileSystemGlobbing.dll" /reference:"C:\Program Files\dotnet\packs\Microsoft.AspNetCore.App.Ref\10.0.1\ref\net10.0\Microsoft.Extensions.Hosting.Abstractions.dll" /reference:"C:\Program Files\dotnet\packs\Microsoft.AspNetCore.App.Ref\10.0.1\ref\net10.0\Microsoft.Extensions.Hosting.dll" /reference:C:\Users\natth\.nuget\packages\microsoft.extensions.http.diagnostics\10.1.0\lib\net10.0\Microsoft.Extensions.Http.Diagnostics.dll /reference:"C:\Program Files\dotnet\packs\Microsoft.AspNetCore.App.Ref\10.0.1\ref\net10.0\Microsoft.Extensions.Http.dll" /reference:C:\Users\natth\.nuget\packages\microsoft.extensions.http.resilience\10.1.0\lib\net10.0\Microsoft.Extensions.Http.Resilience.dll /reference:"C:\Program Files\dotnet\packs\Microsoft.AspNetCore.App.Ref\10.0.1\ref\net10.0\Microsoft.Extensions.Identity.Core.dll" /reference:"C:\Program Files\dotnet\packs\Microsoft.AspNetCore.App.Ref\10.0.1\ref\net10.0\Microsoft.Extensions.Identity.Stores.dll" /reference:"C:\Program Files\dotnet\packs\Microsoft.AspNetCore.App.Ref\10.0.1\ref\net10.0\Microsoft.Extensions.Localization.Abstractions.dll" /reference:"C:\Program Files\dotnet\packs\Microsoft.AspNetCore.App.Ref\10.0.1\ref\net10.0\Microsoft.Extensions.Localization.dll" /reference:"C:\Program Files\dotnet\packs\Microsoft.AspNetCore.App.Ref\10.0.1\ref\net10.0\Microsoft.Extensions.Logging.Abstractions.dll" /reference:"C:\Program Files\dotnet\packs\Microsoft.AspNetCore.App.Ref\10.0.1\ref\net10.0\Microsoft.Extensions.Logging.Configuration.dll" /reference:"C:\Program Files\dotnet\packs\Microsoft.AspNetCore.App.Ref\10.0.1\ref\net10.0\Microsoft.Extensions.Logging.Console.dll" /reference:"C:\Program Files\dotnet\packs\Microsoft.AspNetCore.App.Ref\10.0.1\ref\net10.0\Microsoft.Extensions.Logging.Debug.dll" /reference:"C:\Program Files\dotnet\packs\Microsoft.AspNetCore.App.Ref\10.0.1\ref\net10.0\Microsoft.Extensions.Logging.dll" /reference:"C:\Program Files\dotnet\packs\Microsoft.AspNetCore.App.Ref\10.0.1\ref\net10.0\Microsoft.Extensions.Logging.EventLog.dll" /reference:"C:\Program Files\dotnet\packs\Microsoft.AspNetCore.App.Ref\10.0.1\ref\net10.0\Microsoft.Extensions.Logging.EventSource.dll" /reference:"C:\Program Files\dotnet\packs\Microsoft.AspNetCore.App.Ref\10.0.1\ref\net10.0\Microsoft.Extensions.Logging.TraceSource.dll" /reference:"C:\Program Files\dotnet\packs\Microsoft.AspNetCore.App.Ref\10.0.1\ref\net10.0\Microsoft.Extensions.ObjectPool.dll" /reference:"C:\Program Files\dotnet\packs\Microsoft.AspNetCore.App.Ref\10.0.1\ref\net10.0\Microsoft.Extensions.Options.ConfigurationExtensions.dll" /reference:"C:\Program Files\dotnet\packs\Microsoft.AspNetCore.App.Ref\10.0.1\ref\net10.0\Microsoft.Extensions.Options.DataAnnotations.dll" /reference:"C:\Program Files\dotnet\packs\Microsoft.AspNetCore.App.Ref\10.0.1\ref\net10.0\Microsoft.Extensions.Options.dll" /reference:"C:\Program Files\dotnet\packs\Microsoft.AspNetCore.App.Ref\10.0.1\ref\net10.0\Microsoft.Extensions.Primitives.dll" /reference:C:\Users\natth\.nuget\packages\microsoft.extensions.resilience\10.1.0\lib\net10.0\Microsoft.Extensions.Resilience.dll /reference:C:\Users\natth\.nuget\packages\microsoft.extensions.servicediscovery.abstractions\10.1.0\lib\net10.0\Microsoft.Extensions.ServiceDiscovery.Abstractions.dll /reference:C:\Users\natth\.nuget\packages\microsoft.extensions.servicediscovery\10.1.0\lib\net10.0\Microsoft.Extensions.ServiceDiscovery.dll /reference:C:\Users\natth\.nuget\packages\microsoft.extensions.telemetry.abstractions\10.1.0\lib\net10.0\Microsoft.Extensions.Telemetry.Abstractions.dll /reference:C:\Users\natth\.nuget\packages\microsoft.extensions.telemetry\10.1.0\lib\net10.0\Microsoft.Extensions.Telemetry.dll /reference:"C:\Program Files\dotnet\packs\Microsoft.AspNetCore.App.Ref\10.0.1\ref\net10.0\Microsoft.Extensions.Validation.dll" /reference:"C:\Program Files\dotnet\packs\Microsoft.AspNetCore.App.Ref\10.0.1\ref\net10.0\Microsoft.Extensions.WebEncoders.dll" /reference:C:\Users\natth\.nuget\packages\microsoft.identitymodel.abstractions\8.15.0\lib\net10.0\Microsoft.IdentityModel.Abstractions.dll /reference:C:\Users\natth\.nuget\packages\microsoft.identitymodel.jsonwebtokens\8.15.0\lib\net10.0\Microsoft.IdentityModel.JsonWebTokens.dll /reference:C:\Users\natth\.nuget\packages\microsoft.identitymodel.logging\8.15.0\lib\net10.0\Microsoft.IdentityModel.Logging.dll /reference:C:\Users\natth\.nuget\packages\microsoft.identitymodel.protocols\8.0.1\lib\net9.0\Microsoft.IdentityModel.Protocols.dll /reference:C:\Users\natth\.nuget\packages\microsoft.identitymodel.protocols.openidconnect\8.0.1\lib\net9.0\Microsoft.IdentityModel.Protocols.OpenIdConnect.dll /reference:C:\Users\natth\.nuget\packages\microsoft.identitymodel.tokens\8.15.0\lib\net10.0\Microsoft.IdentityModel.Tokens.dll /reference:"C:\Program Files\dotnet\packs\Microsoft.AspNetCore.App.Ref\10.0.1\ref\net10.0\Microsoft.JSInterop.dll" /reference:"C:\Program Files\dotnet\packs\Microsoft.AspNetCore.App.Ref\10.0.1\ref\net10.0\Microsoft.Net.Http.Headers.dll" /reference:C:\Users\natth\.nuget\packages\microsoft.openapi\2.0.0\lib\net8.0\Microsoft.OpenApi.dll /reference:C:\Users\natth\.nuget\packages\microsoft.testplatform.testhost\17.14.1\lib\net8.0\Microsoft.TestPlatform.CommunicationUtilities.dll /reference:C:\Users\natth\.nuget\packages\microsoft.testplatform.testhost\17.14.1\lib\net8.0\Microsoft.TestPlatform.CoreUtilities.dll /reference:C:\Users\natth\.nuget\packages\microsoft.testplatform.testhost\17.14.1\lib\net8.0\Microsoft.TestPlatform.CrossPlatEngine.dll /reference:C:\Users\natth\.nuget\packages\microsoft.testplatform.testhost\17.14.1\lib\net8.0\Microsoft.TestPlatform.PlatformAbstractions.dll /reference:C:\Users\natth\.nuget\packages\microsoft.testplatform.testhost\17.14.1\lib\net8.0\Microsoft.TestPlatform.Utilities.dll /reference:"C:\Program Files\dotnet\packs\Microsoft.NETCore.App.Ref\10.0.1\ref\net10.0\Microsoft.VisualBasic.Core.dll" /reference:"C:\Program Files\dotnet\packs\Microsoft.NETCore.App.Ref\10.0.1\ref\net10.0\Microsoft.VisualBasic.dll" /reference:C:\Users\natth\.nuget\packages\microsoft.codecoverage\17.14.1\lib\net8.0\Microsoft.VisualStudio.CodeCoverage.Shim.dll /reference:C:\Users\natth\.nuget\packages\microsoft.testplatform.testhost\17.14.1\lib\net8.0\Microsoft.VisualStudio.TestPlatform.Common.dll /reference:C:\Users\natth\.nuget\packages\microsoft.testplatform.testhost\17.14.1\lib\net8.0\Microsoft.VisualStudio.TestPlatform.ObjectModel.dll /reference:"C:\Program Files\dotnet\packs\Microsoft.NETCore.App.Ref\10.0.1\ref\net10.0\Microsoft.Win32.Primitives.dll" /reference:"C:\Program Files\dotnet\packs\Microsoft.NETCore.App.Ref\10.0.1\ref\net10.0\Microsoft.Win32.Registry.dll" /reference:"C:\Program Files\dotnet\packs\Microsoft.NETCore.App.Ref\10.0.1\ref\net10.0\mscorlib.dll" /reference:"C:\Program Files\dotnet\packs\Microsoft.NETCore.App.Ref\10.0.1\ref\net10.0\netstandard.dll" /reference:C:\Users\natth\.nuget\packages\newtonsoft.json\13.0.3\lib\net6.0\Newtonsoft.Json.dll /reference:C:\Users\natth\.nuget\packages\npgsql\10.0.0\lib\net10.0\Npgsql.dll /reference:C:\Users\natth\.nuget\packages\npgsql.entityframeworkcore.postgresql\10.0.0\lib\net10.0\Npgsql.EntityFrameworkCore.PostgreSQL.dll /reference:C:\Users\natth\.nuget\packages\opentelemetry.api\1.14.0\lib\net10.0\OpenTelemetry.Api.dll /reference:C:\Users\natth\.nuget\packages\opentelemetry.api.providerbuilderextensions\1.14.0\lib\net10.0\OpenTelemetry.Api.ProviderBuilderExtensions.dll /reference:C:\Users\natth\.nuget\packages\opentelemetry\1.14.0\lib\net10.0\OpenTelemetry.dll /reference:C:\Users\natth\.nuget\packages\opentelemetry.exporter.opentelemetryprotocol\1.14.0\lib\net10.0\OpenTelemetry.Exporter.OpenTelemetryProtocol.dll /reference:C:\Users\natth\.nuget\packages\opentelemetry.exporter.prometheus.aspnetcore\1.14.0-beta.1\lib\net10.0\OpenTelemetry.Exporter.Prometheus.AspNetCore.dll /reference:C:\Users\natth\.nuget\packages\opentelemetry.extensions.hosting\1.14.0\lib\net10.0\OpenTelemetry.Extensions.Hosting.dll /reference:C:\Users\natth\.nuget\packages\opentelemetry.instrumentation.aspnetcore\1.14.0\lib\net10.0\OpenTelemetry.Instrumentation.AspNetCore.dll /reference:C:\Users\natth\.nuget\packages\opentelemetry.instrumentation.http\1.14.0\lib\net10.0\OpenTelemetry.Instrumentation.Http.dll /reference:C:\Users\natth\.nuget\packages\opentelemetry.instrumentation.runtime\1.14.0\lib\net10.0\OpenTelemetry.Instrumentation.Runtime.dll /reference:C:\Users\natth\.nuget\packages\pipelines.sockets.unofficial\2.2.8\lib\net5.0\Pipelines.Sockets.Unofficial.dll /reference:C:\Users\natth\.nuget\packages\polly.core\8.4.2\lib\net8.0\Polly.Core.dll /reference:C:\Users\natth\.nuget\packages\polly.extensions\8.4.2\lib\net8.0\Polly.Extensions.dll /reference:C:\Users\natth\.nuget\packages\polly.ratelimiting\8.4.2\lib\net8.0\Polly.RateLimiting.dll /reference:C:\Users\natth\.nuget\packages\rabbitmq.client\7.2.0\lib\net8.0\RabbitMQ.Client.dll /reference:C:\Users\natth\.nuget\packages\ssh.net\2024.1.0\lib\net8.0\Renci.SshNet.dll /reference:C:\Users\natth\.nuget\packages\scalar.aspnetcore\2.11.10\lib\net10.0\Scalar.AspNetCore.dll /reference:C:\Users\natth\.nuget\packages\stackexchange.redis\2.10.1\lib\net8.0\StackExchange.Redis.dll /reference:"C:\Program Files\dotnet\packs\Microsoft.NETCore.App.Ref\10.0.1\ref\net10.0\System.AppContext.dll" /reference:"C:\Program Files\dotnet\packs\Microsoft.NETCore.App.Ref\10.0.1\ref\net10.0\System.Buffers.dll" /reference:"C:\Program Files\dotnet\packs\Microsoft.NETCore.App.Ref\10.0.1\ref\net10.0\System.Collections.Concurrent.dll" /reference:"C:\Program Files\dotnet\packs\Microsoft.NETCore.App.Ref\10.0.1\ref\net10.0\System.Collections.dll" /reference:"C:\Program Files\dotnet\packs\Microsoft.NETCore.App.Ref\10.0.1\ref\net10.0\System.Collections.Immutable.dll" /reference:"C:\Program Files\dotnet\packs\Microsoft.NETCore.App.Ref\10.0.1\ref\net10.0\System.Collections.NonGeneric.dll" /reference:"C:\Program Files\dotnet\packs\Microsoft.NETCore.App.Ref\10.0.1\ref\net10.0\System.Collections.Specialized.dll" /reference:"C:\Program Files\dotnet\packs\Microsoft.NETCore.App.Ref\10.0.1\ref\net10.0\System.ComponentModel.Annotations.dll" /reference:"C:\Program Files\dotnet\packs\Microsoft.NETCore.App.Ref\10.0.1\ref\net10.0\System.ComponentModel.DataAnnotations.dll" /reference:"C:\Program Files\dotnet\packs\Microsoft.NETCore.App.Ref\10.0.1\ref\net10.0\System.ComponentModel.dll" /reference:"C:\Program Files\dotnet\packs\Microsoft.NETCore.App.Ref\10.0.1\ref\net10.0\System.ComponentModel.EventBasedAsync.dll" /reference:"C:\Program Files\dotnet\packs\Microsoft.NETCore.App.Ref\10.0.1\ref\net10.0\System.ComponentModel.Primitives.dll" /reference:"C:\Program Files\dotnet\packs\Microsoft.NETCore.App.Ref\10.0.1\ref\net10.0\System.ComponentModel.TypeConverter.dll" /reference:"C:\Program Files\dotnet\packs\Microsoft.NETCore.App.Ref\10.0.1\ref\net10.0\System.Configuration.dll" /reference:"C:\Program Files\dotnet\packs\Microsoft.NETCore.App.Ref\10.0.1\ref\net10.0\System.Console.dll" /reference:"C:\Program Files\dotnet\packs\Microsoft.NETCore.App.Ref\10.0.1\ref\net10.0\System.Core.dll" /reference:"C:\Program Files\dotnet\packs\Microsoft.NETCore.App.Ref\10.0.1\ref\net10.0\System.Data.Common.dll" /reference:"C:\Program Files\dotnet\packs\Microsoft.NETCore.App.Ref\10.0.1\ref\net10.0\System.Data.DataSetExtensions.dll" /reference:"C:\Program Files\dotnet\packs\Microsoft.NETCore.App.Ref\10.0.1\ref\net10.0\System.Data.dll" /reference:"C:\Program Files\dotnet\packs\Microsoft.NETCore.App.Ref\10.0.1\ref\net10.0\System.Diagnostics.Contracts.dll" /reference:"C:\Program Files\dotnet\packs\Microsoft.NETCore.App.Ref\10.0.1\ref\net10.0\System.Diagnostics.Debug.dll" /reference:"C:\Program Files\dotnet\packs\Microsoft.NETCore.App.Ref\10.0.1\ref\net10.0\System.Diagnostics.DiagnosticSource.dll" /reference:"C:\Program Files\dotnet\packs\Microsoft.AspNetCore.App.Ref\10.0.1\ref\net10.0\System.Diagnostics.EventLog.dll" /reference:"C:\Program Files\dotnet\packs\Microsoft.NETCore.App.Ref\10.0.1\ref\net10.0\System.Diagnostics.FileVersionInfo.dll" /reference:"C:\Program Files\dotnet\packs\Microsoft.NETCore.App.Ref\10.0.1\ref\net10.0\System.Diagnostics.Process.dll" /reference:"C:\Program Files\dotnet\packs\Microsoft.NETCore.App.Ref\10.0.1\ref\net10.0\System.Diagnostics.StackTrace.dll" /reference:"C:\Program Files\dotnet\packs\Microsoft.NETCore.App.Ref\10.0.1\ref\net10.0\System.Diagnostics.TextWriterTraceListener.dll" /reference:"C:\Program Files\dotnet\packs\Microsoft.NETCore.App.Ref\10.0.1\ref\net10.0\System.Diagnostics.Tools.dll" /reference:"C:\Program Files\dotnet\packs\Microsoft.NETCore.App.Ref\10.0.1\ref\net10.0\System.Diagnostics.TraceSource.dll" /reference:"C:\Program Files\dotnet\packs\Microsoft.NETCore.App.Ref\10.0.1\ref\net10.0\System.Diagnostics.Tracing.dll" /reference:"C:\Program Files\dotnet\packs\Microsoft.NETCore.App.Ref\10.0.1\ref\net10.0\System.dll" /reference:"C:\Program Files\dotnet\packs\Microsoft.NETCore.App.Ref\10.0.1\ref\net10.0\System.Drawing.dll" /reference:"C:\Program Files\dotnet\packs\Microsoft.NETCore.App.Ref\10.0.1\ref\net10.0\System.Drawing.Primitives.dll" /reference:"C:\Program Files\dotnet\packs\Microsoft.NETCore.App.Ref\10.0.1\ref\net10.0\System.Dynamic.Runtime.dll" /reference:"C:\Program Files\dotnet\packs\Microsoft.NETCore.App.Ref\10.0.1\ref\net10.0\System.Formats.Asn1.dll" /reference:"C:\Program Files\dotnet\packs\Microsoft.AspNetCore.App.Ref\10.0.1\ref\net10.0\System.Formats.Cbor.dll" /reference:"C:\Program Files\dotnet\packs\Microsoft.NETCore.App.Ref\10.0.1\ref\net10.0\System.Formats.Tar.dll" /reference:"C:\Program Files\dotnet\packs\Microsoft.NETCore.App.Ref\10.0.1\ref\net10.0\System.Globalization.Calendars.dll" /reference:"C:\Program Files\dotnet\packs\Microsoft.NETCore.App.Ref\10.0.1\ref\net10.0\System.Globalization.dll" /reference:"C:\Program Files\dotnet\packs\Microsoft.NETCore.App.Ref\10.0.1\ref\net10.0\System.Globalization.Extensions.dll" /reference:C:\Users\natth\.nuget\packages\system.identitymodel.tokens.jwt\8.15.0\lib\net10.0\System.IdentityModel.Tokens.Jwt.dll /reference:"C:\Program Files\dotnet\packs\Microsoft.NETCore.App.Ref\10.0.1\ref\net10.0\System.IO.Compression.Brotli.dll" /reference:"C:\Program Files\dotnet\packs\Microsoft.NETCore.App.Ref\10.0.1\ref\net10.0\System.IO.Compression.dll" /reference:"C:\Program Files\dotnet\packs\Microsoft.NETCore.App.Ref\10.0.1\ref\net10.0\System.IO.Compression.FileSystem.dll" /reference:"C:\Program Files\dotnet\packs\Microsoft.NETCore.App.Ref\10.0.1\ref\net10.0\System.IO.Compression.ZipFile.dll" /reference:"C:\Program Files\dotnet\packs\Microsoft.NETCore.App.Ref\10.0.1\ref\net10.0\System.IO.dll" /reference:"C:\Program Files\dotnet\packs\Microsoft.NETCore.App.Ref\10.0.1\ref\net10.0\System.IO.FileSystem.AccessControl.dll" /reference:"C:\Program Files\dotnet\packs\Microsoft.NETCore.App.Ref\10.0.1\ref\net10.0\System.IO.FileSystem.dll" /reference:"C:\Program Files\dotnet\packs\Microsoft.NETCore.App.Ref\10.0.1\ref\net10.0\System.IO.FileSystem.DriveInfo.dll" /reference:"C:\Program Files\dotnet\packs\Microsoft.NETCore.App.Ref\10.0.1\ref\net10.0\System.IO.FileSystem.Primitives.dll" /reference:"C:\Program Files\dotnet\packs\Microsoft.NETCore.App.Ref\10.0.1\ref\net10.0\System.IO.FileSystem.Watcher.dll" /reference:C:\Users\natth\.nuget\packages\system.io.hashing\9.0.10\lib\net9.0\System.IO.Hashing.dll /reference:"C:\Program Files\dotnet\packs\Microsoft.NETCore.App.Ref\10.0.1\ref\net10.0\System.IO.IsolatedStorage.dll" /reference:"C:\Program Files\dotnet\packs\Microsoft.NETCore.App.Ref\10.0.1\ref\net10.0\System.IO.MemoryMappedFiles.dll" /reference:"C:\Program Files\dotnet\packs\Microsoft.NETCore.App.Ref\10.0.1\ref\net10.0\System.IO.Pipelines.dll" /reference:"C:\Program Files\dotnet\packs\Microsoft.NETCore.App.Ref\10.0.1\ref\net10.0\System.IO.Pipes.AccessControl.dll" /reference:"C:\Program Files\dotnet\packs\Microsoft.NETCore.App.Ref\10.0.1\ref\net10.0\System.IO.Pipes.dll" /reference:"C:\Program Files\dotnet\packs\Microsoft.NETCore.App.Ref\10.0.1\ref\net10.0\System.IO.UnmanagedMemoryStream.dll" /reference:"C:\Program Files\dotnet\packs\Microsoft.NETCore.App.Ref\10.0.1\ref\net10.0\System.Linq.AsyncEnumerable.dll" /reference:"C:\Program Files\dotnet\packs\Microsoft.NETCore.App.Ref\10.0.1\ref\net10.0\System.Linq.dll" /reference:"C:\Program Files\dotnet\packs\Microsoft.NETCore.App.Ref\10.0.1\ref\net10.0\System.Linq.Expressions.dll" /reference:"C:\Program Files\dotnet\packs\Microsoft.NETCore.App.Ref\10.0.1\ref\net10.0\System.Linq.Parallel.dll" /reference:"C:\Program Files\dotnet\packs\Microsoft.NETCore.App.Ref\10.0.1\ref\net10.0\System.Linq.Queryable.dll" /reference:"C:\Program Files\dotnet\packs\Microsoft.NETCore.App.Ref\10.0.1\ref\net10.0\System.Memory.dll" /reference:"C:\Program Files\dotnet\packs\Microsoft.NETCore.App.Ref\10.0.1\ref\net10.0\System.Net.dll" /reference:"C:\Program Files\dotnet\packs\Microsoft.NETCore.App.Ref\10.0.1\ref\net10.0\System.Net.Http.dll" /reference:"C:\Program Files\dotnet\packs\Microsoft.NETCore.App.Ref\10.0.1\ref\net10.0\System.Net.Http.Json.dll" /reference:"C:\Program Files\dotnet\packs\Microsoft.NETCore.App.Ref\10.0.1\ref\net10.0\System.Net.HttpListener.dll" /reference:"C:\Program Files\dotnet\packs\Microsoft.NETCore.App.Ref\10.0.1\ref\net10.0\System.Net.Mail.dll" /reference:"C:\Program Files\dotnet\packs\Microsoft.NETCore.App.Ref\10.0.1\ref\net10.0\System.Net.NameResolution.dll" /reference:"C:\Program Files\dotnet\packs\Microsoft.NETCore.App.Ref\10.0.1\ref\net10.0\System.Net.NetworkInformation.dll" /reference:"C:\Program Files\dotnet\packs\Microsoft.NETCore.App.Ref\10.0.1\ref\net10.0\System.Net.Ping.dll" /reference:"C:\Program Files\dotnet\packs\Microsoft.NETCore.App.Ref\10.0.1\ref\net10.0\System.Net.Primitives.dll" /reference:"C:\Program Files\dotnet\packs\Microsoft.NETCore.App.Ref\10.0.1\ref\net10.0\System.Net.Quic.dll" /reference:"C:\Program Files\dotnet\packs\Microsoft.NETCore.App.Ref\10.0.1\ref\net10.0\System.Net.Requests.dll" /reference:"C:\Program Files\dotnet\packs\Microsoft.NETCore.App.Ref\10.0.1\ref\net10.0\System.Net.Security.dll" /reference:"C:\Program Files\dotnet\packs\Microsoft.NETCore.App.Ref\10.0.1\ref\net10.0\System.Net.ServerSentEvents.dll" /reference:"C:\Program Files\dotnet\packs\Microsoft.NETCore.App.Ref\10.0.1\ref\net10.0\System.Net.ServicePoint.dll" /reference:"C:\Program Files\dotnet\packs\Microsoft.NETCore.App.Ref\10.0.1\ref\net10.0\System.Net.Sockets.dll" /reference:"C:\Program Files\dotnet\packs\Microsoft.NETCore.App.Ref\10.0.1\ref\net10.0\System.Net.WebClient.dll" /reference:"C:\Program Files\dotnet\packs\Microsoft.NETCore.App.Ref\10.0.1\ref\net10.0\System.Net.WebHeaderCollection.dll" /reference:"C:\Program Files\dotnet\packs\Microsoft.NETCore.App.Ref\10.0.1\ref\net10.0\System.Net.WebProxy.dll" /reference:"C:\Program Files\dotnet\packs\Microsoft.NETCore.App.Ref\10.0.1\ref\net10.0\System.Net.WebSockets.Client.dll" /reference:"C:\Program Files\dotnet\packs\Microsoft.NETCore.App.Ref\10.0.1\ref\net10.0\System.Net.WebSockets.dll" /reference:"C:\Program Files\dotnet\packs\Microsoft.NETCore.App.Ref\10.0.1\ref\net10.0\System.Numerics.dll" /reference:"C:\Program Files\dotnet\packs\Microsoft.NETCore.App.Ref\10.0.1\ref\net10.0\System.Numerics.Vectors.dll" /reference:"C:\Program Files\dotnet\packs\Microsoft.NETCore.App.Ref\10.0.1\ref\net10.0\System.ObjectModel.dll" /reference:"C:\Program Files\dotnet\packs\Microsoft.NETCore.App.Ref\10.0.1\ref\net10.0\System.Reflection.DispatchProxy.dll" /reference:"C:\Program Files\dotnet\packs\Microsoft.NETCore.App.Ref\10.0.1\ref\net10.0\System.Reflection.dll" /reference:"C:\Program Files\dotnet\packs\Microsoft.NETCore.App.Ref\10.0.1\ref\net10.0\System.Reflection.Emit.dll" /reference:"C:\Program Files\dotnet\packs\Microsoft.NETCore.App.Ref\10.0.1\ref\net10.0\System.Reflection.Emit.ILGeneration.dll" /reference:"C:\Program Files\dotnet\packs\Microsoft.NETCore.App.Ref\10.0.1\ref\net10.0\System.Reflection.Emit.Lightweight.dll" /reference:"C:\Program Files\dotnet\packs\Microsoft.NETCore.App.Ref\10.0.1\ref\net10.0\System.Reflection.Extensions.dll" /reference:"C:\Program Files\dotnet\packs\Microsoft.NETCore.App.Ref\10.0.1\ref\net10.0\System.Reflection.Metadata.dll" /reference:"C:\Program Files\dotnet\packs\Microsoft.NETCore.App.Ref\10.0.1\ref\net10.0\System.Reflection.Primitives.dll" /reference:"C:\Program Files\dotnet\packs\Microsoft.NETCore.App.Ref\10.0.1\ref\net10.0\System.Reflection.TypeExtensions.dll" /reference:"C:\Program Files\dotnet\packs\Microsoft.NETCore.App.Ref\10.0.1\ref\net10.0\System.Resources.Reader.dll" /reference:"C:\Program Files\dotnet\packs\Microsoft.NETCore.App.Ref\10.0.1\ref\net10.0\System.Resources.ResourceManager.dll" /reference:"C:\Program Files\dotnet\packs\Microsoft.NETCore.App.Ref\10.0.1\ref\net10.0\System.Resources.Writer.dll" /reference:"C:\Program Files\dotnet\packs\Microsoft.NETCore.App.Ref\10.0.1\ref\net10.0\System.Runtime.CompilerServices.Unsafe.dll" /reference:"C:\Program Files\dotnet\packs\Microsoft.NETCore.App.Ref\10.0.1\ref\net10.0\System.Runtime.CompilerServices.VisualC.dll" /reference:"C:\Program Files\dotnet\packs\Microsoft.NETCore.App.Ref\10.0.1\ref\net10.0\System.Runtime.dll" /reference:"C:\Program Files\dotnet\packs\Microsoft.NETCore.App.Ref\10.0.1\ref\net10.0\System.Runtime.Extensions.dll" /reference:"C:\Program Files\dotnet\packs\Microsoft.NETCore.App.Ref\10.0.1\ref\net10.0\System.Runtime.Handles.dll" /reference:"C:\Program Files\dotnet\packs\Microsoft.NETCore.App.Ref\10.0.1\ref\net10.0\System.Runtime.InteropServices.dll" /reference:"C:\Program Files\dotnet\packs\Microsoft.NETCore.App.Ref\10.0.1\ref\net10.0\System.Runtime.InteropServices.JavaScript.dll" /reference:"C:\Program Files\dotnet\packs\Microsoft.NETCore.App.Ref\10.0.1\ref\net10.0\System.Runtime.InteropServices.RuntimeInformation.dll" /reference:"C:\Program Files\dotnet\packs\Microsoft.NETCore.App.Ref\10.0.1\ref\net10.0\System.Runtime.Intrinsics.dll" /reference:"C:\Program Files\dotnet\packs\Microsoft.NETCore.App.Ref\10.0.1\ref\net10.0\System.Runtime.Loader.dll" /reference:"C:\Program Files\dotnet\packs\Microsoft.NETCore.App.Ref\10.0.1\ref\net10.0\System.Runtime.Numerics.dll" /reference:"C:\Program Files\dotnet\packs\Microsoft.NETCore.App.Ref\10.0.1\ref\net10.0\System.Runtime.Serialization.dll" /reference:"C:\Program Files\dotnet\packs\Microsoft.NETCore.App.Ref\10.0.1\ref\net10.0\System.Runtime.Serialization.Formatters.dll" /reference:"C:\Program Files\dotnet\packs\Microsoft.NETCore.App.Ref\10.0.1\ref\net10.0\System.Runtime.Serialization.Json.dll" /reference:"C:\Program Files\dotnet\packs\Microsoft.NETCore.App.Ref\10.0.1\ref\net10.0\System.Runtime.Serialization.Primitives.dll" /reference:"C:\Program Files\dotnet\packs\Microsoft.NETCore.App.Ref\10.0.1\ref\net10.0\System.Runtime.Serialization.Xml.dll" /reference:"C:\Program Files\dotnet\packs\Microsoft.NETCore.App.Ref\10.0.1\ref\net10.0\System.Security.AccessControl.dll" /reference:"C:\Program Files\dotnet\packs\Microsoft.NETCore.App.Ref\10.0.1\ref\net10.0\System.Security.Claims.dll" /reference:"C:\Program Files\dotnet\packs\Microsoft.NETCore.App.Ref\10.0.1\ref\net10.0\System.Security.Cryptography.Algorithms.dll" /reference:"C:\Program Files\dotnet\packs\Microsoft.NETCore.App.Ref\10.0.1\ref\net10.0\System.Security.Cryptography.Cng.dll" /reference:"C:\Program Files\dotnet\packs\Microsoft.NETCore.App.Ref\10.0.1\ref\net10.0\System.Security.Cryptography.Csp.dll" /reference:"C:\Program Files\dotnet\packs\Microsoft.NETCore.App.Ref\10.0.1\ref\net10.0\System.Security.Cryptography.dll" /reference:"C:\Program Files\dotnet\packs\Microsoft.NETCore.App.Ref\10.0.1\ref\net10.0\System.Security.Cryptography.Encoding.dll" /reference:"C:\Program Files\dotnet\packs\Microsoft.NETCore.App.Ref\10.0.1\ref\net10.0\System.Security.Cryptography.OpenSsl.dll" /reference:"C:\Program Files\dotnet\packs\Microsoft.NETCore.App.Ref\10.0.1\ref\net10.0\System.Security.Cryptography.Primitives.dll" /reference:"C:\Program Files\dotnet\packs\Microsoft.NETCore.App.Ref\10.0.1\ref\net10.0\System.Security.Cryptography.X509Certificates.dll" /reference:"C:\Program Files\dotnet\packs\Microsoft.AspNetCore.App.Ref\10.0.1\ref\net10.0\System.Security.Cryptography.Xml.dll" /reference:"C:\Program Files\dotnet\packs\Microsoft.NETCore.App.Ref\10.0.1\ref\net10.0\System.Security.dll" /reference:"C:\Program Files\dotnet\packs\Microsoft.NETCore.App.Ref\10.0.1\ref\net10.0\System.Security.Principal.dll" /reference:"C:\Program Files\dotnet\packs\Microsoft.NETCore.App.Ref\10.0.1\ref\net10.0\System.Security.Principal.Windows.dll" /reference:"C:\Program Files\dotnet\packs\Microsoft.NETCore.App.Ref\10.0.1\ref\net10.0\System.Security.SecureString.dll" /reference:"C:\Program Files\dotnet\packs\Microsoft.NETCore.App.Ref\10.0.1\ref\net10.0\System.ServiceModel.Web.dll" /reference:"C:\Program Files\dotnet\packs\Microsoft.NETCore.App.Ref\10.0.1\ref\net10.0\System.ServiceProcess.dll" /reference:"C:\Program Files\dotnet\packs\Microsoft.NETCore.App.Ref\10.0.1\ref\net10.0\System.Text.Encoding.CodePages.dll" /reference:"C:\Program Files\dotnet\packs\Microsoft.NETCore.App.Ref\10.0.1\ref\net10.0\System.Text.Encoding.dll" /reference:"C:\Program Files\dotnet\packs\Microsoft.NETCore.App.Ref\10.0.1\ref\net10.0\System.Text.Encoding.Extensions.dll" /reference:"C:\Program Files\dotnet\packs\Microsoft.NETCore.App.Ref\10.0.1\ref\net10.0\System.Text.Encodings.Web.dll" /reference:"C:\Program Files\dotnet\packs\Microsoft.NETCore.App.Ref\10.0.1\ref\net10.0\System.Text.Json.dll" /reference:"C:\Program Files\dotnet\packs\Microsoft.NETCore.App.Ref\10.0.1\ref\net10.0\System.Text.RegularExpressions.dll" /reference:"C:\Program Files\dotnet\packs\Microsoft.NETCore.App.Ref\10.0.1\ref\net10.0\System.Threading.AccessControl.dll" /reference:"C:\Program Files\dotnet\packs\Microsoft.NETCore.App.Ref\10.0.1\ref\net10.0\System.Threading.Channels.dll" /reference:"C:\Program Files\dotnet\packs\Microsoft.NETCore.App.Ref\10.0.1\ref\net10.0\System.Threading.dll" /reference:"C:\Program Files\dotnet\packs\Microsoft.NETCore.App.Ref\10.0.1\ref\net10.0\System.Threading.Overlapped.dll" /reference:"C:\Program Files\dotnet\packs\Microsoft.AspNetCore.App.Ref\10.0.1\ref\net10.0\System.Threading.RateLimiting.dll" /reference:"C:\Program Files\dotnet\packs\Microsoft.NETCore.App.Ref\10.0.1\ref\net10.0\System.Threading.Tasks.Dataflow.dll" /reference:"C:\Program Files\dotnet\packs\Microsoft.NETCore.App.Ref\10.0.1\ref\net10.0\System.Threading.Tasks.dll" /reference:"C:\Program Files\dotnet\packs\Microsoft.NETCore.App.Ref\10.0.1\ref\net10.0\System.Threading.Tasks.Extensions.dll" /reference:"C:\Program Files\dotnet\packs\Microsoft.NETCore.App.Ref\10.0.1\ref\net10.0\System.Threading.Tasks.Parallel.dll" /reference:"C:\Program Files\dotnet\packs\Microsoft.NETCore.App.Ref\10.0.1\ref\net10.0\System.Threading.Thread.dll" /reference:"C:\Program Files\dotnet\packs\Microsoft.NETCore.App.Ref\10.0.1\ref\net10.0\System.Threading.ThreadPool.dll" /reference:"C:\Program Files\dotnet\packs\Microsoft.NETCore.App.Ref\10.0.1\ref\net10.0\System.Threading.Timer.dll" /reference:"C:\Program Files\dotnet\packs\Microsoft.NETCore.App.Ref\10.0.1\ref\net10.0\System.Transactions.dll" /reference:"C:\Program Files\dotnet\packs\Microsoft.NETCore.App.Ref\10.0.1\ref\net10.0\System.Transactions.Local.dll" /reference:"C:\Program Files\dotnet\packs\Microsoft.NETCore.App.Ref\10.0.1\ref\net10.0\System.ValueTuple.dll" /reference:"C:\Program Files\dotnet\packs\Microsoft.NETCore.App.Ref\10.0.1\ref\net10.0\System.Web.dll" /reference:"C:\Program Files\dotnet\packs\Microsoft.NETCore.App.Ref\10.0.1\ref\net10.0\System.Web.HttpUtility.dll" /reference:"C:\Program Files\dotnet\packs\Microsoft.NETCore.App.Ref\10.0.1\ref\net10.0\System.Windows.dll" /reference:"C:\Program Files\dotnet\packs\Microsoft.NETCore.App.Ref\10.0.1\ref\net10.0\System.Xml.dll" /reference:"C:\Program Files\dotnet\packs\Microsoft.NETCore.App.Ref\10.0.1\ref\net10.0\System.Xml.Linq.dll" /reference:"C:\Program Files\dotnet\packs\Microsoft.NETCore.App.Ref\10.0.1\ref\net10.0\System.Xml.ReaderWriter.dll" /reference:"C:\Program Files\dotnet\packs\Microsoft.NETCore.App.Ref\10.0.1\ref\net10.0\System.Xml.Serialization.dll" /reference:"C:\Program Files\dotnet\packs\Microsoft.NETCore.App.Ref\10.0.1\ref\net10.0\System.Xml.XDocument.dll" /reference:"C:\Program Files\dotnet\packs\Microsoft.NETCore.App.Ref\10.0.1\ref\net10.0\System.Xml.XmlDocument.dll" /reference:"C:\Program Files\dotnet\packs\Microsoft.NETCore.App.Ref\10.0.1\ref\net10.0\System.Xml.XmlSerializer.dll" /reference:"C:\Program Files\dotnet\packs\Microsoft.NETCore.App.Ref\10.0.1\ref\net10.0\System.Xml.XPath.dll" /reference:"C:\Program Files\dotnet\packs\Microsoft.NETCore.App.Ref\10.0.1\ref\net10.0\System.Xml.XPath.XDocument.dll" /reference:C:\Users\natth\.nuget\packages\testcontainers\4.1.0\lib\net9.0\Testcontainers.dll /reference:C:\Users\natth\.nuget\packages\testcontainers.postgresql\4.1.0\lib\net9.0\Testcontainers.PostgreSql.dll /reference:C:\Users\natth\.nuget\packages\testcontainers.rabbitmq\4.1.0\lib\net9.0\Testcontainers.RabbitMq.dll /reference:C:\Users\natth\.nuget\packages\testcontainers.redis\4.1.0\lib\net9.0\Testcontainers.Redis.dll /reference:C:\Users\natth\.nuget\packages\microsoft.testplatform.testhost\17.14.1\lib\net8.0\testhost.dll /reference:"C:\Program Files\dotnet\packs\Microsoft.NETCore.App.Ref\10.0.1\ref\net10.0\WindowsBase.dll" /reference:C:\Users\natth\.nuget\packages\xunit.abstractions\2.0.3\lib\netstandard2.0\xunit.abstractions.dll /reference:C:\Users\natth\.nuget\packages\xunit.assert\2.9.3\lib\net6.0\xunit.assert.dll /reference:C:\Users\natth\.nuget\packages\xunit.extensibility.core\2.9.3\lib\netstandard1.1\xunit.core.dll /reference:C:\Users\natth\.nuget\packages\xunit.extensibility.execution\2.9.3\lib\netstandard1.1\xunit.execution.dotnet.dll /features:"InterceptorsNamespaces=;Microsoft.Extensions.Validation.Generated" /debug+ /debug:portable /filealign:512 /optimize+ /out:obj\Release\net10.0\Maliev.IAMService.Tests.dll /refout:obj\Release\net10.0\refint\Maliev.IAMService.Tests.dll /target:exe /warnaserror- /utf8output /deterministic+ /sourcelink:obj\Release\net10.0\Maliev.IAMService.Tests.sourcelink.json /langversion:14.0 /embed:C:\Users\natth\.nuget\packages\microsoft.net.test.sdk\17.14.1\build\net8.0\Microsoft.NET.Test.Sdk.Program.cs /embed:obj\Release\net10.0\Maliev.IAMService.Tests.GlobalUsings.g.cs /embed:"obj\Release\net10.0\.NETCoreApp,Version=v10.0.AssemblyAttributes.cs" /embed:obj\Release\net10.0\Maliev.IAMService.Tests.AssemblyInfo.cs /analyzerconfig:obj\Release\net10.0\Maliev.IAMService.Tests.GeneratedMSBuildEditorConfig.editorconfig /analyzerconfig:"C:\Program Files\dotnet\sdk\10.0.101\Sdks\Microsoft.NET.Sdk\analyzers\build\config\analysislevel_10_default.globalconfig" /analyzer:"C:\Program Files\dotnet\sdk\10.0.101\Sdks\Microsoft.NET.Sdk\targets\..\analyzers\Microsoft.CodeAnalysis.CSharp.NetAnalyzers.dll" /analyzer:"C:\Program Files\dotnet\sdk\10.0.101\Sdks\Microsoft.NET.Sdk\targets\..\analyzers\Microsoft.CodeAnalysis.NetAnalyzers.dll" /analyzer:C:\Users\natth\.nuget\packages\microsoft.aspnetcore.openapi\10.0.1\analyzers\dotnet\cs\Microsoft.AspNetCore.OpenApi.SourceGenerators.dll /analyzer:C:\Users\natth\.nuget\packages\microsoft.entityframeworkcore.analyzers\10.0.1\analyzers\dotnet\cs\Microsoft.EntityFrameworkCore.Analyzers.dll /analyzer:C:\Users\natth\.nuget\packages\microsoft.extensions.telemetry.abstractions\10.1.0\analyzers\dotnet\cs\Microsoft.Gen.Logging.dll /analyzer:C:\Users\natth\.nuget\packages\microsoft.extensions.telemetry.abstractions\10.1.0\analyzers\dotnet\cs\Microsoft.Gen.Metrics.dll /analyzer:C:\Users\natth\.nuget\packages\xunit.analyzers\1.18.0\analyzers\dotnet\cs\xunit.analyzers.dll /analyzer:C:\Users\natth\.nuget\packages\xunit.analyzers\1.18.0\analyzers\dotnet\cs\xunit.analyzers.fixes.dll /analyzer:"C:\Program Files\dotnet\packs\Microsoft.NETCore.App.Ref\10.0.1\analyzers/dotnet/cs/Microsoft.Interop.ComInterfaceGenerator.dll" /analyzer:"C:\Program Files\dotnet\packs\Microsoft.NETCore.App.Ref\10.0.1\analyzers/dotnet/cs/Microsoft.Interop.JavaScript.JSImportGenerator.dll" /analyzer:"C:\Program Files\dotnet\packs\Microsoft.NETCore.App.Ref\10.0.1\analyzers/dotnet/cs/Microsoft.Interop.LibraryImportGenerator.dll" /analyzer:"C:\Program Files\dotnet\packs\Microsoft.NETCore.App.Ref\10.0.1\analyzers/dotnet/cs/Microsoft.Interop.SourceGeneration.dll" /analyzer:"C:\Program Files\dotnet\packs\Microsoft.NETCore.App.Ref\10.0.1\analyzers/dotnet/cs/System.Text.Json.SourceGeneration.dll" /analyzer:"C:\Program Files\dotnet\packs\Microsoft.NETCore.App.Ref\10.0.1\analyzers/dotnet/cs/System.Text.RegularExpressions.Generator.dll" /analyzer:"C:\Program Files\dotnet\packs\Microsoft.AspNetCore.App.Ref\10.0.1\analyzers/dotnet/cs/Microsoft.AspNetCore.App.Analyzers.dll" /analyzer:"C:\Program Files\dotnet\packs\Microsoft.AspNetCore.App.Ref\10.0.1\analyzers/dotnet/cs/Microsoft.AspNetCore.App.CodeFixes.dll" /analyzer:"C:\Program Files\dotnet\packs\Microsoft.AspNetCore.App.Ref\10.0.1\analyzers/dotnet/cs/Microsoft.AspNetCore.App.SourceGenerators.dll" /analyzer:"C:\Program Files\dotnet\packs\Microsoft.AspNetCore.App.Ref\10.0.1\analyzers/dotnet/cs/Microsoft.AspNetCore.Components.Analyzers.dll" /analyzer:"C:\Program Files\dotnet\packs\Microsoft.AspNetCore.App.Ref\10.0.1\analyzers/dotnet/cs/Microsoft.Extensions.Validation.ValidationsGenerator.dll" /analyzer:"C:\Program Files\dotnet\packs\Microsoft.AspNetCore.App.Ref\10.0.1\analyzers/dotnet/cs/Microsoft.Extensions.Options.SourceGeneration.dll" Integration\BaseIntegrationTest.cs Integration\BindingsControllerTests.cs Integration\PermissionsControllerTests.cs Integration\PrincipalsControllerTests.cs Integration\RolesControllerTests.cs Integration\TokensControllerTests.cs Testing\BaseIntegrationTestFactory.cs Testing\IntegrationTestCollection.cs Testing\TestWebApplicationFactory.cs C:\Users\natth\.nuget\packages\microsoft.net.test.sdk\17.14.1\build\net8.0\Microsoft.NET.Test.Sdk.Program.cs obj\Release\net10.0\Maliev.IAMService.Tests.GlobalUsings.g.cs "obj\Release\net10.0\.NETCoreApp,Version=v10.0.AssemblyAttributes.cs" obj\Release\net10.0\Maliev.IAMService.Tests.AssemblyInfo.cs /warnaserror+:NU1605,SYSLIB0011'
         Attempt to open named pipe 'ZGwNmUWA51NPPPrqGN4xIry+MnXTyvCLW3XiTwSunRY'
         Attempt to connect named pipe 'ZGwNmUWA51NPPPrqGN4xIry+MnXTyvCLW3XiTwSunRY'
         Named pipe 'ZGwNmUWA51NPPPrqGN4xIry+MnXTyvCLW3XiTwSunRY' connected
         Begin writing request for Maliev.IAMService.Tests (net10.0)
         End writing request for Maliev.IAMService.Tests (net10.0)
         Begin reading response for Maliev.IAMService.Tests (net10.0)
         End reading response for Maliev.IAMService.Tests (net10.0)
         CompilerServer: server - server processed compilation - Maliev.IAMService.Tests (net10.0)
       _CopyFilesMarkedCopyLocal:
         Copying file from "B:\maliev\Maliev.IAMService\Maliev.IAMService.Data\bin\Release\net10.0\Maliev.IAMService.Data.pdb" to "B:\maliev\Maliev.IAMService\Maliev.IAMService.Tests\bin\Release\net10.0\Maliev.IAMService.Data.pdb".
         Copying file from "B:\maliev\Maliev.Aspire\Maliev.Aspire.ServiceDefaults\bin\Debug\net10.0\Maliev.Aspire.ServiceDefaults.dll" to "B:\maliev\Maliev.IAMService\Maliev.IAMService.Tests\bin\Release\net10.0\Maliev.Aspire.ServiceDefaults.dll".
         Copying file from "B:\maliev\Maliev.IAMService\Maliev.IAMService.Api\bin\Release\net10.0\Maliev.IAMService.Api.xml" to "B:\maliev\Maliev.IAMService\Maliev.IAMService.Tests\bin\Release\net10.0\Maliev.IAMService.Api.xml".
         Copying file from "B:\maliev\Maliev.IAMService\Maliev.IAMService.Api\bin\Release\net10.0\Maliev.IAMService.Api.pdb" to "B:\maliev\Maliev.IAMService\Maliev.IAMService.Tests\bin\Release\net10.0\Maliev.IAMService.Api.pdb".
         Copying file from "B:\maliev\Maliev.IAMService\Maliev.IAMService.Data\bin\Release\net10.0\Maliev.IAMService.Data.dll" to "B:\maliev\Maliev.IAMService\Maliev.IAMService.Tests\bin\Release\net10.0\Maliev.IAMService.Data.dll".
         Copying file from "B:\maliev\Maliev.IAMService\Maliev.IAMService.Api\bin\Release\net10.0\Maliev.IAMService.Api.dll" to "B:\maliev\Maliev.IAMService\Maliev.IAMService.Tests\bin\Release\net10.0\Maliev.IAMService.Api.dll".
         Copying file from "B:\maliev\Maliev.Aspire\Maliev.Aspire.ServiceDefaults\bin\Debug\net10.0\Maliev.Aspire.ServiceDefaults.pdb" to "B:\maliev\Maliev.IAMService\Maliev.IAMService.Tests\bin\Release\net10.0\Maliev.Aspire.ServiceDefaults.pdb".
         Copying file from "B:\maliev\Maliev.IAMService\Maliev.IAMService.Data\bin\Release\net10.0\Maliev.IAMService.Data.xml" to "B:\maliev\Maliev.IAMService\Maliev.IAMService.Tests\bin\Release\net10.0\Maliev.IAMService.Data.xml".
         Touching "B:\maliev\Maliev.IAMService\Maliev.IAMService.Tests\obj\Release\net10.0\Maliev.I.59CE9DDD.Up2Date".
       _CopyOutOfDateSourceItemsToOutputDirectory:
       Building target "_CopyOutOfDateSourceItemsToOutputDirectory" partially, because some output files are out of date with respect to their input files.
         Copying file from "B:\maliev\Maliev.IAMService\Maliev.IAMService.Api\bin\Release\net10.0\Maliev.IAMService.Api.runtimeconfig.json" to "B:\maliev\Maliev.IAMService\Maliev.IAMService.Tests\bin\Release\net10.0\Maliev.IAMService.Api.runtimeconfig.json".
         Copying file from "B:\maliev\Maliev.IAMService\Maliev.IAMService.Tests\obj\Release\net10.0\MvcTestingAppManifest.json" to "B:\maliev\Maliev.IAMService\Maliev.IAMService.Tests\bin\Release\net10.0\MvcTestingAppManifest.json".
         Copying file from "B:\maliev\Maliev.IAMService\Maliev.IAMService.Api\bin\Release\net10.0\Maliev.IAMService.Api.deps.json" to "B:\maliev\Maliev.IAMService\Maliev.IAMService.Tests\bin\Release\net10.0\Maliev.IAMService.Api.deps.json".
         Copying file from "B:\maliev\Maliev.IAMService\Maliev.IAMService.Api\obj\Release\net10.0\apphost.exe" to "B:\maliev\Maliev.IAMService\Maliev.IAMService.Tests\bin\Release\net10.0\Maliev.IAMService.Api.exe".
       CopyFilesToOutputDirectory:
         Copying file from "B:\maliev\Maliev.IAMService\Maliev.IAMService.Tests\obj\Release\net10.0\Maliev.IAMService.Tests.dll" to "B:\maliev\Maliev.IAMService\Maliev.IAMService.Tests\bin\Release\net10.0\Maliev.IAMService.Tests.dll".
         Copying reference assembly from "obj\Release\net10.0\refint\Maliev.IAMService.Tests.dll" to "B:\maliev\Maliev.IAMService\Maliev.IAMService.Tests\obj\Release\net10.0\ref\Maliev.IAMService.Tests.dll".
         Maliev.IAMService.Tests -> B:\maliev\Maliev.IAMService\Maliev.IAMService.Tests\bin\Release\net10.0\Maliev.IAMService.Tests.dll
         Copying file from "B:\maliev\Maliev.IAMService\Maliev.IAMService.Tests\obj\Release\net10.0\Maliev.IAMService.Tests.pdb" to "B:\maliev\Maliev.IAMService\Maliev.IAMService.Tests\bin\Release\net10.0\Maliev.IAMService.Tests.pdb".
       _MvcCopyDependencyFiles:
         Copying file from "B:\maliev\Maliev.Aspire\Maliev.Aspire.ServiceDefaults\bin\Debug\net10.0\Maliev.Aspire.ServiceDefaults.deps.json" to "B:\maliev\Maliev.IAMService\Maliev.IAMService.Tests\bin\Release\net10.0\Maliev.Aspire.ServiceDefaults.deps.json".
         Copying file from "B:\maliev\Maliev.IAMService\Maliev.IAMService.Api\bin\Release\net10.0\Maliev.IAMService.Api.deps.json" to "B:\maliev\Maliev.IAMService\Maliev.IAMService.Tests\bin\Release\net10.0\Maliev.IAMService.Api.deps.json".
         Copying file from "B:\maliev\Maliev.IAMService\Maliev.IAMService.Data\bin\Release\net10.0\Maliev.IAMService.Data.deps.json" to "B:\maliev\Maliev.IAMService\Maliev.IAMService.Tests\bin\Release\net10.0\Maliev.IAMService.Data.deps.json".
     5>Done Building Project "B:\maliev\Maliev.IAMService\Maliev.IAMService.Tests\Maliev.IAMService.Tests.csproj" (default targets).
     5>BuildProject:
         Build completed.
         
Test run for B:\maliev\Maliev.IAMService\Maliev.IAMService.Tests\bin\Release\net10.0\Maliev.IAMService.Tests.dll (.NETCoreApp,Version=v10.0)
VSTest version 18.0.1- (x64)

Starting test execution, please wait...
A total of 1 test files matched the specified pattern.
[xUnit.net 00:00:00.00] xUnit.net VSTest Adapter v3.1.4+50e68bbb8b (64-bit .NET 10.0.1)
[xUnit.net 00:00:01.14]   Discovering: Maliev.IAMService.Tests
[xUnit.net 00:00:01.26]   Discovered:  Maliev.IAMService.Tests
[xUnit.net 00:00:01.31]   Starting:    Maliev.IAMService.Tests
[testcontainers.org 00:00:00.11] Connected to Docker:
  Host: npipe://./pipe/docker_engine
  Server Version: 29.1.3
  Kernel Version: 5.15.153.1-microsoft-standard-WSL2
  API Version: 1.52
  Operating System: Docker Desktop
  Total Memory: 15.54 GB
  Labels: 
    com.docker.desktop.address=npipe://\\.\pipe\docker_cli
[testcontainers.org 00:00:00.28] Docker container 4d697c7355f6 created
[testcontainers.org 00:00:00.31] Start Docker container 4d697c7355f6
[testcontainers.org 00:00:00.65] Wait for Docker container 4d697c7355f6 to complete readiness checks
[testcontainers.org 00:00:00.65] Docker container 4d697c7355f6 ready
[testcontainers.org 00:00:00.74] Docker container 1fe377b45179 created
[testcontainers.org 00:00:00.75] Start Docker container 1fe377b45179
[testcontainers.org 00:00:00.80] Docker container fb6b1d6319c7 created
[testcontainers.org 00:00:00.81] Start Docker container fb6b1d6319c7
[testcontainers.org 00:00:00.83] Docker container 470ec9d5e742 created
[testcontainers.org 00:00:00.84] Start Docker container 470ec9d5e742
[testcontainers.org 00:00:01.07] Wait for Docker container 1fe377b45179 to complete readiness checks
[testcontainers.org 00:00:01.14] Wait for Docker container fb6b1d6319c7 to complete readiness checks
[testcontainers.org 00:00:01.15] Execute "redis-cli ping" at Docker container fb6b1d6319c7
[testcontainers.org 00:00:01.20] Wait for Docker container 470ec9d5e742 to complete readiness checks
[testcontainers.org 00:00:01.21] Execute "pg_isready --host localhost --dbname postgres --username postgres" at Docker container 470ec9d5e742
[testcontainers.org 00:00:01.25] Docker container fb6b1d6319c7 ready
[testcontainers.org 00:00:02.30] Execute "pg_isready --host localhost --dbname postgres --username postgres" at Docker container 470ec9d5e742
[testcontainers.org 00:00:03.36] Execute "pg_isready --host localhost --dbname postgres --username postgres" at Docker container 470ec9d5e742
[testcontainers.org 00:00:03.41] Docker container 470ec9d5e742 ready
[testcontainers.org 00:00:09.26] Docker container 1fe377b45179 ready
info: MassTransit[0]
      Configured endpoint PrincipalRoleGrantedEvent, Consumer: Maliev.IAMService.Api.Events.PrincipalRoleGrantedEventConsumer
info: MassTransit[0]
      Configured endpoint PrincipalRoleRevokedEvent, Consumer: Maliev.IAMService.Api.Events.PrincipalRoleRevokedEventConsumer
info: MassTransit[0]
      Configured endpoint RoleUpdatedEvent, Consumer: Maliev.IAMService.Api.Events.RoleUpdatedEventConsumer
info: Maliev.IAMService.Data.IAMDbContext[0]
      Applying database migrations
info: Maliev.IAMService.Data.IAMDbContext[0]
      Database migrations applied successfully
info: MassTransit[0]
      Bus started: rabbitmq://127.0.0.1:54972/
warn: Microsoft.AspNetCore.HttpsPolicy.HttpsRedirectionMiddleware[3]
      Failed to determine the https port for redirect.
info: MassTransit[0]
      Bus stopped: rabbitmq://127.0.0.1:54972/
[testcontainers.org 00:00:16.34] Delete Docker container 470ec9d5e742
[testcontainers.org 00:00:16.34] Delete Docker container fb6b1d6319c7
[testcontainers.org 00:00:16.34] Delete Docker container 1fe377b45179
  Passed Maliev.IAMService.Tests.Integration.PrincipalsControllerTests.GetEffectivePermissions_NonExistentAccount_ReturnsNotFound [940 ms]
[testcontainers.org 00:00:17.36] Docker container 81263931b23d created
[testcontainers.org 00:00:17.37] Docker container 4ff7187a4648 created
[testcontainers.org 00:00:17.37] Start Docker container 81263931b23d
[testcontainers.org 00:00:17.38] Start Docker container 4ff7187a4648
[testcontainers.org 00:00:17.38] Docker container 67a01f2966f8 created
[testcontainers.org 00:00:17.39] Start Docker container 67a01f2966f8
[testcontainers.org 00:00:17.61] Wait for Docker container 81263931b23d to complete readiness checks
[testcontainers.org 00:00:17.69] Wait for Docker container 4ff7187a4648 to complete readiness checks
[testcontainers.org 00:00:17.70] Execute "redis-cli ping" at Docker container 4ff7187a4648
[testcontainers.org 00:00:17.73] Wait for Docker container 67a01f2966f8 to complete readiness checks
[testcontainers.org 00:00:17.74] Execute "pg_isready --host localhost --dbname postgres --username postgres" at Docker container 67a01f2966f8
[testcontainers.org 00:00:17.74] Docker container 4ff7187a4648 ready
[testcontainers.org 00:00:18.80] Execute "pg_isready --host localhost --dbname postgres --username postgres" at Docker container 67a01f2966f8
[testcontainers.org 00:00:19.85] Execute "pg_isready --host localhost --dbname postgres --username postgres" at Docker container 67a01f2966f8
[testcontainers.org 00:00:19.90] Docker container 67a01f2966f8 ready
[testcontainers.org 00:00:24.74] Docker container 81263931b23d ready
info: MassTransit[0]
      Configured endpoint PrincipalRoleGrantedEvent, Consumer: Maliev.IAMService.Api.Events.PrincipalRoleGrantedEventConsumer
info: MassTransit[0]
      Configured endpoint PrincipalRoleRevokedEvent, Consumer: Maliev.IAMService.Api.Events.PrincipalRoleRevokedEventConsumer
info: MassTransit[0]
      Configured endpoint RoleUpdatedEvent, Consumer: Maliev.IAMService.Api.Events.RoleUpdatedEventConsumer
info: Maliev.IAMService.Data.IAMDbContext[0]
      Applying database migrations
info: Maliev.IAMService.Data.IAMDbContext[0]
      Database migrations applied successfully
info: MassTransit[0]
      Bus started: rabbitmq://127.0.0.1:54993/
warn: Microsoft.AspNetCore.HttpsPolicy.HttpsRedirectionMiddleware[3]
      Failed to determine the https port for redirect.
info: Maliev.IAMService.Api.Services.PrincipalService[0]
      Created service account filtered-permissions-account with principal ID bec8c56c-060b-4d47-a51d-a0e5075a6e52
info: Maliev.IAMService.Api.Services.PrincipalService[0]
      Queried effective permissions for principal bec8c56c-060b-4d47-a51d-a0e5075a6e52, found 0 permissions
info: MassTransit[0]
      Bus stopped: rabbitmq://127.0.0.1:54993/
[testcontainers.org 00:00:26.23] Delete Docker container 81263931b23d
[testcontainers.org 00:00:26.23] Delete Docker container 67a01f2966f8
[testcontainers.org 00:00:26.24] Delete Docker container 4ff7187a4648
  Passed Maliev.IAMService.Tests.Integration.PrincipalsControllerTests.GetEffectivePermissions_WithResourceFilter_ReturnsFilteredPermissions [426 ms]
[testcontainers.org 00:00:27.35] Docker container 1168145d055e created
[testcontainers.org 00:00:27.35] Docker container 0dd1f56fcc0d created
[testcontainers.org 00:00:27.36] Docker container a6edd7770603 created
[testcontainers.org 00:00:27.37] Start Docker container 1168145d055e
[testcontainers.org 00:00:27.37] Start Docker container 0dd1f56fcc0d
[testcontainers.org 00:00:27.38] Start Docker container a6edd7770603
[testcontainers.org 00:00:27.57] Wait for Docker container 1168145d055e to complete readiness checks
[testcontainers.org 00:00:27.58] Execute "redis-cli ping" at Docker container 1168145d055e
[testcontainers.org 00:00:27.63] Docker container 1168145d055e ready
[testcontainers.org 00:00:27.65] Wait for Docker container 0dd1f56fcc0d to complete readiness checks
[testcontainers.org 00:00:27.66] Execute "pg_isready --host localhost --dbname postgres --username postgres" at Docker container 0dd1f56fcc0d
[testcontainers.org 00:00:27.70] Wait for Docker container a6edd7770603 to complete readiness checks
[testcontainers.org 00:00:28.72] Execute "pg_isready --host localhost --dbname postgres --username postgres" at Docker container 0dd1f56fcc0d
[testcontainers.org 00:00:29.77] Execute "pg_isready --host localhost --dbname postgres --username postgres" at Docker container 0dd1f56fcc0d
[testcontainers.org 00:00:29.81] Docker container 0dd1f56fcc0d ready
[testcontainers.org 00:00:34.85] Docker container a6edd7770603 ready
info: MassTransit[0]
      Configured endpoint PrincipalRoleGrantedEvent, Consumer: Maliev.IAMService.Api.Events.PrincipalRoleGrantedEventConsumer
info: MassTransit[0]
      Configured endpoint PrincipalRoleRevokedEvent, Consumer: Maliev.IAMService.Api.Events.PrincipalRoleRevokedEventConsumer
info: MassTransit[0]
      Configured endpoint RoleUpdatedEvent, Consumer: Maliev.IAMService.Api.Events.RoleUpdatedEventConsumer
info: Maliev.IAMService.Data.IAMDbContext[0]
      Applying database migrations
info: Maliev.IAMService.Data.IAMDbContext[0]
      Database migrations applied successfully
info: MassTransit[0]
      Bus started: rabbitmq://127.0.0.1:55028/
warn: Microsoft.AspNetCore.HttpsPolicy.HttpsRedirectionMiddleware[3]
      Failed to determine the https port for redirect.
info: Maliev.IAMService.Api.Services.PrincipalService[0]
      Created service account rotation-test-account with principal ID 0c400cc2-f765-4b16-be59-d9385e457359
info: Maliev.IAMService.Api.Services.PrincipalService[0]
      Rotated API key for service account 0c400cc2-f765-4b16-be59-d9385e457359
info: MassTransit[0]
      Bus stopped: rabbitmq://127.0.0.1:55028/
[testcontainers.org 00:00:35.95] Delete Docker container 0dd1f56fcc0d
[testcontainers.org 00:00:35.95] Delete Docker container 1168145d055e
[testcontainers.org 00:00:35.95] Delete Docker container a6edd7770603
  Passed Maliev.IAMService.Tests.Integration.PrincipalsControllerTests.RotateApiKey_ValidAccount_ReturnsNewKey [202 ms]
[testcontainers.org 00:00:37.06] Docker container a38737cf4cfe created
[testcontainers.org 00:00:37.06] Docker container 83824be7b553 created
[testcontainers.org 00:00:37.06] Docker container b3007e81ef01 created
[testcontainers.org 00:00:37.07] Start Docker container a38737cf4cfe
[testcontainers.org 00:00:37.07] Start Docker container 83824be7b553
[testcontainers.org 00:00:37.07] Start Docker container b3007e81ef01
[testcontainers.org 00:00:37.29] Wait for Docker container a38737cf4cfe to complete readiness checks
[testcontainers.org 00:00:37.30] Execute "redis-cli ping" at Docker container a38737cf4cfe
[testcontainers.org 00:00:37.35] Docker container a38737cf4cfe ready
[testcontainers.org 00:00:37.37] Wait for Docker container b3007e81ef01 to complete readiness checks
[testcontainers.org 00:00:37.40] Wait for Docker container 83824be7b553 to complete readiness checks
[testcontainers.org 00:00:37.40] Execute "pg_isready --host localhost --dbname postgres --username postgres" at Docker container 83824be7b553
[testcontainers.org 00:00:38.45] Execute "pg_isready --host localhost --dbname postgres --username postgres" at Docker container 83824be7b553
[testcontainers.org 00:00:39.50] Execute "pg_isready --host localhost --dbname postgres --username postgres" at Docker container 83824be7b553
[testcontainers.org 00:00:39.54] Docker container 83824be7b553 ready
[testcontainers.org 00:00:44.51] Docker container b3007e81ef01 ready
info: MassTransit[0]
      Configured endpoint PrincipalRoleGrantedEvent, Consumer: Maliev.IAMService.Api.Events.PrincipalRoleGrantedEventConsumer
info: MassTransit[0]
      Configured endpoint PrincipalRoleRevokedEvent, Consumer: Maliev.IAMService.Api.Events.PrincipalRoleRevokedEventConsumer
info: MassTransit[0]
      Configured endpoint RoleUpdatedEvent, Consumer: Maliev.IAMService.Api.Events.RoleUpdatedEventConsumer
info: Maliev.IAMService.Data.IAMDbContext[0]
      Applying database migrations
info: Maliev.IAMService.Data.IAMDbContext[0]
      Database migrations applied successfully
info: MassTransit[0]
      Bus started: rabbitmq://127.0.0.1:55046/
warn: Microsoft.AspNetCore.HttpsPolicy.HttpsRedirectionMiddleware[3]
      Failed to determine the https port for redirect.
info: MassTransit[0]
      Bus stopped: rabbitmq://127.0.0.1:55046/
info: MassTransit[0]
      Bus stopped: rabbitmq://127.0.0.1:55046/
[testcontainers.org 00:00:45.57] Delete Docker container b3007e81ef01
[testcontainers.org 00:00:45.57] Delete Docker container 83824be7b553
[testcontainers.org 00:00:45.57] Delete Docker container a38737cf4cfe
  Passed Maliev.IAMService.Tests.Integration.PrincipalsControllerTests.RotateApiKey_NonExistentAccount_ReturnsNotFound [103 ms]
[testcontainers.org 00:00:46.59] Docker container 487f185b22d7 created
[testcontainers.org 00:00:46.59] Docker container d5b315a12376 created
[testcontainers.org 00:00:46.60] Start Docker container 487f185b22d7
[testcontainers.org 00:00:46.60] Start Docker container d5b315a12376
[testcontainers.org 00:00:46.61] Docker container 7529b1e6f418 created
[testcontainers.org 00:00:46.62] Start Docker container 7529b1e6f418
[testcontainers.org 00:00:46.82] Wait for Docker container d5b315a12376 to complete readiness checks
[testcontainers.org 00:00:46.90] Wait for Docker container 7529b1e6f418 to complete readiness checks
[testcontainers.org 00:00:46.90] Execute "pg_isready --host localhost --dbname postgres --username postgres" at Docker container 7529b1e6f418
[testcontainers.org 00:00:46.95] Wait for Docker container 487f185b22d7 to complete readiness checks
[testcontainers.org 00:00:46.95] Execute "redis-cli ping" at Docker container 487f185b22d7
[testcontainers.org 00:00:46.99] Docker container 487f185b22d7 ready
[testcontainers.org 00:00:47.95] Execute "pg_isready --host localhost --dbname postgres --username postgres" at Docker container 7529b1e6f418
[testcontainers.org 00:00:49.00] Execute "pg_isready --host localhost --dbname postgres --username postgres" at Docker container 7529b1e6f418
[testcontainers.org 00:00:49.05] Docker container 7529b1e6f418 ready
[testcontainers.org 00:00:53.95] Docker container d5b315a12376 ready
info: MassTransit[0]
      Configured endpoint PrincipalRoleGrantedEvent, Consumer: Maliev.IAMService.Api.Events.PrincipalRoleGrantedEventConsumer
info: MassTransit[0]
      Configured endpoint PrincipalRoleRevokedEvent, Consumer: Maliev.IAMService.Api.Events.PrincipalRoleRevokedEventConsumer
info: MassTransit[0]
      Configured endpoint RoleUpdatedEvent, Consumer: Maliev.IAMService.Api.Events.RoleUpdatedEventConsumer
info: Maliev.IAMService.Data.IAMDbContext[0]
      Applying database migrations
info: Maliev.IAMService.Data.IAMDbContext[0]
      Database migrations applied successfully
info: MassTransit[0]
      Bus started: rabbitmq://127.0.0.1:53196/
warn: Microsoft.AspNetCore.HttpsPolicy.HttpsRedirectionMiddleware[3]
      Failed to determine the https port for redirect.
info: Maliev.IAMService.Api.Services.PrincipalService[0]
      Created service account permissions-test-account with principal ID eeab5a33-8a91-4633-addf-808401e76738
info: Maliev.IAMService.Api.Services.PrincipalService[0]
      Queried effective permissions for principal eeab5a33-8a91-4633-addf-808401e76738, found 0 permissions
info: MassTransit[0]
      Bus stopped: rabbitmq://127.0.0.1:53196/
[testcontainers.org 00:00:54.98] Delete Docker container d5b315a12376
[testcontainers.org 00:00:54.98] Delete Docker container 487f185b22d7
[testcontainers.org 00:00:54.98] Delete Docker container 7529b1e6f418
  Passed Maliev.IAMService.Tests.Integration.PrincipalsControllerTests.GetEffectivePermissions_ValidAccount_ReturnsPermissions [141 ms]
[testcontainers.org 00:00:55.95] Docker container df6e806db057 created
[testcontainers.org 00:00:55.96] Start Docker container df6e806db057
[testcontainers.org 00:00:55.96] Docker container 66957ef770a2 created
[testcontainers.org 00:00:55.96] Docker container d28c995c4320 created
[testcontainers.org 00:00:55.98] Start Docker container 66957ef770a2
[testcontainers.org 00:00:55.98] Start Docker container d28c995c4320
[testcontainers.org 00:00:56.15] Wait for Docker container df6e806db057 to complete readiness checks
[testcontainers.org 00:00:56.27] Wait for Docker container d28c995c4320 to complete readiness checks
[testcontainers.org 00:00:56.28] Execute "pg_isready --host localhost --dbname postgres --username postgres" at Docker container d28c995c4320
[testcontainers.org 00:00:56.29] Wait for Docker container 66957ef770a2 to complete readiness checks
[testcontainers.org 00:00:56.29] Execute "redis-cli ping" at Docker container 66957ef770a2
[testcontainers.org 00:00:56.34] Docker container 66957ef770a2 ready
[testcontainers.org 00:00:57.34] Execute "pg_isready --host localhost --dbname postgres --username postgres" at Docker container d28c995c4320
[testcontainers.org 00:00:58.38] Execute "pg_isready --host localhost --dbname postgres --username postgres" at Docker container d28c995c4320
[testcontainers.org 00:00:58.43] Docker container d28c995c4320 ready
[testcontainers.org 00:01:03.28] Docker container df6e806db057 ready
info: MassTransit[0]
      Configured endpoint PrincipalRoleGrantedEvent, Consumer: Maliev.IAMService.Api.Events.PrincipalRoleGrantedEventConsumer
info: MassTransit[0]
      Configured endpoint PrincipalRoleRevokedEvent, Consumer: Maliev.IAMService.Api.Events.PrincipalRoleRevokedEventConsumer
info: MassTransit[0]
      Configured endpoint RoleUpdatedEvent, Consumer: Maliev.IAMService.Api.Events.RoleUpdatedEventConsumer
info: Maliev.IAMService.Data.IAMDbContext[0]
      Applying database migrations
info: Maliev.IAMService.Data.IAMDbContext[0]
      Database migrations applied successfully
info: MassTransit[0]
      Bus started: rabbitmq://127.0.0.1:52929/
warn: Microsoft.AspNetCore.HttpsPolicy.HttpsRedirectionMiddleware[3]
      Failed to determine the https port for redirect.
info: Maliev.IAMService.Api.Services.PrincipalService[0]
      Created service account test-service-account with principal ID 69cd0b28-8971-43c1-8251-58eae127b90f
info: MassTransit[0]
      Bus stopped: rabbitmq://127.0.0.1:52929/
[testcontainers.org 00:01:04.31] Delete Docker container d28c995c4320
[testcontainers.org 00:01:04.31] Delete Docker container df6e806db057
[testcontainers.org 00:01:04.31] Delete Docker container 66957ef770a2
  Passed Maliev.IAMService.Tests.Integration.PrincipalsControllerTests.CreateServiceAccount_ValidRequest_ReturnsCreatedWithApiKey [139 ms]
[testcontainers.org 00:01:05.43] Docker container 1f31dab3dade created
[testcontainers.org 00:01:05.43] Docker container 773b7096926a created
[testcontainers.org 00:01:05.44] Start Docker container 1f31dab3dade
[testcontainers.org 00:01:05.44] Start Docker container 773b7096926a
[testcontainers.org 00:01:05.44] Docker container e5394ca120e3 created
[testcontainers.org 00:01:05.47] Start Docker container e5394ca120e3
[testcontainers.org 00:01:05.67] Wait for Docker container 773b7096926a to complete readiness checks
[testcontainers.org 00:01:05.73] Wait for Docker container e5394ca120e3 to complete readiness checks
[testcontainers.org 00:01:05.74] Execute "redis-cli ping" at Docker container e5394ca120e3
[testcontainers.org 00:01:05.78] Wait for Docker container 1f31dab3dade to complete readiness checks
[testcontainers.org 00:01:05.78] Docker container e5394ca120e3 ready
[testcontainers.org 00:01:05.79] Execute "pg_isready --host localhost --dbname postgres --username postgres" at Docker container 1f31dab3dade
[testcontainers.org 00:01:06.85] Execute "pg_isready --host localhost --dbname postgres --username postgres" at Docker container 1f31dab3dade
[testcontainers.org 00:01:07.89] Execute "pg_isready --host localhost --dbname postgres --username postgres" at Docker container 1f31dab3dade
[testcontainers.org 00:01:07.96] Docker container 1f31dab3dade ready
[testcontainers.org 00:01:12.81] Docker container 773b7096926a ready
info: MassTransit[0]
      Configured endpoint PrincipalRoleGrantedEvent, Consumer: Maliev.IAMService.Api.Events.PrincipalRoleGrantedEventConsumer
info: MassTransit[0]
      Configured endpoint PrincipalRoleRevokedEvent, Consumer: Maliev.IAMService.Api.Events.PrincipalRoleRevokedEventConsumer
info: MassTransit[0]
      Configured endpoint RoleUpdatedEvent, Consumer: Maliev.IAMService.Api.Events.RoleUpdatedEventConsumer
info: Maliev.IAMService.Data.IAMDbContext[0]
      Applying database migrations
info: Maliev.IAMService.Data.IAMDbContext[0]
      Database migrations applied successfully
info: MassTransit[0]
      Bus started: rabbitmq://127.0.0.1:52441/
warn: Microsoft.AspNetCore.HttpsPolicy.HttpsRedirectionMiddleware[3]
      Failed to determine the https port for redirect.
info: Maliev.IAMService.Api.Services.PrincipalService[0]
      Created service account duplicate-test-account with principal ID ff62d454-2bf5-4e0a-b736-868ce60d1979
info: MassTransit[0]
      Bus stopped: rabbitmq://127.0.0.1:52441/
[testcontainers.org 00:01:13.86] Delete Docker container 1f31dab3dade
[testcontainers.org 00:01:13.86] Delete Docker container 773b7096926a
[testcontainers.org 00:01:13.86] Delete Docker container e5394ca120e3
  Passed Maliev.IAMService.Tests.Integration.PrincipalsControllerTests.CreateServiceAccount_DuplicateName_ReturnsConflict [130 ms]
[testcontainers.org 00:01:14.77] Docker container 8df028f8798c created
[testcontainers.org 00:01:14.77] Docker container 6daabb926388 created
[testcontainers.org 00:01:14.78] Docker container 68ba1f7276b2 created
[testcontainers.org 00:01:14.78] Start Docker container 6daabb926388
[testcontainers.org 00:01:14.78] Start Docker container 8df028f8798c
[testcontainers.org 00:01:14.79] Start Docker container 68ba1f7276b2
[testcontainers.org 00:01:15.03] Wait for Docker container 8df028f8798c to complete readiness checks
[testcontainers.org 00:01:15.03] Execute "pg_isready --host localhost --dbname postgres --username postgres" at Docker container 8df028f8798c
[testcontainers.org 00:01:15.16] Wait for Docker container 68ba1f7276b2 to complete readiness checks
[testcontainers.org 00:01:15.17] Execute "redis-cli ping" at Docker container 68ba1f7276b2
[testcontainers.org 00:01:15.18] Wait for Docker container 6daabb926388 to complete readiness checks
[testcontainers.org 00:01:15.21] Docker container 68ba1f7276b2 ready
[testcontainers.org 00:01:16.08] Execute "pg_isready --host localhost --dbname postgres --username postgres" at Docker container 8df028f8798c
[testcontainers.org 00:01:17.13] Execute "pg_isready --host localhost --dbname postgres --username postgres" at Docker container 8df028f8798c
[testcontainers.org 00:01:17.18] Docker container 8df028f8798c ready
[testcontainers.org 00:01:22.31] Docker container 6daabb926388 ready
info: MassTransit[0]
      Configured endpoint PrincipalRoleGrantedEvent, Consumer: Maliev.IAMService.Api.Events.PrincipalRoleGrantedEventConsumer
info: MassTransit[0]
      Configured endpoint PrincipalRoleRevokedEvent, Consumer: Maliev.IAMService.Api.Events.PrincipalRoleRevokedEventConsumer
info: MassTransit[0]
      Configured endpoint RoleUpdatedEvent, Consumer: Maliev.IAMService.Api.Events.RoleUpdatedEventConsumer
info: Maliev.IAMService.Data.IAMDbContext[0]
      Applying database migrations
info: Maliev.IAMService.Data.IAMDbContext[0]
      Database migrations applied successfully
info: MassTransit[0]
      Bus started: rabbitmq://127.0.0.1:60383/
warn: Microsoft.AspNetCore.HttpsPolicy.HttpsRedirectionMiddleware[3]
      Failed to determine the https port for redirect.
info: Maliev.IAMService.Api.Services.PrincipalService[0]
      Created service account test-account-1 with principal ID 1d3de74a-49f7-4b36-9250-65e9fdeafc0c
info: Maliev.IAMService.Api.Services.PrincipalService[0]
      Created service account test-account-2 with principal ID a13a0586-a26f-469f-9aef-7bb26853b5c5
info: MassTransit[0]
      Bus stopped: rabbitmq://127.0.0.1:60383/
info: MassTransit[0]
      Bus stopped: rabbitmq://127.0.0.1:60383/
[testcontainers.org 00:01:23.42] Delete Docker container 68ba1f7276b2
[testcontainers.org 00:01:23.42] Delete Docker container 6daabb926388
[testcontainers.org 00:01:23.42] Delete Docker container 8df028f8798c
  Passed Maliev.IAMService.Tests.Integration.PrincipalsControllerTests.GetServiceAccounts_ReturnsAllAccounts [206 ms]
[testcontainers.org 00:01:24.30] Docker container d39233d63749 created
[testcontainers.org 00:01:24.31] Start Docker container d39233d63749
[testcontainers.org 00:01:24.33] Docker container 212936cbd740 created
[testcontainers.org 00:01:24.34] Start Docker container 212936cbd740
[testcontainers.org 00:01:24.34] Docker container 92e4b34268fa created
[testcontainers.org 00:01:24.35] Start Docker container 92e4b34268fa
[testcontainers.org 00:01:24.51] Wait for Docker container d39233d63749 to complete readiness checks
[testcontainers.org 00:01:24.52] Execute "pg_isready --host localhost --dbname postgres --username postgres" at Docker container d39233d63749
[testcontainers.org 00:01:24.61] Wait for Docker container 212936cbd740 to complete readiness checks
[testcontainers.org 00:01:24.65] Wait for Docker container 92e4b34268fa to complete readiness checks
[testcontainers.org 00:01:24.66] Execute "redis-cli ping" at Docker container 92e4b34268fa
[testcontainers.org 00:01:24.70] Docker container 92e4b34268fa ready
[testcontainers.org 00:01:25.58] Execute "pg_isready --host localhost --dbname postgres --username postgres" at Docker container d39233d63749
[testcontainers.org 00:01:26.64] Execute "pg_isready --host localhost --dbname postgres --username postgres" at Docker container d39233d63749
[testcontainers.org 00:01:26.69] Docker container d39233d63749 ready
[testcontainers.org 00:01:31.76] Docker container 212936cbd740 ready
info: MassTransit[0]
      Configured endpoint PrincipalRoleGrantedEvent, Consumer: Maliev.IAMService.Api.Events.PrincipalRoleGrantedEventConsumer
info: MassTransit[0]
      Configured endpoint PrincipalRoleRevokedEvent, Consumer: Maliev.IAMService.Api.Events.PrincipalRoleRevokedEventConsumer
info: MassTransit[0]
      Configured endpoint RoleUpdatedEvent, Consumer: Maliev.IAMService.Api.Events.RoleUpdatedEventConsumer
info: Maliev.IAMService.Data.IAMDbContext[0]
      Applying database migrations
info: Maliev.IAMService.Data.IAMDbContext[0]
      Database migrations applied successfully
info: MassTransit[0]
      Bus started: rabbitmq://127.0.0.1:60400/
warn: Microsoft.AspNetCore.HttpsPolicy.HttpsRedirectionMiddleware[3]
      Failed to determine the https port for redirect.
info: Maliev.IAMService.Api.Services.PrincipalService[0]
      Created service account multi-binding-account with principal ID 3cf8b2fb-c4c4-4f2b-a9e0-e026ec6a030f
info: Maliev.IAMService.Api.Services.PermissionService[0]
      Registered 2 permissions for service multi-binding-service
info: Maliev.IAMService.Api.Services.RoleService[0]
      Registered 2 roles for service multi-binding-service
warn: Maliev.IAMService.Api.Services.CacheService[0]
      RemoveByPrefixAsync not fully implemented - requires Redis-specific key scanning
info: Maliev.IAMService.Api.Services.BindingService[0]
      Granted role roles.multi-binding-service.reader to principal 3cf8b2fb-c4c4-4f2b-a9e0-e026ec6a030f
warn: Maliev.IAMService.Api.Services.CacheService[0]
      RemoveByPrefixAsync not fully implemented - requires Redis-specific key scanning
info: Maliev.IAMService.Api.Services.BindingService[0]
      Granted role roles.multi-binding-service.writer to principal 3cf8b2fb-c4c4-4f2b-a9e0-e026ec6a030f
warn: Maliev.IAMService.Api.Services.CacheService[0]
      RemoveByPrefixAsync not fully implemented - requires Redis-specific key scanning
warn: Maliev.IAMService.Api.Services.CacheService[0]
      RemoveByPrefixAsync not fully implemented - requires Redis-specific key scanning
info: Maliev.IAMService.Api.Events.PrincipalRoleGrantedEventConsumer[0]
      Invalidated permission cache for principal 3cf8b2fb-c4c4-4f2b-a9e0-e026ec6a030f after role roles.multi-binding-service.reader granted
info: Maliev.IAMService.Api.Events.PrincipalRoleGrantedEventConsumer[0]
      Invalidated permission cache for principal 3cf8b2fb-c4c4-4f2b-a9e0-e026ec6a030f after role roles.multi-binding-service.writer granted
info: MassTransit[0]
      Bus stopped: rabbitmq://127.0.0.1:60400/
[testcontainers.org 00:01:33.17] Delete Docker container d39233d63749
[testcontainers.org 00:01:33.17] Delete Docker container 212936cbd740
[testcontainers.org 00:01:33.17] Delete Docker container 92e4b34268fa
  Passed Maliev.IAMService.Tests.Integration.BindingsControllerTests.MultipleBindings_DifferentRoles_AllCreatedSuccessfully [493 ms]
[testcontainers.org 00:01:34.11] Docker container 5a93e5d5a11e created
[testcontainers.org 00:01:34.11] Docker container 0b23209aa3bc created
[testcontainers.org 00:01:34.11] Docker container d2d03a46cc9c created
[testcontainers.org 00:01:34.12] Start Docker container 5a93e5d5a11e
[testcontainers.org 00:01:34.12] Start Docker container d2d03a46cc9c
[testcontainers.org 00:01:34.12] Start Docker container 0b23209aa3bc
[testcontainers.org 00:01:34.32] Wait for Docker container 0b23209aa3bc to complete readiness checks
[testcontainers.org 00:01:34.48] Wait for Docker container d2d03a46cc9c to complete readiness checks
[testcontainers.org 00:01:34.49] Execute "pg_isready --host localhost --dbname postgres --username postgres" at Docker container d2d03a46cc9c
[testcontainers.org 00:01:34.50] Wait for Docker container 5a93e5d5a11e to complete readiness checks
[testcontainers.org 00:01:34.51] Execute "redis-cli ping" at Docker container 5a93e5d5a11e
[testcontainers.org 00:01:34.55] Docker container 5a93e5d5a11e ready
[testcontainers.org 00:01:35.55] Execute "pg_isready --host localhost --dbname postgres --username postgres" at Docker container d2d03a46cc9c
[testcontainers.org 00:01:36.62] Execute "pg_isready --host localhost --dbname postgres --username postgres" at Docker container d2d03a46cc9c
[testcontainers.org 00:01:36.66] Docker container d2d03a46cc9c ready
[testcontainers.org 00:01:41.46] Docker container 0b23209aa3bc ready
info: MassTransit[0]
      Configured endpoint PrincipalRoleGrantedEvent, Consumer: Maliev.IAMService.Api.Events.PrincipalRoleGrantedEventConsumer
info: MassTransit[0]
      Configured endpoint PrincipalRoleRevokedEvent, Consumer: Maliev.IAMService.Api.Events.PrincipalRoleRevokedEventConsumer
info: MassTransit[0]
      Configured endpoint RoleUpdatedEvent, Consumer: Maliev.IAMService.Api.Events.RoleUpdatedEventConsumer
info: Maliev.IAMService.Data.IAMDbContext[0]
      Applying database migrations
info: Maliev.IAMService.Data.IAMDbContext[0]
      Database migrations applied successfully
info: MassTransit[0]
      Bus started: rabbitmq://127.0.0.1:60418/
warn: Microsoft.AspNetCore.HttpsPolicy.HttpsRedirectionMiddleware[3]
      Failed to determine the https port for redirect.
info: Maliev.IAMService.Api.Services.PrincipalService[0]
      Created service account test-account-grant-resource with principal ID 5f801239-1e35-47e8-9091-d9c8bb0fb08f
info: Maliev.IAMService.Api.Services.PermissionService[0]
      Registered 1 permissions for service binding-service-grant-resource
info: Maliev.IAMService.Api.Services.RoleService[0]
      Registered 1 roles for service binding-service-grant-resource
warn: Maliev.IAMService.Api.Services.CacheService[0]
      RemoveByPrefixAsync not fully implemented - requires Redis-specific key scanning
info: Maliev.IAMService.Api.Services.BindingService[0]
      Granted role roles.binding-service-grant-resource.reader to principal 5f801239-1e35-47e8-9091-d9c8bb0fb08f
warn: Maliev.IAMService.Api.Services.CacheService[0]
      RemoveByPrefixAsync not fully implemented - requires Redis-specific key scanning
info: Maliev.IAMService.Api.Events.PrincipalRoleGrantedEventConsumer[0]
      Invalidated permission cache for principal 5f801239-1e35-47e8-9091-d9c8bb0fb08f after role roles.binding-service-grant-resource.reader granted
info: MassTransit[0]
      Bus stopped: rabbitmq://127.0.0.1:60418/
[testcontainers.org 00:01:42.57] Delete Docker container 5a93e5d5a11e
[testcontainers.org 00:01:42.57] Delete Docker container d2d03a46cc9c
[testcontainers.org 00:01:42.57] Delete Docker container 0b23209aa3bc
  Passed Maliev.IAMService.Tests.Integration.BindingsControllerTests.GrantRole_WithResourceScope_ReturnsOk [184 ms]
[testcontainers.org 00:01:43.62] Docker container 5c5cdd0993b9 created
[testcontainers.org 00:01:43.62] Docker container e017e30b1919 created
[testcontainers.org 00:01:43.63] Start Docker container 5c5cdd0993b9
[testcontainers.org 00:01:43.63] Start Docker container e017e30b1919
[testcontainers.org 00:01:43.64] Docker container 6f52250944b7 created
[testcontainers.org 00:01:43.65] Start Docker container 6f52250944b7
[testcontainers.org 00:01:43.82] Wait for Docker container e017e30b1919 to complete readiness checks
[testcontainers.org 00:01:43.87] Wait for Docker container 5c5cdd0993b9 to complete readiness checks
[testcontainers.org 00:01:43.88] Execute "pg_isready --host localhost --dbname postgres --username postgres" at Docker container 5c5cdd0993b9
[testcontainers.org 00:01:43.93] Wait for Docker container 6f52250944b7 to complete readiness checks
[testcontainers.org 00:01:43.94] Execute "redis-cli ping" at Docker container 6f52250944b7
[testcontainers.org 00:01:43.98] Docker container 6f52250944b7 ready
[testcontainers.org 00:01:44.93] Execute "pg_isready --host localhost --dbname postgres --username postgres" at Docker container 5c5cdd0993b9
[testcontainers.org 00:01:45.99] Execute "pg_isready --host localhost --dbname postgres --username postgres" at Docker container 5c5cdd0993b9
[testcontainers.org 00:01:46.03] Docker container 5c5cdd0993b9 ready
[testcontainers.org 00:01:50.97] Docker container e017e30b1919 ready
info: MassTransit[0]
      Configured endpoint PrincipalRoleGrantedEvent, Consumer: Maliev.IAMService.Api.Events.PrincipalRoleGrantedEventConsumer
info: MassTransit[0]
      Configured endpoint PrincipalRoleRevokedEvent, Consumer: Maliev.IAMService.Api.Events.PrincipalRoleRevokedEventConsumer
info: MassTransit[0]
      Configured endpoint RoleUpdatedEvent, Consumer: Maliev.IAMService.Api.Events.RoleUpdatedEventConsumer
info: Maliev.IAMService.Data.IAMDbContext[0]
      Applying database migrations
info: Maliev.IAMService.Data.IAMDbContext[0]
      Database migrations applied successfully
info: MassTransit[0]
      Bus started: rabbitmq://127.0.0.1:50540/
warn: Microsoft.AspNetCore.HttpsPolicy.HttpsRedirectionMiddleware[3]
      Failed to determine the https port for redirect.
info: Maliev.IAMService.Api.Services.PrincipalService[0]
      Created service account test-account-grant-expiration with principal ID d2c71938-3130-4e9d-a162-3d017d65717d
info: Maliev.IAMService.Api.Services.PermissionService[0]
      Registered 1 permissions for service binding-service-grant-expiration
info: Maliev.IAMService.Api.Services.RoleService[0]
      Registered 1 roles for service binding-service-grant-expiration
warn: Maliev.IAMService.Api.Services.CacheService[0]
      RemoveByPrefixAsync not fully implemented - requires Redis-specific key scanning
info: Maliev.IAMService.Api.Services.BindingService[0]
      Granted role roles.binding-service-grant-expiration.reader to principal d2c71938-3130-4e9d-a162-3d017d65717d
warn: Maliev.IAMService.Api.Services.CacheService[0]
      RemoveByPrefixAsync not fully implemented - requires Redis-specific key scanning
info: Maliev.IAMService.Api.Events.PrincipalRoleGrantedEventConsumer[0]
      Invalidated permission cache for principal d2c71938-3130-4e9d-a162-3d017d65717d after role roles.binding-service-grant-expiration.reader granted
info: MassTransit[0]
      Bus stopped: rabbitmq://127.0.0.1:50540/
[testcontainers.org 00:01:52.11] Delete Docker container e017e30b1919
[testcontainers.org 00:01:52.11] Delete Docker container 5c5cdd0993b9
[testcontainers.org 00:01:52.11] Delete Docker container 6f52250944b7
  Passed Maliev.IAMService.Tests.Integration.BindingsControllerTests.GrantRole_WithExpiration_ReturnsOk [228 ms]
[testcontainers.org 00:01:53.16] Docker container 322f719d738b created
[testcontainers.org 00:01:53.17] Docker container a6a473db8761 created
[testcontainers.org 00:01:53.17] Docker container 7c4025d20022 created
[testcontainers.org 00:01:53.17] Start Docker container 322f719d738b
[testcontainers.org 00:01:53.18] Start Docker container 7c4025d20022
[testcontainers.org 00:01:53.18] Start Docker container a6a473db8761
[testcontainers.org 00:01:53.38] Wait for Docker container 7c4025d20022 to complete readiness checks
[testcontainers.org 00:01:53.38] Execute "redis-cli ping" at Docker container 7c4025d20022
[testcontainers.org 00:01:53.42] Docker container 7c4025d20022 ready
[testcontainers.org 00:01:53.45] Wait for Docker container 322f719d738b to complete readiness checks
[testcontainers.org 00:01:53.46] Execute "pg_isready --host localhost --dbname postgres --username postgres" at Docker container 322f719d738b
[testcontainers.org 00:01:53.49] Wait for Docker container a6a473db8761 to complete readiness checks
[testcontainers.org 00:01:54.52] Execute "pg_isready --host localhost --dbname postgres --username postgres" at Docker container 322f719d738b
[testcontainers.org 00:01:55.57] Execute "pg_isready --host localhost --dbname postgres --username postgres" at Docker container 322f719d738b
[testcontainers.org 00:01:55.61] Docker container 322f719d738b ready
[testcontainers.org 00:01:59.58] Docker container a6a473db8761 ready
info: MassTransit[0]
      Configured endpoint PrincipalRoleGrantedEvent, Consumer: Maliev.IAMService.Api.Events.PrincipalRoleGrantedEventConsumer
info: MassTransit[0]
      Configured endpoint PrincipalRoleRevokedEvent, Consumer: Maliev.IAMService.Api.Events.PrincipalRoleRevokedEventConsumer
info: MassTransit[0]
      Configured endpoint RoleUpdatedEvent, Consumer: Maliev.IAMService.Api.Events.RoleUpdatedEventConsumer
info: Maliev.IAMService.Data.IAMDbContext[0]
      Applying database migrations
info: Maliev.IAMService.Data.IAMDbContext[0]
      Database migrations applied successfully
info: MassTransit[0]
      Bus started: rabbitmq://127.0.0.1:50565/
warn: Microsoft.AspNetCore.HttpsPolicy.HttpsRedirectionMiddleware[3]
      Failed to determine the https port for redirect.
info: Maliev.IAMService.Api.Services.PrincipalService[0]
      Created service account test-account-get-bindings with principal ID a83aab72-3a34-41b8-b8da-f282c89c4a21
info: Maliev.IAMService.Api.Services.PermissionService[0]
      Registered 1 permissions for service binding-service-get-bindings
info: Maliev.IAMService.Api.Services.RoleService[0]
      Registered 1 roles for service binding-service-get-bindings
warn: Maliev.IAMService.Api.Services.CacheService[0]
      RemoveByPrefixAsync not fully implemented - requires Redis-specific key scanning
warn: Maliev.IAMService.Api.Services.CacheService[0]
      RemoveByPrefixAsync not fully implemented - requires Redis-specific key scanning
info: Maliev.IAMService.Api.Services.BindingService[0]
      Granted role roles.binding-service-get-bindings.reader to principal a83aab72-3a34-41b8-b8da-f282c89c4a21
info: Maliev.IAMService.Api.Events.PrincipalRoleGrantedEventConsumer[0]
      Invalidated permission cache for principal a83aab72-3a34-41b8-b8da-f282c89c4a21 after role roles.binding-service-get-bindings.reader granted
info: MassTransit[0]
      Bus stopped: rabbitmq://127.0.0.1:50565/
[testcontainers.org 00:02:00.65] Delete Docker container a6a473db8761
[testcontainers.org 00:02:00.65] Delete Docker container 7c4025d20022
[testcontainers.org 00:02:00.65] Delete Docker container 322f719d738b
  Passed Maliev.IAMService.Tests.Integration.BindingsControllerTests.GetBindings_ReturnsAllBindings [205 ms]
[testcontainers.org 00:02:01.67] Docker container 4acff9448f30 created
[testcontainers.org 00:02:01.68] Start Docker container 4acff9448f30
[testcontainers.org 00:02:01.70] Docker container fe944d8725c7 created
[testcontainers.org 00:02:01.71] Start Docker container fe944d8725c7
[testcontainers.org 00:02:01.72] Docker container 224ff2b204ad created
[testcontainers.org 00:02:01.73] Start Docker container 224ff2b204ad
[testcontainers.org 00:02:01.91] Wait for Docker container 4acff9448f30 to complete readiness checks
[testcontainers.org 00:02:02.02] Wait for Docker container fe944d8725c7 to complete readiness checks
[testcontainers.org 00:02:02.03] Execute "pg_isready --host localhost --dbname postgres --username postgres" at Docker container fe944d8725c7
[testcontainers.org 00:02:02.07] Wait for Docker container 224ff2b204ad to complete readiness checks
[testcontainers.org 00:02:02.08] Execute "redis-cli ping" at Docker container 224ff2b204ad
[testcontainers.org 00:02:02.11] Docker container 224ff2b204ad ready
[testcontainers.org 00:02:03.08] Execute "pg_isready --host localhost --dbname postgres --username postgres" at Docker container fe944d8725c7
[testcontainers.org 00:02:04.12] Execute "pg_isready --host localhost --dbname postgres --username postgres" at Docker container fe944d8725c7
[testcontainers.org 00:02:04.17] Docker container fe944d8725c7 ready
[testcontainers.org 00:02:09.05] Docker container 4acff9448f30 ready
info: MassTransit[0]
      Configured endpoint PrincipalRoleGrantedEvent, Consumer: Maliev.IAMService.Api.Events.PrincipalRoleGrantedEventConsumer
info: MassTransit[0]
      Configured endpoint PrincipalRoleRevokedEvent, Consumer: Maliev.IAMService.Api.Events.PrincipalRoleRevokedEventConsumer
info: MassTransit[0]
      Configured endpoint RoleUpdatedEvent, Consumer: Maliev.IAMService.Api.Events.RoleUpdatedEventConsumer
info: Maliev.IAMService.Data.IAMDbContext[0]
      Applying database migrations
info: Maliev.IAMService.Data.IAMDbContext[0]
      Database migrations applied successfully
info: MassTransit[0]
      Bus started: rabbitmq://127.0.0.1:62114/
warn: Microsoft.AspNetCore.HttpsPolicy.HttpsRedirectionMiddleware[3]
      Failed to determine the https port for redirect.
info: Maliev.IAMService.Api.Services.PrincipalService[0]
      Created service account test-account-grant-invalid-role with principal ID b76ed10a-db41-4dc4-9144-91b696743445
info: Maliev.IAMService.Api.Services.PermissionService[0]
      Registered 1 permissions for service binding-service-grant-invalid-role
info: Maliev.IAMService.Api.Services.RoleService[0]
      Registered 1 roles for service binding-service-grant-invalid-role
info: MassTransit[0]
      Bus stopped: rabbitmq://127.0.0.1:62114/
[testcontainers.org 00:02:10.11] Delete Docker container fe944d8725c7
[testcontainers.org 00:02:10.11] Delete Docker container 4acff9448f30
[testcontainers.org 00:02:10.11] Delete Docker container 224ff2b204ad
  Passed Maliev.IAMService.Tests.Integration.BindingsControllerTests.GrantRole_NonExistentRole_ReturnsConflict [171 ms]
[testcontainers.org 00:02:11.12] Docker container e50e8bdb32d2 created
[testcontainers.org 00:02:11.13] Start Docker container e50e8bdb32d2
[testcontainers.org 00:02:11.14] Docker container 0f43b1b4205b created
[testcontainers.org 00:02:11.15] Docker container 9c7e03d84cfd created
[testcontainers.org 00:02:11.15] Start Docker container 0f43b1b4205b
[testcontainers.org 00:02:11.16] Start Docker container 9c7e03d84cfd
[testcontainers.org 00:02:11.37] Wait for Docker container e50e8bdb32d2 to complete readiness checks
[testcontainers.org 00:02:11.41] Wait for Docker container 0f43b1b4205b to complete readiness checks
[testcontainers.org 00:02:11.42] Execute "redis-cli ping" at Docker container 0f43b1b4205b
[testcontainers.org 00:02:11.46] Wait for Docker container 9c7e03d84cfd to complete readiness checks
[testcontainers.org 00:02:11.46] Docker container 0f43b1b4205b ready
[testcontainers.org 00:02:11.47] Execute "pg_isready --host localhost --dbname postgres --username postgres" at Docker container 9c7e03d84cfd
[testcontainers.org 00:02:12.52] Execute "pg_isready --host localhost --dbname postgres --username postgres" at Docker container 9c7e03d84cfd
[testcontainers.org 00:02:13.58] Execute "pg_isready --host localhost --dbname postgres --username postgres" at Docker container 9c7e03d84cfd
[testcontainers.org 00:02:13.62] Docker container 9c7e03d84cfd ready
[testcontainers.org 00:02:18.51] Docker container e50e8bdb32d2 ready
info: MassTransit[0]
      Configured endpoint PrincipalRoleGrantedEvent, Consumer: Maliev.IAMService.Api.Events.PrincipalRoleGrantedEventConsumer
info: MassTransit[0]
      Configured endpoint PrincipalRoleRevokedEvent, Consumer: Maliev.IAMService.Api.Events.PrincipalRoleRevokedEventConsumer
info: MassTransit[0]
      Configured endpoint RoleUpdatedEvent, Consumer: Maliev.IAMService.Api.Events.RoleUpdatedEventConsumer
info: Maliev.IAMService.Data.IAMDbContext[0]
      Applying database migrations
info: Maliev.IAMService.Data.IAMDbContext[0]
      Database migrations applied successfully
info: MassTransit[0]
      Bus started: rabbitmq://127.0.0.1:62132/
warn: Microsoft.AspNetCore.HttpsPolicy.HttpsRedirectionMiddleware[3]
      Failed to determine the https port for redirect.
info: Maliev.IAMService.Api.Services.PrincipalService[0]
      Created service account test-account-duplicate-binding with principal ID 82375b99-1583-4f85-9d0d-e6eeb92f1cfb
info: Maliev.IAMService.Api.Services.PermissionService[0]
      Registered 1 permissions for service binding-service-duplicate-binding
info: Maliev.IAMService.Api.Services.RoleService[0]
      Registered 1 roles for service binding-service-duplicate-binding
warn: Maliev.IAMService.Api.Services.CacheService[0]
      RemoveByPrefixAsync not fully implemented - requires Redis-specific key scanning
warn: Maliev.IAMService.Api.Services.CacheService[0]
      RemoveByPrefixAsync not fully implemented - requires Redis-specific key scanning
info: Maliev.IAMService.Api.Services.BindingService[0]
      Granted role roles.binding-service-duplicate-binding.reader to principal 82375b99-1583-4f85-9d0d-e6eeb92f1cfb
info: Maliev.IAMService.Api.Events.PrincipalRoleGrantedEventConsumer[0]
      Invalidated permission cache for principal 82375b99-1583-4f85-9d0d-e6eeb92f1cfb after role roles.binding-service-duplicate-binding.reader granted
info: MassTransit[0]
      Bus stopped: rabbitmq://127.0.0.1:62132/
[testcontainers.org 00:02:19.59] Delete Docker container 0f43b1b4205b
[testcontainers.org 00:02:19.59] Delete Docker container e50e8bdb32d2
[testcontainers.org 00:02:19.59] Delete Docker container 9c7e03d84cfd
  Passed Maliev.IAMService.Tests.Integration.BindingsControllerTests.GrantRole_DuplicateBinding_ReturnsConflict [187 ms]
[testcontainers.org 00:02:20.61] Docker container 9a85659b758b created
[testcontainers.org 00:02:20.61] Docker container 8fd473cc869f created
[testcontainers.org 00:02:20.62] Docker container dc59c3f0fd44 created
[testcontainers.org 00:02:20.63] Start Docker container 8fd473cc869f
[testcontainers.org 00:02:20.63] Start Docker container dc59c3f0fd44
[testcontainers.org 00:02:20.63] Start Docker container 9a85659b758b
[testcontainers.org 00:02:20.83] Wait for Docker container dc59c3f0fd44 to complete readiness checks
[testcontainers.org 00:02:20.84] Execute "pg_isready --host localhost --dbname postgres --username postgres" at Docker container dc59c3f0fd44
[testcontainers.org 00:02:20.89] Wait for Docker container 8fd473cc869f to complete readiness checks
[testcontainers.org 00:02:20.93] Wait for Docker container 9a85659b758b to complete readiness checks
[testcontainers.org 00:02:20.94] Execute "redis-cli ping" at Docker container 9a85659b758b
[testcontainers.org 00:02:20.98] Docker container 9a85659b758b ready
[testcontainers.org 00:02:21.89] Execute "pg_isready --host localhost --dbname postgres --username postgres" at Docker container dc59c3f0fd44
[testcontainers.org 00:02:22.96] Execute "pg_isready --host localhost --dbname postgres --username postgres" at Docker container dc59c3f0fd44
[testcontainers.org 00:02:23.01] Docker container dc59c3f0fd44 ready
[testcontainers.org 00:02:28.00] Docker container 8fd473cc869f ready
info: MassTransit[0]
      Configured endpoint PrincipalRoleGrantedEvent, Consumer: Maliev.IAMService.Api.Events.PrincipalRoleGrantedEventConsumer
info: MassTransit[0]
      Configured endpoint PrincipalRoleRevokedEvent, Consumer: Maliev.IAMService.Api.Events.PrincipalRoleRevokedEventConsumer
info: MassTransit[0]
      Configured endpoint RoleUpdatedEvent, Consumer: Maliev.IAMService.Api.Events.RoleUpdatedEventConsumer
info: Maliev.IAMService.Data.IAMDbContext[0]
      Applying database migrations
info: Maliev.IAMService.Data.IAMDbContext[0]
      Database migrations applied successfully
info: MassTransit[0]
      Bus started: rabbitmq://127.0.0.1:52457/
warn: Microsoft.AspNetCore.HttpsPolicy.HttpsRedirectionMiddleware[3]
      Failed to determine the https port for redirect.
info: Maliev.IAMService.Api.Services.PrincipalService[0]
      Created service account test-account-revoke-nonexistent with principal ID 92726a33-e254-4c13-a2ee-71d21870e55f
info: Maliev.IAMService.Api.Services.PermissionService[0]
      Registered 1 permissions for service binding-service-revoke-nonexistent
info: Maliev.IAMService.Api.Services.RoleService[0]
      Registered 1 roles for service binding-service-revoke-nonexistent
info: MassTransit[0]
      Bus stopped: rabbitmq://127.0.0.1:52457/
[testcontainers.org 00:02:29.16] Delete Docker container 8fd473cc869f
[testcontainers.org 00:02:29.16] Delete Docker container 9a85659b758b
[testcontainers.org 00:02:29.16] Delete Docker container dc59c3f0fd44
  Passed Maliev.IAMService.Tests.Integration.BindingsControllerTests.RevokeRole_NonExistentBinding_ReturnsNotFound [196 ms]
[testcontainers.org 00:02:30.05] Docker container 76f032b2e956 created
[testcontainers.org 00:02:30.06] Start Docker container 76f032b2e956
[testcontainers.org 00:02:30.07] Docker container 5db320ef2e32 created
[testcontainers.org 00:02:30.07] Docker container d7639d5dd04a created
[testcontainers.org 00:02:30.08] Start Docker container 5db320ef2e32
[testcontainers.org 00:02:30.09] Start Docker container d7639d5dd04a
[testcontainers.org 00:02:30.31] Wait for Docker container 76f032b2e956 to complete readiness checks
[testcontainers.org 00:02:30.31] Execute "redis-cli ping" at Docker container 76f032b2e956
[testcontainers.org 00:02:30.34] Wait for Docker container 5db320ef2e32 to complete readiness checks
[testcontainers.org 00:02:30.35] Docker container 76f032b2e956 ready
[testcontainers.org 00:02:30.41] Wait for Docker container d7639d5dd04a to complete readiness checks
[testcontainers.org 00:02:30.41] Execute "pg_isready --host localhost --dbname postgres --username postgres" at Docker container d7639d5dd04a
[testcontainers.org 00:02:31.50] Execute "pg_isready --host localhost --dbname postgres --username postgres" at Docker container d7639d5dd04a
[testcontainers.org 00:02:32.54] Execute "pg_isready --host localhost --dbname postgres --username postgres" at Docker container d7639d5dd04a
[testcontainers.org 00:02:32.59] Docker container d7639d5dd04a ready
[testcontainers.org 00:02:37.50] Docker container 5db320ef2e32 ready
info: MassTransit[0]
      Configured endpoint PrincipalRoleGrantedEvent, Consumer: Maliev.IAMService.Api.Events.PrincipalRoleGrantedEventConsumer
info: MassTransit[0]
      Configured endpoint PrincipalRoleRevokedEvent, Consumer: Maliev.IAMService.Api.Events.PrincipalRoleRevokedEventConsumer
info: MassTransit[0]
      Configured endpoint RoleUpdatedEvent, Consumer: Maliev.IAMService.Api.Events.RoleUpdatedEventConsumer
info: Maliev.IAMService.Data.IAMDbContext[0]
      Applying database migrations
info: Maliev.IAMService.Data.IAMDbContext[0]
      Database migrations applied successfully
info: MassTransit[0]
      Bus started: rabbitmq://127.0.0.1:55912/
warn: Microsoft.AspNetCore.HttpsPolicy.HttpsRedirectionMiddleware[3]
      Failed to determine the https port for redirect.
info: Maliev.IAMService.Api.Services.PrincipalService[0]
      Created service account test-account-revoke-valid with principal ID 0efba1fe-b616-4eb8-8c76-691d7fcd2c26
info: Maliev.IAMService.Api.Services.PermissionService[0]
      Registered 1 permissions for service binding-service-revoke-valid
info: Maliev.IAMService.Api.Services.RoleService[0]
      Registered 1 roles for service binding-service-revoke-valid
warn: Maliev.IAMService.Api.Services.CacheService[0]
      RemoveByPrefixAsync not fully implemented - requires Redis-specific key scanning
info: Maliev.IAMService.Api.Services.BindingService[0]
      Granted role roles.binding-service-revoke-valid.reader to principal 0efba1fe-b616-4eb8-8c76-691d7fcd2c26
warn: Maliev.IAMService.Api.Services.CacheService[0]
      RemoveByPrefixAsync not fully implemented - requires Redis-specific key scanning
info: Maliev.IAMService.Api.Events.PrincipalRoleGrantedEventConsumer[0]
      Invalidated permission cache for principal 0efba1fe-b616-4eb8-8c76-691d7fcd2c26 after role roles.binding-service-revoke-valid.reader granted
warn: Maliev.IAMService.Api.Services.CacheService[0]
      RemoveByPrefixAsync not fully implemented - requires Redis-specific key scanning
info: Maliev.IAMService.Api.Services.BindingService[0]
      Revoked role roles.binding-service-revoke-valid.reader from principal 0efba1fe-b616-4eb8-8c76-691d7fcd2c26
fail: MassTransit.ReceiveTransport[0]
      R-FAULT rabbitmq://127.0.0.1:55912/PrincipalRoleRevokedEvent 38ed0000-1105-c940-ce94-08de45166819 Maliev.MessagingContracts.Generated.PrincipalRoleRevokedEvent Maliev.IAMService.Api.Events.PrincipalRoleRevokedEventConsumer(00:00:00.0004805)
      System.ObjectDisposedException: Cannot access a disposed object.
      Object name: 'IServiceProvider'.
         at Microsoft.Extensions.DependencyInjection.ServiceLookup.ThrowHelper.ThrowObjectDisposedException()
         at MassTransit.Configuration.RegistrationContext.GetService(Type serviceType) in /_/src/MassTransit/DependencyInjection/Configuration/RegistrationContext.cs:line 151
         at Microsoft.Extensions.DependencyInjection.ServiceProviderServiceExtensions.GetRequiredService[T](IServiceProvider provider)
         at Microsoft.Extensions.DependencyInjection.ServiceProviderServiceExtensions.CreateScope(IServiceProvider provider)
         at MassTransit.DependencyInjection.BaseConsumeScopeProvider.GetScopeContext[TScopeContext,TPipeContext](TPipeContext context, Func`4 existingScopeContextFactory, Func`4 createdScopeContextFactory, Func`4 pipeContextFactory) in /_/src/MassTransit/DependencyInjection/DependencyInjection/BaseConsumeScopeProvider.cs:line 40
         at MassTransit.DependencyInjection.ConsumeScopeProvider.GetScope[TConsumer,T](ConsumeContext`1 context) in /_/src/MassTransit/DependencyInjection/DependencyInjection/ConsumeScopeProvider.cs:line 43
         at MassTransit.DependencyInjection.ScopeConsumerFactory`1.Send[TMessage](ConsumeContext`1 context, IPipe`1 next) in /_/src/MassTransit/DependencyInjection/DependencyInjection/ScopeConsumerFactory.cs:line 20
         at MassTransit.Middleware.ConsumerMessageFilter`2.MassTransit.IFilter<MassTransit.ConsumeContext<TMessage>>.Send(ConsumeContext`1 context, IPipe`1 next) in /_/src/MassTransit/Middleware/ConsumerMessageFilter.cs:line 48
info: MassTransit[0]
      Bus stopped: rabbitmq://127.0.0.1:55912/
[testcontainers.org 00:02:38.78] Delete Docker container 76f032b2e956
[testcontainers.org 00:02:38.78] Delete Docker container 5db320ef2e32
[testcontainers.org 00:02:38.78] Delete Docker container d7639d5dd04a
  Passed Maliev.IAMService.Tests.Integration.BindingsControllerTests.RevokeRole_ExistingBinding_ReturnsNoContent [252 ms]
[testcontainers.org 00:02:39.74] Docker container 01be0d35df7d created
[testcontainers.org 00:02:39.76] Start Docker container 01be0d35df7d
[testcontainers.org 00:02:39.77] Docker container 14271693fb51 created
[testcontainers.org 00:02:39.78] Docker container d904d1819417 created
[testcontainers.org 00:02:39.79] Start Docker container 14271693fb51
[testcontainers.org 00:02:39.79] Start Docker container d904d1819417
[testcontainers.org 00:02:40.00] Wait for Docker container 01be0d35df7d to complete readiness checks
[testcontainers.org 00:02:40.01] Execute "pg_isready --host localhost --dbname postgres --username postgres" at Docker container 01be0d35df7d
[testcontainers.org 00:02:40.10] Wait for Docker container d904d1819417 to complete readiness checks
[testcontainers.org 00:02:40.11] Execute "redis-cli ping" at Docker container d904d1819417
[testcontainers.org 00:02:40.14] Wait for Docker container 14271693fb51 to complete readiness checks
[testcontainers.org 00:02:40.15] Docker container d904d1819417 ready
[testcontainers.org 00:02:41.07] Execute "pg_isready --host localhost --dbname postgres --username postgres" at Docker container 01be0d35df7d
[testcontainers.org 00:02:42.12] Execute "pg_isready --host localhost --dbname postgres --username postgres" at Docker container 01be0d35df7d
[testcontainers.org 00:02:42.16] Docker container 01be0d35df7d ready
[testcontainers.org 00:02:47.26] Docker container 14271693fb51 ready
info: MassTransit[0]
      Configured endpoint PrincipalRoleGrantedEvent, Consumer: Maliev.IAMService.Api.Events.PrincipalRoleGrantedEventConsumer
info: MassTransit[0]
      Configured endpoint PrincipalRoleRevokedEvent, Consumer: Maliev.IAMService.Api.Events.PrincipalRoleRevokedEventConsumer
info: MassTransit[0]
      Configured endpoint RoleUpdatedEvent, Consumer: Maliev.IAMService.Api.Events.RoleUpdatedEventConsumer
info: Maliev.IAMService.Data.IAMDbContext[0]
      Applying database migrations
info: Maliev.IAMService.Data.IAMDbContext[0]
      Database migrations applied successfully
info: MassTransit[0]
      Bus started: rabbitmq://127.0.0.1:55931/
warn: Microsoft.AspNetCore.HttpsPolicy.HttpsRedirectionMiddleware[3]
      Failed to determine the https port for redirect.
info: Maliev.IAMService.Api.Services.PrincipalService[0]
      Created service account test-account-grant-valid with principal ID 839ef9eb-9853-4615-a0f2-7444e61195d8
info: Maliev.IAMService.Api.Services.PermissionService[0]
      Registered 1 permissions for service binding-service-grant-valid
info: Maliev.IAMService.Api.Services.RoleService[0]
      Registered 1 roles for service binding-service-grant-valid
warn: Maliev.IAMService.Api.Services.CacheService[0]
      RemoveByPrefixAsync not fully implemented - requires Redis-specific key scanning
warn: Maliev.IAMService.Api.Services.CacheService[0]
      RemoveByPrefixAsync not fully implemented - requires Redis-specific key scanning
info: Maliev.IAMService.Api.Services.BindingService[0]
      Granted role roles.binding-service-grant-valid.reader to principal 839ef9eb-9853-4615-a0f2-7444e61195d8
info: Maliev.IAMService.Api.Events.PrincipalRoleGrantedEventConsumer[0]
      Invalidated permission cache for principal 839ef9eb-9853-4615-a0f2-7444e61195d8 after role roles.binding-service-grant-valid.reader granted
info: MassTransit[0]
      Bus stopped: rabbitmq://127.0.0.1:55931/
[testcontainers.org 00:02:48.40] Delete Docker container d904d1819417
[testcontainers.org 00:02:48.40] Delete Docker container 01be0d35df7d
[testcontainers.org 00:02:48.41] Delete Docker container 14271693fb51
  Passed Maliev.IAMService.Tests.Integration.BindingsControllerTests.GrantRole_ValidRequest_ReturnsOk [203 ms]
[testcontainers.org 00:02:49.49] Docker container fbefbe185c68 created
[testcontainers.org 00:02:49.49] Docker container e66809fc2fd4 created
[testcontainers.org 00:02:49.49] Docker container 8baa02ab8d23 created
[testcontainers.org 00:02:49.51] Start Docker container e66809fc2fd4
[testcontainers.org 00:02:49.51] Start Docker container fbefbe185c68
[testcontainers.org 00:02:49.51] Start Docker container 8baa02ab8d23
[testcontainers.org 00:02:49.76] Wait for Docker container 8baa02ab8d23 to complete readiness checks
[testcontainers.org 00:02:49.85] Wait for Docker container e66809fc2fd4 to complete readiness checks
[testcontainers.org 00:02:49.85] Execute "pg_isready --host localhost --dbname postgres --username postgres" at Docker container e66809fc2fd4
[testcontainers.org 00:02:49.92] Wait for Docker container fbefbe185c68 to complete readiness checks
[testcontainers.org 00:02:49.92] Execute "redis-cli ping" at Docker container fbefbe185c68
[testcontainers.org 00:02:49.96] Docker container fbefbe185c68 ready
[testcontainers.org 00:02:50.91] Execute "pg_isready --host localhost --dbname postgres --username postgres" at Docker container e66809fc2fd4
[testcontainers.org 00:02:51.96] Execute "pg_isready --host localhost --dbname postgres --username postgres" at Docker container e66809fc2fd4
[testcontainers.org 00:02:52.00] Docker container e66809fc2fd4 ready
[testcontainers.org 00:02:56.90] Docker container 8baa02ab8d23 ready
info: MassTransit[0]
      Configured endpoint PrincipalRoleGrantedEvent, Consumer: Maliev.IAMService.Api.Events.PrincipalRoleGrantedEventConsumer
info: MassTransit[0]
      Configured endpoint PrincipalRoleRevokedEvent, Consumer: Maliev.IAMService.Api.Events.PrincipalRoleRevokedEventConsumer
info: MassTransit[0]
      Configured endpoint RoleUpdatedEvent, Consumer: Maliev.IAMService.Api.Events.RoleUpdatedEventConsumer
info: Maliev.IAMService.Data.IAMDbContext[0]
      Applying database migrations
info: Maliev.IAMService.Data.IAMDbContext[0]
      Database migrations applied successfully
info: MassTransit[0]
      Bus started: rabbitmq://127.0.0.1:55948/
warn: Microsoft.AspNetCore.HttpsPolicy.HttpsRedirectionMiddleware[3]
      Failed to determine the https port for redirect.
info: Maliev.IAMService.Api.Services.PermissionService[0]
      Registered 3 permissions for service test-service
info: MassTransit[0]
      Bus stopped: rabbitmq://127.0.0.1:55948/
[testcontainers.org 00:02:57.89] Delete Docker container e66809fc2fd4
[testcontainers.org 00:02:57.89] Delete Docker container fbefbe185c68
[testcontainers.org 00:02:57.89] Delete Docker container 8baa02ab8d23
  Passed Maliev.IAMService.Tests.Integration.PermissionsControllerTests.RegisterPermissions_ValidRequest_ReturnsOk [132 ms]
[testcontainers.org 00:02:58.86] Docker container ed39ece08dbd created
[testcontainers.org 00:02:58.87] Start Docker container ed39ece08dbd
[testcontainers.org 00:02:58.87] Docker container 68aba3676bc5 created
[testcontainers.org 00:02:58.88] Start Docker container 68aba3676bc5
[testcontainers.org 00:02:58.88] Docker container 0820e7331fa6 created
[testcontainers.org 00:02:58.89] Start Docker container 0820e7331fa6
[testcontainers.org 00:02:59.07] Wait for Docker container ed39ece08dbd to complete readiness checks
[testcontainers.org 00:02:59.16] Wait for Docker container 68aba3676bc5 to complete readiness checks
[testcontainers.org 00:02:59.17] Execute "redis-cli ping" at Docker container 68aba3676bc5
[testcontainers.org 00:02:59.20] Docker container 68aba3676bc5 ready
[testcontainers.org 00:02:59.24] Wait for Docker container 0820e7331fa6 to complete readiness checks
[testcontainers.org 00:02:59.25] Execute "pg_isready --host localhost --dbname postgres --username postgres" at Docker container 0820e7331fa6
[testcontainers.org 00:03:00.30] Execute "pg_isready --host localhost --dbname postgres --username postgres" at Docker container 0820e7331fa6
[testcontainers.org 00:03:01.34] Execute "pg_isready --host localhost --dbname postgres --username postgres" at Docker container 0820e7331fa6
[testcontainers.org 00:03:01.39] Docker container 0820e7331fa6 ready
[testcontainers.org 00:03:05.22] Docker container ed39ece08dbd ready
info: MassTransit[0]
      Configured endpoint PrincipalRoleGrantedEvent, Consumer: Maliev.IAMService.Api.Events.PrincipalRoleGrantedEventConsumer
info: MassTransit[0]
      Configured endpoint PrincipalRoleRevokedEvent, Consumer: Maliev.IAMService.Api.Events.PrincipalRoleRevokedEventConsumer
info: MassTransit[0]
      Configured endpoint RoleUpdatedEvent, Consumer: Maliev.IAMService.Api.Events.RoleUpdatedEventConsumer
info: Maliev.IAMService.Data.IAMDbContext[0]
      Applying database migrations
info: Maliev.IAMService.Data.IAMDbContext[0]
      Database migrations applied successfully
info: MassTransit[0]
      Bus started: rabbitmq://127.0.0.1:55965/
warn: Microsoft.AspNetCore.HttpsPolicy.HttpsRedirectionMiddleware[3]
      Failed to determine the https port for redirect.
info: MassTransit[0]
      Bus stopped: rabbitmq://127.0.0.1:55965/
[testcontainers.org 00:03:06.21] Delete Docker container 68aba3676bc5
[testcontainers.org 00:03:06.21] Delete Docker container 0820e7331fa6
[testcontainers.org 00:03:06.21] Delete Docker container ed39ece08dbd
  Passed Maliev.IAMService.Tests.Integration.PermissionsControllerTests.RegisterPermissions_InvalidFormat_ReturnsBadRequest [99 ms]
[testcontainers.org 00:03:07.12] Docker container 93c04640a9b0 created
[testcontainers.org 00:03:07.13] Docker container 3a0309861470 created
[testcontainers.org 00:03:07.13] Start Docker container 93c04640a9b0
[testcontainers.org 00:03:07.14] Start Docker container 3a0309861470
[testcontainers.org 00:03:07.14] Docker container 7dfa94dedc22 created
[testcontainers.org 00:03:07.16] Start Docker container 7dfa94dedc22
[testcontainers.org 00:03:07.38] Wait for Docker container 93c04640a9b0 to complete readiness checks
[testcontainers.org 00:03:07.40] Wait for Docker container 3a0309861470 to complete readiness checks
[testcontainers.org 00:03:07.41] Execute "pg_isready --host localhost --dbname postgres --username postgres" at Docker container 3a0309861470
[testcontainers.org 00:03:07.47] Wait for Docker container 7dfa94dedc22 to complete readiness checks
[testcontainers.org 00:03:07.48] Execute "redis-cli ping" at Docker container 7dfa94dedc22
[testcontainers.org 00:03:07.51] Docker container 7dfa94dedc22 ready
[testcontainers.org 00:03:08.47] Execute "pg_isready --host localhost --dbname postgres --username postgres" at Docker container 3a0309861470
[testcontainers.org 00:03:09.52] Execute "pg_isready --host localhost --dbname postgres --username postgres" at Docker container 3a0309861470
[testcontainers.org 00:03:09.56] Docker container 3a0309861470 ready
[testcontainers.org 00:03:14.52] Docker container 93c04640a9b0 ready
info: MassTransit[0]
      Configured endpoint PrincipalRoleGrantedEvent, Consumer: Maliev.IAMService.Api.Events.PrincipalRoleGrantedEventConsumer
info: MassTransit[0]
      Configured endpoint PrincipalRoleRevokedEvent, Consumer: Maliev.IAMService.Api.Events.PrincipalRoleRevokedEventConsumer
info: MassTransit[0]
      Configured endpoint RoleUpdatedEvent, Consumer: Maliev.IAMService.Api.Events.RoleUpdatedEventConsumer
info: Maliev.IAMService.Data.IAMDbContext[0]
      Applying database migrations
info: Maliev.IAMService.Data.IAMDbContext[0]
      Database migrations applied successfully
info: MassTransit[0]
      Bus started: rabbitmq://127.0.0.1:50211/
warn: Microsoft.AspNetCore.HttpsPolicy.HttpsRedirectionMiddleware[3]
      Failed to determine the https port for redirect.
info: MassTransit[0]
      Bus stopped: rabbitmq://127.0.0.1:50211/
[testcontainers.org 00:03:15.50] Delete Docker container 93c04640a9b0
[testcontainers.org 00:03:15.50] Delete Docker container 3a0309861470
[testcontainers.org 00:03:15.50] Delete Docker container 7dfa94dedc22
  Passed Maliev.IAMService.Tests.Integration.PermissionsControllerTests.GetPermissionById_NonExistent_ReturnsNotFound [109 ms]
[testcontainers.org 00:03:16.53] Docker container 95faeb6a76dc created
[testcontainers.org 00:03:16.53] Docker container ef533f8136c7 created
[testcontainers.org 00:03:16.53] Docker container dc1bb7982add created
[testcontainers.org 00:03:16.55] Start Docker container ef533f8136c7
[testcontainers.org 00:03:16.55] Start Docker container 95faeb6a76dc
[testcontainers.org 00:03:16.55] Start Docker container dc1bb7982add
[testcontainers.org 00:03:16.82] Wait for Docker container 95faeb6a76dc to complete readiness checks
[testcontainers.org 00:03:16.82] Execute "pg_isready --host localhost --dbname postgres --username postgres" at Docker container 95faeb6a76dc
[testcontainers.org 00:03:16.91] Wait for Docker container dc1bb7982add to complete readiness checks
[testcontainers.org 00:03:16.95] Wait for Docker container ef533f8136c7 to complete readiness checks
[testcontainers.org 00:03:16.96] Execute "redis-cli ping" at Docker container ef533f8136c7
[testcontainers.org 00:03:17.00] Docker container ef533f8136c7 ready
[testcontainers.org 00:03:17.87] Execute "pg_isready --host localhost --dbname postgres --username postgres" at Docker container 95faeb6a76dc
[testcontainers.org 00:03:18.92] Execute "pg_isready --host localhost --dbname postgres --username postgres" at Docker container 95faeb6a76dc
[testcontainers.org 00:03:18.97] Docker container 95faeb6a76dc ready
[testcontainers.org 00:03:23.03] Docker container dc1bb7982add ready
info: MassTransit[0]
      Configured endpoint PrincipalRoleGrantedEvent, Consumer: Maliev.IAMService.Api.Events.PrincipalRoleGrantedEventConsumer
info: MassTransit[0]
      Configured endpoint PrincipalRoleRevokedEvent, Consumer: Maliev.IAMService.Api.Events.PrincipalRoleRevokedEventConsumer
info: MassTransit[0]
      Configured endpoint RoleUpdatedEvent, Consumer: Maliev.IAMService.Api.Events.RoleUpdatedEventConsumer
info: Maliev.IAMService.Data.IAMDbContext[0]
      Applying database migrations
info: Maliev.IAMService.Data.IAMDbContext[0]
      Database migrations applied successfully
info: MassTransit[0]
      Bus started: rabbitmq://127.0.0.1:50228/
warn: Microsoft.AspNetCore.HttpsPolicy.HttpsRedirectionMiddleware[3]
      Failed to determine the https port for redirect.
info: Maliev.IAMService.Api.Services.PermissionService[0]
      Registered 2 permissions for service getall-service
info: MassTransit[0]
      Bus stopped: rabbitmq://127.0.0.1:50228/
[testcontainers.org 00:03:24.05] Delete Docker container 95faeb6a76dc
[testcontainers.org 00:03:24.05] Delete Docker container dc1bb7982add
[testcontainers.org 00:03:24.05] Delete Docker container ef533f8136c7
  Passed Maliev.IAMService.Tests.Integration.PermissionsControllerTests.GetAllPermissions_ReturnsAllRegistered [153 ms]
[testcontainers.org 00:03:25.14] Docker container 8271e123964c created
[testcontainers.org 00:03:25.14] Docker container bc329861ee03 created
[testcontainers.org 00:03:25.14] Docker container 8d21fd39494f created
[testcontainers.org 00:03:25.14] Start Docker container 8271e123964c
[testcontainers.org 00:03:25.15] Start Docker container bc329861ee03
[testcontainers.org 00:03:25.15] Start Docker container 8d21fd39494f
[testcontainers.org 00:03:25.37] Wait for Docker container 8271e123964c to complete readiness checks
[testcontainers.org 00:03:25.43] Wait for Docker container 8d21fd39494f to complete readiness checks
[testcontainers.org 00:03:25.43] Execute "pg_isready --host localhost --dbname postgres --username postgres" at Docker container 8d21fd39494f
[testcontainers.org 00:03:25.48] Wait for Docker container bc329861ee03 to complete readiness checks
[testcontainers.org 00:03:25.49] Execute "redis-cli ping" at Docker container bc329861ee03
[testcontainers.org 00:03:25.52] Docker container bc329861ee03 ready
[testcontainers.org 00:03:26.48] Execute "pg_isready --host localhost --dbname postgres --username postgres" at Docker container 8d21fd39494f
[testcontainers.org 00:03:27.53] Execute "pg_isready --host localhost --dbname postgres --username postgres" at Docker container 8d21fd39494f
[testcontainers.org 00:03:27.58] Docker container 8d21fd39494f ready
[testcontainers.org 00:03:31.48] Docker container 8271e123964c ready
info: MassTransit[0]
      Configured endpoint PrincipalRoleGrantedEvent, Consumer: Maliev.IAMService.Api.Events.PrincipalRoleGrantedEventConsumer
info: MassTransit[0]
      Configured endpoint PrincipalRoleRevokedEvent, Consumer: Maliev.IAMService.Api.Events.PrincipalRoleRevokedEventConsumer
info: MassTransit[0]
      Configured endpoint RoleUpdatedEvent, Consumer: Maliev.IAMService.Api.Events.RoleUpdatedEventConsumer
info: Maliev.IAMService.Data.IAMDbContext[0]
      Applying database migrations
info: Maliev.IAMService.Data.IAMDbContext[0]
      Database migrations applied successfully
info: MassTransit[0]
      Bus started: rabbitmq://127.0.0.1:57302/
warn: Microsoft.AspNetCore.HttpsPolicy.HttpsRedirectionMiddleware[3]
      Failed to determine the https port for redirect.
info: MassTransit[0]
      Bus stopped: rabbitmq://127.0.0.1:57302/
[testcontainers.org 00:03:32.48] Delete Docker container bc329861ee03
[testcontainers.org 00:03:32.48] Delete Docker container 8271e123964c
[testcontainers.org 00:03:32.48] Delete Docker container 8d21fd39494f
  Passed Maliev.IAMService.Tests.Integration.PermissionsControllerTests.RegisterPermissions_EmptyServiceName_ReturnsBadRequest [100 ms]
[testcontainers.org 00:03:33.45] Docker container 602773d64449 created
[testcontainers.org 00:03:33.45] Docker container 498fc7a784dc created
[testcontainers.org 00:03:33.46] Start Docker container 602773d64449
[testcontainers.org 00:03:33.46] Start Docker container 498fc7a784dc
[testcontainers.org 00:03:33.48] Docker container 06f43df1eb0a created
[testcontainers.org 00:03:33.52] Start Docker container 06f43df1eb0a
[testcontainers.org 00:03:33.71] Wait for Docker container 498fc7a784dc to complete readiness checks
[testcontainers.org 00:03:33.73] Wait for Docker container 602773d64449 to complete readiness checks
[testcontainers.org 00:03:33.74] Execute "pg_isready --host localhost --dbname postgres --username postgres" at Docker container 602773d64449
[testcontainers.org 00:03:33.76] Wait for Docker container 06f43df1eb0a to complete readiness checks
[testcontainers.org 00:03:33.76] Execute "redis-cli ping" at Docker container 06f43df1eb0a
[testcontainers.org 00:03:33.81] Docker container 06f43df1eb0a ready
[testcontainers.org 00:03:34.80] Execute "pg_isready --host localhost --dbname postgres --username postgres" at Docker container 602773d64449
[testcontainers.org 00:03:35.84] Execute "pg_isready --host localhost --dbname postgres --username postgres" at Docker container 602773d64449
[testcontainers.org 00:03:35.89] Docker container 602773d64449 ready
[testcontainers.org 00:03:40.83] Docker container 498fc7a784dc ready
info: MassTransit[0]
      Configured endpoint PrincipalRoleGrantedEvent, Consumer: Maliev.IAMService.Api.Events.PrincipalRoleGrantedEventConsumer
info: MassTransit[0]
      Configured endpoint PrincipalRoleRevokedEvent, Consumer: Maliev.IAMService.Api.Events.PrincipalRoleRevokedEventConsumer
info: MassTransit[0]
      Configured endpoint RoleUpdatedEvent, Consumer: Maliev.IAMService.Api.Events.RoleUpdatedEventConsumer
info: Maliev.IAMService.Data.IAMDbContext[0]
      Applying database migrations
info: Maliev.IAMService.Data.IAMDbContext[0]
      Database migrations applied successfully
info: MassTransit[0]
      Bus started: rabbitmq://127.0.0.1:57319/
warn: Microsoft.AspNetCore.HttpsPolicy.HttpsRedirectionMiddleware[3]
      Failed to determine the https port for redirect.
info: Maliev.IAMService.Api.Services.PermissionService[0]
      Registered 2 permissions for service filtered-service
info: MassTransit[0]
      Bus stopped: rabbitmq://127.0.0.1:57319/
[testcontainers.org 00:03:41.82] Delete Docker container 498fc7a784dc
[testcontainers.org 00:03:41.82] Delete Docker container 06f43df1eb0a
[testcontainers.org 00:03:41.82] Delete Docker container 602773d64449
  Passed Maliev.IAMService.Tests.Integration.PermissionsControllerTests.GetPermissionsByService_ReturnsOnlyMatchingService [137 ms]
[testcontainers.org 00:03:42.90] Docker container 039fc634399f created
[testcontainers.org 00:03:42.90] Docker container b0167b2726ec created
[testcontainers.org 00:03:42.91] Start Docker container b0167b2726ec
[testcontainers.org 00:03:42.91] Start Docker container 039fc634399f
[testcontainers.org 00:03:42.91] Docker container 9e4133c8b08d created
[testcontainers.org 00:03:42.92] Start Docker container 9e4133c8b08d
[testcontainers.org 00:03:43.12] Wait for Docker container 039fc634399f to complete readiness checks
[testcontainers.org 00:03:43.13] Execute "pg_isready --host localhost --dbname postgres --username postgres" at Docker container 039fc634399f
[testcontainers.org 00:03:43.19] Wait for Docker container b0167b2726ec to complete readiness checks
[testcontainers.org 00:03:43.22] Wait for Docker container 9e4133c8b08d to complete readiness checks
[testcontainers.org 00:03:43.23] Execute "redis-cli ping" at Docker container 9e4133c8b08d
[testcontainers.org 00:03:43.27] Docker container 9e4133c8b08d ready
[testcontainers.org 00:03:44.17] Execute "pg_isready --host localhost --dbname postgres --username postgres" at Docker container 039fc634399f
[testcontainers.org 00:03:45.22] Execute "pg_isready --host localhost --dbname postgres --username postgres" at Docker container 039fc634399f
[testcontainers.org 00:03:45.26] Docker container 039fc634399f ready
[testcontainers.org 00:03:50.32] Docker container b0167b2726ec ready
info: MassTransit[0]
      Configured endpoint PrincipalRoleGrantedEvent, Consumer: Maliev.IAMService.Api.Events.PrincipalRoleGrantedEventConsumer
info: MassTransit[0]
      Configured endpoint PrincipalRoleRevokedEvent, Consumer: Maliev.IAMService.Api.Events.PrincipalRoleRevokedEventConsumer
info: MassTransit[0]
      Configured endpoint RoleUpdatedEvent, Consumer: Maliev.IAMService.Api.Events.RoleUpdatedEventConsumer
info: Maliev.IAMService.Data.IAMDbContext[0]
      Applying database migrations
info: Maliev.IAMService.Data.IAMDbContext[0]
      Database migrations applied successfully
info: MassTransit[0]
      Bus started: rabbitmq://127.0.0.1:57337/
warn: Microsoft.AspNetCore.HttpsPolicy.HttpsRedirectionMiddleware[3]
      Failed to determine the https port for redirect.
info: Maliev.IAMService.Api.Services.PermissionService[0]
      Registered 1 permissions for service byid-service
info: MassTransit[0]
      Bus stopped: rabbitmq://127.0.0.1:57337/
[testcontainers.org 00:03:51.30] Delete Docker container 9e4133c8b08d
[testcontainers.org 00:03:51.30] Delete Docker container 039fc634399f
[testcontainers.org 00:03:51.30] Delete Docker container b0167b2726ec
  Passed Maliev.IAMService.Tests.Integration.PermissionsControllerTests.GetPermissionById_ExistingPermission_ReturnsPermission [123 ms]
[testcontainers.org 00:03:52.37] Docker container 3d844eb9c05d created
[testcontainers.org 00:03:52.37] Docker container ca98730ad911 created
[testcontainers.org 00:03:52.37] Docker container 6e299aef950f created
[testcontainers.org 00:03:52.38] Start Docker container 6e299aef950f
[testcontainers.org 00:03:52.38] Start Docker container 3d844eb9c05d
[testcontainers.org 00:03:52.38] Start Docker container ca98730ad911
[testcontainers.org 00:03:52.63] Wait for Docker container 3d844eb9c05d to complete readiness checks
[testcontainers.org 00:03:52.70] Wait for Docker container 6e299aef950f to complete readiness checks
[testcontainers.org 00:03:52.71] Execute "redis-cli ping" at Docker container 6e299aef950f
[testcontainers.org 00:03:52.75] Wait for Docker container ca98730ad911 to complete readiness checks
[testcontainers.org 00:03:52.75] Docker container 6e299aef950f ready
[testcontainers.org 00:03:52.76] Execute "pg_isready --host localhost --dbname postgres --username postgres" at Docker container ca98730ad911
[testcontainers.org 00:03:53.80] Execute "pg_isready --host localhost --dbname postgres --username postgres" at Docker container ca98730ad911
[testcontainers.org 00:03:54.85] Execute "pg_isready --host localhost --dbname postgres --username postgres" at Docker container ca98730ad911
[testcontainers.org 00:03:54.94] Docker container ca98730ad911 ready
[testcontainers.org 00:03:59.78] Docker container 3d844eb9c05d ready
info: MassTransit[0]
      Configured endpoint PrincipalRoleGrantedEvent, Consumer: Maliev.IAMService.Api.Events.PrincipalRoleGrantedEventConsumer
info: MassTransit[0]
      Configured endpoint PrincipalRoleRevokedEvent, Consumer: Maliev.IAMService.Api.Events.PrincipalRoleRevokedEventConsumer
info: MassTransit[0]
      Configured endpoint RoleUpdatedEvent, Consumer: Maliev.IAMService.Api.Events.RoleUpdatedEventConsumer
info: Maliev.IAMService.Data.IAMDbContext[0]
      Applying database migrations
info: Maliev.IAMService.Data.IAMDbContext[0]
      Database migrations applied successfully
info: MassTransit[0]
      Bus started: rabbitmq://127.0.0.1:57356/
warn: Microsoft.AspNetCore.HttpsPolicy.HttpsRedirectionMiddleware[3]
      Failed to determine the https port for redirect.
info: Maliev.IAMService.Api.Services.PermissionService[0]
      Registered 1 permissions for service duplicate-service
info: MassTransit[0]
      Bus stopped: rabbitmq://127.0.0.1:57356/
[testcontainers.org 00:04:00.80] Delete Docker container 6e299aef950f
[testcontainers.org 00:04:00.80] Delete Docker container ca98730ad911
[testcontainers.org 00:04:00.80] Delete Docker container 3d844eb9c05d
  Passed Maliev.IAMService.Tests.Integration.PermissionsControllerTests.RegisterPermissions_DuplicatePermissions_SkipsDuplicates [110 ms]
[testcontainers.org 00:04:01.85] Docker container 3cad620b9b8d created
[testcontainers.org 00:04:01.85] Start Docker container 3cad620b9b8d
[testcontainers.org 00:04:01.87] Docker container 3bae2312cd0f created
[testcontainers.org 00:04:01.88] Docker container 75c64f29a1c5 created
[testcontainers.org 00:04:01.88] Start Docker container 3bae2312cd0f
[testcontainers.org 00:04:01.88] Start Docker container 75c64f29a1c5
[testcontainers.org 00:04:02.08] Wait for Docker container 3cad620b9b8d to complete readiness checks
[testcontainers.org 00:04:02.09] Execute "redis-cli ping" at Docker container 3cad620b9b8d
[testcontainers.org 00:04:02.13] Docker container 3cad620b9b8d ready
[testcontainers.org 00:04:02.15] Wait for Docker container 3bae2312cd0f to complete readiness checks
[testcontainers.org 00:04:02.19] Wait for Docker container 75c64f29a1c5 to complete readiness checks
[testcontainers.org 00:04:02.20] Execute "pg_isready --host localhost --dbname postgres --username postgres" at Docker container 75c64f29a1c5
[testcontainers.org 00:04:03.27] Execute "pg_isready --host localhost --dbname postgres --username postgres" at Docker container 75c64f29a1c5
[testcontainers.org 00:04:03.33] Docker container 75c64f29a1c5 ready
[testcontainers.org 00:04:08.26] Docker container 3bae2312cd0f ready
info: MassTransit[0]
      Configured endpoint PrincipalRoleGrantedEvent, Consumer: Maliev.IAMService.Api.Events.PrincipalRoleGrantedEventConsumer
info: MassTransit[0]
      Configured endpoint PrincipalRoleRevokedEvent, Consumer: Maliev.IAMService.Api.Events.PrincipalRoleRevokedEventConsumer
info: MassTransit[0]
      Configured endpoint RoleUpdatedEvent, Consumer: Maliev.IAMService.Api.Events.RoleUpdatedEventConsumer
info: Maliev.IAMService.Data.IAMDbContext[0]
      Applying database migrations
info: Maliev.IAMService.Data.IAMDbContext[0]
      Database migrations applied successfully
info: MassTransit[0]
      Bus started: rabbitmq://127.0.0.1:51539/
warn: Microsoft.AspNetCore.HttpsPolicy.HttpsRedirectionMiddleware[3]
      Failed to determine the https port for redirect.
info: Maliev.IAMService.Api.Services.PermissionService[0]
      Registered 1 permissions for service service-a
info: Maliev.IAMService.Api.Services.PermissionService[0]
      Registered 1 permissions for service service-b
info: MassTransit[0]
      Bus stopped: rabbitmq://127.0.0.1:51539/
[testcontainers.org 00:04:09.31] Delete Docker container 3bae2312cd0f
[testcontainers.org 00:04:09.31] Delete Docker container 3cad620b9b8d
[testcontainers.org 00:04:09.31] Delete Docker container 75c64f29a1c5
  Passed Maliev.IAMService.Tests.Integration.PermissionsControllerTests.RegisterPermissions_MultipleServices_CorrectlyAssociated [153 ms]
[testcontainers.org 00:04:10.33] Docker container 0aa1004d61f0 created
[testcontainers.org 00:04:10.34] Start Docker container 0aa1004d61f0
[testcontainers.org 00:04:10.36] Docker container 302b2f5c5e79 created
[testcontainers.org 00:04:10.38] Docker container 69ee84876bb5 created
[testcontainers.org 00:04:10.40] Start Docker container 302b2f5c5e79
[testcontainers.org 00:04:10.40] Start Docker container 69ee84876bb5
[testcontainers.org 00:04:10.53] Wait for Docker container 0aa1004d61f0 to complete readiness checks
[testcontainers.org 00:04:10.65] Wait for Docker container 69ee84876bb5 to complete readiness checks
[testcontainers.org 00:04:10.65] Execute "redis-cli ping" at Docker container 69ee84876bb5
[testcontainers.org 00:04:10.68] Wait for Docker container 302b2f5c5e79 to complete readiness checks
[testcontainers.org 00:04:10.69] Docker container 69ee84876bb5 ready
[testcontainers.org 00:04:10.69] Execute "pg_isready --host localhost --dbname postgres --username postgres" at Docker container 302b2f5c5e79
[testcontainers.org 00:04:11.74] Execute "pg_isready --host localhost --dbname postgres --username postgres" at Docker container 302b2f5c5e79
[testcontainers.org 00:04:12.81] Execute "pg_isready --host localhost --dbname postgres --username postgres" at Docker container 302b2f5c5e79
[testcontainers.org 00:04:12.85] Docker container 302b2f5c5e79 ready
[testcontainers.org 00:04:17.64] Docker container 0aa1004d61f0 ready
info: MassTransit[0]
      Configured endpoint PrincipalRoleGrantedEvent, Consumer: Maliev.IAMService.Api.Events.PrincipalRoleGrantedEventConsumer
info: MassTransit[0]
      Configured endpoint PrincipalRoleRevokedEvent, Consumer: Maliev.IAMService.Api.Events.PrincipalRoleRevokedEventConsumer
info: MassTransit[0]
      Configured endpoint RoleUpdatedEvent, Consumer: Maliev.IAMService.Api.Events.RoleUpdatedEventConsumer
info: Maliev.IAMService.Data.IAMDbContext[0]
      Applying database migrations
info: Maliev.IAMService.Data.IAMDbContext[0]
      Database migrations applied successfully
info: MassTransit[0]
      Bus started: rabbitmq://127.0.0.1:51554/
warn: Microsoft.AspNetCore.HttpsPolicy.HttpsRedirectionMiddleware[3]
      Failed to determine the https port for redirect.
info: Maliev.IAMService.Api.Services.PrincipalService[0]
      Created service account resource-scope-test with principal ID 3fe8c67a-e602-4b16-b166-a5d302575ab7
fail: Maliev.Aspire.ServiceDefaults.Middleware.ExceptionHandlingMiddleware[0]
      An unhandled exception occurred: This endpoint requires a rate limiting policy with name token_limit, but no such policy exists.. Exception type: InvalidOperationException. Stack trace:    at System.Threading.RateLimiting.DefaultPartitionedRateLimiter`2.GetRateLimiter(TResource resource)
         at System.Threading.RateLimiting.DefaultPartitionedRateLimiter`2.AttemptAcquireCore(TResource resource, Int32 permitCount)
         at Microsoft.AspNetCore.RateLimiting.RateLimitingMiddleware.CombinedAcquire(HttpContext context)
         at Microsoft.AspNetCore.RateLimiting.RateLimitingMiddleware.TryAcquireAsync(HttpContext context, MetricsContext metricsContext)
         at Microsoft.AspNetCore.RateLimiting.RateLimitingMiddleware.InvokeInternal(HttpContext context, EnableRateLimitingAttribute enableRateLimitingAttribute)
         at Maliev.Aspire.ServiceDefaults.Middleware.ExceptionHandlingMiddleware.InvokeAsync(HttpContext context) in B:\maliev\Maliev.Aspire\Maliev.Aspire.ServiceDefaults\Middleware\ExceptionHandlingMiddleware.cs:line 29
      System.InvalidOperationException: This endpoint requires a rate limiting policy with name token_limit, but no such policy exists.
         at System.Threading.RateLimiting.DefaultPartitionedRateLimiter`2.GetRateLimiter(TResource resource)
         at System.Threading.RateLimiting.DefaultPartitionedRateLimiter`2.AttemptAcquireCore(TResource resource, Int32 permitCount)
         at Microsoft.AspNetCore.RateLimiting.RateLimitingMiddleware.CombinedAcquire(HttpContext context)
         at Microsoft.AspNetCore.RateLimiting.RateLimitingMiddleware.TryAcquireAsync(HttpContext context, MetricsContext metricsContext)
         at Microsoft.AspNetCore.RateLimiting.RateLimitingMiddleware.InvokeInternal(HttpContext context, EnableRateLimitingAttribute enableRateLimitingAttribute)
         at Maliev.Aspire.ServiceDefaults.Middleware.ExceptionHandlingMiddleware.InvokeAsync(HttpContext context) in B:\maliev\Maliev.Aspire\Maliev.Aspire.ServiceDefaults\Middleware\ExceptionHandlingMiddleware.cs:line 29
info: MassTransit[0]
      Bus stopped: rabbitmq://127.0.0.1:51554/
[testcontainers.org 00:04:18.65] Delete Docker container 0aa1004d61f0
[testcontainers.org 00:04:18.65] Delete Docker container 69ee84876bb5
[testcontainers.org 00:04:18.65] Delete Docker container 302b2f5c5e79
[xUnit.net 00:04:21.44]     Maliev.IAMService.Tests.Integration.TokensControllerTests.IssueToken_WithResourceScope_IncludesResourceClaims [FAIL]
[xUnit.net 00:04:21.44]       System.Text.Json.JsonException : JSON deserialization for type 'Maliev.IAMService.Api.Models.Responses.TokenResponse' was missing required properties including: 'accessToken', 'tokenType', 'expiresIn', 'refreshToken', 'issuedAt'.
[xUnit.net 00:04:21.44]       Stack Trace:
[xUnit.net 00:04:21.44]            at System.Text.Json.ThrowHelper.ThrowJsonException_JsonRequiredPropertyMissing(JsonTypeInfo parent, BitArray assignedOrNotRequiredPropertiesSet)
[xUnit.net 00:04:21.44]            at System.Text.Json.Serialization.Converters.ObjectDefaultConverter`1.OnTryRead(Utf8JsonReader& reader, Type typeToConvert, JsonSerializerOptions options, ReadStack& state, T& value)
[xUnit.net 00:04:21.44]            at System.Text.Json.Serialization.JsonConverter`1.ReadCore(Utf8JsonReader& reader, T& value, JsonSerializerOptions options, ReadStack& state)
[xUnit.net 00:04:21.44]            at System.Text.Json.Serialization.Metadata.JsonTypeInfo`1.DeserializeAsync[TReadBufferState,TStream](TStream utf8Json, TReadBufferState bufferState, CancellationToken cancellationToken)
[xUnit.net 00:04:21.44]            at System.Net.Http.Json.HttpContentJsonExtensions.ReadFromJsonAsyncCore[T](HttpContent content, JsonSerializerOptions options, CancellationToken cancellationToken)
[xUnit.net 00:04:21.44]         B:\maliev\Maliev.IAMService\Maliev.IAMService.Tests\Integration\TokensControllerTests.cs(101,0): at Maliev.IAMService.Tests.Integration.TokensControllerTests.IssueToken_WithResourceScope_IncludesResourceClaims()
[xUnit.net 00:04:21.44]         --- End of stack trace from previous location ---
  Failed Maliev.IAMService.Tests.Integration.TokensControllerTests.IssueToken_WithResourceScope_IncludesResourceClaims [137 ms]
  Error Message:
   System.Text.Json.JsonException : JSON deserialization for type 'Maliev.IAMService.Api.Models.Responses.TokenResponse' was missing required properties including: 'accessToken', 'tokenType', 'expiresIn', 'refreshToken', 'issuedAt'.
  Stack Trace:
     at System.Text.Json.ThrowHelper.ThrowJsonException_JsonRequiredPropertyMissing(JsonTypeInfo parent, BitArray assignedOrNotRequiredPropertiesSet)
   at System.Text.Json.Serialization.Converters.ObjectDefaultConverter`1.OnTryRead(Utf8JsonReader& reader, Type typeToConvert, JsonSerializerOptions options, ReadStack& state, T& value)
   at System.Text.Json.Serialization.JsonConverter`1.ReadCore(Utf8JsonReader& reader, T& value, JsonSerializerOptions options, ReadStack& state)
   at System.Text.Json.Serialization.Metadata.JsonTypeInfo`1.DeserializeAsync[TReadBufferState,TStream](TStream utf8Json, TReadBufferState bufferState, CancellationToken cancellationToken)
   at System.Net.Http.Json.HttpContentJsonExtensions.ReadFromJsonAsyncCore[T](HttpContent content, JsonSerializerOptions options, CancellationToken cancellationToken)
   at Maliev.IAMService.Tests.Integration.TokensControllerTests.IssueToken_WithResourceScope_IncludesResourceClaims() in B:\maliev\Maliev.IAMService\Maliev.IAMService.Tests\Integration\TokensControllerTests.cs:line 101
--- End of stack trace from previous location ---
[testcontainers.org 00:04:19.83] Docker container f8b573803125 created
[testcontainers.org 00:04:19.84] Start Docker container f8b573803125
[testcontainers.org 00:04:19.85] Docker container 31988105052a created
[testcontainers.org 00:04:19.86] Start Docker container 31988105052a
[testcontainers.org 00:04:19.86] Docker container 0b7b74b3a053 created
[testcontainers.org 00:04:19.87] Start Docker container 0b7b74b3a053
[testcontainers.org 00:04:20.06] Wait for Docker container f8b573803125 to complete readiness checks
[testcontainers.org 00:04:20.11] Wait for Docker container 0b7b74b3a053 to complete readiness checks
[testcontainers.org 00:04:20.12] Execute "pg_isready --host localhost --dbname postgres --username postgres" at Docker container 0b7b74b3a053
[testcontainers.org 00:04:20.16] Wait for Docker container 31988105052a to complete readiness checks
[testcontainers.org 00:04:20.17] Execute "redis-cli ping" at Docker container 31988105052a
[testcontainers.org 00:04:20.20] Docker container 31988105052a ready
[testcontainers.org 00:04:21.17] Execute "pg_isready --host localhost --dbname postgres --username postgres" at Docker container 0b7b74b3a053
[testcontainers.org 00:04:22.23] Execute "pg_isready --host localhost --dbname postgres --username postgres" at Docker container 0b7b74b3a053
[testcontainers.org 00:04:22.27] Docker container 0b7b74b3a053 ready
[testcontainers.org 00:04:26.17] Docker container f8b573803125 ready
info: MassTransit[0]
      Configured endpoint PrincipalRoleGrantedEvent, Consumer: Maliev.IAMService.Api.Events.PrincipalRoleGrantedEventConsumer
info: MassTransit[0]
      Configured endpoint PrincipalRoleRevokedEvent, Consumer: Maliev.IAMService.Api.Events.PrincipalRoleRevokedEventConsumer
info: MassTransit[0]
      Configured endpoint RoleUpdatedEvent, Consumer: Maliev.IAMService.Api.Events.RoleUpdatedEventConsumer
info: Maliev.IAMService.Data.IAMDbContext[0]
      Applying database migrations
info: Maliev.IAMService.Data.IAMDbContext[0]
      Database migrations applied successfully
info: MassTransit[0]
      Bus started: rabbitmq://127.0.0.1:51573/
warn: Microsoft.AspNetCore.HttpsPolicy.HttpsRedirectionMiddleware[3]
      Failed to determine the https port for redirect.
fail: Maliev.Aspire.ServiceDefaults.Middleware.ExceptionHandlingMiddleware[0]
      An unhandled exception occurred: This endpoint requires a rate limiting policy with name token_limit, but no such policy exists.. Exception type: InvalidOperationException. Stack trace:    at System.Threading.RateLimiting.DefaultPartitionedRateLimiter`2.GetRateLimiter(TResource resource)
         at System.Threading.RateLimiting.DefaultPartitionedRateLimiter`2.AttemptAcquireCore(TResource resource, Int32 permitCount)
         at Microsoft.AspNetCore.RateLimiting.RateLimitingMiddleware.CombinedAcquire(HttpContext context)
         at Microsoft.AspNetCore.RateLimiting.RateLimitingMiddleware.TryAcquireAsync(HttpContext context, MetricsContext metricsContext)
         at Microsoft.AspNetCore.RateLimiting.RateLimitingMiddleware.InvokeInternal(HttpContext context, EnableRateLimitingAttribute enableRateLimitingAttribute)
         at Maliev.Aspire.ServiceDefaults.Middleware.ExceptionHandlingMiddleware.InvokeAsync(HttpContext context) in B:\maliev\Maliev.Aspire\Maliev.Aspire.ServiceDefaults\Middleware\ExceptionHandlingMiddleware.cs:line 29
      System.InvalidOperationException: This endpoint requires a rate limiting policy with name token_limit, but no such policy exists.
         at System.Threading.RateLimiting.DefaultPartitionedRateLimiter`2.GetRateLimiter(TResource resource)
         at System.Threading.RateLimiting.DefaultPartitionedRateLimiter`2.AttemptAcquireCore(TResource resource, Int32 permitCount)
         at Microsoft.AspNetCore.RateLimiting.RateLimitingMiddleware.CombinedAcquire(HttpContext context)
         at Microsoft.AspNetCore.RateLimiting.RateLimitingMiddleware.TryAcquireAsync(HttpContext context, MetricsContext metricsContext)
         at Microsoft.AspNetCore.RateLimiting.RateLimitingMiddleware.InvokeInternal(HttpContext context, EnableRateLimitingAttribute enableRateLimitingAttribute)
         at Maliev.Aspire.ServiceDefaults.Middleware.ExceptionHandlingMiddleware.InvokeAsync(HttpContext context) in B:\maliev\Maliev.Aspire\Maliev.Aspire.ServiceDefaults\Middleware\ExceptionHandlingMiddleware.cs:line 29
info: MassTransit[0]
      Bus stopped: rabbitmq://127.0.0.1:51573/
[testcontainers.org 00:04:27.15] Delete Docker container 0b7b74b3a053
[testcontainers.org 00:04:27.15] Delete Docker container f8b573803125
[testcontainers.org 00:04:27.15] Delete Docker container 31988105052a
[xUnit.net 00:04:29.81]     Maliev.IAMService.Tests.Integration.TokensControllerTests.RefreshToken_InvalidRefreshToken_ReturnsUnauthorized [FAIL]
[xUnit.net 00:04:29.81]       Assert.Equal() Failure: Values differ
[xUnit.net 00:04:29.81]       Expected: Unauthorized
[xUnit.net 00:04:29.81]       Actual:   BadRequest
[xUnit.net 00:04:29.81]       Stack Trace:
[xUnit.net 00:04:29.81]         B:\maliev\Maliev.IAMService\Maliev.IAMService.Tests\Integration\TokensControllerTests.cs(202,0): at Maliev.IAMService.Tests.Integration.TokensControllerTests.RefreshToken_InvalidRefreshToken_ReturnsUnauthorized()
[xUnit.net 00:04:29.81]         --- End of stack trace from previous location ---
  Failed Maliev.IAMService.Tests.Integration.TokensControllerTests.RefreshToken_InvalidRefreshToken_ReturnsUnauthorized [102 ms]
  Error Message:
   Assert.Equal() Failure: Values differ
Expected: Unauthorized
Actual:   BadRequest
  Stack Trace:
     at Maliev.IAMService.Tests.Integration.TokensControllerTests.RefreshToken_InvalidRefreshToken_ReturnsUnauthorized() in B:\maliev\Maliev.IAMService\Maliev.IAMService.Tests\Integration\TokensControllerTests.cs:line 202
--- End of stack trace from previous location ---
[testcontainers.org 00:04:28.17] Docker container 8bd68cc69c7b created
[testcontainers.org 00:04:28.19] Start Docker container 8bd68cc69c7b
[testcontainers.org 00:04:28.19] Docker container b9d0512725db created
[testcontainers.org 00:04:28.20] Start Docker container b9d0512725db
[testcontainers.org 00:04:28.20] Docker container 457045a7b881 created
[testcontainers.org 00:04:28.21] Start Docker container 457045a7b881
[testcontainers.org 00:04:28.43] Wait for Docker container 457045a7b881 to complete readiness checks
[testcontainers.org 00:04:28.44] Execute "pg_isready --host localhost --dbname postgres --username postgres" at Docker container 457045a7b881
[testcontainers.org 00:04:28.54] Wait for Docker container b9d0512725db to complete readiness checks
[testcontainers.org 00:04:28.55] Execute "redis-cli ping" at Docker container b9d0512725db
[testcontainers.org 00:04:28.59] Wait for Docker container 8bd68cc69c7b to complete readiness checks
[testcontainers.org 00:04:28.59] Docker container b9d0512725db ready
[testcontainers.org 00:04:29.49] Execute "pg_isready --host localhost --dbname postgres --username postgres" at Docker container 457045a7b881
[testcontainers.org 00:04:30.54] Execute "pg_isready --host localhost --dbname postgres --username postgres" at Docker container 457045a7b881
[testcontainers.org 00:04:30.60] Docker container 457045a7b881 ready
[testcontainers.org 00:04:34.70] Docker container 8bd68cc69c7b ready
info: MassTransit[0]
      Configured endpoint PrincipalRoleGrantedEvent, Consumer: Maliev.IAMService.Api.Events.PrincipalRoleGrantedEventConsumer
info: MassTransit[0]
      Configured endpoint PrincipalRoleRevokedEvent, Consumer: Maliev.IAMService.Api.Events.PrincipalRoleRevokedEventConsumer
info: MassTransit[0]
      Configured endpoint RoleUpdatedEvent, Consumer: Maliev.IAMService.Api.Events.RoleUpdatedEventConsumer
info: Maliev.IAMService.Data.IAMDbContext[0]
      Applying database migrations
info: Maliev.IAMService.Data.IAMDbContext[0]
      Database migrations applied successfully
info: MassTransit[0]
      Bus started: rabbitmq://127.0.0.1:51592/
warn: Microsoft.AspNetCore.HttpsPolicy.HttpsRedirectionMiddleware[3]
      Failed to determine the https port for redirect.
info: Maliev.IAMService.Api.Services.PrincipalService[0]
      Created service account refresh-test-principal with principal ID 822e222d-bf22-4ee0-8652-436128e29a63
fail: Maliev.Aspire.ServiceDefaults.Middleware.ExceptionHandlingMiddleware[0]
      An unhandled exception occurred: This endpoint requires a rate limiting policy with name token_limit, but no such policy exists.. Exception type: InvalidOperationException. Stack trace:    at System.Threading.RateLimiting.DefaultPartitionedRateLimiter`2.GetRateLimiter(TResource resource)
         at System.Threading.RateLimiting.DefaultPartitionedRateLimiter`2.AttemptAcquireCore(TResource resource, Int32 permitCount)
         at Microsoft.AspNetCore.RateLimiting.RateLimitingMiddleware.CombinedAcquire(HttpContext context)
         at Microsoft.AspNetCore.RateLimiting.RateLimitingMiddleware.TryAcquireAsync(HttpContext context, MetricsContext metricsContext)
         at Microsoft.AspNetCore.RateLimiting.RateLimitingMiddleware.InvokeInternal(HttpContext context, EnableRateLimitingAttribute enableRateLimitingAttribute)
         at Maliev.Aspire.ServiceDefaults.Middleware.ExceptionHandlingMiddleware.InvokeAsync(HttpContext context) in B:\maliev\Maliev.Aspire\Maliev.Aspire.ServiceDefaults\Middleware\ExceptionHandlingMiddleware.cs:line 29
      System.InvalidOperationException: This endpoint requires a rate limiting policy with name token_limit, but no such policy exists.
         at System.Threading.RateLimiting.DefaultPartitionedRateLimiter`2.GetRateLimiter(TResource resource)
         at System.Threading.RateLimiting.DefaultPartitionedRateLimiter`2.AttemptAcquireCore(TResource resource, Int32 permitCount)
         at Microsoft.AspNetCore.RateLimiting.RateLimitingMiddleware.CombinedAcquire(HttpContext context)
         at Microsoft.AspNetCore.RateLimiting.RateLimitingMiddleware.TryAcquireAsync(HttpContext context, MetricsContext metricsContext)
         at Microsoft.AspNetCore.RateLimiting.RateLimitingMiddleware.InvokeInternal(HttpContext context, EnableRateLimitingAttribute enableRateLimitingAttribute)
         at Maliev.Aspire.ServiceDefaults.Middleware.ExceptionHandlingMiddleware.InvokeAsync(HttpContext context) in B:\maliev\Maliev.Aspire\Maliev.Aspire.ServiceDefaults\Middleware\ExceptionHandlingMiddleware.cs:line 29
info: MassTransit[0]
      Bus stopped: rabbitmq://127.0.0.1:51592/
[testcontainers.org 00:04:35.70] Delete Docker container 8bd68cc69c7b
[testcontainers.org 00:04:35.70] Delete Docker container 457045a7b881
[testcontainers.org 00:04:35.70] Delete Docker container b9d0512725db
[xUnit.net 00:04:38.33]     Maliev.IAMService.Tests.Integration.TokensControllerTests.RefreshToken_ValidRefreshToken_ReturnsNewTokenPair [FAIL]
[xUnit.net 00:04:38.33]       System.Text.Json.JsonException : JSON deserialization for type 'Maliev.IAMService.Api.Models.Responses.TokenResponse' was missing required properties including: 'accessToken', 'tokenType', 'expiresIn', 'refreshToken', 'issuedAt'.
[xUnit.net 00:04:38.33]       Stack Trace:
[xUnit.net 00:04:38.33]            at System.Text.Json.ThrowHelper.ThrowJsonException_JsonRequiredPropertyMissing(JsonTypeInfo parent, BitArray assignedOrNotRequiredPropertiesSet)
[xUnit.net 00:04:38.33]            at System.Text.Json.Serialization.Converters.ObjectDefaultConverter`1.OnTryRead(Utf8JsonReader& reader, Type typeToConvert, JsonSerializerOptions options, ReadStack& state, T& value)
[xUnit.net 00:04:38.33]            at System.Text.Json.Serialization.JsonConverter`1.ReadCore(Utf8JsonReader& reader, T& value, JsonSerializerOptions options, ReadStack& state)
[xUnit.net 00:04:38.33]            at System.Text.Json.Serialization.Metadata.JsonTypeInfo`1.DeserializeAsync[TReadBufferState,TStream](TStream utf8Json, TReadBufferState bufferState, CancellationToken cancellationToken)
[xUnit.net 00:04:38.33]            at System.Net.Http.Json.HttpContentJsonExtensions.ReadFromJsonAsyncCore[T](HttpContent content, JsonSerializerOptions options, CancellationToken cancellationToken)
[xUnit.net 00:04:38.33]         B:\maliev\Maliev.IAMService\Maliev.IAMService.Tests\Integration\TokensControllerTests.cs(166,0): at Maliev.IAMService.Tests.Integration.TokensControllerTests.RefreshToken_ValidRefreshToken_ReturnsNewTokenPair()
[xUnit.net 00:04:38.33]         --- End of stack trace from previous location ---
  Failed Maliev.IAMService.Tests.Integration.TokensControllerTests.RefreshToken_ValidRefreshToken_ReturnsNewTokenPair [121 ms]
  Error Message:
   System.Text.Json.JsonException : JSON deserialization for type 'Maliev.IAMService.Api.Models.Responses.TokenResponse' was missing required properties including: 'accessToken', 'tokenType', 'expiresIn', 'refreshToken', 'issuedAt'.
  Stack Trace:
     at System.Text.Json.ThrowHelper.ThrowJsonException_JsonRequiredPropertyMissing(JsonTypeInfo parent, BitArray assignedOrNotRequiredPropertiesSet)
   at System.Text.Json.Serialization.Converters.ObjectDefaultConverter`1.OnTryRead(Utf8JsonReader& reader, Type typeToConvert, JsonSerializerOptions options, ReadStack& state, T& value)
   at System.Text.Json.Serialization.JsonConverter`1.ReadCore(Utf8JsonReader& reader, T& value, JsonSerializerOptions options, ReadStack& state)
   at System.Text.Json.Serialization.Metadata.JsonTypeInfo`1.DeserializeAsync[TReadBufferState,TStream](TStream utf8Json, TReadBufferState bufferState, CancellationToken cancellationToken)
   at System.Net.Http.Json.HttpContentJsonExtensions.ReadFromJsonAsyncCore[T](HttpContent content, JsonSerializerOptions options, CancellationToken cancellationToken)
   at Maliev.IAMService.Tests.Integration.TokensControllerTests.RefreshToken_ValidRefreshToken_ReturnsNewTokenPair() in B:\maliev\Maliev.IAMService\Maliev.IAMService.Tests\Integration\TokensControllerTests.cs:line 166
--- End of stack trace from previous location ---
[testcontainers.org 00:04:36.68] Docker container 98267fb6b0f5 created
[testcontainers.org 00:04:36.69] Start Docker container 98267fb6b0f5
[testcontainers.org 00:04:36.71] Docker container 22696c5ff876 created
[testcontainers.org 00:04:36.72] Docker container 9f147a8cae35 created
[testcontainers.org 00:04:36.72] Start Docker container 22696c5ff876
[testcontainers.org 00:04:36.72] Start Docker container 9f147a8cae35
[testcontainers.org 00:04:36.91] Wait for Docker container 98267fb6b0f5 to complete readiness checks
[testcontainers.org 00:04:36.96] Wait for Docker container 22696c5ff876 to complete readiness checks
[testcontainers.org 00:04:36.97] Execute "redis-cli ping" at Docker container 22696c5ff876
[testcontainers.org 00:04:37.00] Docker container 22696c5ff876 ready
[testcontainers.org 00:04:37.06] Wait for Docker container 9f147a8cae35 to complete readiness checks
[testcontainers.org 00:04:37.07] Execute "pg_isready --host localhost --dbname postgres --username postgres" at Docker container 9f147a8cae35
[testcontainers.org 00:04:38.12] Execute "pg_isready --host localhost --dbname postgres --username postgres" at Docker container 9f147a8cae35
[testcontainers.org 00:04:39.18] Execute "pg_isready --host localhost --dbname postgres --username postgres" at Docker container 9f147a8cae35
[testcontainers.org 00:04:39.22] Docker container 9f147a8cae35 ready
[testcontainers.org 00:04:43.04] Docker container 98267fb6b0f5 ready
info: MassTransit[0]
      Configured endpoint PrincipalRoleGrantedEvent, Consumer: Maliev.IAMService.Api.Events.PrincipalRoleGrantedEventConsumer
info: MassTransit[0]
      Configured endpoint PrincipalRoleRevokedEvent, Consumer: Maliev.IAMService.Api.Events.PrincipalRoleRevokedEventConsumer
info: MassTransit[0]
      Configured endpoint RoleUpdatedEvent, Consumer: Maliev.IAMService.Api.Events.RoleUpdatedEventConsumer
info: Maliev.IAMService.Data.IAMDbContext[0]
      Applying database migrations
info: Maliev.IAMService.Data.IAMDbContext[0]
      Database migrations applied successfully
info: MassTransit[0]
      Bus started: rabbitmq://127.0.0.1:51606/
warn: Microsoft.AspNetCore.HttpsPolicy.HttpsRedirectionMiddleware[3]
      Failed to determine the https port for redirect.
info: Maliev.IAMService.Api.Services.PrincipalService[0]
      Created service account jwt-structure-test with principal ID a32a6fd3-2b68-4398-9f05-dabf23bfd8ef
fail: Maliev.Aspire.ServiceDefaults.Middleware.ExceptionHandlingMiddleware[0]
      An unhandled exception occurred: This endpoint requires a rate limiting policy with name token_limit, but no such policy exists.. Exception type: InvalidOperationException. Stack trace:    at System.Threading.RateLimiting.DefaultPartitionedRateLimiter`2.GetRateLimiter(TResource resource)
         at System.Threading.RateLimiting.DefaultPartitionedRateLimiter`2.AttemptAcquireCore(TResource resource, Int32 permitCount)
         at Microsoft.AspNetCore.RateLimiting.RateLimitingMiddleware.CombinedAcquire(HttpContext context)
         at Microsoft.AspNetCore.RateLimiting.RateLimitingMiddleware.TryAcquireAsync(HttpContext context, MetricsContext metricsContext)
         at Microsoft.AspNetCore.RateLimiting.RateLimitingMiddleware.InvokeInternal(HttpContext context, EnableRateLimitingAttribute enableRateLimitingAttribute)
         at Maliev.Aspire.ServiceDefaults.Middleware.ExceptionHandlingMiddleware.InvokeAsync(HttpContext context) in B:\maliev\Maliev.Aspire\Maliev.Aspire.ServiceDefaults\Middleware\ExceptionHandlingMiddleware.cs:line 29
      System.InvalidOperationException: This endpoint requires a rate limiting policy with name token_limit, but no such policy exists.
         at System.Threading.RateLimiting.DefaultPartitionedRateLimiter`2.GetRateLimiter(TResource resource)
         at System.Threading.RateLimiting.DefaultPartitionedRateLimiter`2.AttemptAcquireCore(TResource resource, Int32 permitCount)
         at Microsoft.AspNetCore.RateLimiting.RateLimitingMiddleware.CombinedAcquire(HttpContext context)
         at Microsoft.AspNetCore.RateLimiting.RateLimitingMiddleware.TryAcquireAsync(HttpContext context, MetricsContext metricsContext)
         at Microsoft.AspNetCore.RateLimiting.RateLimitingMiddleware.InvokeInternal(HttpContext context, EnableRateLimitingAttribute enableRateLimitingAttribute)
         at Maliev.Aspire.ServiceDefaults.Middleware.ExceptionHandlingMiddleware.InvokeAsync(HttpContext context) in B:\maliev\Maliev.Aspire\Maliev.Aspire.ServiceDefaults\Middleware\ExceptionHandlingMiddleware.cs:line 29
info: MassTransit[0]
      Bus stopped: rabbitmq://127.0.0.1:51606/
[testcontainers.org 00:04:44.02] Delete Docker container 22696c5ff876
[testcontainers.org 00:04:44.02] Delete Docker container 98267fb6b0f5
[testcontainers.org 00:04:44.02] Delete Docker container 9f147a8cae35
[xUnit.net 00:04:46.68]     Maliev.IAMService.Tests.Integration.TokensControllerTests.IssueToken_ValidJwtStructure_ContainsExpectedClaims [FAIL]
[xUnit.net 00:04:46.68]       System.Text.Json.JsonException : JSON deserialization for type 'Maliev.IAMService.Api.Models.Responses.TokenResponse' was missing required properties including: 'accessToken', 'tokenType', 'expiresIn', 'refreshToken', 'issuedAt'.
[xUnit.net 00:04:46.68]       Stack Trace:
[xUnit.net 00:04:46.68]            at System.Text.Json.ThrowHelper.ThrowJsonException_JsonRequiredPropertyMissing(JsonTypeInfo parent, BitArray assignedOrNotRequiredPropertiesSet)
[xUnit.net 00:04:46.68]            at System.Text.Json.Serialization.Converters.ObjectDefaultConverter`1.OnTryRead(Utf8JsonReader& reader, Type typeToConvert, JsonSerializerOptions options, ReadStack& state, T& value)
[xUnit.net 00:04:46.68]            at System.Text.Json.Serialization.JsonConverter`1.ReadCore(Utf8JsonReader& reader, T& value, JsonSerializerOptions options, ReadStack& state)
[xUnit.net 00:04:46.68]            at System.Text.Json.Serialization.Metadata.JsonTypeInfo`1.DeserializeAsync[TReadBufferState,TStream](TStream utf8Json, TReadBufferState bufferState, CancellationToken cancellationToken)
[xUnit.net 00:04:46.68]            at System.Net.Http.Json.HttpContentJsonExtensions.ReadFromJsonAsyncCore[T](HttpContent content, JsonSerializerOptions options, CancellationToken cancellationToken)
[xUnit.net 00:04:46.68]         B:\maliev\Maliev.IAMService\Maliev.IAMService.Tests\Integration\TokensControllerTests.cs(73,0): at Maliev.IAMService.Tests.Integration.TokensControllerTests.IssueToken_ValidJwtStructure_ContainsExpectedClaims()
[xUnit.net 00:04:46.68]         --- End of stack trace from previous location ---
  Failed Maliev.IAMService.Tests.Integration.TokensControllerTests.IssueToken_ValidJwtStructure_ContainsExpectedClaims [128 ms]
  Error Message:
   System.Text.Json.JsonException : JSON deserialization for type 'Maliev.IAMService.Api.Models.Responses.TokenResponse' was missing required properties including: 'accessToken', 'tokenType', 'expiresIn', 'refreshToken', 'issuedAt'.
  Stack Trace:
     at System.Text.Json.ThrowHelper.ThrowJsonException_JsonRequiredPropertyMissing(JsonTypeInfo parent, BitArray assignedOrNotRequiredPropertiesSet)
   at System.Text.Json.Serialization.Converters.ObjectDefaultConverter`1.OnTryRead(Utf8JsonReader& reader, Type typeToConvert, JsonSerializerOptions options, ReadStack& state, T& value)
   at System.Text.Json.Serialization.JsonConverter`1.ReadCore(Utf8JsonReader& reader, T& value, JsonSerializerOptions options, ReadStack& state)
   at System.Text.Json.Serialization.Metadata.JsonTypeInfo`1.DeserializeAsync[TReadBufferState,TStream](TStream utf8Json, TReadBufferState bufferState, CancellationToken cancellationToken)
   at System.Net.Http.Json.HttpContentJsonExtensions.ReadFromJsonAsyncCore[T](HttpContent content, JsonSerializerOptions options, CancellationToken cancellationToken)
   at Maliev.IAMService.Tests.Integration.TokensControllerTests.IssueToken_ValidJwtStructure_ContainsExpectedClaims() in B:\maliev\Maliev.IAMService\Maliev.IAMService.Tests\Integration\TokensControllerTests.cs:line 73
--- End of stack trace from previous location ---
[testcontainers.org 00:04:45.07] Docker container ae638fdeedfc created
[testcontainers.org 00:04:45.07] Docker container f131bb5094a2 created
[testcontainers.org 00:04:45.08] Start Docker container ae638fdeedfc
[testcontainers.org 00:04:45.08] Start Docker container f131bb5094a2
[testcontainers.org 00:04:45.08] Docker container 725ad518bf5b created
[testcontainers.org 00:04:45.10] Start Docker container 725ad518bf5b
[testcontainers.org 00:04:45.32] Wait for Docker container f131bb5094a2 to complete readiness checks
[testcontainers.org 00:04:45.33] Execute "redis-cli ping" at Docker container f131bb5094a2
[testcontainers.org 00:04:45.36] Docker container f131bb5094a2 ready
[testcontainers.org 00:04:45.40] Wait for Docker container 725ad518bf5b to complete readiness checks
[testcontainers.org 00:04:45.45] Wait for Docker container ae638fdeedfc to complete readiness checks
[testcontainers.org 00:04:45.45] Execute "pg_isready --host localhost --dbname postgres --username postgres" at Docker container ae638fdeedfc
[testcontainers.org 00:04:46.50] Execute "pg_isready --host localhost --dbname postgres --username postgres" at Docker container ae638fdeedfc
[testcontainers.org 00:04:47.55] Execute "pg_isready --host localhost --dbname postgres --username postgres" at Docker container ae638fdeedfc
[testcontainers.org 00:04:47.60] Docker container ae638fdeedfc ready
[testcontainers.org 00:04:52.52] Docker container 725ad518bf5b ready
info: MassTransit[0]
      Configured endpoint PrincipalRoleGrantedEvent, Consumer: Maliev.IAMService.Api.Events.PrincipalRoleGrantedEventConsumer
info: MassTransit[0]
      Configured endpoint PrincipalRoleRevokedEvent, Consumer: Maliev.IAMService.Api.Events.PrincipalRoleRevokedEventConsumer
info: MassTransit[0]
      Configured endpoint RoleUpdatedEvent, Consumer: Maliev.IAMService.Api.Events.RoleUpdatedEventConsumer
info: Maliev.IAMService.Data.IAMDbContext[0]
      Applying database migrations
info: Maliev.IAMService.Data.IAMDbContext[0]
      Database migrations applied successfully
info: MassTransit[0]
      Bus started: rabbitmq://127.0.0.1:51629/
warn: Microsoft.AspNetCore.HttpsPolicy.HttpsRedirectionMiddleware[3]
      Failed to determine the https port for redirect.
info: Maliev.IAMService.Api.Services.PrincipalService[0]
      Created service account role-claims-test with principal ID 84e80be9-23b8-46b5-8cbd-58f9e9266e53
info: Maliev.IAMService.Api.Services.PermissionService[0]
      Registered 1 permissions for service role-claims-service
info: Maliev.IAMService.Api.Services.RoleService[0]
      Registered 1 roles for service role-claims-service
warn: Maliev.IAMService.Api.Services.CacheService[0]
      RemoveByPrefixAsync not fully implemented - requires Redis-specific key scanning
warn: Maliev.IAMService.Api.Services.CacheService[0]
      RemoveByPrefixAsync not fully implemented - requires Redis-specific key scanning
info: Maliev.IAMService.Api.Events.PrincipalRoleGrantedEventConsumer[0]
      Invalidated permission cache for principal 84e80be9-23b8-46b5-8cbd-58f9e9266e53 after role roles.role-claims-service.reader granted
info: Maliev.IAMService.Api.Services.BindingService[0]
      Granted role roles.role-claims-service.reader to principal 84e80be9-23b8-46b5-8cbd-58f9e9266e53
fail: Maliev.Aspire.ServiceDefaults.Middleware.ExceptionHandlingMiddleware[0]
      An unhandled exception occurred: This endpoint requires a rate limiting policy with name token_limit, but no such policy exists.. Exception type: InvalidOperationException. Stack trace:    at System.Threading.RateLimiting.DefaultPartitionedRateLimiter`2.GetRateLimiter(TResource resource)
         at System.Threading.RateLimiting.DefaultPartitionedRateLimiter`2.AttemptAcquireCore(TResource resource, Int32 permitCount)
         at Microsoft.AspNetCore.RateLimiting.RateLimitingMiddleware.CombinedAcquire(HttpContext context)
         at Microsoft.AspNetCore.RateLimiting.RateLimitingMiddleware.TryAcquireAsync(HttpContext context, MetricsContext metricsContext)
         at Microsoft.AspNetCore.RateLimiting.RateLimitingMiddleware.InvokeInternal(HttpContext context, EnableRateLimitingAttribute enableRateLimitingAttribute)
         at Maliev.Aspire.ServiceDefaults.Middleware.ExceptionHandlingMiddleware.InvokeAsync(HttpContext context) in B:\maliev\Maliev.Aspire\Maliev.Aspire.ServiceDefaults\Middleware\ExceptionHandlingMiddleware.cs:line 29
      System.InvalidOperationException: This endpoint requires a rate limiting policy with name token_limit, but no such policy exists.
         at System.Threading.RateLimiting.DefaultPartitionedRateLimiter`2.GetRateLimiter(TResource resource)
         at System.Threading.RateLimiting.DefaultPartitionedRateLimiter`2.AttemptAcquireCore(TResource resource, Int32 permitCount)
         at Microsoft.AspNetCore.RateLimiting.RateLimitingMiddleware.CombinedAcquire(HttpContext context)
         at Microsoft.AspNetCore.RateLimiting.RateLimitingMiddleware.TryAcquireAsync(HttpContext context, MetricsContext metricsContext)
         at Microsoft.AspNetCore.RateLimiting.RateLimitingMiddleware.InvokeInternal(HttpContext context, EnableRateLimitingAttribute enableRateLimitingAttribute)
         at Maliev.Aspire.ServiceDefaults.Middleware.ExceptionHandlingMiddleware.InvokeAsync(HttpContext context) in B:\maliev\Maliev.Aspire\Maliev.Aspire.ServiceDefaults\Middleware\ExceptionHandlingMiddleware.cs:line 29
info: MassTransit[0]
      Bus stopped: rabbitmq://127.0.0.1:51629/
[testcontainers.org 00:04:53.62] Delete Docker container ae638fdeedfc
[testcontainers.org 00:04:53.62] Delete Docker container 725ad518bf5b
[testcontainers.org 00:04:53.62] Delete Docker container f131bb5094a2
[xUnit.net 00:04:56.22]     Maliev.IAMService.Tests.Integration.TokensControllerTests.IssueToken_WithRoleBindings_IncludesRoleClaims [FAIL]
[xUnit.net 00:04:56.22]       System.Text.Json.JsonException : JSON deserialization for type 'Maliev.IAMService.Api.Models.Responses.TokenResponse' was missing required properties including: 'accessToken', 'tokenType', 'expiresIn', 'refreshToken', 'issuedAt'.
[xUnit.net 00:04:56.22]       Stack Trace:
[xUnit.net 00:04:56.22]            at System.Text.Json.ThrowHelper.ThrowJsonException_JsonRequiredPropertyMissing(JsonTypeInfo parent, BitArray assignedOrNotRequiredPropertiesSet)
[xUnit.net 00:04:56.23]            at System.Text.Json.Serialization.Converters.ObjectDefaultConverter`1.OnTryRead(Utf8JsonReader& reader, Type typeToConvert, JsonSerializerOptions options, ReadStack& state, T& value)
[xUnit.net 00:04:56.23]            at System.Text.Json.Serialization.JsonConverter`1.ReadCore(Utf8JsonReader& reader, T& value, JsonSerializerOptions options, ReadStack& state)
[xUnit.net 00:04:56.23]            at System.Text.Json.Serialization.Metadata.JsonTypeInfo`1.DeserializeAsync[TReadBufferState,TStream](TStream utf8Json, TReadBufferState bufferState, CancellationToken cancellationToken)
[xUnit.net 00:04:56.23]            at System.Net.Http.Json.HttpContentJsonExtensions.ReadFromJsonAsyncCore[T](HttpContent content, JsonSerializerOptions options, CancellationToken cancellationToken)
[xUnit.net 00:04:56.23]         B:\maliev\Maliev.IAMService\Maliev.IAMService.Tests\Integration\TokensControllerTests.cs(318,0): at Maliev.IAMService.Tests.Integration.TokensControllerTests.IssueToken_WithRoleBindings_IncludesRoleClaims()
[xUnit.net 00:04:56.23]         --- End of stack trace from previous location ---
  Failed Maliev.IAMService.Tests.Integration.TokensControllerTests.IssueToken_WithRoleBindings_IncludesRoleClaims [179 ms]
  Error Message:
   System.Text.Json.JsonException : JSON deserialization for type 'Maliev.IAMService.Api.Models.Responses.TokenResponse' was missing required properties including: 'accessToken', 'tokenType', 'expiresIn', 'refreshToken', 'issuedAt'.
  Stack Trace:
     at System.Text.Json.ThrowHelper.ThrowJsonException_JsonRequiredPropertyMissing(JsonTypeInfo parent, BitArray assignedOrNotRequiredPropertiesSet)
   at System.Text.Json.Serialization.Converters.ObjectDefaultConverter`1.OnTryRead(Utf8JsonReader& reader, Type typeToConvert, JsonSerializerOptions options, ReadStack& state, T& value)
   at System.Text.Json.Serialization.JsonConverter`1.ReadCore(Utf8JsonReader& reader, T& value, JsonSerializerOptions options, ReadStack& state)
   at System.Text.Json.Serialization.Metadata.JsonTypeInfo`1.DeserializeAsync[TReadBufferState,TStream](TStream utf8Json, TReadBufferState bufferState, CancellationToken cancellationToken)
   at System.Net.Http.Json.HttpContentJsonExtensions.ReadFromJsonAsyncCore[T](HttpContent content, JsonSerializerOptions options, CancellationToken cancellationToken)
   at Maliev.IAMService.Tests.Integration.TokensControllerTests.IssueToken_WithRoleBindings_IncludesRoleClaims() in B:\maliev\Maliev.IAMService\Maliev.IAMService.Tests\Integration\TokensControllerTests.cs:line 318
--- End of stack trace from previous location ---
[testcontainers.org 00:04:54.60] Docker container 34ed9b554382 created
[testcontainers.org 00:04:54.62] Docker container c4e8f9177dfd created
[testcontainers.org 00:04:54.62] Start Docker container 34ed9b554382
[testcontainers.org 00:04:54.64] Docker container d2369683bffd created
[testcontainers.org 00:04:54.64] Start Docker container c4e8f9177dfd
[testcontainers.org 00:04:54.65] Start Docker container d2369683bffd
[testcontainers.org 00:04:54.88] Wait for Docker container 34ed9b554382 to complete readiness checks
[testcontainers.org 00:04:54.96] Wait for Docker container c4e8f9177dfd to complete readiness checks
[testcontainers.org 00:04:54.97] Execute "pg_isready --host localhost --dbname postgres --username postgres" at Docker container c4e8f9177dfd
[testcontainers.org 00:04:55.02] Wait for Docker container d2369683bffd to complete readiness checks
[testcontainers.org 00:04:55.03] Execute "redis-cli ping" at Docker container d2369683bffd
[testcontainers.org 00:04:55.06] Docker container d2369683bffd ready
[testcontainers.org 00:04:56.03] Execute "pg_isready --host localhost --dbname postgres --username postgres" at Docker container c4e8f9177dfd
[testcontainers.org 00:04:57.08] Execute "pg_isready --host localhost --dbname postgres --username postgres" at Docker container c4e8f9177dfd
[testcontainers.org 00:04:57.13] Docker container c4e8f9177dfd ready
[testcontainers.org 00:05:02.02] Docker container 34ed9b554382 ready
info: MassTransit[0]
      Configured endpoint PrincipalRoleGrantedEvent, Consumer: Maliev.IAMService.Api.Events.PrincipalRoleGrantedEventConsumer
info: MassTransit[0]
      Configured endpoint PrincipalRoleRevokedEvent, Consumer: Maliev.IAMService.Api.Events.PrincipalRoleRevokedEventConsumer
info: MassTransit[0]
      Configured endpoint RoleUpdatedEvent, Consumer: Maliev.IAMService.Api.Events.RoleUpdatedEventConsumer
info: Maliev.IAMService.Data.IAMDbContext[0]
      Applying database migrations
info: Maliev.IAMService.Data.IAMDbContext[0]
      Database migrations applied successfully
info: MassTransit[0]
      Bus started: rabbitmq://127.0.0.1:51652/
warn: Microsoft.AspNetCore.HttpsPolicy.HttpsRedirectionMiddleware[3]
      Failed to determine the https port for redirect.
info: Maliev.IAMService.Api.Services.PrincipalService[0]
      Created service account expired-binding-test with principal ID 1521401e-4d77-4b83-9e9a-67de2ac99329
info: Maliev.IAMService.Api.Services.PermissionService[0]
      Registered 1 permissions for service expired-binding-service
fail: Maliev.Aspire.ServiceDefaults.Middleware.ExceptionHandlingMiddleware[0]
      An unhandled exception occurred: This endpoint requires a rate limiting policy with name token_limit, but no such policy exists.. Exception type: InvalidOperationException. Stack trace:    at System.Threading.RateLimiting.DefaultPartitionedRateLimiter`2.GetRateLimiter(TResource resource)
         at System.Threading.RateLimiting.DefaultPartitionedRateLimiter`2.AttemptAcquireCore(TResource resource, Int32 permitCount)
         at Microsoft.AspNetCore.RateLimiting.RateLimitingMiddleware.CombinedAcquire(HttpContext context)
         at Microsoft.AspNetCore.RateLimiting.RateLimitingMiddleware.TryAcquireAsync(HttpContext context, MetricsContext metricsContext)
         at Microsoft.AspNetCore.RateLimiting.RateLimitingMiddleware.InvokeInternal(HttpContext context, EnableRateLimitingAttribute enableRateLimitingAttribute)
         at Maliev.Aspire.ServiceDefaults.Middleware.ExceptionHandlingMiddleware.InvokeAsync(HttpContext context) in B:\maliev\Maliev.Aspire\Maliev.Aspire.ServiceDefaults\Middleware\ExceptionHandlingMiddleware.cs:line 29
      System.InvalidOperationException: This endpoint requires a rate limiting policy with name token_limit, but no such policy exists.
         at System.Threading.RateLimiting.DefaultPartitionedRateLimiter`2.GetRateLimiter(TResource resource)
         at System.Threading.RateLimiting.DefaultPartitionedRateLimiter`2.AttemptAcquireCore(TResource resource, Int32 permitCount)
         at Microsoft.AspNetCore.RateLimiting.RateLimitingMiddleware.CombinedAcquire(HttpContext context)
         at Microsoft.AspNetCore.RateLimiting.RateLimitingMiddleware.TryAcquireAsync(HttpContext context, MetricsContext metricsContext)
         at Microsoft.AspNetCore.RateLimiting.RateLimitingMiddleware.InvokeInternal(HttpContext context, EnableRateLimitingAttribute enableRateLimitingAttribute)
         at Maliev.Aspire.ServiceDefaults.Middleware.ExceptionHandlingMiddleware.InvokeAsync(HttpContext context) in B:\maliev\Maliev.Aspire\Maliev.Aspire.ServiceDefaults\Middleware\ExceptionHandlingMiddleware.cs:line 29
info: MassTransit[0]
      Bus stopped: rabbitmq://127.0.0.1:51652/
[testcontainers.org 00:05:03.06] Delete Docker container 34ed9b554382
[testcontainers.org 00:05:03.06] Delete Docker container d2369683bffd
[testcontainers.org 00:05:03.06] Delete Docker container c4e8f9177dfd
[xUnit.net 00:05:05.53]     Maliev.IAMService.Tests.Integration.TokensControllerTests.IssueToken_ExpiredBinding_DoesNotIncludeExpiredRole [FAIL]
[xUnit.net 00:05:05.53]       System.Text.Json.JsonException : JSON deserialization for type 'Maliev.IAMService.Api.Models.Responses.TokenResponse' was missing required properties including: 'accessToken', 'tokenType', 'expiresIn', 'refreshToken', 'issuedAt'.
[xUnit.net 00:05:05.53]       Stack Trace:
[xUnit.net 00:05:05.53]            at System.Text.Json.ThrowHelper.ThrowJsonException_JsonRequiredPropertyMissing(JsonTypeInfo parent, BitArray assignedOrNotRequiredPropertiesSet)
[xUnit.net 00:05:05.53]            at System.Text.Json.Serialization.Converters.ObjectDefaultConverter`1.OnTryRead(Utf8JsonReader& reader, Type typeToConvert, JsonSerializerOptions options, ReadStack& state, T& value)
[xUnit.net 00:05:05.53]            at System.Text.Json.Serialization.JsonConverter`1.ReadCore(Utf8JsonReader& reader, T& value, JsonSerializerOptions options, ReadStack& state)
[xUnit.net 00:05:05.53]            at System.Text.Json.Serialization.Metadata.JsonTypeInfo`1.DeserializeAsync[TReadBufferState,TStream](TStream utf8Json, TReadBufferState bufferState, CancellationToken cancellationToken)
[xUnit.net 00:05:05.53]            at System.Net.Http.Json.HttpContentJsonExtensions.ReadFromJsonAsyncCore[T](HttpContent content, JsonSerializerOptions options, CancellationToken cancellationToken)
[xUnit.net 00:05:05.53]         B:\maliev\Maliev.IAMService\Maliev.IAMService.Tests\Integration\TokensControllerTests.cs(379,0): at Maliev.IAMService.Tests.Integration.TokensControllerTests.IssueToken_ExpiredBinding_DoesNotIncludeExpiredRole()
[xUnit.net 00:05:05.53]         --- End of stack trace from previous location ---
  Failed Maliev.IAMService.Tests.Integration.TokensControllerTests.IssueToken_ExpiredBinding_DoesNotIncludeExpiredRole [165 ms]
  Error Message:
   System.Text.Json.JsonException : JSON deserialization for type 'Maliev.IAMService.Api.Models.Responses.TokenResponse' was missing required properties including: 'accessToken', 'tokenType', 'expiresIn', 'refreshToken', 'issuedAt'.
  Stack Trace:
     at System.Text.Json.ThrowHelper.ThrowJsonException_JsonRequiredPropertyMissing(JsonTypeInfo parent, BitArray assignedOrNotRequiredPropertiesSet)
   at System.Text.Json.Serialization.Converters.ObjectDefaultConverter`1.OnTryRead(Utf8JsonReader& reader, Type typeToConvert, JsonSerializerOptions options, ReadStack& state, T& value)
   at System.Text.Json.Serialization.JsonConverter`1.ReadCore(Utf8JsonReader& reader, T& value, JsonSerializerOptions options, ReadStack& state)
   at System.Text.Json.Serialization.Metadata.JsonTypeInfo`1.DeserializeAsync[TReadBufferState,TStream](TStream utf8Json, TReadBufferState bufferState, CancellationToken cancellationToken)
   at System.Net.Http.Json.HttpContentJsonExtensions.ReadFromJsonAsyncCore[T](HttpContent content, JsonSerializerOptions options, CancellationToken cancellationToken)
   at Maliev.IAMService.Tests.Integration.TokensControllerTests.IssueToken_ExpiredBinding_DoesNotIncludeExpiredRole() in B:\maliev\Maliev.IAMService\Maliev.IAMService.Tests\Integration\TokensControllerTests.cs:line 379
--- End of stack trace from previous location ---
[testcontainers.org 00:05:03.89] Docker container 09314be08d35 created
[testcontainers.org 00:05:03.89] Docker container 86c585e58446 created
[testcontainers.org 00:05:03.90] Start Docker container 09314be08d35
[testcontainers.org 00:05:03.90] Start Docker container 86c585e58446
[testcontainers.org 00:05:03.91] Docker container a7b2a55e0b50 created
[testcontainers.org 00:05:03.92] Start Docker container a7b2a55e0b50
[testcontainers.org 00:05:04.12] Wait for Docker container 09314be08d35 to complete readiness checks
[testcontainers.org 00:05:04.13] Execute "redis-cli ping" at Docker container 09314be08d35
[testcontainers.org 00:05:04.16] Docker container 09314be08d35 ready
[testcontainers.org 00:05:04.17] Wait for Docker container 86c585e58446 to complete readiness checks
[testcontainers.org 00:05:04.18] Execute "pg_isready --host localhost --dbname postgres --username postgres" at Docker container 86c585e58446
[testcontainers.org 00:05:04.22] Wait for Docker container a7b2a55e0b50 to complete readiness checks
[testcontainers.org 00:05:05.23] Execute "pg_isready --host localhost --dbname postgres --username postgres" at Docker container 86c585e58446
[testcontainers.org 00:05:06.27] Execute "pg_isready --host localhost --dbname postgres --username postgres" at Docker container 86c585e58446
[testcontainers.org 00:05:06.32] Docker container 86c585e58446 ready
[testcontainers.org 00:05:10.31] Docker container a7b2a55e0b50 ready
info: MassTransit[0]
      Configured endpoint PrincipalRoleGrantedEvent, Consumer: Maliev.IAMService.Api.Events.PrincipalRoleGrantedEventConsumer
info: MassTransit[0]
      Configured endpoint PrincipalRoleRevokedEvent, Consumer: Maliev.IAMService.Api.Events.PrincipalRoleRevokedEventConsumer
info: MassTransit[0]
      Configured endpoint RoleUpdatedEvent, Consumer: Maliev.IAMService.Api.Events.RoleUpdatedEventConsumer
info: Maliev.IAMService.Data.IAMDbContext[0]
      Applying database migrations
info: Maliev.IAMService.Data.IAMDbContext[0]
      Database migrations applied successfully
info: MassTransit[0]
      Bus started: rabbitmq://127.0.0.1:56443/
warn: Microsoft.AspNetCore.HttpsPolicy.HttpsRedirectionMiddleware[3]
      Failed to determine the https port for redirect.
info: Maliev.IAMService.Api.Services.PrincipalService[0]
      Created service account custom-expiry-test with principal ID 9e5b3d68-4b0b-4c56-8e26-428a608c1f72
fail: Maliev.Aspire.ServiceDefaults.Middleware.ExceptionHandlingMiddleware[0]
      An unhandled exception occurred: This endpoint requires a rate limiting policy with name token_limit, but no such policy exists.. Exception type: InvalidOperationException. Stack trace:    at System.Threading.RateLimiting.DefaultPartitionedRateLimiter`2.GetRateLimiter(TResource resource)
         at System.Threading.RateLimiting.DefaultPartitionedRateLimiter`2.AttemptAcquireCore(TResource resource, Int32 permitCount)
         at Microsoft.AspNetCore.RateLimiting.RateLimitingMiddleware.CombinedAcquire(HttpContext context)
         at Microsoft.AspNetCore.RateLimiting.RateLimitingMiddleware.TryAcquireAsync(HttpContext context, MetricsContext metricsContext)
         at Microsoft.AspNetCore.RateLimiting.RateLimitingMiddleware.InvokeInternal(HttpContext context, EnableRateLimitingAttribute enableRateLimitingAttribute)
         at Maliev.Aspire.ServiceDefaults.Middleware.ExceptionHandlingMiddleware.InvokeAsync(HttpContext context) in B:\maliev\Maliev.Aspire\Maliev.Aspire.ServiceDefaults\Middleware\ExceptionHandlingMiddleware.cs:line 29
      System.InvalidOperationException: This endpoint requires a rate limiting policy with name token_limit, but no such policy exists.
         at System.Threading.RateLimiting.DefaultPartitionedRateLimiter`2.GetRateLimiter(TResource resource)
         at System.Threading.RateLimiting.DefaultPartitionedRateLimiter`2.AttemptAcquireCore(TResource resource, Int32 permitCount)
         at Microsoft.AspNetCore.RateLimiting.RateLimitingMiddleware.CombinedAcquire(HttpContext context)
         at Microsoft.AspNetCore.RateLimiting.RateLimitingMiddleware.TryAcquireAsync(HttpContext context, MetricsContext metricsContext)
         at Microsoft.AspNetCore.RateLimiting.RateLimitingMiddleware.InvokeInternal(HttpContext context, EnableRateLimitingAttribute enableRateLimitingAttribute)
         at Maliev.Aspire.ServiceDefaults.Middleware.ExceptionHandlingMiddleware.InvokeAsync(HttpContext context) in B:\maliev\Maliev.Aspire\Maliev.Aspire.ServiceDefaults\Middleware\ExceptionHandlingMiddleware.cs:line 29
info: MassTransit[0]
      Bus stopped: rabbitmq://127.0.0.1:56443/
[testcontainers.org 00:05:11.30] Delete Docker container 86c585e58446
[testcontainers.org 00:05:11.31] Delete Docker container a7b2a55e0b50
[testcontainers.org 00:05:11.31] Delete Docker container 09314be08d35
[xUnit.net 00:05:13.90]     Maliev.IAMService.Tests.Integration.TokensControllerTests.IssueToken_WithCustomExpiration_ReturnsTokenWithCorrectExpiry [FAIL]
[xUnit.net 00:05:13.90]       System.Text.Json.JsonException : JSON deserialization for type 'Maliev.IAMService.Api.Models.Responses.TokenResponse' was missing required properties including: 'accessToken', 'tokenType', 'expiresIn', 'refreshToken', 'issuedAt'.
[xUnit.net 00:05:13.90]       Stack Trace:
[xUnit.net 00:05:13.90]            at System.Text.Json.ThrowHelper.ThrowJsonException_JsonRequiredPropertyMissing(JsonTypeInfo parent, BitArray assignedOrNotRequiredPropertiesSet)
[xUnit.net 00:05:13.90]            at System.Text.Json.Serialization.Converters.ObjectDefaultConverter`1.OnTryRead(Utf8JsonReader& reader, Type typeToConvert, JsonSerializerOptions options, ReadStack& state, T& value)
[xUnit.net 00:05:13.90]            at System.Text.Json.Serialization.JsonConverter`1.ReadCore(Utf8JsonReader& reader, T& value, JsonSerializerOptions options, ReadStack& state)
[xUnit.net 00:05:13.90]            at System.Text.Json.Serialization.Metadata.JsonTypeInfo`1.DeserializeAsync[TReadBufferState,TStream](TStream utf8Json, TReadBufferState bufferState, CancellationToken cancellationToken)
[xUnit.net 00:05:13.90]            at System.Net.Http.Json.HttpContentJsonExtensions.ReadFromJsonAsyncCore[T](HttpContent content, JsonSerializerOptions options, CancellationToken cancellationToken)
[xUnit.net 00:05:13.90]         B:\maliev\Maliev.IAMService\Maliev.IAMService.Tests\Integration\TokensControllerTests.cs(126,0): at Maliev.IAMService.Tests.Integration.TokensControllerTests.IssueToken_WithCustomExpiration_ReturnsTokenWithCorrectExpiry()
[xUnit.net 00:05:13.90]         --- End of stack trace from previous location ---
  Failed Maliev.IAMService.Tests.Integration.TokensControllerTests.IssueToken_WithCustomExpiration_ReturnsTokenWithCorrectExpiry [145 ms]
  Error Message:
   System.Text.Json.JsonException : JSON deserialization for type 'Maliev.IAMService.Api.Models.Responses.TokenResponse' was missing required properties including: 'accessToken', 'tokenType', 'expiresIn', 'refreshToken', 'issuedAt'.
  Stack Trace:
     at System.Text.Json.ThrowHelper.ThrowJsonException_JsonRequiredPropertyMissing(JsonTypeInfo parent, BitArray assignedOrNotRequiredPropertiesSet)
   at System.Text.Json.Serialization.Converters.ObjectDefaultConverter`1.OnTryRead(Utf8JsonReader& reader, Type typeToConvert, JsonSerializerOptions options, ReadStack& state, T& value)
   at System.Text.Json.Serialization.JsonConverter`1.ReadCore(Utf8JsonReader& reader, T& value, JsonSerializerOptions options, ReadStack& state)
   at System.Text.Json.Serialization.Metadata.JsonTypeInfo`1.DeserializeAsync[TReadBufferState,TStream](TStream utf8Json, TReadBufferState bufferState, CancellationToken cancellationToken)
   at System.Net.Http.Json.HttpContentJsonExtensions.ReadFromJsonAsyncCore[T](HttpContent content, JsonSerializerOptions options, CancellationToken cancellationToken)
   at Maliev.IAMService.Tests.Integration.TokensControllerTests.IssueToken_WithCustomExpiration_ReturnsTokenWithCorrectExpiry() in B:\maliev\Maliev.IAMService\Maliev.IAMService.Tests\Integration\TokensControllerTests.cs:line 126
--- End of stack trace from previous location ---
[testcontainers.org 00:05:12.26] Docker container 5b26ab256f28 created
[testcontainers.org 00:05:12.26] Docker container 19f0bf52cd17 created
[testcontainers.org 00:05:12.27] Start Docker container 5b26ab256f28
[testcontainers.org 00:05:12.27] Start Docker container 19f0bf52cd17
[testcontainers.org 00:05:12.29] Docker container 30f9bcde96ec created
[testcontainers.org 00:05:12.31] Start Docker container 30f9bcde96ec
[testcontainers.org 00:05:12.60] Wait for Docker container 5b26ab256f28 to complete readiness checks
[testcontainers.org 00:05:12.60] Execute "pg_isready --host localhost --dbname postgres --username postgres" at Docker container 5b26ab256f28
[testcontainers.org 00:05:12.67] Wait for Docker container 30f9bcde96ec to complete readiness checks
[testcontainers.org 00:05:12.68] Execute "redis-cli ping" at Docker container 30f9bcde96ec
[testcontainers.org 00:05:12.72] Docker container 30f9bcde96ec ready
[testcontainers.org 00:05:12.72] Wait for Docker container 19f0bf52cd17 to complete readiness checks
[testcontainers.org 00:05:13.65] Execute "pg_isready --host localhost --dbname postgres --username postgres" at Docker container 5b26ab256f28
[testcontainers.org 00:05:14.71] Execute "pg_isready --host localhost --dbname postgres --username postgres" at Docker container 5b26ab256f28
[testcontainers.org 00:05:14.75] Docker container 5b26ab256f28 ready
[testcontainers.org 00:05:18.84] Docker container 19f0bf52cd17 ready
info: MassTransit[0]
      Configured endpoint PrincipalRoleGrantedEvent, Consumer: Maliev.IAMService.Api.Events.PrincipalRoleGrantedEventConsumer
info: MassTransit[0]
      Configured endpoint PrincipalRoleRevokedEvent, Consumer: Maliev.IAMService.Api.Events.PrincipalRoleRevokedEventConsumer
info: MassTransit[0]
      Configured endpoint RoleUpdatedEvent, Consumer: Maliev.IAMService.Api.Events.RoleUpdatedEventConsumer
info: Maliev.IAMService.Data.IAMDbContext[0]
      Applying database migrations
info: Maliev.IAMService.Data.IAMDbContext[0]
      Database migrations applied successfully
info: MassTransit[0]
      Bus started: rabbitmq://127.0.0.1:57467/
warn: Microsoft.AspNetCore.HttpsPolicy.HttpsRedirectionMiddleware[3]
      Failed to determine the https port for redirect.
info: Maliev.IAMService.Api.Services.PrincipalService[0]
      Created service account token-test-principal with principal ID 9d484f2e-900a-4e91-b9f2-4d4a8fee85d1
fail: Maliev.Aspire.ServiceDefaults.Middleware.ExceptionHandlingMiddleware[0]
      An unhandled exception occurred: This endpoint requires a rate limiting policy with name token_limit, but no such policy exists.. Exception type: InvalidOperationException. Stack trace:    at System.Threading.RateLimiting.DefaultPartitionedRateLimiter`2.GetRateLimiter(TResource resource)
         at System.Threading.RateLimiting.DefaultPartitionedRateLimiter`2.AttemptAcquireCore(TResource resource, Int32 permitCount)
         at Microsoft.AspNetCore.RateLimiting.RateLimitingMiddleware.CombinedAcquire(HttpContext context)
         at Microsoft.AspNetCore.RateLimiting.RateLimitingMiddleware.TryAcquireAsync(HttpContext context, MetricsContext metricsContext)
         at Microsoft.AspNetCore.RateLimiting.RateLimitingMiddleware.InvokeInternal(HttpContext context, EnableRateLimitingAttribute enableRateLimitingAttribute)
         at Maliev.Aspire.ServiceDefaults.Middleware.ExceptionHandlingMiddleware.InvokeAsync(HttpContext context) in B:\maliev\Maliev.Aspire\Maliev.Aspire.ServiceDefaults\Middleware\ExceptionHandlingMiddleware.cs:line 29
      System.InvalidOperationException: This endpoint requires a rate limiting policy with name token_limit, but no such policy exists.
         at System.Threading.RateLimiting.DefaultPartitionedRateLimiter`2.GetRateLimiter(TResource resource)
         at System.Threading.RateLimiting.DefaultPartitionedRateLimiter`2.AttemptAcquireCore(TResource resource, Int32 permitCount)
         at Microsoft.AspNetCore.RateLimiting.RateLimitingMiddleware.CombinedAcquire(HttpContext context)
         at Microsoft.AspNetCore.RateLimiting.RateLimitingMiddleware.TryAcquireAsync(HttpContext context, MetricsContext metricsContext)
         at Microsoft.AspNetCore.RateLimiting.RateLimitingMiddleware.InvokeInternal(HttpContext context, EnableRateLimitingAttribute enableRateLimitingAttribute)
         at Maliev.Aspire.ServiceDefaults.Middleware.ExceptionHandlingMiddleware.InvokeAsync(HttpContext context) in B:\maliev\Maliev.Aspire\Maliev.Aspire.ServiceDefaults\Middleware\ExceptionHandlingMiddleware.cs:line 29
info: MassTransit[0]
      Bus stopped: rabbitmq://127.0.0.1:57467/
[testcontainers.org 00:05:19.83] Delete Docker container 19f0bf52cd17
[testcontainers.org 00:05:19.83] Delete Docker container 5b26ab256f28
[testcontainers.org 00:05:19.84] Delete Docker container 30f9bcde96ec
[xUnit.net 00:05:22.37]     Maliev.IAMService.Tests.Integration.TokensControllerTests.IssueToken_ValidPrincipal_ReturnsValidToken [FAIL]
[xUnit.net 00:05:22.37]       Assert.Equal() Failure: Values differ
[xUnit.net 00:05:22.37]       Expected: OK
[xUnit.net 00:05:22.37]       Actual:   BadRequest
[xUnit.net 00:05:22.37]       Stack Trace:
[xUnit.net 00:05:22.37]         B:\maliev\Maliev.IAMService\Maliev.IAMService.Tests\Integration\TokensControllerTests.cs(49,0): at Maliev.IAMService.Tests.Integration.TokensControllerTests.IssueToken_ValidPrincipal_ReturnsValidToken()
[xUnit.net 00:05:22.37]         --- End of stack trace from previous location ---
  Failed Maliev.IAMService.Tests.Integration.TokensControllerTests.IssueToken_ValidPrincipal_ReturnsValidToken [113 ms]
  Error Message:
   Assert.Equal() Failure: Values differ
Expected: OK
Actual:   BadRequest
  Stack Trace:
     at Maliev.IAMService.Tests.Integration.TokensControllerTests.IssueToken_ValidPrincipal_ReturnsValidToken() in B:\maliev\Maliev.IAMService\Maliev.IAMService.Tests\Integration\TokensControllerTests.cs:line 49
--- End of stack trace from previous location ---
[testcontainers.org 00:05:20.75] Docker container 229dd998b966 created
[testcontainers.org 00:05:20.75] Docker container 5982eb888551 created
[testcontainers.org 00:05:20.76] Start Docker container 229dd998b966
[testcontainers.org 00:05:20.76] Start Docker container 5982eb888551
[testcontainers.org 00:05:20.77] Docker container c0dfd5b89f97 created
[testcontainers.org 00:05:20.78] Start Docker container c0dfd5b89f97
[testcontainers.org 00:05:20.98] Wait for Docker container 229dd998b966 to complete readiness checks
[testcontainers.org 00:05:20.98] Execute "redis-cli ping" at Docker container 229dd998b966
[testcontainers.org 00:05:21.02] Docker container 229dd998b966 ready
[testcontainers.org 00:05:21.04] Wait for Docker container c0dfd5b89f97 to complete readiness checks
[testcontainers.org 00:05:21.05] Execute "pg_isready --host localhost --dbname postgres --username postgres" at Docker container c0dfd5b89f97
[testcontainers.org 00:05:21.10] Wait for Docker container 5982eb888551 to complete readiness checks
[testcontainers.org 00:05:22.11] Execute "pg_isready --host localhost --dbname postgres --username postgres" at Docker container c0dfd5b89f97
[testcontainers.org 00:05:23.16] Execute "pg_isready --host localhost --dbname postgres --username postgres" at Docker container c0dfd5b89f97
[testcontainers.org 00:05:23.22] Docker container c0dfd5b89f97 ready
[testcontainers.org 00:05:27.22] Docker container 5982eb888551 ready
info: MassTransit[0]
      Configured endpoint PrincipalRoleGrantedEvent, Consumer: Maliev.IAMService.Api.Events.PrincipalRoleGrantedEventConsumer
info: MassTransit[0]
      Configured endpoint PrincipalRoleRevokedEvent, Consumer: Maliev.IAMService.Api.Events.PrincipalRoleRevokedEventConsumer
info: MassTransit[0]
      Configured endpoint RoleUpdatedEvent, Consumer: Maliev.IAMService.Api.Events.RoleUpdatedEventConsumer
info: Maliev.IAMService.Data.IAMDbContext[0]
      Applying database migrations
info: Maliev.IAMService.Data.IAMDbContext[0]
      Database migrations applied successfully
info: MassTransit[0]
      Bus started: rabbitmq://127.0.0.1:57484/
warn: Microsoft.AspNetCore.HttpsPolicy.HttpsRedirectionMiddleware[3]
      Failed to determine the https port for redirect.
warn: Maliev.IAMService.Api.Services.TokenService[0]
      Generated new RSA key for JWT signing. This key should be persisted in configuration.
info: Maliev.IAMService.Api.Services.TokenService[0]
      RSA Private Key (Base64): MIIEpAIBAAKCAQEAt2P4xSS0oYZ/rpWKv9flcgSHlWKX16C4ThtZbUwcFza+wKrpLWdBx+CyCnnnQaLMd3LHZvTCJakR5U5vaSxX7JTmB1cbOXaLGAszmB3GVoWvNB6zmc5dsDAO6GxyPrnvlZZyfwduM+7zC31DyfzFmKR0o6s7uYwWllgYkROHX5Oyj+Yd2VglebTj1n+VXpzstCIpb0APrU6X3ZLnEDEcSNxT/pvnCjqpLtzhV4CQXRUgE9M56O0+8VmB3q+cDEIxgFriuZs0AtP88HkfZsHwkE2nTv9YKFnUXdssKXlY/cIpUptYIfnFz28D0221Ec2cJnLNkOwNnLToQ6R27XBLZQIDAQABAoIBAQCPTiO7ii9MeVmVB25g80hsjHWWmnClIwZioqSC8BKTYUg2LlgADswscL0vyoqXk6vLO3nuThzYaQF++oe829XpHYGTAtJXWPbgVwB+QeYW/mgmhkc6TTSQ1T0RCo1LzugVMHdQJHJNSs/Jjp1GXava18f9jXUiTQHpgfXQiD4kxGbJeZO2Duvu60ohNpDYsylS9z+X3VW//8qtZx+mYzRKb11ktIz2s7KFEK7knIkYtxmczMmS2oM2MwZ3GjEokqi2k/mcki8VnfdUalWdEyY3qBpjici78l7Tnps/xCFy8WJg9JUZRQS5V+xoJWPU1Da+vGS3pKSclV2SbMwnVyCRAoGBAODvUMXLLAh5IgbsXTOYRjH6YpE1xLU2KbwKzDnPXUD9oTFvEQKFu1T9imwf1ZDNjrGhINScQ147wBeFabiX1SDWLwFZhw2/5+S9uT3OOalabnOq4eRh0GDrcR8t3aXvhPjH0vtxSZl0AImcW21c3LDVdEZu41oZyTgj25XJ3zOPAoGBANC31gr5qflNKNzP5aA5SrO8kJzjTCLpaNRRsoQnwljqji0oasB4Qcb2Qoq0uLTfNJlWpsQ9L9Do1gmzY3ryCZobOLJImvCI9ehRS0dGY0U3hRe1nC5iFb6E9nalbnbGPeICQoXuZzNNwGOzNpyYhwvQY4HGJhKz9ZMsB6v9nofLAoGAPE2sl/qKSZNAHh8MNaLjXs7D0i5aGEL3GWTDr9P6KkxVBM3D/6seuABpNeeq9/FECjcqeBWUshTOwP+Rgl2iU/VYEMKRxIvofZinqvw41UBbUENF4Fag6Pr2Dufa/nuiaJgZ5jNPCgbhhgMXN9CnkfkH/UIJTcSP/68NVbETV90CgYEAwZMekwNGn47ubQzr3RQFsnkabkdo36A2t2Ql+uedGjZAMqWfjG58IvlWcap2/FlfQS/ab3qIFGs9x7V2eBpuyVyh0sf/20JLP3HWLX6cpx988qZe+a3CmPZcV2HK96GY1zpdVDXtxOlBm7Yk2kukRFK7VyrdOM9q3Voiq2MHWs0CgYArU0SFTLIz4iQIdlGKXQCJecMC7/IKlNKnVDOdr7R103kMITBgaDJ0ivl9tQuOQ1WIRfgTQy2ki0zBkVBjSBAnzrh8AQcoxPBfFi9sQernOT6BSewn4Uv61LOgKAI7hBMgB0F2tPDwmETm8O59R3QQrnGCemm9dN9XX8oRzbvjVw==
warn: Maliev.IAMService.Api.Services.TokenService[0]
      Generated new RSA key for JWT signing. This key should be persisted in configuration.
info: Maliev.IAMService.Api.Services.TokenService[0]
      RSA Private Key (Base64): MIIEowIBAAKCAQEAn3OOIEWEhXbc+6FcJVI7a1cCimBnrQvEYdqROuS04j70GtgrFw6qcwjK2CnLlJgOPmOfpBF8E3K3pB4vQLgHjwiJzz8ebE06f5sFf8vpfGeorBLv7CpfdSEKGnXA3Pmd72OMGHPiXSapf5st2dRnWItAMzNtYdyfptwMdWka/3S6AacL3UZOXAlBiSgiokBHdgBrwWiPPSka0cvVIMynd7asm9ZkXfQrRMX8DxkkGVA/ddMC3PAWa1BjPy/3o234eDV+/IW374IUXX1wsPQe50+ZbtknDojYS0CxE92Tc53gF0ReyhqAv7iv0FRgkRLKZmc0zFOjoIDYlWYyUMp12QIDAQABAoIBAD8Vz/BysKjBS1L/F17otvuT9DxdQgeT9UGl4PnFDM/KineoePvpYIScwOxfNN14f4ItljaqeEWViJSVIKrhZJQxk5x8Y4QD1hYwdi+GtLz0oiZaY7QzW4sS5FVtqz2CQPs6jm4KQ1AJgNwswCpDwBOnHGJlgWxLhprUytUVHYpdu2SiWSi2rqQBzrcJeuryyKtccdcjwnHUIJfxq1pKxoSFzYEQcqIqgCR8LO4GR7XT1pjQ2ub0mugbzJB+vwnJ12VMPzQRhn/67wyZ1QIAkkVtaUHyPL8fzK0Hk7o9gnKoNn9lR4poXuLu6H6Q6FB/SshiHrY5lW1wZLX7SgidbNUCgYEAzqDCFS4vk/KTQL/WPOItNsN4HiI0CLC8UpdovZgyvIb2Ph7QnFmepLlXiytyoJ2HdZMloUHWXOGEP0hD4QlWsP7qCdlARZuWuZjkQWgmkOyvqgUvJLYA37GfieaIn0JxrOAXTyS/gaApLz1azo77SRA5Ez3O72yK+0u9H+zglQ8CgYEAxY0MrOG9S0N0dKsva8YKcJz/f9Sukj4L5yjrP8bcHm0AbcnnrmFY7cIinIG3iZgLr0VdTZ/iSeBMdu9vcd+japdSiqDhNYi3a/OnoggHk4IJo8+PRBPUH9jxe6xJs5xCgwOPw2Yg/74GrSgLimRaWnMcAMtX/fR1Uyi+VBjI1pcCgYBPCrPzwj01DUBDLp9XnvXI0zFp5Y+eG22O8piAnm4aLE6aKNOIW8gSH0xb0n0A8AHXejiU3UiRMzuRsaU1uorNHlaM+exaNFCOIux+EMdf/QqdsWn9Uxo2eA4dhHCS66nshbSk89vGTGw0w/WuuodpxajvsV8tu4nW43wvcD/hBQKBgEaT6/Ff/PcEtHhyKFECwfwVuxp6a5wH2szNS67PZxjfrIWM2t7sHI9lCmSL23ym+5W03G69LmViYy8iv9gZJBMS2QR6EbvEinNg64TyBXLnxHXn07FovCJcqXmbxgELVJ/mB9ixhhyYUV5Prj/VNoqWEW0fOOKcEcaSCd2VtTslAoGBAMC2UsMjLrbA6JfRJ7LPQjwShL87ZpYEG6KdwSz/7yM244WQbd6jijJCY244zbcz9H+3WT0qfOb+7EV2cVkjzjC2LkgLZqzCQMKsrtW3ED+ZqB+ITlY5lJwikxIFnUOVqc0UQo0WX325LPMKxbpyh7KuPU7wQ2Xzioorth61g80y
info: MassTransit[0]
      Bus stopped: rabbitmq://127.0.0.1:57484/
[testcontainers.org 00:05:28.24] Delete Docker container 5982eb888551
[testcontainers.org 00:05:28.24] Delete Docker container 229dd998b966
[testcontainers.org 00:05:28.25] Delete Docker container c0dfd5b89f97
[xUnit.net 00:05:30.87]     Maliev.IAMService.Tests.Integration.TokensControllerTests.GetJwks_MultipleRequests_ReturnsSameKey [FAIL]
[xUnit.net 00:05:30.87]       Assert.Equal() Failure: Strings differ
[xUnit.net 00:05:30.87]                                         ↓ (pos 79)
[xUnit.net 00:05:30.87]       Expected: ···","alg":"RS256","n":"t2P4xSS0oYZ/rpWKv9flc"···
[xUnit.net 00:05:30.87]       Actual:   ···","alg":"RS256","n":"n3OOIEWEhXbc\\u002B6Fc"···
[xUnit.net 00:05:30.87]                                         ↑ (pos 79)
[xUnit.net 00:05:30.87]       Stack Trace:
[xUnit.net 00:05:30.87]         B:\maliev\Maliev.IAMService\Maliev.IAMService.Tests\Integration\TokensControllerTests.cs(266,0): at Maliev.IAMService.Tests.Integration.TokensControllerTests.GetJwks_MultipleRequests_ReturnsSameKey()
[xUnit.net 00:05:30.87]         --- End of stack trace from previous location ---
  Failed Maliev.IAMService.Tests.Integration.TokensControllerTests.GetJwks_MultipleRequests_ReturnsSameKey [199 ms]
  Error Message:
   Assert.Equal() Failure: Strings differ
                                  ↓ (pos 79)
Expected: ···","alg":"RS256","n":"t2P4xSS0oYZ/rpWKv9flc"···
Actual:   ···","alg":"RS256","n":"n3OOIEWEhXbc\\u002B6Fc"···
                                  ↑ (pos 79)
  Stack Trace:
     at Maliev.IAMService.Tests.Integration.TokensControllerTests.GetJwks_MultipleRequests_ReturnsSameKey() in B:\maliev\Maliev.IAMService\Maliev.IAMService.Tests\Integration\TokensControllerTests.cs:line 266
--- End of stack trace from previous location ---
[testcontainers.org 00:05:29.25] Docker container f35c69f226b4 created
[testcontainers.org 00:05:29.25] Start Docker container f35c69f226b4
[testcontainers.org 00:05:29.26] Docker container 989670ccb9d4 created
[testcontainers.org 00:05:29.26] Docker container 107691a3d687 created
[testcontainers.org 00:05:29.27] Start Docker container 107691a3d687
[testcontainers.org 00:05:29.27] Start Docker container 989670ccb9d4
[testcontainers.org 00:05:29.45] Wait for Docker container f35c69f226b4 to complete readiness checks
[testcontainers.org 00:05:29.46] Execute "redis-cli ping" at Docker container f35c69f226b4
[testcontainers.org 00:05:29.49] Docker container f35c69f226b4 ready
[testcontainers.org 00:05:29.55] Wait for Docker container 989670ccb9d4 to complete readiness checks
[testcontainers.org 00:05:29.56] Execute "pg_isready --host localhost --dbname postgres --username postgres" at Docker container 989670ccb9d4
[testcontainers.org 00:05:29.62] Wait for Docker container 107691a3d687 to complete readiness checks
[testcontainers.org 00:05:30.61] Execute "pg_isready --host localhost --dbname postgres --username postgres" at Docker container 989670ccb9d4
[testcontainers.org 00:05:31.67] Execute "pg_isready --host localhost --dbname postgres --username postgres" at Docker container 989670ccb9d4
[testcontainers.org 00:05:31.71] Docker container 989670ccb9d4 ready
[testcontainers.org 00:05:35.74] Docker container 107691a3d687 ready
info: MassTransit[0]
      Configured endpoint PrincipalRoleGrantedEvent, Consumer: Maliev.IAMService.Api.Events.PrincipalRoleGrantedEventConsumer
info: MassTransit[0]
      Configured endpoint PrincipalRoleRevokedEvent, Consumer: Maliev.IAMService.Api.Events.PrincipalRoleRevokedEventConsumer
info: MassTransit[0]
      Configured endpoint RoleUpdatedEvent, Consumer: Maliev.IAMService.Api.Events.RoleUpdatedEventConsumer
info: Maliev.IAMService.Data.IAMDbContext[0]
      Applying database migrations
info: Maliev.IAMService.Data.IAMDbContext[0]
      Database migrations applied successfully
info: MassTransit[0]
      Bus started: rabbitmq://127.0.0.1:57503/
warn: Microsoft.AspNetCore.HttpsPolicy.HttpsRedirectionMiddleware[3]
      Failed to determine the https port for redirect.
info: Maliev.IAMService.Api.Services.PrincipalService[0]
      Created service account reuse-test-principal with principal ID cf7364ea-8e4c-4aae-aa70-20c9ab22aa98
fail: Maliev.Aspire.ServiceDefaults.Middleware.ExceptionHandlingMiddleware[0]
      An unhandled exception occurred: This endpoint requires a rate limiting policy with name token_limit, but no such policy exists.. Exception type: InvalidOperationException. Stack trace:    at System.Threading.RateLimiting.DefaultPartitionedRateLimiter`2.GetRateLimiter(TResource resource)
         at System.Threading.RateLimiting.DefaultPartitionedRateLimiter`2.AttemptAcquireCore(TResource resource, Int32 permitCount)
         at Microsoft.AspNetCore.RateLimiting.RateLimitingMiddleware.CombinedAcquire(HttpContext context)
         at Microsoft.AspNetCore.RateLimiting.RateLimitingMiddleware.TryAcquireAsync(HttpContext context, MetricsContext metricsContext)
         at Microsoft.AspNetCore.RateLimiting.RateLimitingMiddleware.InvokeInternal(HttpContext context, EnableRateLimitingAttribute enableRateLimitingAttribute)
         at Maliev.Aspire.ServiceDefaults.Middleware.ExceptionHandlingMiddleware.InvokeAsync(HttpContext context) in B:\maliev\Maliev.Aspire\Maliev.Aspire.ServiceDefaults\Middleware\ExceptionHandlingMiddleware.cs:line 29
      System.InvalidOperationException: This endpoint requires a rate limiting policy with name token_limit, but no such policy exists.
         at System.Threading.RateLimiting.DefaultPartitionedRateLimiter`2.GetRateLimiter(TResource resource)
         at System.Threading.RateLimiting.DefaultPartitionedRateLimiter`2.AttemptAcquireCore(TResource resource, Int32 permitCount)
         at Microsoft.AspNetCore.RateLimiting.RateLimitingMiddleware.CombinedAcquire(HttpContext context)
         at Microsoft.AspNetCore.RateLimiting.RateLimitingMiddleware.TryAcquireAsync(HttpContext context, MetricsContext metricsContext)
         at Microsoft.AspNetCore.RateLimiting.RateLimitingMiddleware.InvokeInternal(HttpContext context, EnableRateLimitingAttribute enableRateLimitingAttribute)
         at Maliev.Aspire.ServiceDefaults.Middleware.ExceptionHandlingMiddleware.InvokeAsync(HttpContext context) in B:\maliev\Maliev.Aspire\Maliev.Aspire.ServiceDefaults\Middleware\ExceptionHandlingMiddleware.cs:line 29
info: MassTransit[0]
      Bus stopped: rabbitmq://127.0.0.1:57503/
[testcontainers.org 00:05:36.75] Delete Docker container 107691a3d687
[testcontainers.org 00:05:36.75] Delete Docker container f35c69f226b4
[testcontainers.org 00:05:36.75] Delete Docker container 989670ccb9d4
[xUnit.net 00:05:39.48]     Maliev.IAMService.Tests.Integration.TokensControllerTests.RefreshToken_ReuseRefreshToken_ShouldFail [FAIL]
[xUnit.net 00:05:39.48]       System.Text.Json.JsonException : JSON deserialization for type 'Maliev.IAMService.Api.Models.Responses.TokenResponse' was missing required properties including: 'accessToken', 'tokenType', 'expiresIn', 'refreshToken', 'issuedAt'.
[xUnit.net 00:05:39.48]       Stack Trace:
[xUnit.net 00:05:39.48]            at System.Text.Json.ThrowHelper.ThrowJsonException_JsonRequiredPropertyMissing(JsonTypeInfo parent, BitArray assignedOrNotRequiredPropertiesSet)
[xUnit.net 00:05:39.48]            at System.Text.Json.Serialization.Converters.ObjectDefaultConverter`1.OnTryRead(Utf8JsonReader& reader, Type typeToConvert, JsonSerializerOptions options, ReadStack& state, T& value)
[xUnit.net 00:05:39.48]            at System.Text.Json.Serialization.JsonConverter`1.ReadCore(Utf8JsonReader& reader, T& value, JsonSerializerOptions options, ReadStack& state)
[xUnit.net 00:05:39.48]            at System.Text.Json.Serialization.Metadata.JsonTypeInfo`1.DeserializeAsync[TReadBufferState,TStream](TStream utf8Json, TReadBufferState bufferState, CancellationToken cancellationToken)
[xUnit.net 00:05:39.48]            at System.Net.Http.Json.HttpContentJsonExtensions.ReadFromJsonAsyncCore[T](HttpContent content, JsonSerializerOptions options, CancellationToken cancellationToken)
[xUnit.net 00:05:39.48]         B:\maliev\Maliev.IAMService\Maliev.IAMService.Tests\Integration\TokensControllerTests.cs(217,0): at Maliev.IAMService.Tests.Integration.TokensControllerTests.RefreshToken_ReuseRefreshToken_ShouldFail()
[xUnit.net 00:05:39.48]         --- End of stack trace from previous location ---
  Failed Maliev.IAMService.Tests.Integration.TokensControllerTests.RefreshToken_ReuseRefreshToken_ShouldFail [116 ms]
  Error Message:
   System.Text.Json.JsonException : JSON deserialization for type 'Maliev.IAMService.Api.Models.Responses.TokenResponse' was missing required properties including: 'accessToken', 'tokenType', 'expiresIn', 'refreshToken', 'issuedAt'.
  Stack Trace:
     at System.Text.Json.ThrowHelper.ThrowJsonException_JsonRequiredPropertyMissing(JsonTypeInfo parent, BitArray assignedOrNotRequiredPropertiesSet)
   at System.Text.Json.Serialization.Converters.ObjectDefaultConverter`1.OnTryRead(Utf8JsonReader& reader, Type typeToConvert, JsonSerializerOptions options, ReadStack& state, T& value)
   at System.Text.Json.Serialization.JsonConverter`1.ReadCore(Utf8JsonReader& reader, T& value, JsonSerializerOptions options, ReadStack& state)
   at System.Text.Json.Serialization.Metadata.JsonTypeInfo`1.DeserializeAsync[TReadBufferState,TStream](TStream utf8Json, TReadBufferState bufferState, CancellationToken cancellationToken)
   at System.Net.Http.Json.HttpContentJsonExtensions.ReadFromJsonAsyncCore[T](HttpContent content, JsonSerializerOptions options, CancellationToken cancellationToken)
   at Maliev.IAMService.Tests.Integration.TokensControllerTests.RefreshToken_ReuseRefreshToken_ShouldFail() in B:\maliev\Maliev.IAMService\Maliev.IAMService.Tests\Integration\TokensControllerTests.cs:line 217
--- End of stack trace from previous location ---
[testcontainers.org 00:05:37.84] Docker container fc354ca078ea created
[testcontainers.org 00:05:37.84] Start Docker container fc354ca078ea
[testcontainers.org 00:05:37.85] Docker container 1c44dce4b948 created
[testcontainers.org 00:05:37.85] Docker container a02dbeac3f7b created
[testcontainers.org 00:05:37.86] Start Docker container 1c44dce4b948
[testcontainers.org 00:05:37.86] Start Docker container a02dbeac3f7b
[testcontainers.org 00:05:38.03] Wait for Docker container fc354ca078ea to complete readiness checks
[testcontainers.org 00:05:38.04] Execute "pg_isready --host localhost --dbname postgres --username postgres" at Docker container fc354ca078ea
[testcontainers.org 00:05:38.08] Wait for Docker container 1c44dce4b948 to complete readiness checks
[testcontainers.org 00:05:38.08] Execute "redis-cli ping" at Docker container 1c44dce4b948
[testcontainers.org 00:05:38.12] Docker container 1c44dce4b948 ready
[testcontainers.org 00:05:38.12] Wait for Docker container a02dbeac3f7b to complete readiness checks
[testcontainers.org 00:05:39.09] Execute "pg_isready --host localhost --dbname postgres --username postgres" at Docker container fc354ca078ea
[testcontainers.org 00:05:40.14] Execute "pg_isready --host localhost --dbname postgres --username postgres" at Docker container fc354ca078ea
[testcontainers.org 00:05:40.18] Docker container fc354ca078ea ready
[testcontainers.org 00:05:44.25] Docker container a02dbeac3f7b ready
info: MassTransit[0]
      Configured endpoint PrincipalRoleGrantedEvent, Consumer: Maliev.IAMService.Api.Events.PrincipalRoleGrantedEventConsumer
info: MassTransit[0]
      Configured endpoint PrincipalRoleRevokedEvent, Consumer: Maliev.IAMService.Api.Events.PrincipalRoleRevokedEventConsumer
info: MassTransit[0]
      Configured endpoint RoleUpdatedEvent, Consumer: Maliev.IAMService.Api.Events.RoleUpdatedEventConsumer
info: Maliev.IAMService.Data.IAMDbContext[0]
      Applying database migrations
info: Maliev.IAMService.Data.IAMDbContext[0]
      Database migrations applied successfully
info: MassTransit[0]
      Bus started: rabbitmq://127.0.0.1:57519/
warn: Microsoft.AspNetCore.HttpsPolicy.HttpsRedirectionMiddleware[3]
      Failed to determine the https port for redirect.
warn: Maliev.IAMService.Api.Services.TokenService[0]
      Generated new RSA key for JWT signing. This key should be persisted in configuration.
info: Maliev.IAMService.Api.Services.TokenService[0]
      RSA Private Key (Base64): MIIEpQIBAAKCAQEAwdS+LV+syptNPEYtU5B70JFklb4tpDhtepDl/X1TQ3SvHK7mbtuxPGYG0ZCu0ZBNEEaHtY6DrCxjrJFWf/P/1nx5Kw4rlPfAMzMFCbSx6R88teEWOnQRcAUH10Fj6LZqWjgY06WgG4MsgzIT11KKL0pH6PW8c2fHUsXkbDypFCvLXyD0Aqd+vauySn8wzv6Y/NvDpTdIvx6BhUQ8J9zu/YqsAoOjN3hvmy6xOJMUgutPMfpnBDuROZYsIH8rrgeettss/GfP+YSJq+P0hjwoi+v9QGC/NxddICKmHuFjieFZp4Hq62ZeLU/76J+2QdYZUDKJ8Vc8WsYFAqA9fM0r/QIDAQABAoIBAQCbun8pGUtMZMYC/ScBkn3Hrmiv3mHxJNzgsnX12bEB60edte+xdZTKP/aOfL3X5SXlQ6VY+y1TMT7LsOFcX/9Wph77tqDRSNQEzqLnj2O5Nr2iKzuerw4rf/8ytHi+yYBdB+D6eoFOWW9z4NIMF2aqY/Wud3B3EBQWrqO9SmdVqgvnT5eAU82hyGjOXOVDyvllFEIClAlJ2HaHZJ3j0oJyUsfgrWpGazvCi6p6SdhXxXQlBzhZAcTAEaw01rKzEyHGBQuuqFwaZ+DCuBouqtDbFwp7h5RU0h8WHJ+rdS7AtFsRE1np0OBDv6cFDSG5ZsklV0CX9zyda1phYA0N9uxJAoGBAORp5YfL5S/gY3xQxbzBCdaEq7no5m8hlN4bhzzhTJm+uiGek50NSvwX+4OGSm9edRx0Z8Vf7y5b3EyCgvNguoNP7xuZHmy4mTA0IOiCoP1diqJ4zLBz5nuS5+0C3nT3eONfEI2xpggSVVLbRTkP156y8igb6NrpMQLdYlscxfkjAoGBANk9nnTM6w+aXL6o9aLXpa3xMWnckdNVl4+iqneMQzE73z35JNbl3DAljV89XM8uNzoW47ZD1k+Bt4TcpDEs6+w04RJaGPCTj/91/OtAK9K2xwALI7B/WGsxFmfRTIVjtW1v4Xm1+EIDSs91Pg/76s4QVNdrHIDAVfM8OhIIGuhfAoGAbRpIEP1Lk/rSimbqjKaIVHc6r6qXpy2bNhxgFKxpMmbv8W8Vg0b+MjwiX0id9WRg/B5+EsEoNjSandEZS7dAX8impcAV0Ei8o1HDBkyfKWas+b5Jx18VEKGzNnrQV359t92IwqXAcMqRBurFvePbUmqXUKFEMIyCZKPqfyrXRZECgYEAkppNy97aJq5yNkyJb/p9mZPyV9F9K5RQcqNAzOqAEcKo1gbDgK6gWHGPJR2g+0PiCzaVN1QyVXdhpKzNtU3ubHoHBb59pCTBAZHbO9sTd+DXDMV3sU1PGw+GYktRi5cNQaxGCj/uKIZWPwiM+HZ2L9e/mZx0IMMrfblAKxkDJ5sCgYEAvmksOSJYshUibVqlNYQsS7pAWYpsFumu3TpecRZf8ZLZdIdnwh+gBxnCfDCUjRQvc9rxcrndNG00zo2fqZ1XAnvfNTFwf4hZ6YPLNhFlBAPS/+rTm9yKEdNBeTtdPGdNRRPEXXZHfCJ2hlJKIT46jqNWRX2D6wSyi3oucfkyZhc=
info: MassTransit[0]
      Bus stopped: rabbitmq://127.0.0.1:57519/
[testcontainers.org 00:05:45.28] Delete Docker container fc354ca078ea
[testcontainers.org 00:05:45.28] Delete Docker container 1c44dce4b948
[testcontainers.org 00:05:45.28] Delete Docker container a02dbeac3f7b
  Passed Maliev.IAMService.Tests.Integration.TokensControllerTests.GetJwks_ReturnsValidJwksFormat [141 ms]
[testcontainers.org 00:05:46.17] Docker container a3fc4c476632 created
[testcontainers.org 00:05:46.17] Docker container 5572f813a2e9 created
[testcontainers.org 00:05:46.18] Docker container c498c8a3af27 created
[testcontainers.org 00:05:46.18] Start Docker container a3fc4c476632
[testcontainers.org 00:05:46.18] Start Docker container 5572f813a2e9
[testcontainers.org 00:05:46.19] Start Docker container c498c8a3af27
[testcontainers.org 00:05:46.38] Wait for Docker container a3fc4c476632 to complete readiness checks
[testcontainers.org 00:05:46.49] Wait for Docker container 5572f813a2e9 to complete readiness checks
[testcontainers.org 00:05:46.49] Execute "pg_isready --host localhost --dbname postgres --username postgres" at Docker container 5572f813a2e9
[testcontainers.org 00:05:46.59] Wait for Docker container c498c8a3af27 to complete readiness checks
[testcontainers.org 00:05:46.60] Execute "redis-cli ping" at Docker container c498c8a3af27
[testcontainers.org 00:05:46.65] Docker container c498c8a3af27 ready
[testcontainers.org 00:05:47.53] Execute "pg_isready --host localhost --dbname postgres --username postgres" at Docker container 5572f813a2e9
[testcontainers.org 00:05:48.58] Execute "pg_isready --host localhost --dbname postgres --username postgres" at Docker container 5572f813a2e9
[testcontainers.org 00:05:48.63] Docker container 5572f813a2e9 ready
[testcontainers.org 00:05:52.50] Docker container a3fc4c476632 ready
info: MassTransit[0]
      Configured endpoint PrincipalRoleGrantedEvent, Consumer: Maliev.IAMService.Api.Events.PrincipalRoleGrantedEventConsumer
info: MassTransit[0]
      Configured endpoint PrincipalRoleRevokedEvent, Consumer: Maliev.IAMService.Api.Events.PrincipalRoleRevokedEventConsumer
info: MassTransit[0]
      Configured endpoint RoleUpdatedEvent, Consumer: Maliev.IAMService.Api.Events.RoleUpdatedEventConsumer
info: Maliev.IAMService.Data.IAMDbContext[0]
      Applying database migrations
info: Maliev.IAMService.Data.IAMDbContext[0]
      Database migrations applied successfully
info: MassTransit[0]
      Bus started: rabbitmq://127.0.0.1:57532/
warn: Microsoft.AspNetCore.HttpsPolicy.HttpsRedirectionMiddleware[3]
      Failed to determine the https port for redirect.
fail: Maliev.Aspire.ServiceDefaults.Middleware.ExceptionHandlingMiddleware[0]
      An unhandled exception occurred: This endpoint requires a rate limiting policy with name token_limit, but no such policy exists.. Exception type: InvalidOperationException. Stack trace:    at System.Threading.RateLimiting.DefaultPartitionedRateLimiter`2.GetRateLimiter(TResource resource)
         at System.Threading.RateLimiting.DefaultPartitionedRateLimiter`2.AttemptAcquireCore(TResource resource, Int32 permitCount)
         at Microsoft.AspNetCore.RateLimiting.RateLimitingMiddleware.CombinedAcquire(HttpContext context)
         at Microsoft.AspNetCore.RateLimiting.RateLimitingMiddleware.TryAcquireAsync(HttpContext context, MetricsContext metricsContext)
         at Microsoft.AspNetCore.RateLimiting.RateLimitingMiddleware.InvokeInternal(HttpContext context, EnableRateLimitingAttribute enableRateLimitingAttribute)
         at Maliev.Aspire.ServiceDefaults.Middleware.ExceptionHandlingMiddleware.InvokeAsync(HttpContext context) in B:\maliev\Maliev.Aspire\Maliev.Aspire.ServiceDefaults\Middleware\ExceptionHandlingMiddleware.cs:line 29
      System.InvalidOperationException: This endpoint requires a rate limiting policy with name token_limit, but no such policy exists.
         at System.Threading.RateLimiting.DefaultPartitionedRateLimiter`2.GetRateLimiter(TResource resource)
         at System.Threading.RateLimiting.DefaultPartitionedRateLimiter`2.AttemptAcquireCore(TResource resource, Int32 permitCount)
         at Microsoft.AspNetCore.RateLimiting.RateLimitingMiddleware.CombinedAcquire(HttpContext context)
         at Microsoft.AspNetCore.RateLimiting.RateLimitingMiddleware.TryAcquireAsync(HttpContext context, MetricsContext metricsContext)
         at Microsoft.AspNetCore.RateLimiting.RateLimitingMiddleware.InvokeInternal(HttpContext context, EnableRateLimitingAttribute enableRateLimitingAttribute)
         at Maliev.Aspire.ServiceDefaults.Middleware.ExceptionHandlingMiddleware.InvokeAsync(HttpContext context) in B:\maliev\Maliev.Aspire\Maliev.Aspire.ServiceDefaults\Middleware\ExceptionHandlingMiddleware.cs:line 29
info: MassTransit[0]
      Bus stopped: rabbitmq://127.0.0.1:57532/
[testcontainers.org 00:05:53.54] Delete Docker container 5572f813a2e9
[testcontainers.org 00:05:53.54] Delete Docker container a3fc4c476632
[testcontainers.org 00:05:53.54] Delete Docker container c498c8a3af27
  Passed Maliev.IAMService.Tests.Integration.TokensControllerTests.IssueToken_NonExistentPrincipal_ReturnsBadRequest [94 ms]
[testcontainers.org 00:05:54.52] Docker container b85f7563104d created
[testcontainers.org 00:05:54.53] Start Docker container b85f7563104d
[testcontainers.org 00:05:54.55] Docker container b4bc162ba213 created
[testcontainers.org 00:05:54.55] Docker container 346ca26fe4b7 created
[testcontainers.org 00:05:54.56] Start Docker container b4bc162ba213
[testcontainers.org 00:05:54.56] Start Docker container 346ca26fe4b7
[testcontainers.org 00:05:54.74] Wait for Docker container b85f7563104d to complete readiness checks
[testcontainers.org 00:05:54.75] Execute "pg_isready --host localhost --dbname postgres --username postgres" at Docker container b85f7563104d
[testcontainers.org 00:05:54.79] Wait for Docker container 346ca26fe4b7 to complete readiness checks
[testcontainers.org 00:05:54.84] Wait for Docker container b4bc162ba213 to complete readiness checks
[testcontainers.org 00:05:54.85] Execute "redis-cli ping" at Docker container b4bc162ba213
[testcontainers.org 00:05:54.90] Docker container b4bc162ba213 ready
[testcontainers.org 00:05:55.80] Execute "pg_isready --host localhost --dbname postgres --username postgres" at Docker container b85f7563104d
[testcontainers.org 00:05:56.84] Execute "pg_isready --host localhost --dbname postgres --username postgres" at Docker container b85f7563104d
[testcontainers.org 00:05:56.88] Docker container b85f7563104d ready
[testcontainers.org 00:06:00.89] Docker container 346ca26fe4b7 ready
info: MassTransit[0]
      Configured endpoint PrincipalRoleGrantedEvent, Consumer: Maliev.IAMService.Api.Events.PrincipalRoleGrantedEventConsumer
info: MassTransit[0]
      Configured endpoint PrincipalRoleRevokedEvent, Consumer: Maliev.IAMService.Api.Events.PrincipalRoleRevokedEventConsumer
info: MassTransit[0]
      Configured endpoint RoleUpdatedEvent, Consumer: Maliev.IAMService.Api.Events.RoleUpdatedEventConsumer
info: Maliev.IAMService.Data.IAMDbContext[0]
      Applying database migrations
info: Maliev.IAMService.Data.IAMDbContext[0]
      Database migrations applied successfully
info: MassTransit[0]
      Bus started: rabbitmq://127.0.0.1:57552/
warn: Microsoft.AspNetCore.HttpsPolicy.HttpsRedirectionMiddleware[3]
      Failed to determine the https port for redirect.
info: Maliev.IAMService.Api.Services.PermissionService[0]
      Registered 2 permissions for service specific-service
info: Maliev.IAMService.Api.Services.RoleService[0]
      Registered 1 roles for service specific-service
info: MassTransit[0]
      Bus stopped: rabbitmq://127.0.0.1:57552/
[testcontainers.org 00:06:01.95] Delete Docker container 346ca26fe4b7
[testcontainers.org 00:06:01.95] Delete Docker container b85f7563104d
[testcontainers.org 00:06:01.95] Delete Docker container b4bc162ba213
  Passed Maliev.IAMService.Tests.Integration.RolesControllerTests.GetRolesByService_ReturnsOnlyMatchingService [169 ms]
[testcontainers.org 00:06:02.98] Docker container b419087f1bc2 created
[testcontainers.org 00:06:02.99] Docker container 6a84f2d850ae created
[testcontainers.org 00:06:02.99] Docker container 233edba56882 created
[testcontainers.org 00:06:03.00] Start Docker container b419087f1bc2
[testcontainers.org 00:06:03.00] Start Docker container 6a84f2d850ae
[testcontainers.org 00:06:03.01] Start Docker container 233edba56882
[testcontainers.org 00:06:03.22] Wait for Docker container b419087f1bc2 to complete readiness checks
[testcontainers.org 00:06:03.23] Execute "pg_isready --host localhost --dbname postgres --username postgres" at Docker container b419087f1bc2
[testcontainers.org 00:06:03.28] Wait for Docker container 233edba56882 to complete readiness checks
[testcontainers.org 00:06:03.33] Wait for Docker container 6a84f2d850ae to complete readiness checks
[testcontainers.org 00:06:03.34] Execute "redis-cli ping" at Docker container 6a84f2d850ae
[testcontainers.org 00:06:03.38] Docker container 6a84f2d850ae ready
[testcontainers.org 00:06:04.29] Execute "pg_isready --host localhost --dbname postgres --username postgres" at Docker container b419087f1bc2
[testcontainers.org 00:06:05.34] Execute "pg_isready --host localhost --dbname postgres --username postgres" at Docker container b419087f1bc2
[testcontainers.org 00:06:05.40] Docker container b419087f1bc2 ready
[testcontainers.org 00:06:09.36] Docker container 233edba56882 ready
info: MassTransit[0]
      Configured endpoint PrincipalRoleGrantedEvent, Consumer: Maliev.IAMService.Api.Events.PrincipalRoleGrantedEventConsumer
info: MassTransit[0]
      Configured endpoint PrincipalRoleRevokedEvent, Consumer: Maliev.IAMService.Api.Events.PrincipalRoleRevokedEventConsumer
info: MassTransit[0]
      Configured endpoint RoleUpdatedEvent, Consumer: Maliev.IAMService.Api.Events.RoleUpdatedEventConsumer
info: Maliev.IAMService.Data.IAMDbContext[0]
      Applying database migrations
info: Maliev.IAMService.Data.IAMDbContext[0]
      Database migrations applied successfully
info: MassTransit[0]
      Bus started: rabbitmq://127.0.0.1:51535/
warn: Microsoft.AspNetCore.HttpsPolicy.HttpsRedirectionMiddleware[3]
      Failed to determine the https port for redirect.
info: Maliev.IAMService.Api.Services.PermissionService[0]
      Registered 2 permissions for service getall-roles-service
info: Maliev.IAMService.Api.Services.RoleService[0]
      Registered 1 roles for service getall-roles-service
info: MassTransit[0]
      Bus stopped: rabbitmq://127.0.0.1:51535/
[testcontainers.org 00:06:10.38] Delete Docker container b419087f1bc2
[testcontainers.org 00:06:10.38] Delete Docker container 6a84f2d850ae
[testcontainers.org 00:06:10.38] Delete Docker container 233edba56882
  Passed Maliev.IAMService.Tests.Integration.RolesControllerTests.GetAllRoles_ReturnsAllRegistered [158 ms]
[testcontainers.org 00:06:11.34] Docker container 8d9590fbac7e created
[testcontainers.org 00:06:11.34] Docker container 686c922ab0c5 created
[testcontainers.org 00:06:11.34] Docker container ce594e042b5c created
[testcontainers.org 00:06:11.35] Start Docker container 8d9590fbac7e
[testcontainers.org 00:06:11.35] Start Docker container 686c922ab0c5
[testcontainers.org 00:06:11.36] Start Docker container ce594e042b5c
[testcontainers.org 00:06:11.60] Wait for Docker container ce594e042b5c to complete readiness checks
[testcontainers.org 00:06:11.62] Wait for Docker container 8d9590fbac7e to complete readiness checks
[testcontainers.org 00:06:11.62] Execute "redis-cli ping" at Docker container 8d9590fbac7e
[testcontainers.org 00:06:11.66] Docker container 8d9590fbac7e ready
[testcontainers.org 00:06:11.68] Wait for Docker container 686c922ab0c5 to complete readiness checks
[testcontainers.org 00:06:11.69] Execute "pg_isready --host localhost --dbname postgres --username postgres" at Docker container 686c922ab0c5
[testcontainers.org 00:06:12.73] Execute "pg_isready --host localhost --dbname postgres --username postgres" at Docker container 686c922ab0c5
[testcontainers.org 00:06:13.77] Execute "pg_isready --host localhost --dbname postgres --username postgres" at Docker container 686c922ab0c5
[testcontainers.org 00:06:13.82] Docker container 686c922ab0c5 ready
[testcontainers.org 00:06:17.70] Docker container ce594e042b5c ready
info: MassTransit[0]
      Configured endpoint PrincipalRoleGrantedEvent, Consumer: Maliev.IAMService.Api.Events.PrincipalRoleGrantedEventConsumer
info: MassTransit[0]
      Configured endpoint PrincipalRoleRevokedEvent, Consumer: Maliev.IAMService.Api.Events.PrincipalRoleRevokedEventConsumer
info: MassTransit[0]
      Configured endpoint RoleUpdatedEvent, Consumer: Maliev.IAMService.Api.Events.RoleUpdatedEventConsumer
info: Maliev.IAMService.Data.IAMDbContext[0]
      Applying database migrations
info: Maliev.IAMService.Data.IAMDbContext[0]
      Database migrations applied successfully
info: MassTransit[0]
      Bus started: rabbitmq://127.0.0.1:51552/
warn: Microsoft.AspNetCore.HttpsPolicy.HttpsRedirectionMiddleware[3]
      Failed to determine the https port for redirect.
info: Maliev.IAMService.Api.Services.PermissionService[0]
      Registered 2 permissions for service delete-service
info: Maliev.IAMService.Api.Services.RoleService[0]
      Created custom role roles.delete-service.deletable-role with 2 permissions
info: Maliev.IAMService.Api.Services.RoleService[0]
      Deleted custom role roles.delete-service.deletable-role
info: MassTransit[0]
      Bus stopped: rabbitmq://127.0.0.1:51552/
[testcontainers.org 00:06:18.81] Delete Docker container 8d9590fbac7e
[testcontainers.org 00:06:18.81] Delete Docker container ce594e042b5c
[testcontainers.org 00:06:18.81] Delete Docker container 686c922ab0c5
  Passed Maliev.IAMService.Tests.Integration.RolesControllerTests.DeleteRole_CustomRoleWithoutBindings_ReturnsNoContent [196 ms]
[testcontainers.org 00:06:19.83] Docker container 6f8bb7c042c7 created
[testcontainers.org 00:06:19.84] Start Docker container 6f8bb7c042c7
[testcontainers.org 00:06:19.85] Docker container b02707bcf296 created
[testcontainers.org 00:06:19.85] Docker container f3cd80e2ac46 created
[testcontainers.org 00:06:19.86] Start Docker container b02707bcf296
[testcontainers.org 00:06:19.86] Start Docker container f3cd80e2ac46
[testcontainers.org 00:06:20.05] Wait for Docker container 6f8bb7c042c7 to complete readiness checks
[testcontainers.org 00:06:20.06] Execute "pg_isready --host localhost --dbname postgres --username postgres" at Docker container 6f8bb7c042c7
[testcontainers.org 00:06:20.13] Wait for Docker container b02707bcf296 to complete readiness checks
[testcontainers.org 00:06:20.15] Execute "redis-cli ping" at Docker container b02707bcf296
[testcontainers.org 00:06:20.17] Wait for Docker container f3cd80e2ac46 to complete readiness checks
[testcontainers.org 00:06:20.19] Docker container b02707bcf296 ready
[testcontainers.org 00:06:21.12] Execute "pg_isready --host localhost --dbname postgres --username postgres" at Docker container 6f8bb7c042c7
[testcontainers.org 00:06:22.17] Execute "pg_isready --host localhost --dbname postgres --username postgres" at Docker container 6f8bb7c042c7
[testcontainers.org 00:06:22.21] Docker container 6f8bb7c042c7 ready
[testcontainers.org 00:06:26.31] Docker container f3cd80e2ac46 ready
info: MassTransit[0]
      Configured endpoint PrincipalRoleGrantedEvent, Consumer: Maliev.IAMService.Api.Events.PrincipalRoleGrantedEventConsumer
info: MassTransit[0]
      Configured endpoint PrincipalRoleRevokedEvent, Consumer: Maliev.IAMService.Api.Events.PrincipalRoleRevokedEventConsumer
info: MassTransit[0]
      Configured endpoint RoleUpdatedEvent, Consumer: Maliev.IAMService.Api.Events.RoleUpdatedEventConsumer
info: Maliev.IAMService.Data.IAMDbContext[0]
      Applying database migrations
info: Maliev.IAMService.Data.IAMDbContext[0]
      Database migrations applied successfully
info: MassTransit[0]
      Bus started: rabbitmq://127.0.0.1:51577/
warn: Microsoft.AspNetCore.HttpsPolicy.HttpsRedirectionMiddleware[3]
      Failed to determine the https port for redirect.
info: MassTransit[0]
      Bus stopped: rabbitmq://127.0.0.1:51577/
[testcontainers.org 00:06:27.30] Delete Docker container 6f8bb7c042c7
[testcontainers.org 00:06:27.30] Delete Docker container b02707bcf296
[testcontainers.org 00:06:27.30] Delete Docker container f3cd80e2ac46
  Passed Maliev.IAMService.Tests.Integration.RolesControllerTests.GetRoleById_NonExistent_ReturnsNotFound [98 ms]
[testcontainers.org 00:06:28.32] Docker container d864d398a2cf created
[testcontainers.org 00:06:28.32] Docker container 6b8b6949f93a created
[testcontainers.org 00:06:28.33] Start Docker container d864d398a2cf
[testcontainers.org 00:06:28.33] Start Docker container 6b8b6949f93a
[testcontainers.org 00:06:28.34] Docker container 4cfad3daed62 created
[testcontainers.org 00:06:28.35] Start Docker container 4cfad3daed62
[testcontainers.org 00:06:28.53] Wait for Docker container d864d398a2cf to complete readiness checks
[testcontainers.org 00:06:28.53] Execute "pg_isready --host localhost --dbname postgres --username postgres" at Docker container d864d398a2cf
[testcontainers.org 00:06:28.63] Wait for Docker container 6b8b6949f93a to complete readiness checks
[testcontainers.org 00:06:28.72] Wait for Docker container 4cfad3daed62 to complete readiness checks
[testcontainers.org 00:06:28.73] Execute "redis-cli ping" at Docker container 4cfad3daed62
[testcontainers.org 00:06:28.76] Docker container 4cfad3daed62 ready
[testcontainers.org 00:06:29.58] Execute "pg_isready --host localhost --dbname postgres --username postgres" at Docker container d864d398a2cf
[testcontainers.org 00:06:30.63] Execute "pg_isready --host localhost --dbname postgres --username postgres" at Docker container d864d398a2cf
[testcontainers.org 00:06:30.68] Docker container d864d398a2cf ready
[testcontainers.org 00:06:35.75] Docker container 6b8b6949f93a ready
info: MassTransit[0]
      Configured endpoint PrincipalRoleGrantedEvent, Consumer: Maliev.IAMService.Api.Events.PrincipalRoleGrantedEventConsumer
info: MassTransit[0]
      Configured endpoint PrincipalRoleRevokedEvent, Consumer: Maliev.IAMService.Api.Events.PrincipalRoleRevokedEventConsumer
info: MassTransit[0]
      Configured endpoint RoleUpdatedEvent, Consumer: Maliev.IAMService.Api.Events.RoleUpdatedEventConsumer
info: Maliev.IAMService.Data.IAMDbContext[0]
      Applying database migrations
info: Maliev.IAMService.Data.IAMDbContext[0]
      Database migrations applied successfully
info: MassTransit[0]
      Bus started: rabbitmq://127.0.0.1:51601/
warn: Microsoft.AspNetCore.HttpsPolicy.HttpsRedirectionMiddleware[3]
      Failed to determine the https port for redirect.
info: Maliev.IAMService.Api.Services.PermissionService[0]
      Registered 2 permissions for service predefined-service
info: Maliev.IAMService.Api.Services.RoleService[0]
      Registered 1 roles for service predefined-service
info: MassTransit[0]
      Bus stopped: rabbitmq://127.0.0.1:51601/
[testcontainers.org 00:06:36.78] Delete Docker container d864d398a2cf
[testcontainers.org 00:06:36.78] Delete Docker container 6b8b6949f93a
[testcontainers.org 00:06:36.78] Delete Docker container 4cfad3daed62
  Passed Maliev.IAMService.Tests.Integration.RolesControllerTests.UpdateRole_PredefinedRole_ReturnsBadRequest [145 ms]
[testcontainers.org 00:06:37.70] Docker container 72c6bca69024 created
[testcontainers.org 00:06:37.71] Start Docker container 72c6bca69024
[testcontainers.org 00:06:37.71] Docker container 7d3ee2291d1f created
[testcontainers.org 00:06:37.71] Docker container 8b7dcbcad651 created
[testcontainers.org 00:06:37.72] Start Docker container 7d3ee2291d1f
[testcontainers.org 00:06:37.72] Start Docker container 8b7dcbcad651
[testcontainers.org 00:06:37.92] Wait for Docker container 72c6bca69024 to complete readiness checks
[testcontainers.org 00:06:37.93] Execute "pg_isready --host localhost --dbname postgres --username postgres" at Docker container 72c6bca69024
[testcontainers.org 00:06:38.02] Wait for Docker container 8b7dcbcad651 to complete readiness checks
[testcontainers.org 00:06:38.02] Execute "redis-cli ping" at Docker container 8b7dcbcad651
[testcontainers.org 00:06:38.06] Docker container 8b7dcbcad651 ready
[testcontainers.org 00:06:38.06] Wait for Docker container 7d3ee2291d1f to complete readiness checks
[testcontainers.org 00:06:39.00] Execute "pg_isready --host localhost --dbname postgres --username postgres" at Docker container 72c6bca69024
[testcontainers.org 00:06:40.05] Execute "pg_isready --host localhost --dbname postgres --username postgres" at Docker container 72c6bca69024
[testcontainers.org 00:06:40.09] Docker container 72c6bca69024 ready
[testcontainers.org 00:06:44.18] Docker container 7d3ee2291d1f ready
info: MassTransit[0]
      Configured endpoint PrincipalRoleGrantedEvent, Consumer: Maliev.IAMService.Api.Events.PrincipalRoleGrantedEventConsumer
info: MassTransit[0]
      Configured endpoint PrincipalRoleRevokedEvent, Consumer: Maliev.IAMService.Api.Events.PrincipalRoleRevokedEventConsumer
info: MassTransit[0]
      Configured endpoint RoleUpdatedEvent, Consumer: Maliev.IAMService.Api.Events.RoleUpdatedEventConsumer
info: Maliev.IAMService.Data.IAMDbContext[0]
      Applying database migrations
info: Maliev.IAMService.Data.IAMDbContext[0]
      Database migrations applied successfully
info: MassTransit[0]
      Bus started: rabbitmq://127.0.0.1:51635/
warn: Microsoft.AspNetCore.HttpsPolicy.HttpsRedirectionMiddleware[3]
      Failed to determine the https port for redirect.
info: Maliev.IAMService.Api.Services.PermissionService[0]
      Registered 2 permissions for service delete-predefined-service
info: Maliev.IAMService.Api.Services.RoleService[0]
      Registered 1 roles for service delete-predefined-service
info: MassTransit[0]
      Bus stopped: rabbitmq://127.0.0.1:51635/
[testcontainers.org 00:06:45.19] Delete Docker container 72c6bca69024
[testcontainers.org 00:06:45.19] Delete Docker container 7d3ee2291d1f
[testcontainers.org 00:06:45.19] Delete Docker container 8b7dcbcad651
  Passed Maliev.IAMService.Tests.Integration.RolesControllerTests.DeleteRole_PredefinedRole_ReturnsBadRequest [156 ms]
[testcontainers.org 00:06:46.18] Docker container 597fea5d07f0 created
[testcontainers.org 00:06:46.20] Start Docker container 597fea5d07f0
[testcontainers.org 00:06:46.20] Docker container ca46c0dbf21e created
[testcontainers.org 00:06:46.21] Docker container 702b69bf6c27 created
[testcontainers.org 00:06:46.23] Start Docker container ca46c0dbf21e
[testcontainers.org 00:06:46.24] Start Docker container 702b69bf6c27
[testcontainers.org 00:06:46.44] Wait for Docker container 597fea5d07f0 to complete readiness checks
[testcontainers.org 00:06:46.45] Execute "redis-cli ping" at Docker container 597fea5d07f0
[testcontainers.org 00:06:46.49] Docker container 597fea5d07f0 ready
[testcontainers.org 00:06:46.50] Wait for Docker container 702b69bf6c27 to complete readiness checks
[testcontainers.org 00:06:46.51] Execute "pg_isready --host localhost --dbname postgres --username postgres" at Docker container 702b69bf6c27
[testcontainers.org 00:06:46.55] Wait for Docker container ca46c0dbf21e to complete readiness checks
[testcontainers.org 00:06:47.56] Execute "pg_isready --host localhost --dbname postgres --username postgres" at Docker container 702b69bf6c27
[testcontainers.org 00:06:48.61] Execute "pg_isready --host localhost --dbname postgres --username postgres" at Docker container 702b69bf6c27
[testcontainers.org 00:06:48.65] Docker container 702b69bf6c27 ready
[testcontainers.org 00:06:52.68] Docker container ca46c0dbf21e ready
info: MassTransit[0]
      Configured endpoint PrincipalRoleGrantedEvent, Consumer: Maliev.IAMService.Api.Events.PrincipalRoleGrantedEventConsumer
info: MassTransit[0]
      Configured endpoint PrincipalRoleRevokedEvent, Consumer: Maliev.IAMService.Api.Events.PrincipalRoleRevokedEventConsumer
info: MassTransit[0]
      Configured endpoint RoleUpdatedEvent, Consumer: Maliev.IAMService.Api.Events.RoleUpdatedEventConsumer
info: Maliev.IAMService.Data.IAMDbContext[0]
      Applying database migrations
info: Maliev.IAMService.Data.IAMDbContext[0]
      Database migrations applied successfully
info: MassTransit[0]
      Bus started: rabbitmq://127.0.0.1:51662/
warn: Microsoft.AspNetCore.HttpsPolicy.HttpsRedirectionMiddleware[3]
      Failed to determine the https port for redirect.
info: Maliev.IAMService.Api.Services.PermissionService[0]
      Registered 2 permissions for service role-service-1
info: Maliev.IAMService.Api.Services.RoleService[0]
      Registered 1 roles for service role-service-1
info: MassTransit[0]
      Bus stopped: rabbitmq://127.0.0.1:51662/
[testcontainers.org 00:06:53.71] Delete Docker container 702b69bf6c27
[testcontainers.org 00:06:53.71] Delete Docker container 597fea5d07f0
[testcontainers.org 00:06:53.71] Delete Docker container ca46c0dbf21e
  Passed Maliev.IAMService.Tests.Integration.RolesControllerTests.RegisterRoles_ValidRequest_ReturnsOk [159 ms]
[testcontainers.org 00:06:54.75] Docker container 33794a9c0cfa created
[testcontainers.org 00:06:54.75] Start Docker container 33794a9c0cfa
[testcontainers.org 00:06:54.76] Docker container 5a87315f7c0f created
[testcontainers.org 00:06:54.77] Docker container 624603dbf621 created
[testcontainers.org 00:06:54.77] Start Docker container 5a87315f7c0f
[testcontainers.org 00:06:54.78] Start Docker container 624603dbf621
[testcontainers.org 00:06:55.06] Wait for Docker container 33794a9c0cfa to complete readiness checks
[testcontainers.org 00:06:55.06] Execute "redis-cli ping" at Docker container 33794a9c0cfa
[testcontainers.org 00:06:55.10] Docker container 33794a9c0cfa ready
[testcontainers.org 00:06:55.12] Wait for Docker container 624603dbf621 to complete readiness checks
[testcontainers.org 00:06:55.12] Execute "pg_isready --host localhost --dbname postgres --username postgres" at Docker container 624603dbf621
[testcontainers.org 00:06:55.17] Wait for Docker container 5a87315f7c0f to complete readiness checks
[testcontainers.org 00:06:56.17] Execute "pg_isready --host localhost --dbname postgres --username postgres" at Docker container 624603dbf621
[testcontainers.org 00:06:57.27] Execute "pg_isready --host localhost --dbname postgres --username postgres" at Docker container 624603dbf621
[testcontainers.org 00:06:57.32] Docker container 624603dbf621 ready
[testcontainers.org 00:07:01.27] Docker container 5a87315f7c0f ready
info: MassTransit[0]
      Configured endpoint PrincipalRoleGrantedEvent, Consumer: Maliev.IAMService.Api.Events.PrincipalRoleGrantedEventConsumer
info: MassTransit[0]
      Configured endpoint PrincipalRoleRevokedEvent, Consumer: Maliev.IAMService.Api.Events.PrincipalRoleRevokedEventConsumer
info: MassTransit[0]
      Configured endpoint RoleUpdatedEvent, Consumer: Maliev.IAMService.Api.Events.RoleUpdatedEventConsumer
info: Maliev.IAMService.Data.IAMDbContext[0]
      Applying database migrations
info: Maliev.IAMService.Data.IAMDbContext[0]
      Database migrations applied successfully
info: MassTransit[0]
      Bus started: rabbitmq://127.0.0.1:51681/
warn: Microsoft.AspNetCore.HttpsPolicy.HttpsRedirectionMiddleware[3]
      Failed to determine the https port for redirect.
info: Maliev.IAMService.Api.Services.PermissionService[0]
      Registered 2 permissions for service role-service-2
info: MassTransit[0]
      Bus stopped: rabbitmq://127.0.0.1:51681/
[testcontainers.org 00:07:02.37] Delete Docker container 5a87315f7c0f
[testcontainers.org 00:07:02.37] Delete Docker container 624603dbf621
[testcontainers.org 00:07:02.37] Delete Docker container 33794a9c0cfa
  Passed Maliev.IAMService.Tests.Integration.RolesControllerTests.RegisterRoles_InvalidRoleIdFormat_ReturnsBadRequest [149 ms]
[testcontainers.org 00:07:03.24] Docker container a37567e92c4c created
[testcontainers.org 00:07:03.25] Docker container a8dcb1eadd05 created
[testcontainers.org 00:07:03.25] Start Docker container a37567e92c4c
[testcontainers.org 00:07:03.26] Start Docker container a8dcb1eadd05
[testcontainers.org 00:07:03.26] Docker container ba64fff1068e created
[testcontainers.org 00:07:03.27] Start Docker container ba64fff1068e
[testcontainers.org 00:07:03.44] Wait for Docker container a37567e92c4c to complete readiness checks
[testcontainers.org 00:07:03.44] Execute "redis-cli ping" at Docker container a37567e92c4c
[testcontainers.org 00:07:03.48] Docker container a37567e92c4c ready
[testcontainers.org 00:07:03.51] Wait for Docker container a8dcb1eadd05 to complete readiness checks
[testcontainers.org 00:07:03.57] Wait for Docker container ba64fff1068e to complete readiness checks
[testcontainers.org 00:07:03.57] Execute "pg_isready --host localhost --dbname postgres --username postgres" at Docker container ba64fff1068e
[testcontainers.org 00:07:04.62] Execute "pg_isready --host localhost --dbname postgres --username postgres" at Docker container ba64fff1068e
[testcontainers.org 00:07:05.66] Execute "pg_isready --host localhost --dbname postgres --username postgres" at Docker container ba64fff1068e
[testcontainers.org 00:07:05.71] Docker container ba64fff1068e ready
[testcontainers.org 00:07:09.63] Docker container a8dcb1eadd05 ready
info: MassTransit[0]
      Configured endpoint PrincipalRoleGrantedEvent, Consumer: Maliev.IAMService.Api.Events.PrincipalRoleGrantedEventConsumer
info: MassTransit[0]
      Configured endpoint PrincipalRoleRevokedEvent, Consumer: Maliev.IAMService.Api.Events.PrincipalRoleRevokedEventConsumer
info: MassTransit[0]
      Configured endpoint RoleUpdatedEvent, Consumer: Maliev.IAMService.Api.Events.RoleUpdatedEventConsumer
info: Maliev.IAMService.Data.IAMDbContext[0]
      Applying database migrations
info: Maliev.IAMService.Data.IAMDbContext[0]
      Database migrations applied successfully
info: MassTransit[0]
      Bus started: rabbitmq://127.0.0.1:49911/
warn: Microsoft.AspNetCore.HttpsPolicy.HttpsRedirectionMiddleware[3]
      Failed to determine the https port for redirect.
info: Maliev.IAMService.Api.Services.PermissionService[0]
      Registered 2 permissions for service update-role-service
info: Maliev.IAMService.Api.Services.PermissionService[0]
      Registered 1 permissions for service update-role-service
info: Maliev.IAMService.Api.Services.RoleService[0]
      Created custom role roles.update-role-service.updatable-role with 1 permissions
warn: Maliev.IAMService.Api.Services.CacheService[0]
      RemoveByPrefixAsync not fully implemented - requires Redis-specific key scanning
info: Maliev.IAMService.Api.Services.RoleService[0]
      Updated role roles.update-role-service.updatable-role
warn: Maliev.IAMService.Api.Services.CacheService[0]
      RemoveByPrefixAsync not fully implemented - requires Redis-specific key scanning
warn: Maliev.IAMService.Api.Events.RoleUpdatedEventConsumer[0]
      Invalidated ALL principal permission caches after role roles.update-role-service.updatable-role was updated
info: MassTransit[0]
      Bus stopped: rabbitmq://127.0.0.1:49911/
[testcontainers.org 00:07:10.70] Delete Docker container a37567e92c4c
[testcontainers.org 00:07:10.70] Delete Docker container ba64fff1068e
[testcontainers.org 00:07:10.71] Delete Docker container a8dcb1eadd05
  Passed Maliev.IAMService.Tests.Integration.RolesControllerTests.UpdateRole_AddPermissions_ReturnsUpdatedRole [201 ms]
[testcontainers.org 00:07:11.73] Docker container 146b8dc147d9 created
[testcontainers.org 00:07:11.73] Docker container 4d399f840383 created
[testcontainers.org 00:07:11.74] Docker container b7aa476c916c created
[testcontainers.org 00:07:11.76] Start Docker container 4d399f840383
[testcontainers.org 00:07:11.76] Start Docker container b7aa476c916c
[testcontainers.org 00:07:11.76] Start Docker container 146b8dc147d9
[testcontainers.org 00:07:11.95] Wait for Docker container 4d399f840383 to complete readiness checks
[testcontainers.org 00:07:12.02] Wait for Docker container b7aa476c916c to complete readiness checks
[testcontainers.org 00:07:12.03] Execute "pg_isready --host localhost --dbname postgres --username postgres" at Docker container b7aa476c916c
[testcontainers.org 00:07:12.09] Wait for Docker container 146b8dc147d9 to complete readiness checks
[testcontainers.org 00:07:12.09] Execute "redis-cli ping" at Docker container 146b8dc147d9
[testcontainers.org 00:07:12.13] Docker container 146b8dc147d9 ready
[testcontainers.org 00:07:13.11] Execute "pg_isready --host localhost --dbname postgres --username postgres" at Docker container b7aa476c916c
[testcontainers.org 00:07:14.16] Execute "pg_isready --host localhost --dbname postgres --username postgres" at Docker container b7aa476c916c
[testcontainers.org 00:07:14.20] Docker container b7aa476c916c ready
[testcontainers.org 00:07:18.07] Docker container 4d399f840383 ready
info: MassTransit[0]
      Configured endpoint PrincipalRoleGrantedEvent, Consumer: Maliev.IAMService.Api.Events.PrincipalRoleGrantedEventConsumer
info: MassTransit[0]
      Configured endpoint PrincipalRoleRevokedEvent, Consumer: Maliev.IAMService.Api.Events.PrincipalRoleRevokedEventConsumer
info: MassTransit[0]
      Configured endpoint RoleUpdatedEvent, Consumer: Maliev.IAMService.Api.Events.RoleUpdatedEventConsumer
info: Maliev.IAMService.Data.IAMDbContext[0]
      Applying database migrations
info: Maliev.IAMService.Data.IAMDbContext[0]
      Database migrations applied successfully
info: MassTransit[0]
      Bus started: rabbitmq://127.0.0.1:61121/
warn: Microsoft.AspNetCore.HttpsPolicy.HttpsRedirectionMiddleware[3]
      Failed to determine the https port for redirect.
info: Maliev.IAMService.Api.Services.PermissionService[0]
      Registered 2 permissions for service custom-role-service
info: Maliev.IAMService.Api.Services.RoleService[0]
      Created custom role roles.custom-role-service.custom-role with 2 permissions
info: MassTransit[0]
      Bus stopped: rabbitmq://127.0.0.1:61121/
[testcontainers.org 00:07:19.05] Delete Docker container 4d399f840383
[testcontainers.org 00:07:19.05] Delete Docker container b7aa476c916c
[testcontainers.org 00:07:19.05] Delete Docker container 146b8dc147d9
  Passed Maliev.IAMService.Tests.Integration.RolesControllerTests.CreateCustomRole_ValidRequest_ReturnsCreated [147 ms]
[testcontainers.org 00:07:20.07] Docker container e186c6c7a660 created
[testcontainers.org 00:07:20.07] Docker container c2428006a3fc created
[testcontainers.org 00:07:20.08] Docker container 83a31bf212bc created
[testcontainers.org 00:07:20.08] Start Docker container e186c6c7a660
[testcontainers.org 00:07:20.08] Start Docker container c2428006a3fc
[testcontainers.org 00:07:20.09] Start Docker container 83a31bf212bc
[testcontainers.org 00:07:20.29] Wait for Docker container c2428006a3fc to complete readiness checks
[testcontainers.org 00:07:20.36] Wait for Docker container e186c6c7a660 to complete readiness checks
[testcontainers.org 00:07:20.37] Execute "redis-cli ping" at Docker container e186c6c7a660
[testcontainers.org 00:07:20.40] Wait for Docker container 83a31bf212bc to complete readiness checks
[testcontainers.org 00:07:20.41] Docker container e186c6c7a660 ready
[testcontainers.org 00:07:20.41] Execute "pg_isready --host localhost --dbname postgres --username postgres" at Docker container 83a31bf212bc
[testcontainers.org 00:07:21.47] Execute "pg_isready --host localhost --dbname postgres --username postgres" at Docker container 83a31bf212bc
[testcontainers.org 00:07:21.52] Docker container 83a31bf212bc ready
[testcontainers.org 00:07:26.38] Docker container c2428006a3fc ready
info: MassTransit[0]
      Configured endpoint PrincipalRoleGrantedEvent, Consumer: Maliev.IAMService.Api.Events.PrincipalRoleGrantedEventConsumer
info: MassTransit[0]
      Configured endpoint PrincipalRoleRevokedEvent, Consumer: Maliev.IAMService.Api.Events.PrincipalRoleRevokedEventConsumer
info: MassTransit[0]
      Configured endpoint RoleUpdatedEvent, Consumer: Maliev.IAMService.Api.Events.RoleUpdatedEventConsumer
info: Maliev.IAMService.Data.IAMDbContext[0]
      Applying database migrations
info: Maliev.IAMService.Data.IAMDbContext[0]
      Database migrations applied successfully
info: MassTransit[0]
      Bus started: rabbitmq://127.0.0.1:61138/
warn: Microsoft.AspNetCore.HttpsPolicy.HttpsRedirectionMiddleware[3]
      Failed to determine the https port for redirect.
info: Maliev.IAMService.Api.Services.PermissionService[0]
      Registered 2 permissions for service remove-perm-service
info: Maliev.IAMService.Api.Services.RoleService[0]
      Created custom role roles.remove-perm-service.removable-role with 2 permissions
warn: Maliev.IAMService.Api.Services.CacheService[0]
      RemoveByPrefixAsync not fully implemented - requires Redis-specific key scanning
warn: Maliev.IAMService.Api.Services.CacheService[0]
      RemoveByPrefixAsync not fully implemented - requires Redis-specific key scanning
warn: Maliev.IAMService.Api.Events.RoleUpdatedEventConsumer[0]
      Invalidated ALL principal permission caches after role roles.remove-perm-service.removable-role was updated
info: Maliev.IAMService.Api.Services.RoleService[0]
      Updated role roles.remove-perm-service.removable-role
info: MassTransit[0]
      Bus stopped: rabbitmq://127.0.0.1:61138/
[testcontainers.org 00:07:27.45] Delete Docker container e186c6c7a660
[testcontainers.org 00:07:27.45] Delete Docker container 83a31bf212bc
[testcontainers.org 00:07:27.45] Delete Docker container c2428006a3fc
  Passed Maliev.IAMService.Tests.Integration.RolesControllerTests.UpdateRole_RemovePermissions_ReturnsUpdatedRole [165 ms]
[testcontainers.org 00:07:28.47] Docker container 395e1b234e6a created
[testcontainers.org 00:07:28.47] Docker container 12999d0cce70 created
[testcontainers.org 00:07:28.48] Start Docker container 395e1b234e6a
[testcontainers.org 00:07:28.48] Start Docker container 12999d0cce70
[testcontainers.org 00:07:28.50] Docker container 81d136104606 created
[testcontainers.org 00:07:28.51] Start Docker container 81d136104606
[testcontainers.org 00:07:28.70] Wait for Docker container 12999d0cce70 to complete readiness checks
[testcontainers.org 00:07:28.71] Execute "pg_isready --host localhost --dbname postgres --username postgres" at Docker container 12999d0cce70
[testcontainers.org 00:07:28.76] Wait for Docker container 395e1b234e6a to complete readiness checks
[testcontainers.org 00:07:28.77] Execute "redis-cli ping" at Docker container 395e1b234e6a
[testcontainers.org 00:07:28.81] Docker container 395e1b234e6a ready
[testcontainers.org 00:07:28.81] Wait for Docker container 81d136104606 to complete readiness checks
[testcontainers.org 00:07:29.76] Execute "pg_isready --host localhost --dbname postgres --username postgres" at Docker container 12999d0cce70
[testcontainers.org 00:07:30.81] Execute "pg_isready --host localhost --dbname postgres --username postgres" at Docker container 12999d0cce70
[testcontainers.org 00:07:30.88] Docker container 12999d0cce70 ready
[testcontainers.org 00:07:34.94] Docker container 81d136104606 ready
info: MassTransit[0]
      Configured endpoint PrincipalRoleGrantedEvent, Consumer: Maliev.IAMService.Api.Events.PrincipalRoleGrantedEventConsumer
info: MassTransit[0]
      Configured endpoint PrincipalRoleRevokedEvent, Consumer: Maliev.IAMService.Api.Events.PrincipalRoleRevokedEventConsumer
info: MassTransit[0]
      Configured endpoint RoleUpdatedEvent, Consumer: Maliev.IAMService.Api.Events.RoleUpdatedEventConsumer
info: Maliev.IAMService.Data.IAMDbContext[0]
      Applying database migrations
info: Maliev.IAMService.Data.IAMDbContext[0]
      Database migrations applied successfully
info: MassTransit[0]
      Bus started: rabbitmq://127.0.0.1:61162/
warn: Microsoft.AspNetCore.HttpsPolicy.HttpsRedirectionMiddleware[3]
      Failed to determine the https port for redirect.
info: Maliev.IAMService.Api.Services.PermissionService[0]
      Registered 2 permissions for service getbyid-service
info: Maliev.IAMService.Api.Services.RoleService[0]
      Created custom role roles.getbyid-service.getbyid-role with 2 permissions
info: MassTransit[0]
      Bus stopped: rabbitmq://127.0.0.1:61162/
[testcontainers.org 00:07:35.96] Delete Docker container 81d136104606
[testcontainers.org 00:07:35.96] Delete Docker container 395e1b234e6a
[testcontainers.org 00:07:35.96] Delete Docker container 12999d0cce70
[xUnit.net 00:07:38.56]   Finished:    Maliev.IAMService.Tests
  Passed Maliev.IAMService.Tests.Integration.RolesControllerTests.GetRoleById_ExistingRole_ReturnsRole [178 ms]

Test Run Failed.
Total tests: 50
     Passed: 40
     Failed: 10
 Total time: 7.6681 Minutes
       _VSTestConsole:
         MSB4181: The "VSTestTask" task returned false but did not log an error.
     5>Done Building Project "B:\maliev\Maliev.IAMService\Maliev.IAMService.Tests\Maliev.IAMService.Tests.csproj" (VSTest target(s)) -- FAILED.
     1>Done Building Project "B:\maliev\Maliev.IAMService\Maliev.IAMService.sln" (VSTest target(s)) -- FAILED.

Build FAILED.
    0 Warning(s)
    0 Error(s)

Time Elapsed 00:07:47.16
